first_color: 3
number of alive: 995
adding vertex with color number: 2 to node: 0
number of alive: 817
adding vertex with color number: 5 to node: 0
number of alive: 110
adding vertex with color number: 3 to node: 1
number of alive: 101
number of alive: 101
adding vertex with color number: 3 to node: 2
number of alive: 65
Added edge (3, 4) with score 40
number of alive: 40
number of alive: 40
adding vertex with color number: 3 to node: 0
number of alive: 18
number of alive: 18
adding vertex with color number: 3 to node: 4
number of alive: 9
number of alive: 9
adding vertex with color number: 3 to node: 3
number of alive: 7
number of alive: 7
adding vertex with color number: 3 to node: 6
Time taken: 0.0221833 seconds

Pattern appears in 5 graphs:
S[70] -> S_161.json
S[122] -> S_208.json
S[172] -> S_253.json
S[377] -> S_438.json
S[731] -> S_757.json
Pattern written to pattern.json
