first_color: 3
number of alive: 995
adding vertex with color number: 1 to node: 0
number of alive: 871
adding vertex with color number: 2 to node: 0
number of alive: 478
number of alive: 478
adding vertex with color number: 3 to node: 0
number of alive: 432
adding vertex with color number: 3 to node: 2
number of alive: 417
number of alive: 417
adding vertex with color number: 3 to node: 3
number of alive: 394
Added edge (4, 5) with score 27
number of alive: 27
adding vertex with color number: 3 to node: 5
number of alive: 20
number of alive: 20
adding vertex with color number: 3 to node: 6
number of alive: 20
adding vertex with color number: 1 to node: 7
Time taken: 0.0296258 seconds

Pattern appears in 3 graphs:
S[285] -> S_355.json
S[454] -> S_507.json
S[693] -> S_722.json
Pattern written to pattern.json
