first_color: 3
number of alive: 995
adding vertex with color number: 5 to node: 0
number of alive: 202
number of alive: 202
adding vertex with color number: 2 to node: 0
number of alive: 110
adding vertex with color number: 2 to node: 2
number of alive: 40
number of alive: 40
adding vertex with color number: 3 to node: 3
number of alive: 39
adding vertex with color number: 3 to node: 4
number of alive: 37
number of alive: 37
adding vertex with color number: 3 to node: 5
number of alive: 33
number of alive: 33
adding vertex with color number: 1 to node: 0
Time taken: 0.0156814 seconds

Pattern appears in 2 graphs:
S[468] -> S_52.json
S[643] -> S_678.json
Pattern written to pattern.json
