first_color: 3
number of alive: 995
adding vertex with color number: 1 to node: 0
number of alive: 871
adding vertex with color number: 3 to node: 1
number of alive: 623
Added edge (0, 2) with score 19
number of alive: 19
adding vertex with color number: 3 to node: 2
number of alive: 19
adding vertex with color number: 3 to node: 3
number of alive: 19
adding vertex with color number: 1 to node: 3
number of alive: 14
number of alive: 14
adding vertex with color number: 3 to node: 4
number of alive: 13
adding vertex with color number: 3 to node: 0
number of alive: 12
adding vertex with color number: 1 to node: 4
Time taken: 0.0254237 seconds

Pattern appears in 4 graphs:
S[181] -> S_261.json
S[283] -> S_353.json
S[368] -> S_43.json
S[588] -> S_628.json
Pattern written to pattern.json
