first_color: 3
number of alive: 995
adding vertex with color number: 5 to node: 0
number of alive: 202
adding vertex with color number: 3 to node: 0
number of alive: 162
adding vertex with color number: 1 to node: 1
number of alive: 42
adding vertex with color number: 3 to node: 2
number of alive: 42
number of alive: 42
adding vertex with color number: 3 to node: 4
number of alive: 42
number of alive: 42
adding vertex with color number: 2 to node: 1
number of alive: 27
number of alive: 27
adding vertex with color number: 2 to node: 5
number of alive: 8
number of alive: 8
adding vertex with color number: 3 to node: 6
number of alive: 7
number of alive: 7
adding vertex with color number: 3 to node: 7
number of alive: 7
adding vertex with color number: 3 to node: 9
number of alive: 6
number of alive: 6
adding vertex with color number: 1 to node: 8
Time taken: 0.0181081 seconds

Pattern appears in 2 graphs:
S[569] -> S_610.json
S[833] -> S_849.json
Pattern written to pattern.json
