first_color: 3
number of alive: 995
adding vertex with color number: 3 to node: 0
number of alive: 994
adding vertex with color number: 1 to node: 1
number of alive: 865
adding vertex with color number: 3 to node: 2
number of alive: 621
adding vertex with color number: 1 to node: 0
number of alive: 377
Added edge (3, 4) with score 43
number of alive: 43
number of alive: 43
adding vertex with color number: 3 to node: 1
number of alive: 42
number of alive: 42
adding vertex with color number: 3 to node: 5
number of alive: 41
number of alive: 41
adding vertex with color number: 3 to node: 3
Time taken: 0.0783429 seconds

Pattern appears in 3 graphs:
S[179] -> S_26.json
S[180] -> S_260.json
S[658] -> S_691.json
Pattern written to pattern.json
