first_color: 3
number of alive: 995
adding vertex with color number: 1 to node: 0
number of alive: 871
number of alive: 871
adding vertex with color number: 3 to node: 0
number of alive: 865
Added edge (1, 2) with score 19
number of alive: 19
adding vertex with color number: 3 to node: 2
number of alive: 19
number of alive: 19
adding vertex with color number: 1 to node: 3
number of alive: 14
adding vertex with color number: 3 to node: 4
number of alive: 11
adding vertex with color number: 3 to node: 3
number of alive: 11
number of alive: 11
adding vertex with color number: 3 to node: 6
number of alive: 10
adding vertex with color number: 2 to node: 7
Time taken: 0.030751 seconds

Pattern appears in 1 graphs:
S[845] -> S_86.json
Pattern written to pattern.json
