first_color: 3
number of alive: 995
adding vertex with color number: 1 to node: 0
number of alive: 871
adding vertex with color number: 2 to node: 0
number of alive: 478
adding vertex with color number: 3 to node: 0
number of alive: 432
adding vertex with color number: 2 to node: 2
number of alive: 49
adding vertex with color number: 3 to node: 4
number of alive: 46
adding vertex with color number: 1 to node: 3
Time taken: 0.0238906 seconds

Pattern appears in 5 graphs:
S[82] -> S_172.json
S[292] -> S_361.json
S[718] -> S_745.json
S[939] -> S_944.json
S[962] -> S_965.json
Pattern written to pattern.json
