first_color: 3
number of alive: 995
adding vertex with color number: 3 to node: 0
number of alive: 994
adding vertex with color number: 1 to node: 1
number of alive: 865
adding vertex with color number: 3 to node: 2
number of alive: 621
adding vertex with color number: 1 to node: 3
number of alive: 356
Added edge (0, 4) with score 43
number of alive: 43
adding vertex with color number: 3 to node: 1
number of alive: 42
number of alive: 42
adding vertex with color number: 3 to node: 3
Time taken: 0.0781755 seconds

Pattern appears in 4 graphs:
S[179] -> S_26.json
S[180] -> S_260.json
S[284] -> S_354.json
S[658] -> S_691.json
Pattern written to pattern.json
