first_color: 3
number of alive: 995
adding vertex with color number: 1 to node: 0
number of alive: 871
adding vertex with color number: 3 to node: 0
number of alive: 865
adding vertex with color number: 1 to node: 2
number of alive: 411
adding vertex with color number: 2 to node: 0
number of alive: 81
number of alive: 81
adding vertex with color number: 3 to node: 2
number of alive: 72
number of alive: 72
adding vertex with color number: 3 to node: 4
number of alive: 69
number of alive: 69
adding vertex with color number: 3 to node: 5
number of alive: 55
Added edge (1, 7) with score 14
number of alive: 14
adding vertex with color number: 1 to node: 5
number of alive: 13
number of alive: 13
adding vertex with color number: 2 to node: 6
number of alive: 13
adding vertex with color number: 1 to node: 6
Time taken: 0.0369508 seconds

Pattern appears in 3 graphs:
S[291] -> S_360.json
S[354] -> S_417.json
S[742] -> S_767.json
Pattern written to pattern.json
