first_color: 3
number of alive: 995
adding vertex with color number: 1 to node: 0
number of alive: 871
number of alive: 871
adding vertex with color number: 3 to node: 0
number of alive: 865
adding vertex with color number: 1 to node: 2
number of alive: 411
number of alive: 411
adding vertex with color number: 3 to node: 2
number of alive: 400
Added edge (1, 4) with score 22
number of alive: 22
adding vertex with color number: 3 to node: 4
number of alive: 22
adding vertex with color number: 3 to node: 5
number of alive: 22
number of alive: 22
adding vertex with color number: 1 to node: 6
number of alive: 22
number of alive: 22
adding vertex with color number: 3 to node: 3
number of alive: 22
adding vertex with color number: 3 to node: 6
number of alive: 22
adding vertex with color number: 3 to node: 9
number of alive: 22
Added edge (2, 10) with score 22
number of alive: 22
adding vertex with color number: 1 to node: 8
number of alive: 22
adding vertex with color number: 3 to node: 8
number of alive: 22
adding vertex with color number: 3 to node: 7
Time taken: 0.0411965 seconds

Pattern appears in 3 graphs:
S[575] -> S_616.json
S[849] -> S_863.json
S[999] -> S_999.json
Pattern written to pattern.json
