first_color: 3
number of alive: 995
adding vertex with color number: 3 to node: 0
number of alive: 994
adding vertex with color number: 2 to node: 1
number of alive: 814
number of alive: 814
adding vertex with color number: 1 to node: 1
number of alive: 432
number of alive: 432
adding vertex with color number: 3 to node: 2
number of alive: 417
number of alive: 417
adding vertex with color number: 5 to node: 4
number of alive: 28
Added edge (0, 5) with score 5
Time taken: 0.0688644 seconds

Pattern appears in 5 graphs:
S[161] -> S_243.json
S[173] -> S_254.json
S[230] -> S_305.json
S[564] -> S_606.json
S[855] -> S_869.json
Pattern written to pattern.json
