first_color: 3
number of alive: 995
adding vertex with color number: 3 to node: 0
number of alive: 994
adding vertex with color number: 1 to node: 1
number of alive: 865
Added edge (0, 2) with score 19
number of alive: 19
adding vertex with color number: 3 to node: 1
number of alive: 19
adding vertex with color number: 3 to node: 3
number of alive: 19
number of alive: 19
adding vertex with color number: 1 to node: 4
number of alive: 15
adding vertex with color number: 1 to node: 3
number of alive: 6
number of alive: 6
adding vertex with color number: 3 to node: 6
Time taken: 0.0662011 seconds

Pattern appears in 3 graphs:
S[283] -> S_353.json
S[658] -> S_691.json
S[742] -> S_767.json
Pattern written to pattern.json
