first_color: 3
number of alive: 995
adding vertex with color number: 2 to node: 0
number of alive: 817
number of alive: 817
adding vertex with color number: 3 to node: 0
number of alive: 814
number of alive: 814
adding vertex with color number: 1 to node: 0
number of alive: 432
adding vertex with color number: 3 to node: 2
number of alive: 409
adding vertex with color number: 3 to node: 4
number of alive: 387
adding vertex with color number: 2 to node: 1
number of alive: 42
Added edge (4, 6) with score 7
number of alive: 7
adding vertex with color number: 3 to node: 3
Time taken: 0.0326958 seconds

Pattern appears in 1 graphs:
S[896] -> S_905.json
Pattern written to pattern.json
