first_color: 3
number of alive: 995
adding vertex with color number: 2 to node: 0
number of alive: 817
adding vertex with color number: 3 to node: 0
number of alive: 814
adding vertex with color number: 2 to node: 1
number of alive: 164
adding vertex with color number: 3 to node: 1
number of alive: 72
adding vertex with color number: 3 to node: 2
number of alive: 66
adding vertex with color number: 5 to node: 0
Time taken: 0.0284126 seconds

Pattern appears in 4 graphs:
S[161] -> S_243.json
S[230] -> S_305.json
S[564] -> S_606.json
S[855] -> S_869.json
Pattern written to pattern.json
