first_color: 3
number of alive: 995
adding vertex with color number: 1 to node: 0
number of alive: 871
adding vertex with color number: 3 to node: 1
number of alive: 623
adding vertex with color number: 3 to node: 2
number of alive: 621
adding vertex with color number: 2 to node: 3
number of alive: 188
adding vertex with color number: 3 to node: 4
number of alive: 166
Added edge (0, 5) with score 23
number of alive: 23
number of alive: 23
adding vertex with color number: 3 to node: 3
number of alive: 11
number of alive: 11
adding vertex with color number: 3 to node: 5
number of alive: 9
number of alive: 9
adding vertex with color number: 3 to node: 6
number of alive: 9
adding vertex with color number: 3 to node: 7
number of alive: 9
number of alive: 9
adding vertex with color number: 2 to node: 9
number of alive: 9
adding vertex with color number: 8 to node: 8
Time taken: 0.0348352 seconds

Pattern appears in 1 graphs:
S[946] -> S_950.json
Pattern written to pattern.json
