first_color: 3
number of alive: 995
adding vertex with color number: 5 to node: 0
number of alive: 202
adding vertex with color number: 3 to node: 0
number of alive: 162
adding vertex with color number: 2 to node: 1
number of alive: 29
number of alive: 29
adding vertex with color number: 3 to node: 2
number of alive: 29
number of alive: 29
adding vertex with color number: 3 to node: 4
number of alive: 29
adding vertex with color number: 2 to node: 3
Time taken: 0.015955 seconds

Pattern appears in 5 graphs:
S[30] -> S_125.json
S[92] -> S_181.json
S[279] -> S_35.json
S[443] -> S_498.json
S[855] -> S_869.json
Pattern written to pattern.json
