first_color: 3
number of alive: 995
adding vertex with color number: 2 to node: 0
number of alive: 817
adding vertex with color number: 3 to node: 0
number of alive: 814
adding vertex with color number: 3 to node: 1
number of alive: 768
adding vertex with color number: 2 to node: 3
number of alive: 247
Added edge (2, 4) with score 64
number of alive: 64
adding vertex with color number: 2 to node: 2
number of alive: 15
number of alive: 15
adding vertex with color number: 3 to node: 5
number of alive: 14
adding vertex with color number: 2 to node: 6
number of alive: 13
adding vertex with color number: 3 to node: 7
number of alive: 13
Added edge (0, 8) with score 13
number of alive: 13
adding vertex with color number: 21 to node: 6
Time taken: 0.0385609 seconds

Pattern appears in 1 graphs:
S[213] -> S_290.json
Pattern written to pattern.json
