first_color: 3
number of alive: 995
adding vertex with color number: 6 to node: 0
number of alive: 130
adding vertex with color number: 3 to node: 0
number of alive: 129
number of alive: 129
adding vertex with color number: 3 to node: 2
number of alive: 111
number of alive: 111
adding vertex with color number: 2 to node: 3
number of alive: 47
adding vertex with color number: 3 to node: 4
number of alive: 42
number of alive: 42
adding vertex with color number: 2 to node: 5
number of alive: 12
adding vertex with color number: 3 to node: 3
number of alive: 6
adding vertex with color number: 3 to node: 6
Time taken: 0.0157929 seconds

Pattern appears in 5 graphs:
S[68] -> S_16.json
S[508] -> S_556.json
S[644] -> S_679.json
S[684] -> S_714.json
S[700] -> S_729.json
Pattern written to pattern.json
