first_color: 3
number of alive: 995
adding vertex with color number: 3 to node: 0
number of alive: 994
adding vertex with color number: 1 to node: 0
number of alive: 865
adding vertex with color number: 2 to node: 0
number of alive: 432
number of alive: 432
adding vertex with color number: 3 to node: 1
number of alive: 409
number of alive: 409
adding vertex with color number: 1 to node: 1
number of alive: 72
number of alive: 72
adding vertex with color number: 3 to node: 5
number of alive: 23
number of alive: 23
adding vertex with color number: 3 to node: 4
number of alive: 21
number of alive: 21
adding vertex with color number: 1 to node: 6
number of alive: 12
adding vertex with color number: 3 to node: 6
number of alive: 12
adding vertex with color number: 3 to node: 7
number of alive: 8
number of alive: 8
adding vertex with color number: 2 to node: 3
Time taken: 0.070049 seconds

Pattern appears in 3 graphs:
S[82] -> S_172.json
S[718] -> S_745.json
S[962] -> S_965.json
Pattern written to pattern.json
