first_color: 3
number of alive: 995
adding vertex with color number: 1 to node: 0
number of alive: 871
adding vertex with color number: 3 to node: 1
number of alive: 623
adding vertex with color number: 3 to node: 0
number of alive: 621
adding vertex with color number: 1 to node: 2
number of alive: 356
adding vertex with color number: 2 to node: 3
number of alive: 54
number of alive: 54
adding vertex with color number: 3 to node: 3
number of alive: 37
adding vertex with color number: 1 to node: 6
number of alive: 23
adding vertex with color number: 3 to node: 5
number of alive: 23
number of alive: 23
adding vertex with color number: 3 to node: 8
number of alive: 23
number of alive: 23
adding vertex with color number: 2 to node: 6
number of alive: 23
number of alive: 23
adding vertex with color number: 3 to node: 10
number of alive: 23
number of alive: 23
adding vertex with color number: 3 to node: 11
number of alive: 23
number of alive: 23
adding vertex with color number: 1 to node: 8
number of alive: 23
number of alive: 23
adding vertex with color number: 1 to node: 12
number of alive: 23
number of alive: 23
adding vertex with color number: 3 to node: 12
number of alive: 12
number of alive: 12
adding vertex with color number: 2 to node: 9
number of alive: 9
number of alive: 9
adding vertex with color number: 3 to node: 15
number of alive: 9
number of alive: 9
adding vertex with color number: 3 to node: 9
number of alive: 9
adding vertex with color number: 1 to node: 17
number of alive: 9
number of alive: 9
adding vertex with color number: 3 to node: 18
number of alive: 9
adding vertex with color number: 3 to node: 16
number of alive: 9
number of alive: 9
adding vertex with color number: 3 to node: 19
number of alive: 9
number of alive: 9
adding vertex with color number: 3 to node: 20
number of alive: 9
number of alive: 9
adding vertex with color number: 3 to node: 21
number of alive: 9
number of alive: 9
adding vertex with color number: 1 to node: 21
number of alive: 7
number of alive: 7
adding vertex with color number: 2 to node: 24
number of alive: 7
number of alive: 7
adding vertex with color number: 3 to node: 24
number of alive: 7
number of alive: 7
adding vertex with color number: 3 to node: 26
number of alive: 7
adding vertex with color number: 3 to node: 27
number of alive: 7
Added edge (28, 29) with score 7
number of alive: 7
number of alive: 7
adding vertex with color number: 3 to node: 2
number of alive: 7
number of alive: 7
adding vertex with color number: 3 to node: 30
number of alive: 7
adding vertex with color number: 2 to node: 30
number of alive: 7
number of alive: 7
adding vertex with color number: 3 to node: 32
number of alive: 7
number of alive: 7
adding vertex with color number: 3 to node: 22
number of alive: 7
number of alive: 7
adding vertex with color number: 3 to node: 33
number of alive: 7
number of alive: 7
adding vertex with color number: 3 to node: 35
number of alive: 7
number of alive: 7
adding vertex with color number: 1 to node: 34
number of alive: 7
number of alive: 7
adding vertex with color number: 3 to node: 34
number of alive: 7
number of alive: 7
adding vertex with color number: 3 to node: 38
number of alive: 7
number of alive: 7
adding vertex with color number: 1 to node: 39
number of alive: 7
adding vertex with color number: 1 to node: 33
number of alive: 7
adding vertex with color number: 2 to node: 39
number of alive: 7
number of alive: 7
adding vertex with color number: 3 to node: 42
number of alive: 7
number of alive: 7
adding vertex with color number: 3 to node: 43
number of alive: 7
number of alive: 7
adding vertex with color number: 3 to node: 44
number of alive: 7
number of alive: 7
adding vertex with color number: 3 to node: 36
number of alive: 7
number of alive: 7
adding vertex with color number: 3 to node: 46
number of alive: 7
number of alive: 7
adding vertex with color number: 2 to node: 35
number of alive: 7
adding vertex with color number: 3 to node: 31
number of alive: 7
adding vertex with color number: 3 to node: 45
number of alive: 7
Added edge (47, 48) with score 7
number of alive: 7
number of alive: 7
adding vertex with color number: 3 to node: 48
number of alive: 7
adding vertex with color number: 1 to node: 51
number of alive: 7
adding vertex with color number: 3 to node: 49
number of alive: 7
adding vertex with color number: 3 to node: 53
number of alive: 6
Added edge (43, 51) with score 6
number of alive: 6
adding vertex with color number: 3 to node: 54
number of alive: 6
number of alive: 6
adding vertex with color number: 1 to node: 55
Time taken: 0.359577 seconds

Pattern appears in 3 graphs:
S[235] -> S_31.json
S[413] -> S_470.json
S[604] -> S_642.json
Pattern written to pattern.json
