first_color: 3
number of alive: 995
adding vertex with color number: 3 to node: 0
number of alive: 994
adding vertex with color number: 2 to node: 0
number of alive: 814
number of alive: 814
adding vertex with color number: 2 to node: 2
number of alive: 164
number of alive: 164
adding vertex with color number: 3 to node: 3
number of alive: 138
adding vertex with color number: 3 to node: 4
number of alive: 94
adding vertex with color number: 3 to node: 1
number of alive: 90
adding vertex with color number: 1 to node: 4
number of alive: 40
adding vertex with color number: 3 to node: 5
number of alive: 34
adding vertex with color number: 3 to node: 8
number of alive: 32
adding vertex with color number: 3 to node: 6
number of alive: 32
number of alive: 32
adding vertex with color number: 3 to node: 10
number of alive: 30
number of alive: 30
adding vertex with color number: 1 to node: 8
number of alive: 12
number of alive: 12
adding vertex with color number: 1 to node: 6
Time taken: 0.0719392 seconds

Pattern appears in 4 graphs:
S[8] -> S_105.json
S[348] -> S_411.json
S[433] -> S_489.json
S[611] -> S_649.json
Pattern written to pattern.json
