first_color: 3
number of alive: 995
adding vertex with color number: 3 to node: 0
number of alive: 994
adding vertex with color number: 3 to node: 1
number of alive: 988
adding vertex with color number: 2 to node: 1
number of alive: 696
adding vertex with color number: 3 to node: 3
number of alive: 643
number of alive: 643
adding vertex with color number: 2 to node: 2
number of alive: 258
adding vertex with color number: 3 to node: 4
number of alive: 229
adding vertex with color number: 3 to node: 5
number of alive: 180
adding vertex with color number: 2 to node: 6
number of alive: 64
adding vertex with color number: 1 to node: 4
number of alive: 47
number of alive: 47
adding vertex with color number: 1 to node: 2
number of alive: 45
number of alive: 45
adding vertex with color number: 3 to node: 8
number of alive: 45
number of alive: 45
adding vertex with color number: 1 to node: 11
number of alive: 39
number of alive: 39
adding vertex with color number: 1 to node: 3
Time taken: 0.151613 seconds

Pattern appears in 2 graphs:
S[83] -> S_173.json
S[740] -> S_765.json
Pattern written to pattern.json
