first_color: 3
number of alive: 995
adding vertex with color number: 5 to node: 0
number of alive: 202
adding vertex with color number: 3 to node: 1
number of alive: 127
adding vertex with color number: 3 to node: 2
number of alive: 122
adding vertex with color number: 3 to node: 3
number of alive: 112
Added edge (0, 4) with score 17
number of alive: 17
number of alive: 17
adding vertex with color number: 3 to node: 0
number of alive: 15
adding vertex with color number: 3 to node: 5
number of alive: 12
number of alive: 12
adding vertex with color number: 3 to node: 6
number of alive: 12
number of alive: 12
adding vertex with color number: 3 to node: 7
number of alive: 9
adding vertex with color number: 3 to node: 8
Time taken: 0.0167898 seconds

Pattern appears in 5 graphs:
S[122] -> S_208.json
S[182] -> S_262.json
S[263] -> S_335.json
S[733] -> S_759.json
S[982] -> S_983.json
Pattern written to pattern.json
