first_color: 3
number of alive: 995
adding vertex with color number: 1 to node: 0
number of alive: 871
adding vertex with color number: 3 to node: 0
number of alive: 865
adding vertex with color number: 2 to node: 0
number of alive: 432
adding vertex with color number: 3 to node: 3
number of alive: 417
number of alive: 417
adding vertex with color number: 2 to node: 2
number of alive: 128
adding vertex with color number: 3 to node: 2
number of alive: 122
adding vertex with color number: 3 to node: 6
number of alive: 106
Added edge (4, 5) with score 11
number of alive: 11
adding vertex with color number: 3 to node: 4
number of alive: 9
number of alive: 9
adding vertex with color number: 3 to node: 7
number of alive: 9
number of alive: 9
adding vertex with color number: 3 to node: 8
number of alive: 9
number of alive: 9
adding vertex with color number: 3 to node: 10
number of alive: 9
adding vertex with color number: 3 to node: 11
number of alive: 9
number of alive: 9
adding vertex with color number: 3 to node: 9
number of alive: 9
adding vertex with color number: 3 to node: 13
number of alive: 9
adding vertex with color number: 5 to node: 14
Time taken: 0.0396474 seconds

Pattern appears in 2 graphs:
S[34] -> S_129.json
S[343] -> S_407.json
Pattern written to pattern.json
