first_color: 3
number of alive: 995
adding vertex with color number: 1 to node: 0
number of alive: 871
adding vertex with color number: 3 to node: 1
number of alive: 623
adding vertex with color number: 3 to node: 2
number of alive: 621
Added edge (0, 3) with score 23
number of alive: 23
adding vertex with color number: 1 to node: 3
number of alive: 22
adding vertex with color number: 3 to node: 4
number of alive: 22
adding vertex with color number: 3 to node: 3
number of alive: 22
number of alive: 22
adding vertex with color number: 3 to node: 6
number of alive: 22
number of alive: 22
adding vertex with color number: 1 to node: 7
number of alive: 22
number of alive: 22
adding vertex with color number: 3 to node: 8
number of alive: 22
adding vertex with color number: 3 to node: 7
number of alive: 22
number of alive: 22
adding vertex with color number: 3 to node: 5
number of alive: 22
number of alive: 22
adding vertex with color number: 1 to node: 9
number of alive: 22
adding vertex with color number: 3 to node: 0
number of alive: 22
adding vertex with color number: 1 to node: 10
number of alive: 21
number of alive: 21
adding vertex with color number: 3 to node: 13
number of alive: 21
number of alive: 21
adding vertex with color number: 1 to node: 5
number of alive: 21
number of alive: 21
adding vertex with color number: 3 to node: 10
number of alive: 21
number of alive: 21
adding vertex with color number: 3 to node: 17
number of alive: 21
adding vertex with color number: 3 to node: 9
number of alive: 21
adding vertex with color number: 1 to node: 18
number of alive: 21
adding vertex with color number: 3 to node: 19
number of alive: 21
number of alive: 21
adding vertex with color number: 1 to node: 15
number of alive: 21
adding vertex with color number: 3 to node: 15
number of alive: 21
Added edge (6, 23) with score 21
number of alive: 21
number of alive: 21
adding vertex with color number: 3 to node: 21
number of alive: 21
adding vertex with color number: 3 to node: 18
number of alive: 21
adding vertex with color number: 3 to node: 25
number of alive: 21
adding vertex with color number: 3 to node: 26
number of alive: 21
adding vertex with color number: 3 to node: 20
number of alive: 21
adding vertex with color number: 1 to node: 28
number of alive: 21
adding vertex with color number: 1 to node: 27
number of alive: 21
adding vertex with color number: 3 to node: 28
number of alive: 21
number of alive: 21
adding vertex with color number: 3 to node: 31
number of alive: 21
adding vertex with color number: 1 to node: 31
number of alive: 21
number of alive: 21
adding vertex with color number: 3 to node: 27
number of alive: 21
adding vertex with color number: 1 to node: 34
number of alive: 21
Added edge (23, 34) with score 21
number of alive: 21
number of alive: 21
adding vertex with color number: 2 to node: 32
number of alive: 21
number of alive: 21
adding vertex with color number: 3 to node: 23
number of alive: 21
number of alive: 21
adding vertex with color number: 3 to node: 36
number of alive: 21
adding vertex with color number: 3 to node: 24
number of alive: 21
adding vertex with color number: 1 to node: 39
Time taken: 0.116864 seconds

Pattern appears in 1 graphs:
S[756] -> S_78.json
Pattern written to pattern.json
