first_color: 3
number of alive: 995
adding vertex with color number: 1 to node: 0
number of alive: 871
adding vertex with color number: 3 to node: 1
number of alive: 623
adding vertex with color number: 2 to node: 0
number of alive: 127
adding vertex with color number: 3 to node: 2
number of alive: 115
adding vertex with color number: 3 to node: 4
number of alive: 102
adding vertex with color number: 3 to node: 3
number of alive: 81
Added edge (0, 5) with score 26
number of alive: 26
adding vertex with color number: 1 to node: 4
number of alive: 24
adding vertex with color number: 2 to node: 6
number of alive: 24
number of alive: 24
adding vertex with color number: 3 to node: 6
number of alive: 10
number of alive: 10
adding vertex with color number: 3 to node: 9
number of alive: 10
number of alive: 10
adding vertex with color number: 2 to node: 10
number of alive: 10
adding vertex with color number: 2 to node: 9
number of alive: 7
number of alive: 7
adding vertex with color number: 3 to node: 12
number of alive: 7
Added edge (3, 13) with score 7
number of alive: 7
number of alive: 7
adding vertex with color number: 3 to node: 11
number of alive: 7
Added edge (8, 14) with score 7
number of alive: 7
adding vertex with color number: 1 to node: 5
number of alive: 6
number of alive: 6
adding vertex with color number: 3 to node: 14
Time taken: 0.0291508 seconds

Pattern appears in 2 graphs:
S[531] -> S_577.json
S[537] -> S_582.json
Pattern written to pattern.json
