first_color: 3
number of alive: 995
adding vertex with color number: 1 to node: 0
number of alive: 871
adding vertex with color number: 3 to node: 0
number of alive: 865
Added edge (1, 2) with score 19
number of alive: 19
adding vertex with color number: 3 to node: 2
number of alive: 19
number of alive: 19
adding vertex with color number: 3 to node: 3
number of alive: 19
number of alive: 19
adding vertex with color number: 3 to node: 4
number of alive: 18
number of alive: 18
adding vertex with color number: 1 to node: 4
number of alive: 14
number of alive: 14
adding vertex with color number: 3 to node: 5
number of alive: 14
Added edge (0, 7) with score 5
Time taken: 0.0306252 seconds

Pattern appears in 5 graphs:
S[271] -> S_342.json
S[283] -> S_353.json
S[368] -> S_43.json
S[588] -> S_628.json
S[835] -> S_850.json
Pattern written to pattern.json
