first_color: 3
number of alive: 995
adding vertex with color number: 1 to node: 0
number of alive: 871
adding vertex with color number: 2 to node: 0
number of alive: 478
adding vertex with color number: 3 to node: 1
number of alive: 127
number of alive: 127
adding vertex with color number: 3 to node: 2
number of alive: 109
adding vertex with color number: 3 to node: 3
number of alive: 94
adding vertex with color number: 2 to node: 4
number of alive: 43
number of alive: 43
adding vertex with color number: 3 to node: 4
number of alive: 20
adding vertex with color number: 2 to node: 7
number of alive: 12
number of alive: 12
adding vertex with color number: 3 to node: 8
number of alive: 12
Added edge (2, 9) with score 9
number of alive: 9
adding vertex with color number: 3 to node: 0
number of alive: 9
Added edge (5, 10) with score 8
number of alive: 8
number of alive: 8
adding vertex with color number: 3 to node: 6
number of alive: 8
number of alive: 8
adding vertex with color number: 3 to node: 7
number of alive: 8
number of alive: 8
adding vertex with color number: 1 to node: 10
number of alive: 7
adding vertex with color number: 2 to node: 12
number of alive: 7
Added edge (11, 14) with score 7
number of alive: 7
number of alive: 7
adding vertex with color number: 1 to node: 5
number of alive: 6
number of alive: 6
adding vertex with color number: 3 to node: 11
Time taken: 0.0258749 seconds

Pattern appears in 2 graphs:
S[531] -> S_577.json
S[537] -> S_582.json
Pattern written to pattern.json
