first_color: 3
number of alive: 995
adding vertex with color number: 3 to node: 0
number of alive: 994
adding vertex with color number: 6 to node: 1
number of alive: 129
adding vertex with color number: 3 to node: 1
number of alive: 87
number of alive: 87
adding vertex with color number: 3 to node: 3
number of alive: 84
adding vertex with color number: 3 to node: 4
number of alive: 82
number of alive: 82
adding vertex with color number: 3 to node: 5
number of alive: 81
adding vertex with color number: 3 to node: 6
number of alive: 50
adding vertex with color number: 3 to node: 7
number of alive: 38
Added edge (0, 6) with score 11
number of alive: 11
number of alive: 11
adding vertex with color number: 5 to node: 5
Time taken: 0.0573978 seconds

Pattern appears in 1 graphs:
S[9] -> S_106.json
Pattern written to pattern.json
