first_color: 3
number of alive: 995
adding vertex with color number: 5 to node: 0
number of alive: 202
adding vertex with color number: 3 to node: 0
number of alive: 162
adding vertex with color number: 3 to node: 1
number of alive: 122
adding vertex with color number: 3 to node: 2
number of alive: 112
adding vertex with color number: 1 to node: 4
number of alive: 39
number of alive: 39
adding vertex with color number: 2 to node: 3
number of alive: 13
Added edge (2, 6) with score 5
Time taken: 0.0167459 seconds

Pattern appears in 5 graphs:
S[115] -> S_201.json
S[190] -> S_27.json
S[337] -> S_401.json
S[343] -> S_407.json
S[801] -> S_82.json
Pattern written to pattern.json
