first_color: 3
number of alive: 995
adding vertex with color number: 3 to node: 0
number of alive: 994
adding vertex with color number: 3 to node: 1
number of alive: 988
adding vertex with color number: 2 to node: 1
number of alive: 696
number of alive: 696
adding vertex with color number: 1 to node: 0
number of alive: 285
adding vertex with color number: 3 to node: 2
number of alive: 268
number of alive: 268
adding vertex with color number: 2 to node: 5
number of alive: 42
number of alive: 42
adding vertex with color number: 3 to node: 3
number of alive: 32
number of alive: 32
adding vertex with color number: 2 to node: 2
Time taken: 0.133146 seconds

Pattern appears in 2 graphs:
S[30] -> S_125.json
S[279] -> S_35.json
Pattern written to pattern.json
