first_color: 3
number of alive: 995
adding vertex with color number: 3 to node: 0
number of alive: 994
adding vertex with color number: 3 to node: 1
number of alive: 988
adding vertex with color number: 1 to node: 1
number of alive: 689
Added edge (0, 3) with score 19
number of alive: 19
adding vertex with color number: 3 to node: 2
number of alive: 19
adding vertex with color number: 1 to node: 4
number of alive: 15
adding vertex with color number: 3 to node: 4
number of alive: 14
number of alive: 14
adding vertex with color number: 3 to node: 5
number of alive: 12
number of alive: 12
adding vertex with color number: 1 to node: 6
Time taken: 0.129074 seconds

Pattern appears in 2 graphs:
S[283] -> S_353.json
S[658] -> S_691.json
Pattern written to pattern.json
