first_color: 3
number of alive: 995
adding vertex with color number: 1 to node: 0
number of alive: 871
adding vertex with color number: 3 to node: 0
number of alive: 865
adding vertex with color number: 3 to node: 2
number of alive: 843
Added edge (1, 3) with score 23
number of alive: 23
adding vertex with color number: 1 to node: 2
number of alive: 22
adding vertex with color number: 3 to node: 3
number of alive: 22
adding vertex with color number: 3 to node: 5
number of alive: 22
adding vertex with color number: 3 to node: 6
number of alive: 22
number of alive: 22
adding vertex with color number: 3 to node: 7
number of alive: 22
Added edge (2, 8) with score 22
number of alive: 22
number of alive: 22
adding vertex with color number: 3 to node: 8
number of alive: 22
number of alive: 22
adding vertex with color number: 1 to node: 6
number of alive: 22
number of alive: 22
adding vertex with color number: 3 to node: 9
number of alive: 22
number of alive: 22
adding vertex with color number: 1 to node: 9
number of alive: 22
adding vertex with color number: 1 to node: 11
number of alive: 21
number of alive: 21
adding vertex with color number: 3 to node: 12
number of alive: 21
number of alive: 21
adding vertex with color number: 1 to node: 14
number of alive: 21
adding vertex with color number: 3 to node: 11
number of alive: 21
adding vertex with color number: 3 to node: 4
number of alive: 21
adding vertex with color number: 3 to node: 14
number of alive: 21
adding vertex with color number: 3 to node: 18
number of alive: 21
number of alive: 21
adding vertex with color number: 1 to node: 17
number of alive: 21
number of alive: 21
adding vertex with color number: 3 to node: 17
number of alive: 21
adding vertex with color number: 3 to node: 16
number of alive: 21
adding vertex with color number: 1 to node: 22
number of alive: 21
number of alive: 21
adding vertex with color number: 3 to node: 19
number of alive: 21
number of alive: 21
adding vertex with color number: 3 to node: 23
number of alive: 21
number of alive: 21
adding vertex with color number: 3 to node: 24
number of alive: 21
number of alive: 21
adding vertex with color number: 3 to node: 25
number of alive: 21
adding vertex with color number: 1 to node: 25
number of alive: 21
number of alive: 21
adding vertex with color number: 3 to node: 27
number of alive: 21
number of alive: 21
adding vertex with color number: 3 to node: 26
number of alive: 20
adding vertex with color number: 3 to node: 22
number of alive: 20
number of alive: 20
adding vertex with color number: 2 to node: 29
number of alive: 20
adding vertex with color number: 1 to node: 27
number of alive: 20
adding vertex with color number: 3 to node: 29
number of alive: 20
adding vertex with color number: 3 to node: 30
number of alive: 20
adding vertex with color number: 3 to node: 34
number of alive: 20
adding vertex with color number: 3 to node: 36
number of alive: 20
adding vertex with color number: 3 to node: 32
number of alive: 20
Added edge (18, 35) with score 20
number of alive: 20
number of alive: 20
adding vertex with color number: 3 to node: 37
number of alive: 20
adding vertex with color number: 3 to node: 31
number of alive: 20
adding vertex with color number: 3 to node: 38
number of alive: 18
adding vertex with color number: 3 to node: 40
number of alive: 18
adding vertex with color number: 3 to node: 42
number of alive: 18
Added edge (7, 43) with score 18
number of alive: 18
number of alive: 18
adding vertex with color number: 3 to node: 33
Time taken: 0.279732 seconds

Pattern appears in 1 graphs:
S[849] -> S_863.json
Pattern written to pattern.json
