first_color: 3
number of alive: 995
adding vertex with color number: 2 to node: 0
number of alive: 817
number of alive: 817
adding vertex with color number: 1 to node: 0
number of alive: 478
adding vertex with color number: 3 to node: 0
number of alive: 432
number of alive: 432
adding vertex with color number: 3 to node: 3
number of alive: 409
number of alive: 409
adding vertex with color number: 2 to node: 1
number of alive: 43
Added edge (4, 5) with score 7
number of alive: 7
adding vertex with color number: 3 to node: 4
number of alive: 7
number of alive: 7
adding vertex with color number: 3 to node: 6
Time taken: 0.0252007 seconds

Pattern appears in 4 graphs:
S[193] -> S_272.json
S[307] -> S_375.json
S[423] -> S_48.json
S[896] -> S_905.json
Pattern written to pattern.json
