first_color: 3
number of alive: 995
adding vertex with color number: 3 to node: 0
number of alive: 994
adding vertex with color number: 2 to node: 0
number of alive: 814
adding vertex with color number: 2 to node: 1
number of alive: 352
adding vertex with color number: 3 to node: 3
number of alive: 341
adding vertex with color number: 3 to node: 2
number of alive: 275
Added edge (4, 5) with score 68
number of alive: 68
adding vertex with color number: 3 to node: 4
number of alive: 48
adding vertex with color number: 3 to node: 6
number of alive: 43
adding vertex with color number: 2 to node: 7
number of alive: 18
number of alive: 18
adding vertex with color number: 1 to node: 5
number of alive: 6
adding vertex with color number: 3 to node: 7
Time taken: 0.0758108 seconds

Pattern appears in 4 graphs:
S[513] -> S_560.json
S[655] -> S_689.json
S[696] -> S_725.json
S[915] -> S_922.json
Pattern written to pattern.json
