first_color: 3
number of alive: 995
adding vertex with color number: 2 to node: 0
number of alive: 817
adding vertex with color number: 3 to node: 1
number of alive: 768
adding vertex with color number: 1 to node: 0
number of alive: 459
adding vertex with color number: 3 to node: 0
number of alive: 417
number of alive: 417
adding vertex with color number: 3 to node: 4
number of alive: 394
adding vertex with color number: 3 to node: 5
number of alive: 371
Added edge (2, 6) with score 44
number of alive: 44
number of alive: 44
adding vertex with color number: 3 to node: 2
number of alive: 27
adding vertex with color number: 3 to node: 7
number of alive: 23
adding vertex with color number: 2 to node: 7
number of alive: 17
number of alive: 17
adding vertex with color number: 3 to node: 9
number of alive: 17
adding vertex with color number: 3 to node: 8
number of alive: 17
Added edge (1, 11) with score 17
number of alive: 17
number of alive: 17
adding vertex with color number: 3 to node: 10
number of alive: 17
number of alive: 17
adding vertex with color number: 3 to node: 12
number of alive: 17
adding vertex with color number: 3 to node: 13
number of alive: 17
adding vertex with color number: 3 to node: 14
number of alive: 17
number of alive: 17
adding vertex with color number: 3 to node: 15
number of alive: 17
Added edge (10, 16) with score 17
number of alive: 17
number of alive: 17
adding vertex with color number: 3 to node: 16
number of alive: 17
Added edge (8, 17) with score 17
number of alive: 17
number of alive: 17
adding vertex with color number: 3 to node: 17
Time taken: 0.0452596 seconds

Pattern appears in 3 graphs:
S[2] -> S_10.json
S[50] -> S_143.json
S[796] -> S_815.json
Pattern written to pattern.json
