first_color: 3
number of alive: 995
adding vertex with color number: 5 to node: 0
number of alive: 202
adding vertex with color number: 3 to node: 0
number of alive: 162
adding vertex with color number: 1 to node: 2
number of alive: 38
adding vertex with color number: 2 to node: 2
number of alive: 13
number of alive: 13
adding vertex with color number: 3 to node: 4
number of alive: 12
adding vertex with color number: 2 to node: 5
Time taken: 0.0157244 seconds

Pattern appears in 3 graphs:
S[173] -> S_254.json
S[564] -> S_606.json
S[602] -> S_640.json
Pattern written to pattern.json
