first_color: 3
number of alive: 995
adding vertex with color number: 2 to node: 0
number of alive: 817
adding vertex with color number: 3 to node: 0
number of alive: 814
adding vertex with color number: 1 to node: 0
number of alive: 432
number of alive: 432
adding vertex with color number: 2 to node: 1
number of alive: 49
number of alive: 49
adding vertex with color number: 3 to node: 4
number of alive: 46
adding vertex with color number: 3 to node: 3
number of alive: 7
adding vertex with color number: 3 to node: 6
number of alive: 6
number of alive: 6
adding vertex with color number: 3 to node: 5
Time taken: 0.0288718 seconds

Pattern appears in 5 graphs:
S[82] -> S_172.json
S[602] -> S_640.json
S[718] -> S_745.json
S[896] -> S_905.json
S[962] -> S_965.json
Pattern written to pattern.json
