first_color: 3
number of alive: 995
adding vertex with color number: 1 to node: 0
number of alive: 871
number of alive: 871
adding vertex with color number: 3 to node: 1
number of alive: 623
adding vertex with color number: 3 to node: 0
number of alive: 621
Added edge (2, 3) with score 23
number of alive: 23
number of alive: 23
adding vertex with color number: 3 to node: 3
number of alive: 23
number of alive: 23
adding vertex with color number: 3 to node: 2
number of alive: 23
number of alive: 23
adding vertex with color number: 1 to node: 3
number of alive: 22
adding vertex with color number: 3 to node: 5
number of alive: 22
number of alive: 22
adding vertex with color number: 1 to node: 7
number of alive: 22
number of alive: 22
adding vertex with color number: 3 to node: 4
number of alive: 22
Added edge (7, 9) with score 22
number of alive: 22
number of alive: 22
adding vertex with color number: 3 to node: 6
number of alive: 22
adding vertex with color number: 1 to node: 10
number of alive: 22
number of alive: 22
adding vertex with color number: 3 to node: 10
number of alive: 22
number of alive: 22
adding vertex with color number: 3 to node: 9
number of alive: 22
adding vertex with color number: 1 to node: 13
number of alive: 22
adding vertex with color number: 3 to node: 13
number of alive: 22
adding vertex with color number: 1 to node: 15
number of alive: 22
adding vertex with color number: 3 to node: 15
number of alive: 22
adding vertex with color number: 3 to node: 16
number of alive: 21
adding vertex with color number: 3 to node: 18
number of alive: 21
adding vertex with color number: 1 to node: 18
number of alive: 21
number of alive: 21
adding vertex with color number: 3 to node: 17
number of alive: 21
number of alive: 21
adding vertex with color number: 3 to node: 21
number of alive: 21
adding vertex with color number: 1 to node: 22
number of alive: 21
number of alive: 21
adding vertex with color number: 3 to node: 23
number of alive: 21
number of alive: 21
adding vertex with color number: 3 to node: 24
number of alive: 21
number of alive: 21
adding vertex with color number: 1 to node: 25
number of alive: 21
number of alive: 21
adding vertex with color number: 3 to node: 25
number of alive: 21
number of alive: 21
adding vertex with color number: 3 to node: 22
number of alive: 21
number of alive: 21
adding vertex with color number: 3 to node: 27
number of alive: 21
number of alive: 21
adding vertex with color number: 1 to node: 24
number of alive: 21
adding vertex with color number: 2 to node: 27
number of alive: 21
number of alive: 21
adding vertex with color number: 3 to node: 29
number of alive: 21
number of alive: 21
adding vertex with color number: 3 to node: 31
number of alive: 21
number of alive: 21
adding vertex with color number: 3 to node: 33
number of alive: 20
number of alive: 20
adding vertex with color number: 3 to node: 34
number of alive: 20
number of alive: 20
adding vertex with color number: 3 to node: 35
number of alive: 20
number of alive: 20
adding vertex with color number: 3 to node: 36
number of alive: 17
number of alive: 17
adding vertex with color number: 3 to node: 37
number of alive: 16
number of alive: 16
adding vertex with color number: 1 to node: 33
number of alive: 16
number of alive: 16
adding vertex with color number: 3 to node: 32
number of alive: 16
number of alive: 16
adding vertex with color number: 3 to node: 38
number of alive: 15
Added edge (34, 41) with score 15
number of alive: 15
adding vertex with color number: 3 to node: 40
number of alive: 15
adding vertex with color number: 3 to node: 42
number of alive: 15
adding vertex with color number: 3 to node: 28
number of alive: 15
number of alive: 15
adding vertex with color number: 1 to node: 44
number of alive: 14
number of alive: 14
adding vertex with color number: 3 to node: 43
number of alive: 14
Added edge (29, 46) with score 14
number of alive: 14
number of alive: 14
adding vertex with color number: 3 to node: 44
number of alive: 14
Added edge (4, 47) with score 14
number of alive: 14
number of alive: 14
adding vertex with color number: 1 to node: 47
number of alive: 14
number of alive: 14
adding vertex with color number: 3 to node: 48
number of alive: 14
number of alive: 14
adding vertex with color number: 3 to node: 49
number of alive: 14
adding vertex with color number: 1 to node: 49
number of alive: 14
number of alive: 14
adding vertex with color number: 2 to node: 40
Time taken: 0.596658 seconds

Pattern appears in 1 graphs:
S[642] -> S_677.json
Pattern written to pattern.json
