first_color: 3
number of alive: 995
adding vertex with color number: 1 to node: 0
number of alive: 871
adding vertex with color number: 3 to node: 0
number of alive: 865
adding vertex with color number: 3 to node: 1
number of alive: 621
adding vertex with color number: 1 to node: 3
number of alive: 356
Added edge (2, 4) with score 43
number of alive: 43
number of alive: 43
adding vertex with color number: 3 to node: 2
number of alive: 42
number of alive: 42
adding vertex with color number: 3 to node: 5
number of alive: 41
number of alive: 41
adding vertex with color number: 3 to node: 6
number of alive: 41
number of alive: 41
adding vertex with color number: 2 to node: 6
number of alive: 8
adding vertex with color number: 2 to node: 7
Time taken: 0.0431597 seconds

Pattern appears in 2 graphs:
S[651] -> S_685.json
S[691] -> S_720.json
Pattern written to pattern.json
