first_color: 3
number of alive: 995
adding vertex with color number: 2 to node: 0
number of alive: 817
adding vertex with color number: 5 to node: 0
number of alive: 110
number of alive: 110
adding vertex with color number: 3 to node: 0
number of alive: 40
adding vertex with color number: 3 to node: 1
number of alive: 34
adding vertex with color number: 3 to node: 2
number of alive: 27
adding vertex with color number: 3 to node: 3
number of alive: 27
adding vertex with color number: 2 to node: 3
number of alive: 6
Added edge (4, 5) with score 6
number of alive: 6
adding vertex with color number: 3 to node: 5
Time taken: 0.0210186 seconds

Pattern appears in 2 graphs:
S[190] -> S_27.json
S[801] -> S_82.json
Pattern written to pattern.json
