first_color: 3
number of alive: 995
adding vertex with color number: 3 to node: 0
number of alive: 994
number of alive: 994
adding vertex with color number: 1 to node: 0
number of alive: 865
Added edge (1, 2) with score 19
number of alive: 19
adding vertex with color number: 3 to node: 1
number of alive: 19
number of alive: 19
adding vertex with color number: 1 to node: 3
number of alive: 14
number of alive: 14
adding vertex with color number: 3 to node: 3
number of alive: 14
number of alive: 14
adding vertex with color number: 3 to node: 4
number of alive: 11
number of alive: 11
adding vertex with color number: 1 to node: 6
Time taken: 0.0647516 seconds

Pattern appears in 5 graphs:
S[662] -> S_695.json
S[666] -> S_699.json
S[768] -> S_790.json
S[845] -> S_86.json
S[912] -> S_92.json
Pattern written to pattern.json
