first_color: 3
number of alive: 995
adding vertex with color number: 2 to node: 0
number of alive: 817
adding vertex with color number: 3 to node: 1
number of alive: 768
adding vertex with color number: 1 to node: 0
number of alive: 459
adding vertex with color number: 3 to node: 2
number of alive: 442
adding vertex with color number: 3 to node: 4
number of alive: 404
adding vertex with color number: 1 to node: 4
number of alive: 92
adding vertex with color number: 3 to node: 0
number of alive: 81
adding vertex with color number: 2 to node: 7
number of alive: 28
number of alive: 28
adding vertex with color number: 3 to node: 5
number of alive: 26
number of alive: 26
adding vertex with color number: 1 to node: 9
number of alive: 20
adding vertex with color number: 3 to node: 8
number of alive: 19
adding vertex with color number: 3 to node: 11
number of alive: 19
adding vertex with color number: 1 to node: 11
number of alive: 19
number of alive: 19
adding vertex with color number: 3 to node: 10
number of alive: 15
adding vertex with color number: 3 to node: 14
number of alive: 15
adding vertex with color number: 1 to node: 15
number of alive: 14
adding vertex with color number: 3 to node: 15
number of alive: 14
number of alive: 14
adding vertex with color number: 2 to node: 9
Time taken: 0.0383408 seconds

Pattern appears in 2 graphs:
S[49] -> S_142.json
S[924] -> S_930.json
Pattern written to pattern.json
