first_color: 3
number of alive: 995
adding vertex with color number: 1 to node: 0
number of alive: 871
adding vertex with color number: 3 to node: 1
number of alive: 623
adding vertex with color number: 3 to node: 2
number of alive: 621
adding vertex with color number: 1 to node: 3
number of alive: 377
adding vertex with color number: 3 to node: 0
number of alive: 266
Added edge (3, 5) with score 62
number of alive: 62
adding vertex with color number: 1 to node: 5
number of alive: 25
number of alive: 25
adding vertex with color number: 2 to node: 2
number of alive: 13
adding vertex with color number: 3 to node: 7
number of alive: 13
number of alive: 13
adding vertex with color number: 7 to node: 6
Time taken: 0.0390137 seconds

Pattern appears in 3 graphs:
S[120] -> S_206.json
S[415] -> S_472.json
S[793] -> S_812.json
Pattern written to pattern.json
