first_color: 3
number of alive: 995
adding vertex with color number: 1 to node: 0
number of alive: 871
adding vertex with color number: 2 to node: 1
number of alive: 13
adding vertex with color number: 3 to node: 0
number of alive: 13
number of alive: 13
adding vertex with color number: 3 to node: 3
number of alive: 13
Added edge (2, 4) with score 7
number of alive: 7
adding vertex with color number: 3 to node: 4
Time taken: 0.0208836 seconds

Pattern appears in 5 graphs:
S[21] -> S_117.json
S[506] -> S_554.json
S[569] -> S_610.json
S[757] -> S_780.json
S[833] -> S_849.json
Pattern written to pattern.json
