first_color: 3
number of alive: 995
adding vertex with color number: 3 to node: 0
number of alive: 994
number of alive: 994
adding vertex with color number: 21 to node: 1
number of alive: 8
adding vertex with color number: 3 to node: 1
number of alive: 7
adding vertex with color number: 3 to node: 3
number of alive: 7
number of alive: 7
adding vertex with color number: 3 to node: 4
number of alive: 7
adding vertex with color number: 3 to node: 5
number of alive: 7
Added edge (0, 6) with score 7
number of alive: 7
number of alive: 7
adding vertex with color number: 1 to node: 0
Time taken: 0.053662 seconds

Pattern appears in 3 graphs:
S[514] -> S_561.json
S[935] -> S_940.json
S[990] -> S_990.json
Pattern written to pattern.json
