first_color: 3
number of alive: 995
adding vertex with color number: 1 to node: 0
number of alive: 871
adding vertex with color number: 3 to node: 1
number of alive: 623
adding vertex with color number: 1 to node: 2
number of alive: 381
adding vertex with color number: 3 to node: 0
number of alive: 356
Added edge (3, 4) with score 43
number of alive: 43
adding vertex with color number: 3 to node: 4
number of alive: 42
number of alive: 42
adding vertex with color number: 3 to node: 5
number of alive: 41
adding vertex with color number: 2 to node: 6
number of alive: 10
adding vertex with color number: 3 to node: 7
number of alive: 10
adding vertex with color number: 1 to node: 8
Time taken: 0.0306106 seconds

Pattern appears in 4 graphs:
S[110] -> S_198.json
S[651] -> S_685.json
S[691] -> S_720.json
S[893] -> S_902.json
Pattern written to pattern.json
