first_color: 3
number of alive: 995
adding vertex with color number: 3 to node: 0
number of alive: 994
adding vertex with color number: 5 to node: 1
number of alive: 162
adding vertex with color number: 3 to node: 2
number of alive: 122
adding vertex with color number: 2 to node: 3
number of alive: 67
adding vertex with color number: 3 to node: 4
number of alive: 54
Added edge (1, 5) with score 29
number of alive: 29
adding vertex with color number: 1 to node: 5
Time taken: 0.056292 seconds

Pattern appears in 2 graphs:
S[161] -> S_243.json
S[230] -> S_305.json
Pattern written to pattern.json
