first_color: 3
number of alive: 995
adding vertex with color number: 1 to node: 0
number of alive: 871
adding vertex with color number: 3 to node: 0
number of alive: 865
Added edge (1, 2) with score 19
number of alive: 19
number of alive: 19
adding vertex with color number: 3 to node: 2
number of alive: 19
adding vertex with color number: 3 to node: 3
number of alive: 19
number of alive: 19
adding vertex with color number: 3 to node: 4
number of alive: 18
number of alive: 18
adding vertex with color number: 1 to node: 5
number of alive: 14
adding vertex with color number: 1 to node: 4
Time taken: 0.0305698 seconds

Pattern appears in 3 graphs:
S[66] -> S_158.json
S[283] -> S_353.json
S[658] -> S_691.json
Pattern written to pattern.json
