first_color: 0
number of alive: 1000
adding vertex with color number: 9 to node: 0
number of alive: 1000
number of alive: 1000
adding vertex with color number: 1 to node: 1
number of alive: 998
adding vertex with color number: 5 to node: 1
number of alive: 678
adding vertex with color number: 6 to node: 0
number of alive: 176
adding vertex with color number: 4 to node: 1
number of alive: 51
number of alive: 51
adding vertex with color number: 5 to node: 0
number of alive: 8
adding vertex with color number: 2 to node: 6
Time taken: 0.393217 seconds

Pattern appears in 3 graphs:
S[517] -> S_564.json
S[798] -> S_817.json
S[965] -> S_968.json
Pattern written to pattern.json
