first_color: 0
number of alive: 1000
adding vertex with color number: 0 to node: 0
number of alive: 1000
number of alive: 1000
adding vertex with color number: 12 to node: 0
number of alive: 461
number of alive: 461
adding vertex with color number: 4 to node: 0
number of alive: 186
adding vertex with color number: 9 to node: 3
number of alive: 18
adding vertex with color number: 0 to node: 3
number of alive: 10
adding vertex with color number: 5 to node: 1
number of alive: 6
number of alive: 6
adding vertex with color number: 7 to node: 4
Time taken: 0.699412 seconds

Pattern appears in 1 graphs:
S[437] -> S_492.json
Pattern written to pattern.json
