first_color: 0
number of alive: 1000
adding vertex with color number: 0 to node: 0
number of alive: 1000
adding vertex with color number: 11 to node: 0
number of alive: 440
number of alive: 440
adding vertex with color number: 3 to node: 2
number of alive: 144
number of alive: 144
adding vertex with color number: 2 to node: 0
number of alive: 56
adding vertex with color number: 5 to node: 0
number of alive: 10
adding vertex with color number: 1 to node: 1
Time taken: 0.705368 seconds

Pattern appears in 5 graphs:
S[92] -> S_181.json
S[269] -> S_340.json
S[287] -> S_357.json
S[700] -> S_729.json
S[729] -> S_755.json
Pattern written to pattern.json
