first_color: 0
number of alive: 1000
adding vertex with color number: 14 to node: 0
number of alive: 631
number of alive: 631
adding vertex with color number: 4 to node: 0
number of alive: 306
adding vertex with color number: 6 to node: 1
number of alive: 44
adding vertex with color number: 2 to node: 1
number of alive: 11
adding vertex with color number: 0 to node: 0
number of alive: 9
adding vertex with color number: 0 to node: 3
Time taken: 0.304475 seconds

Pattern appears in 4 graphs:
S[56] -> S_149.json
S[638] -> S_673.json
S[885] -> S_896.json
S[949] -> S_953.json
Pattern written to pattern.json
