first_color: 0
number of alive: 1000
adding vertex with color number: 1 to node: 0
number of alive: 1000
adding vertex with color number: 2 to node: 1
number of alive: 1000
adding vertex with color number: 9 to node: 0
number of alive: 973
adding vertex with color number: 6 to node: 0
number of alive: 476
adding vertex with color number: 1 to node: 1
number of alive: 223
adding vertex with color number: 0 to node: 3
number of alive: 129
adding vertex with color number: 6 to node: 6
number of alive: 26
number of alive: 26
adding vertex with color number: 0 to node: 4
number of alive: 18
adding vertex with color number: 4 to node: 5
Time taken: 0.820375 seconds

Pattern appears in 4 graphs:
S[60] -> S_152.json
S[166] -> S_248.json
S[699] -> S_728.json
S[893] -> S_902.json
Pattern written to pattern.json
