first_color: 0
number of alive: 1000
adding vertex with color number: 4 to node: 0
number of alive: 1000
adding vertex with color number: 3 to node: 1
number of alive: 1000
adding vertex with color number: 4 to node: 2
number of alive: 999
adding vertex with color number: 8 to node: 0
number of alive: 657
number of alive: 657
adding vertex with color number: 3 to node: 3
number of alive: 296
number of alive: 296
adding vertex with color number: 0 to node: 0
number of alive: 185
adding vertex with color number: 9 to node: 2
number of alive: 16
number of alive: 16
adding vertex with color number: 4 to node: 4
Time taken: 0.661652 seconds

Pattern appears in 3 graphs:
S[91] -> S_180.json
S[158] -> S_240.json
S[159] -> S_241.json
Pattern written to pattern.json
