first_color: 0
number of alive: 1000
adding vertex with color number: 5 to node: 0
number of alive: 1000
number of alive: 1000
adding vertex with color number: 0 to node: 1
number of alive: 1000
adding vertex with color number: 7 to node: 0
number of alive: 975
Added edge (0, 2) with score 13
number of alive: 13
adding vertex with color number: 0 to node: 3
number of alive: 6
adding vertex with color number: 3 to node: 4
Time taken: 0.52069 seconds

Pattern appears in 4 graphs:
S[15] -> S_111.json
S[353] -> S_416.json
S[381] -> S_441.json
S[866] -> S_879.json
Pattern written to pattern.json
