first_color: 0
number of alive: 1000
adding vertex with color number: 9 to node: 0
number of alive: 1000
adding vertex with color number: 0 to node: 1
number of alive: 994
adding vertex with color number: 1 to node: 1
number of alive: 907
adding vertex with color number: 4 to node: 2
number of alive: 718
Added edge (0, 3) with score 7
number of alive: 7
adding vertex with color number: 4 to node: 4
Time taken: 0.422315 seconds

Pattern appears in 4 graphs:
S[178] -> S_259.json
S[400] -> S_459.json
S[401] -> S_46.json
S[626] -> S_662.json
Pattern written to pattern.json
