first_color: 0
number of alive: 1000
adding vertex with color number: 2 to node: 0
number of alive: 1000
adding vertex with color number: 0 to node: 1
number of alive: 1000
Added edge (0, 2) with score 102
number of alive: 102
adding vertex with color number: 3 to node: 2
number of alive: 61
number of alive: 61
adding vertex with color number: 1 to node: 2
number of alive: 26
adding vertex with color number: 3 to node: 3
number of alive: 9
number of alive: 9
adding vertex with color number: 0 to node: 5
Time taken: 0.778203 seconds

Pattern appears in 5 graphs:
S[215] -> S_292.json
S[292] -> S_361.json
S[567] -> S_609.json
S[616] -> S_653.json
S[819] -> S_836.json
Pattern written to pattern.json
