first_color: 0
number of alive: 1000
adding vertex with color number: 0 to node: 0
number of alive: 1000
number of alive: 1000
adding vertex with color number: 4 to node: 0
number of alive: 1000
Added edge (1, 2) with score 75
number of alive: 75
adding vertex with color number: 2 to node: 2
number of alive: 20
number of alive: 20
adding vertex with color number: 1 to node: 0
number of alive: 10
adding vertex with color number: 0 to node: 2
number of alive: 7
adding vertex with color number: 0 to node: 1
Time taken: 0.852719 seconds

Pattern appears in 4 graphs:
S[8] -> S_105.json
S[149] -> S_232.json
S[416] -> S_473.json
S[877] -> S_889.json
Pattern written to pattern.json
