first_color: 0
number of alive: 1000
adding vertex with color number: 3 to node: 0
number of alive: 1000
number of alive: 1000
adding vertex with color number: 11 to node: 0
number of alive: 298
adding vertex with color number: 8 to node: 1
number of alive: 41
adding vertex with color number: 6 to node: 0
number of alive: 10
adding vertex with color number: 1 to node: 2
Time taken: 0.511765 seconds

Pattern appears in 5 graphs:
S[364] -> S_426.json
S[535] -> S_580.json
S[892] -> S_901.json
S[909] -> S_917.json
S[973] -> S_975.json
Pattern written to pattern.json
