first_color: 0
number of alive: 1000
adding vertex with color number: 16 to node: 0
number of alive: 644
adding vertex with color number: 2 to node: 1
number of alive: 304
adding vertex with color number: 0 to node: 2
number of alive: 191
number of alive: 191
adding vertex with color number: 9 to node: 0
number of alive: 26
adding vertex with color number: 4 to node: 4
number of alive: 8
number of alive: 8
adding vertex with color number: 2 to node: 2
Time taken: 0.308364 seconds

Pattern appears in 3 graphs:
S[139] -> S_223.json
S[152] -> S_235.json
S[269] -> S_340.json
Pattern written to pattern.json
