first_color: 0
number of alive: 1000
adding vertex with color number: 6 to node: 0
number of alive: 1000
adding vertex with color number: 3 to node: 0
number of alive: 1000
Added edge (1, 2) with score 39
number of alive: 39
adding vertex with color number: 0 to node: 0
number of alive: 25
adding vertex with color number: 0 to node: 2
number of alive: 15
adding vertex with color number: 4 to node: 3
Time taken: 0.46494 seconds

Pattern appears in 5 graphs:
S[257] -> S_33.json
S[692] -> S_721.json
S[694] -> S_723.json
S[890] -> S_90.json
S[957] -> S_960.json
Pattern written to pattern.json
