first_color: 0
number of alive: 1000
adding vertex with color number: 11 to node: 0
number of alive: 611
adding vertex with color number: 5 to node: 0
number of alive: 184
adding vertex with color number: 0 to node: 2
number of alive: 94
number of alive: 94
adding vertex with color number: 2 to node: 0
number of alive: 36
adding vertex with color number: 3 to node: 3
number of alive: 16
adding vertex with color number: 0 to node: 0
number of alive: 8
adding vertex with color number: 1 to node: 6
number of alive: 6
adding vertex with color number: 0 to node: 7
number of alive: 6
number of alive: 6
adding vertex with color number: 6 to node: 4
Time taken: 0.305667 seconds

Pattern appears in 2 graphs:
S[92] -> S_181.json
S[183] -> S_263.json
Pattern written to pattern.json
