first_color: 0
number of alive: 1000
adding vertex with color number: 9 to node: 0
number of alive: 1000
adding vertex with color number: 6 to node: 1
number of alive: 952
adding vertex with color number: 9 to node: 1
number of alive: 164
adding vertex with color number: 2 to node: 2
number of alive: 65
adding vertex with color number: 2 to node: 3
number of alive: 24
adding vertex with color number: 0 to node: 4
number of alive: 13
number of alive: 13
adding vertex with color number: 4 to node: 3
number of alive: 6
adding vertex with color number: 2 to node: 7
Time taken: 0.379191 seconds

Pattern appears in 2 graphs:
S[46] -> S_14.json
S[351] -> S_414.json
Pattern written to pattern.json
