first_color: 0
number of alive: 1000
adding vertex with color number: 0 to node: 0
number of alive: 1000
adding vertex with color number: 7 to node: 0
number of alive: 1000
adding vertex with color number: 9 to node: 1
number of alive: 881
adding vertex with color number: 1 to node: 2
number of alive: 613
adding vertex with color number: 0 to node: 2
number of alive: 385
adding vertex with color number: 1 to node: 4
number of alive: 199
number of alive: 199
adding vertex with color number: 2 to node: 5
number of alive: 90
number of alive: 90
adding vertex with color number: 0 to node: 7
number of alive: 58
adding vertex with color number: 4 to node: 5
number of alive: 25
number of alive: 25
adding vertex with color number: 0 to node: 3
number of alive: 15
number of alive: 15
adding vertex with color number: 0 to node: 9
number of alive: 7
number of alive: 7
adding vertex with color number: 1 to node: 8
Time taken: 0.809658 seconds

Pattern appears in 3 graphs:
S[0] -> S_1.json
S[675] -> S_706.json
S[871] -> S_883.json
Pattern written to pattern.json
