first_color: 0
number of alive: 1000
adding vertex with color number: 2 to node: 0
number of alive: 1000
adding vertex with color number: 16 to node: 0
number of alive: 357
adding vertex with color number: 0 to node: 1
number of alive: 241
adding vertex with color number: 1 to node: 0
number of alive: 95
number of alive: 95
adding vertex with color number: 4 to node: 4
number of alive: 24
adding vertex with color number: 2 to node: 5
number of alive: 12
number of alive: 12
adding vertex with color number: 0 to node: 5
number of alive: 9
adding vertex with color number: 0 to node: 0
number of alive: 8
number of alive: 8
adding vertex with color number: 1 to node: 3
Time taken: 0.554112 seconds

Pattern appears in 5 graphs:
S[62] -> S_154.json
S[142] -> S_226.json
S[223] -> S_3.json
S[248] -> S_321.json
S[518] -> S_565.json
Pattern written to pattern.json
