first_color: 0
number of alive: 1000
adding vertex with color number: 10 to node: 0
number of alive: 659
adding vertex with color number: 1 to node: 1
number of alive: 332
number of alive: 332
adding vertex with color number: 0 to node: 2
number of alive: 211
number of alive: 211
adding vertex with color number: 2 to node: 3
number of alive: 107
number of alive: 107
adding vertex with color number: 3 to node: 4
number of alive: 52
adding vertex with color number: 3 to node: 2
number of alive: 16
number of alive: 16
adding vertex with color number: 8 to node: 5
Time taken: 0.310582 seconds

Pattern appears in 2 graphs:
S[112] -> S_2.json
S[541] -> S_586.json
Pattern written to pattern.json
