first_color: 0
number of alive: 1000
adding vertex with color number: 3 to node: 0
number of alive: 1000
adding vertex with color number: 4 to node: 0
number of alive: 1000
adding vertex with color number: 13 to node: 1
number of alive: 111
adding vertex with color number: 6 to node: 3
number of alive: 22
number of alive: 22
adding vertex with color number: 5 to node: 2
number of alive: 6
adding vertex with color number: 1 to node: 0
Time taken: 0.632205 seconds

Pattern appears in 3 graphs:
S[54] -> S_147.json
S[484] -> S_534.json
S[666] -> S_699.json
Pattern written to pattern.json
