first_color: 0
number of alive: 1000
adding vertex with color number: 8 to node: 0
number of alive: 1000
adding vertex with color number: 1 to node: 1
number of alive: 1000
adding vertex with color number: 1 to node: 2
number of alive: 995
adding vertex with color number: 6 to node: 2
number of alive: 540
number of alive: 540
adding vertex with color number: 4 to node: 2
number of alive: 175
adding vertex with color number: 4 to node: 1
number of alive: 52
adding vertex with color number: 0 to node: 4
number of alive: 28
number of alive: 28
adding vertex with color number: 6 to node: 0
Time taken: 0.452894 seconds

Pattern appears in 5 graphs:
S[90] -> S_18.json
S[374] -> S_435.json
S[392] -> S_451.json
S[768] -> S_790.json
S[884] -> S_895.json
Pattern written to pattern.json
