first_color: 0
number of alive: 1000
adding vertex with color number: 1 to node: 0
number of alive: 1000
number of alive: 1000
adding vertex with color number: 6 to node: 0
number of alive: 1000
adding vertex with color number: 1 to node: 1
number of alive: 1000
adding vertex with color number: 0 to node: 0
number of alive: 996
adding vertex with color number: 5 to node: 2
number of alive: 588
adding vertex with color number: 4 to node: 4
number of alive: 263
number of alive: 263
adding vertex with color number: 4 to node: 6
number of alive: 76
number of alive: 76
adding vertex with color number: 1 to node: 3
number of alive: 39
number of alive: 39
adding vertex with color number: 3 to node: 4
number of alive: 16
number of alive: 16
adding vertex with color number: 3 to node: 8
number of alive: 7
adding vertex with color number: 0 to node: 7
number of alive: 6
number of alive: 6
adding vertex with color number: 2 to node: 11
Time taken: 0.75228 seconds

Pattern appears in 5 graphs:
S[0] -> S_1.json
S[88] -> S_178.json
S[402] -> S_460.json
S[405] -> S_463.json
S[826] -> S_842.json
Pattern written to pattern.json
