first_color: 0
number of alive: 1000
adding vertex with color number: 8 to node: 0
number of alive: 1000
adding vertex with color number: 2 to node: 0
number of alive: 1000
adding vertex with color number: 5 to node: 0
number of alive: 869
adding vertex with color number: 0 to node: 1
number of alive: 646
adding vertex with color number: 3 to node: 2
number of alive: 319
adding vertex with color number: 3 to node: 3
number of alive: 115
adding vertex with color number: 3 to node: 0
number of alive: 41
adding vertex with color number: 3 to node: 7
number of alive: 12
number of alive: 12
adding vertex with color number: 8 to node: 6
Time taken: 0.447142 seconds

Pattern appears in 1 graphs:
S[418] -> S_475.json
Pattern written to pattern.json
