first_color: 0
number of alive: 1000
adding vertex with color number: 1 to node: 0
number of alive: 1000
adding vertex with color number: 2 to node: 0
number of alive: 1000
adding vertex with color number: 5 to node: 1
number of alive: 1000
Added edge (1, 2) with score 24
number of alive: 24
adding vertex with color number: 0 to node: 3
number of alive: 11
number of alive: 11
adding vertex with color number: 3 to node: 4
Time taken: 0.789218 seconds

Pattern appears in 4 graphs:
S[152] -> S_235.json
S[663] -> S_696.json
S[826] -> S_842.json
S[981] -> S_982.json
Pattern written to pattern.json
