first_color: 0
number of alive: 1000
adding vertex with color number: 14 to node: 0
number of alive: 631
adding vertex with color number: 4 to node: 1
number of alive: 259
adding vertex with color number: 0 to node: 0
number of alive: 169
adding vertex with color number: 7 to node: 3
number of alive: 37
adding vertex with color number: 1 to node: 2
number of alive: 20
number of alive: 20
adding vertex with color number: 6 to node: 4
Time taken: 0.304792 seconds

Pattern appears in 4 graphs:
S[12] -> S_109.json
S[180] -> S_260.json
S[340] -> S_404.json
S[346] -> S_41.json
Pattern written to pattern.json
