first_color: 0
number of alive: 1000
adding vertex with color number: 6 to node: 0
number of alive: 1000
adding vertex with color number: 18 to node: 0
number of alive: 188
adding vertex with color number: 3 to node: 2
number of alive: 52
adding vertex with color number: 0 to node: 3
number of alive: 30
adding vertex with color number: 1 to node: 2
number of alive: 9
adding vertex with color number: 2 to node: 0
Time taken: 0.396588 seconds

Pattern appears in 4 graphs:
S[476] -> S_527.json
S[527] -> S_573.json
S[609] -> S_647.json
S[863] -> S_876.json
Pattern written to pattern.json
