first_color: 0
number of alive: 1000
adding vertex with color number: 19 to node: 0
number of alive: 635
adding vertex with color number: 0 to node: 0
number of alive: 465
adding vertex with color number: 8 to node: 2
number of alive: 88
adding vertex with color number: 4 to node: 2
number of alive: 25
number of alive: 25
adding vertex with color number: 4 to node: 1
number of alive: 9
adding vertex with color number: 4 to node: 4
number of alive: 6
number of alive: 6
adding vertex with color number: 0 to node: 6
Time taken: 0.30774 seconds

Pattern appears in 2 graphs:
S[20] -> S_116.json
S[461] -> S_513.json
Pattern written to pattern.json
