first_color: 0
number of alive: 1000
adding vertex with color number: 6 to node: 0
number of alive: 1000
adding vertex with color number: 1 to node: 1
number of alive: 1000
Added edge (0, 2) with score 54
number of alive: 54
number of alive: 54
adding vertex with color number: 1 to node: 2
number of alive: 25
number of alive: 25
adding vertex with color number: 0 to node: 3
number of alive: 12
adding vertex with color number: 0 to node: 2
number of alive: 6
number of alive: 6
adding vertex with color number: 0 to node: 1
Time taken: 0.472775 seconds

Pattern appears in 2 graphs:
S[13] -> S_11.json
S[921] -> S_928.json
Pattern written to pattern.json
