first_color: 0
number of alive: 1000
adding vertex with color number: 2 to node: 0
number of alive: 1000
adding vertex with color number: 12 to node: 0
number of alive: 352
number of alive: 352
adding vertex with color number: 1 to node: 1
number of alive: 186
adding vertex with color number: 7 to node: 2
number of alive: 17
number of alive: 17
adding vertex with color number: 4 to node: 2
Time taken: 0.544499 seconds

Pattern appears in 4 graphs:
S[443] -> S_498.json
S[610] -> S_648.json
S[790] -> S_81.json
S[793] -> S_812.json
Pattern written to pattern.json
