first_color: 0
number of alive: 1000
adding vertex with color number: 17 to node: 0
number of alive: 619
adding vertex with color number: 3 to node: 1
number of alive: 259
adding vertex with color number: 2 to node: 2
number of alive: 111
number of alive: 111
adding vertex with color number: 0 to node: 3
number of alive: 69
number of alive: 69
adding vertex with color number: 9 to node: 0
number of alive: 10
adding vertex with color number: 2 to node: 4
number of alive: 7
adding vertex with color number: 0 to node: 0
Time taken: 0.308424 seconds

Pattern appears in 4 graphs:
S[215] -> S_292.json
S[321] -> S_388.json
S[455] -> S_508.json
S[491] -> S_540.json
Pattern written to pattern.json
