first_color: 0
number of alive: 1000
adding vertex with color number: 11 to node: 0
number of alive: 611
number of alive: 611
adding vertex with color number: 2 to node: 1
number of alive: 255
adding vertex with color number: 1 to node: 0
number of alive: 150
adding vertex with color number: 4 to node: 2
number of alive: 56
adding vertex with color number: 4 to node: 3
number of alive: 15
adding vertex with color number: 6 to node: 2
Time taken: 0.30599 seconds

Pattern appears in 4 graphs:
S[180] -> S_260.json
S[369] -> S_430.json
S[370] -> S_431.json
S[806] -> S_824.json
Pattern written to pattern.json
