first_color: 0
number of alive: 1000
adding vertex with color number: 0 to node: 0
number of alive: 1000
adding vertex with color number: 14 to node: 1
number of alive: 474
adding vertex with color number: 4 to node: 0
number of alive: 223
number of alive: 223
adding vertex with color number: 1 to node: 3
number of alive: 119
adding vertex with color number: 3 to node: 2
number of alive: 33
adding vertex with color number: 2 to node: 1
number of alive: 9
adding vertex with color number: 1 to node: 6
number of alive: 6
adding vertex with color number: 3 to node: 4
Time taken: 0.705106 seconds

Pattern appears in 2 graphs:
S[470] -> S_521.json
S[813] -> S_830.json
Pattern written to pattern.json
