first_color: 0
number of alive: 1000
adding vertex with color number: 6 to node: 0
number of alive: 1000
number of alive: 1000
adding vertex with color number: 7 to node: 1
number of alive: 997
adding vertex with color number: 9 to node: 1
number of alive: 321
adding vertex with color number: 2 to node: 0
number of alive: 144
adding vertex with color number: 1 to node: 4
number of alive: 77
number of alive: 77
adding vertex with color number: 3 to node: 4
number of alive: 21
adding vertex with color number: 4 to node: 1
number of alive: 6
number of alive: 6
adding vertex with color number: 8 to node: 1
Time taken: 0.437206 seconds

Pattern appears in 1 graphs:
S[780] -> S_800.json
Pattern written to pattern.json
