first_color: 0
number of alive: 1000
adding vertex with color number: 1 to node: 0
number of alive: 1000
adding vertex with color number: 0 to node: 1
number of alive: 1000
adding vertex with color number: 8 to node: 1
number of alive: 983
adding vertex with color number: 0 to node: 0
number of alive: 964
adding vertex with color number: 3 to node: 3
number of alive: 642
adding vertex with color number: 6 to node: 1
number of alive: 135
number of alive: 135
adding vertex with color number: 12 to node: 0
Time taken: 0.94473 seconds

Pattern appears in 2 graphs:
S[97] -> S_186.json
S[978] -> S_98.json
Pattern written to pattern.json
