first_color: 0
number of alive: 1000
adding vertex with color number: 15 to node: 0
number of alive: 612
adding vertex with color number: 0 to node: 0
number of alive: 426
number of alive: 426
adding vertex with color number: 1 to node: 1
number of alive: 192
adding vertex with color number: 4 to node: 2
number of alive: 74
adding vertex with color number: 0 to node: 4
number of alive: 51
adding vertex with color number: 6 to node: 1
number of alive: 6
number of alive: 6
adding vertex with color number: 0 to node: 5
Time taken: 0.311269 seconds

Pattern appears in 5 graphs:
S[557] -> S_60.json
S[564] -> S_606.json
S[631] -> S_667.json
S[663] -> S_696.json
S[781] -> S_801.json
Pattern written to pattern.json
