first_color: 0
number of alive: 1000
adding vertex with color number: 18 to node: 0
number of alive: 652
adding vertex with color number: 4 to node: 0
number of alive: 305
adding vertex with color number: 1 to node: 1
number of alive: 126
number of alive: 126
adding vertex with color number: 4 to node: 3
number of alive: 40
adding vertex with color number: 5 to node: 0
number of alive: 8
number of alive: 8
adding vertex with color number: 0 to node: 1
Time taken: 0.306159 seconds

Pattern appears in 3 graphs:
S[410] -> S_468.json
S[605] -> S_643.json
S[944] -> S_949.json
Pattern written to pattern.json
