first_color: 0
number of alive: 1000
adding vertex with color number: 7 to node: 0
number of alive: 1000
adding vertex with color number: 8 to node: 0
number of alive: 985
adding vertex with color number: 8 to node: 1
number of alive: 326
number of alive: 326
adding vertex with color number: 1 to node: 1
number of alive: 143
number of alive: 143
adding vertex with color number: 3 to node: 3
number of alive: 59
number of alive: 59
adding vertex with color number: 2 to node: 1
number of alive: 21
adding vertex with color number: 1 to node: 2
number of alive: 9
number of alive: 9
adding vertex with color number: 0 to node: 0
Time taken: 0.410296 seconds

Pattern appears in 5 graphs:
S[65] -> S_157.json
S[225] -> S_300.json
S[459] -> S_511.json
S[500] -> S_549.json
S[711] -> S_739.json
Pattern written to pattern.json
