first_color: 0
number of alive: 1000
adding vertex with color number: 15 to node: 0
number of alive: 612
number of alive: 612
adding vertex with color number: 6 to node: 0
number of alive: 161
adding vertex with color number: 2 to node: 2
number of alive: 64
adding vertex with color number: 4 to node: 1
number of alive: 24
number of alive: 24
adding vertex with color number: 4 to node: 2
number of alive: 8
number of alive: 8
adding vertex with color number: 0 to node: 5
Time taken: 0.306721 seconds

Pattern appears in 3 graphs:
S[119] -> S_205.json
S[431] -> S_487.json
S[468] -> S_52.json
Pattern written to pattern.json
