first_color: 0
number of alive: 1000
adding vertex with color number: 0 to node: 0
number of alive: 1000
adding vertex with color number: 0 to node: 1
number of alive: 1000
adding vertex with color number: 10 to node: 2
number of alive: 347
number of alive: 347
adding vertex with color number: 2 to node: 2
number of alive: 144
number of alive: 144
adding vertex with color number: 5 to node: 2
number of alive: 25
number of alive: 25
adding vertex with color number: 0 to node: 5
number of alive: 16
adding vertex with color number: 3 to node: 0
number of alive: 7
adding vertex with color number: 5 to node: 3
Time taken: 1.04748 seconds

Pattern appears in 1 graphs:
S[91] -> S_180.json
Pattern written to pattern.json
