first_color: 0
number of alive: 1000
adding vertex with color number: 9 to node: 0
number of alive: 1000
adding vertex with color number: 7 to node: 0
number of alive: 955
adding vertex with color number: 2 to node: 2
number of alive: 678
adding vertex with color number: 4 to node: 0
number of alive: 270
adding vertex with color number: 5 to node: 4
number of alive: 58
adding vertex with color number: 1 to node: 0
number of alive: 18
adding vertex with color number: 0 to node: 4
number of alive: 9
adding vertex with color number: 4 to node: 2
Time taken: 0.371389 seconds

Pattern appears in 3 graphs:
S[413] -> S_470.json
S[857] -> S_870.json
S[932] -> S_938.json
Pattern written to pattern.json
