first_color: 0
number of alive: 1000
adding vertex with color number: 9 to node: 0
number of alive: 1000
number of alive: 1000
adding vertex with color number: 4 to node: 1
number of alive: 994
adding vertex with color number: 7 to node: 2
number of alive: 463
number of alive: 463
adding vertex with color number: 6 to node: 3
number of alive: 95
number of alive: 95
adding vertex with color number: 4 to node: 3
number of alive: 27
adding vertex with color number: 0 to node: 5
number of alive: 16
number of alive: 16
adding vertex with color number: 3 to node: 2
Time taken: 0.376628 seconds

Pattern appears in 5 graphs:
S[65] -> S_157.json
S[80] -> S_170.json
S[422] -> S_479.json
S[906] -> S_914.json
S[986] -> S_987.json
Pattern written to pattern.json
