first_color: 0
number of alive: 1000
adding vertex with color number: 17 to node: 0
number of alive: 619
number of alive: 619
adding vertex with color number: 2 to node: 0
number of alive: 310
adding vertex with color number: 1 to node: 2
number of alive: 162
number of alive: 162
adding vertex with color number: 0 to node: 2
number of alive: 91
adding vertex with color number: 5 to node: 1
number of alive: 10
adding vertex with color number: 4 to node: 4
number of alive: 6
adding vertex with color number: 1 to node: 4
Time taken: 0.308396 seconds

Pattern appears in 2 graphs:
S[340] -> S_404.json
S[808] -> S_826.json
Pattern written to pattern.json
