first_color: 0
number of alive: 1000
adding vertex with color number: 6 to node: 0
number of alive: 1000
adding vertex with color number: 6 to node: 1
number of alive: 993
adding vertex with color number: 9 to node: 1
number of alive: 356
adding vertex with color number: 0 to node: 0
number of alive: 239
number of alive: 239
adding vertex with color number: 1 to node: 1
number of alive: 114
adding vertex with color number: 5 to node: 2
number of alive: 26
adding vertex with color number: 2 to node: 6
number of alive: 8
number of alive: 8
adding vertex with color number: 4 to node: 6
Time taken: 0.444822 seconds

Pattern appears in 2 graphs:
S[203] -> S_281.json
S[748] -> S_772.json
Pattern written to pattern.json
