first_color: 0
number of alive: 1000
adding vertex with color number: 12 to node: 0
number of alive: 645
adding vertex with color number: 0 to node: 0
number of alive: 461
number of alive: 461
adding vertex with color number: 0 to node: 1
number of alive: 217
adding vertex with color number: 6 to node: 3
number of alive: 64
adding vertex with color number: 1 to node: 1
number of alive: 29
number of alive: 29
adding vertex with color number: 6 to node: 2
number of alive: 7
adding vertex with color number: 0 to node: 5
Time taken: 0.31211 seconds

Pattern appears in 5 graphs:
S[333] -> S_399.json
S[363] -> S_425.json
S[611] -> S_649.json
S[750] -> S_774.json
S[778] -> S_8.json
Pattern written to pattern.json
