first_color: 0
number of alive: 1000
adding vertex with color number: 15 to node: 0
number of alive: 612
adding vertex with color number: 2 to node: 0
number of alive: 338
adding vertex with color number: 3 to node: 2
number of alive: 138
adding vertex with color number: 4 to node: 3
number of alive: 50
number of alive: 50
adding vertex with color number: 1 to node: 2
number of alive: 18
adding vertex with color number: 2 to node: 1
number of alive: 6
adding vertex with color number: 1 to node: 3
Time taken: 0.307627 seconds

Pattern appears in 5 graphs:
S[63] -> S_155.json
S[95] -> S_184.json
S[825] -> S_841.json
S[831] -> S_847.json
S[925] -> S_931.json
Pattern written to pattern.json
