first_color: 0
number of alive: 1000
adding vertex with color number: 6 to node: 0
number of alive: 1000
number of alive: 1000
adding vertex with color number: 1 to node: 0
number of alive: 1000
adding vertex with color number: 0 to node: 0
number of alive: 1000
adding vertex with color number: 3 to node: 2
number of alive: 985
Added edge (3, 4) with score 18
number of alive: 18
number of alive: 18
adding vertex with color number: 0 to node: 1
number of alive: 8
number of alive: 8
adding vertex with color number: 0 to node: 2
Time taken: 0.574413 seconds

Pattern appears in 4 graphs:
S[589] -> S_629.json
S[690] -> S_72.json
S[708] -> S_736.json
S[926] -> S_932.json
Pattern written to pattern.json
