first_color: 0
number of alive: 1000
adding vertex with color number: 17 to node: 0
number of alive: 619
adding vertex with color number: 4 to node: 1
number of alive: 253
adding vertex with color number: 0 to node: 2
number of alive: 141
adding vertex with color number: 2 to node: 3
number of alive: 69
adding vertex with color number: 1 to node: 0
number of alive: 36
number of alive: 36
adding vertex with color number: 4 to node: 5
number of alive: 15
adding vertex with color number: 1 to node: 4
number of alive: 10
adding vertex with color number: 0 to node: 4
number of alive: 6
adding vertex with color number: 4 to node: 0
Time taken: 0.307116 seconds

Pattern appears in 3 graphs:
S[146] -> S_23.json
S[488] -> S_538.json
S[499] -> S_548.json
Pattern written to pattern.json
