first_color: 0
number of alive: 1000
adding vertex with color number: 11 to node: 0
number of alive: 733
adding vertex with color number: 9 to node: 1
number of alive: 135
number of alive: 135
adding vertex with color number: 3 to node: 2
number of alive: 69
adding vertex with color number: 2 to node: 3
number of alive: 50
number of alive: 50
adding vertex with color number: 0 to node: 2
number of alive: 39
adding vertex with color number: 4 to node: 3
number of alive: 26
adding vertex with color number: 2 to node: 4
number of alive: 17
adding vertex with color number: 8 to node: 7
Time taken: 0.328038 seconds

Pattern appears in 4 graphs:
S[642] -> S_677.json
S[650] -> S_684.json
S[762] -> S_785.json
S[987] -> S_988.json
Pattern written to pattern.json
