first_color: 0
number of alive: 1000
adding vertex with color number: 1 to node: 0
number of alive: 1000
number of alive: 1000
adding vertex with color number: 17 to node: 1
number of alive: 541
adding vertex with color number: 1 to node: 1
number of alive: 390
number of alive: 390
adding vertex with color number: 2 to node: 3
number of alive: 273
number of alive: 273
adding vertex with color number: 5 to node: 2
number of alive: 61
adding vertex with color number: 2 to node: 0
number of alive: 45
number of alive: 45
adding vertex with color number: 0 to node: 2
number of alive: 35
number of alive: 35
adding vertex with color number: 7 to node: 2
number of alive: 9
adding vertex with color number: 1 to node: 6
number of alive: 6
adding vertex with color number: 0 to node: 6
Time taken: 0.878056 seconds

Pattern appears in 5 graphs:
S[35] -> S_13.json
S[87] -> S_177.json
S[254] -> S_327.json
S[376] -> S_437.json
S[618] -> S_655.json
Pattern written to pattern.json
