first_color: 0
number of alive: 1000
adding vertex with color number: 9 to node: 0
number of alive: 1000
number of alive: 1000
adding vertex with color number: 6 to node: 0
number of alive: 1000
adding vertex with color number: 8 to node: 1
number of alive: 738
Added edge (2, 3) with score 9
number of alive: 9
adding vertex with color number: 3 to node: 2
number of alive: 7
adding vertex with color number: 2 to node: 1
Time taken: 0.43832 seconds

Pattern appears in 5 graphs:
S[52] -> S_145.json
S[384] -> S_444.json
S[400] -> S_459.json
S[556] -> S_6.json
S[895] -> S_904.json
Pattern written to pattern.json
