first_color: 0
number of alive: 1000
adding vertex with color number: 14 to node: 0
number of alive: 733
adding vertex with color number: 4 to node: 0
number of alive: 542
number of alive: 542
adding vertex with color number: 1 to node: 2
number of alive: 409
adding vertex with color number: 7 to node: 1
number of alive: 95
adding vertex with color number: 1 to node: 1
number of alive: 58
adding vertex with color number: 5 to node: 1
number of alive: 16
adding vertex with color number: 1 to node: 3
number of alive: 16
number of alive: 16
adding vertex with color number: 6 to node: 1
number of alive: 6
number of alive: 6
adding vertex with color number: 0 to node: 8
Time taken: 0.339202 seconds

Pattern appears in 5 graphs:
S[192] -> S_271.json
S[352] -> S_415.json
S[773] -> S_795.json
S[831] -> S_847.json
S[895] -> S_904.json
Pattern written to pattern.json
