first_color: 0
number of alive: 1000
adding vertex with color number: 1 to node: 0
number of alive: 1000
number of alive: 1000
adding vertex with color number: 3 to node: 0
number of alive: 1000
adding vertex with color number: 5 to node: 1
number of alive: 1000
adding vertex with color number: 2 to node: 1
number of alive: 1000
Added edge (2, 4) with score 104
number of alive: 104
number of alive: 104
adding vertex with color number: 0 to node: 4
number of alive: 80
adding vertex with color number: 0 to node: 5
number of alive: 66
adding vertex with color number: 2 to node: 6
number of alive: 47
adding vertex with color number: 2 to node: 0
number of alive: 25
adding vertex with color number: 0 to node: 7
number of alive: 22
adding vertex with color number: 5 to node: 6
number of alive: 10
number of alive: 10
adding vertex with color number: 3 to node: 2
Time taken: 1.50783 seconds

Pattern appears in 5 graphs:
S[159] -> S_241.json
S[209] -> S_287.json
S[222] -> S_299.json
S[776] -> S_798.json
S[994] -> S_994.json
Pattern written to pattern.json
