first_color: 0
number of alive: 1000
adding vertex with color number: 18 to node: 0
number of alive: 707
adding vertex with color number: 3 to node: 1
number of alive: 446
adding vertex with color number: 0 to node: 1
number of alive: 257
number of alive: 257
adding vertex with color number: 5 to node: 2
number of alive: 87
number of alive: 87
adding vertex with color number: 5 to node: 4
number of alive: 28
number of alive: 28
adding vertex with color number: 0 to node: 3
number of alive: 26
adding vertex with color number: 1 to node: 4
number of alive: 12
number of alive: 12
adding vertex with color number: 1 to node: 6
number of alive: 10
number of alive: 10
adding vertex with color number: 0 to node: 7
number of alive: 6
adding vertex with color number: 2 to node: 1
Time taken: 0.337619 seconds

Pattern appears in 4 graphs:
S[314] -> S_381.json
S[584] -> S_624.json
S[706] -> S_734.json
S[751] -> S_775.json
Pattern written to pattern.json
