first_color: 0
number of alive: 1000
adding vertex with color number: 4 to node: 0
number of alive: 1000
adding vertex with color number: 2 to node: 0
number of alive: 1000
adding vertex with color number: 9 to node: 2
number of alive: 999
adding vertex with color number: 1 to node: 2
number of alive: 991
Added edge (0, 4) with score 34
number of alive: 34
adding vertex with color number: 0 to node: 1
number of alive: 25
number of alive: 25
adding vertex with color number: 7 to node: 4
Time taken: 1.0183 seconds

Pattern appears in 3 graphs:
S[41] -> S_135.json
S[403] -> S_461.json
S[702] -> S_730.json
Pattern written to pattern.json
