first_color: 0
number of alive: 1000
adding vertex with color number: 8 to node: 0
number of alive: 1000
number of alive: 1000
adding vertex with color number: 2 to node: 0
number of alive: 1000
adding vertex with color number: 8 to node: 2
number of alive: 998
adding vertex with color number: 5 to node: 2
number of alive: 750
adding vertex with color number: 4 to node: 4
number of alive: 463
adding vertex with color number: 6 to node: 0
number of alive: 154
number of alive: 154
adding vertex with color number: 1 to node: 0
number of alive: 92
adding vertex with color number: 7 to node: 3
number of alive: 15
adding vertex with color number: 0 to node: 1
number of alive: 10
adding vertex with color number: 3 to node: 9
number of alive: 7
number of alive: 7
adding vertex with color number: 1 to node: 9
Time taken: 0.594125 seconds

Pattern appears in 4 graphs:
S[540] -> S_585.json
S[839] -> S_854.json
S[860] -> S_873.json
S[929] -> S_935.json
Pattern written to pattern.json
