first_color: 0
number of alive: 1000
adding vertex with color number: 2 to node: 0
number of alive: 1000
adding vertex with color number: 3 to node: 1
number of alive: 1000
Added edge (0, 2) with score 403
number of alive: 403
number of alive: 403
adding vertex with color number: 1 to node: 0
number of alive: 237
number of alive: 237
adding vertex with color number: 3 to node: 3
number of alive: 142
adding vertex with color number: 5 to node: 3
number of alive: 51
adding vertex with color number: 3 to node: 4
number of alive: 30
adding vertex with color number: 1 to node: 4
number of alive: 21
number of alive: 21
adding vertex with color number: 1 to node: 3
number of alive: 13
adding vertex with color number: 8 to node: 1
Time taken: 1.12749 seconds

Pattern appears in 1 graphs:
S[404] -> S_462.json
Pattern written to pattern.json
