first_color: 0
number of alive: 1000
adding vertex with color number: 1 to node: 0
number of alive: 1000
adding vertex with color number: 9 to node: 1
number of alive: 1000
adding vertex with color number: 8 to node: 1
number of alive: 943
adding vertex with color number: 4 to node: 3
number of alive: 714
Added edge (0, 2) with score 11
number of alive: 11
adding vertex with color number: 2 to node: 2
number of alive: 6
adding vertex with color number: 2 to node: 0
Time taken: 0.968602 seconds

Pattern appears in 2 graphs:
S[106] -> S_194.json
S[634] -> S_67.json
Pattern written to pattern.json
