first_color: 0
number of alive: 1000
adding vertex with color number: 4 to node: 0
number of alive: 1000
adding vertex with color number: 4 to node: 1
number of alive: 1000
adding vertex with color number: 7 to node: 2
number of alive: 1000
adding vertex with color number: 6 to node: 0
number of alive: 974
Added edge (0, 3) with score 19
number of alive: 19
adding vertex with color number: 5 to node: 2
number of alive: 7
adding vertex with color number: 4 to node: 4
Time taken: 0.991144 seconds

Pattern appears in 4 graphs:
S[70] -> S_161.json
S[634] -> S_67.json
S[724] -> S_750.json
S[948] -> S_952.json
Pattern written to pattern.json
