first_color: 0
number of alive: 1000
adding vertex with color number: 2 to node: 0
number of alive: 1000
number of alive: 1000
adding vertex with color number: 17 to node: 1
number of alive: 531
adding vertex with color number: 2 to node: 1
number of alive: 347
adding vertex with color number: 8 to node: 1
number of alive: 72
adding vertex with color number: 3 to node: 4
number of alive: 39
number of alive: 39
adding vertex with color number: 9 to node: 4
number of alive: 6
adding vertex with color number: 0 to node: 4
Time taken: 0.77314 seconds

Pattern appears in 4 graphs:
S[280] -> S_350.json
S[310] -> S_378.json
S[381] -> S_441.json
S[419] -> S_476.json
Pattern written to pattern.json
