first_color: 0
number of alive: 1000
adding vertex with color number: 0 to node: 0
number of alive: 1000
number of alive: 1000
adding vertex with color number: 7 to node: 1
number of alive: 1000
Added edge (0, 2) with score 153
number of alive: 153
adding vertex with color number: 4 to node: 0
number of alive: 112
adding vertex with color number: 1 to node: 2
number of alive: 65
number of alive: 65
adding vertex with color number: 5 to node: 3
number of alive: 21
number of alive: 21
adding vertex with color number: 6 to node: 4
Time taken: 1.27658 seconds

Pattern appears in 5 graphs:
S[6] -> S_103.json
S[93] -> S_182.json
S[505] -> S_553.json
S[811] -> S_829.json
S[868] -> S_880.json
Pattern written to pattern.json
