first_color: 0
number of alive: 1000
adding vertex with color number: 4 to node: 0
number of alive: 1000
adding vertex with color number: 14 to node: 0
number of alive: 542
adding vertex with color number: 2 to node: 1
number of alive: 403
adding vertex with color number: 4 to node: 2
number of alive: 200
number of alive: 200
adding vertex with color number: 6 to node: 4
number of alive: 59
number of alive: 59
adding vertex with color number: 7 to node: 3
number of alive: 16
adding vertex with color number: 6 to node: 1
Time taken: 0.641669 seconds

Pattern appears in 4 graphs:
S[54] -> S_147.json
S[558] -> S_600.json
S[765] -> S_788.json
S[787] -> S_807.json
Pattern written to pattern.json
