first_color: 0
number of alive: 1000
adding vertex with color number: 9 to node: 0
number of alive: 1000
number of alive: 1000
adding vertex with color number: 0 to node: 0
number of alive: 1000
adding vertex with color number: 4 to node: 0
number of alive: 1000
adding vertex with color number: 3 to node: 1
number of alive: 992
Added edge (2, 3) with score 40
number of alive: 40
adding vertex with color number: 3 to node: 4
number of alive: 15
number of alive: 15
adding vertex with color number: 0 to node: 3
number of alive: 12
adding vertex with color number: 4 to node: 3
number of alive: 6
number of alive: 6
adding vertex with color number: 1 to node: 3
Time taken: 0.645284 seconds

Pattern appears in 2 graphs:
S[368] -> S_43.json
S[536] -> S_581.json
Pattern written to pattern.json
