first_color: 0
number of alive: 1000
adding vertex with color number: 9 to node: 0
number of alive: 1000
adding vertex with color number: 8 to node: 1
number of alive: 975
Added edge (0, 2) with score 19
number of alive: 19
adding vertex with color number: 1 to node: 0
number of alive: 15
adding vertex with color number: 3 to node: 3
number of alive: 7
adding vertex with color number: 0 to node: 0
number of alive: 6
adding vertex with color number: 2 to node: 5
Time taken: 0.420957 seconds

Pattern appears in 4 graphs:
S[283] -> S_353.json
S[324] -> S_390.json
S[396] -> S_455.json
S[951] -> S_955.json
Pattern written to pattern.json
