first_color: 0
number of alive: 1000
adding vertex with color number: 7 to node: 0
number of alive: 1000
adding vertex with color number: 8 to node: 1
number of alive: 999
adding vertex with color number: 3 to node: 2
number of alive: 971
Added edge (0, 3) with score 31
number of alive: 31
adding vertex with color number: 1 to node: 0
number of alive: 18
number of alive: 18
adding vertex with color number: 0 to node: 2
number of alive: 11
adding vertex with color number: 4 to node: 3
Time taken: 0.540201 seconds

Pattern appears in 3 graphs:
S[95] -> S_184.json
S[326] -> S_392.json
S[924] -> S_930.json
Pattern written to pattern.json
