first_color: 0
number of alive: 1000
adding vertex with color number: 3 to node: 0
number of alive: 1000
adding vertex with color number: 6 to node: 0
number of alive: 1000
Added edge (1, 2) with score 191
number of alive: 191
adding vertex with color number: 2 to node: 1
number of alive: 101
adding vertex with color number: 7 to node: 3
number of alive: 34
number of alive: 34
adding vertex with color number: 1 to node: 3
number of alive: 20
adding vertex with color number: 8 to node: 4
number of alive: 7
number of alive: 7
adding vertex with color number: 3 to node: 3
Time taken: 0.840194 seconds

Pattern appears in 3 graphs:
S[337] -> S_401.json
S[639] -> S_674.json
S[944] -> S_949.json
Pattern written to pattern.json
