first_color: 0
number of alive: 1000
adding vertex with color number: 2 to node: 0
number of alive: 1000
adding vertex with color number: 3 to node: 1
number of alive: 1000
adding vertex with color number: 7 to node: 2
number of alive: 1000
adding vertex with color number: 4 to node: 1
number of alive: 999
adding vertex with color number: 5 to node: 3
number of alive: 833
Added edge (0, 4) with score 17
number of alive: 17
adding vertex with color number: 5 to node: 1
Time taken: 1.37667 seconds

Pattern appears in 4 graphs:
S[139] -> S_223.json
S[553] -> S_597.json
S[688] -> S_718.json
S[880] -> S_891.json
Pattern written to pattern.json
