first_color: 0
number of alive: 1000
adding vertex with color number: 18 to node: 0
number of alive: 707
adding vertex with color number: 3 to node: 0
number of alive: 547
adding vertex with color number: 7 to node: 2
number of alive: 213
adding vertex with color number: 0 to node: 0
number of alive: 155
number of alive: 155
adding vertex with color number: 3 to node: 3
number of alive: 88
number of alive: 88
adding vertex with color number: 0 to node: 5
number of alive: 67
number of alive: 67
adding vertex with color number: 3 to node: 1
number of alive: 32
number of alive: 32
adding vertex with color number: 0 to node: 2
number of alive: 23
number of alive: 23
adding vertex with color number: 2 to node: 0
number of alive: 15
number of alive: 15
adding vertex with color number: 4 to node: 2
number of alive: 8
adding vertex with color number: 9 to node: 4
Time taken: 0.341126 seconds

Pattern appears in 3 graphs:
S[289] -> S_359.json
S[856] -> S_87.json
S[861] -> S_874.json
Pattern written to pattern.json
