first_color: 0
number of alive: 1000
adding vertex with color number: 7 to node: 0
number of alive: 1000
adding vertex with color number: 2 to node: 0
number of alive: 1000
adding vertex with color number: 0 to node: 1
number of alive: 1000
adding vertex with color number: 2 to node: 3
number of alive: 999
Added edge (0, 4) with score 107
number of alive: 107
number of alive: 107
adding vertex with color number: 1 to node: 2
number of alive: 81
adding vertex with color number: 4 to node: 5
number of alive: 52
number of alive: 52
adding vertex with color number: 2 to node: 6
number of alive: 37
adding vertex with color number: 0 to node: 5
number of alive: 32
number of alive: 32
adding vertex with color number: 0 to node: 7
number of alive: 25
number of alive: 25
adding vertex with color number: 6 to node: 1
number of alive: 6
adding vertex with color number: 3 to node: 10
Time taken: 0.966173 seconds

Pattern appears in 5 graphs:
S[142] -> S_226.json
S[325] -> S_391.json
S[830] -> S_846.json
S[870] -> S_882.json
S[971] -> S_973.json
Pattern written to pattern.json
