first_color: 0
number of alive: 1000
adding vertex with color number: 9 to node: 0
number of alive: 1000
number of alive: 1000
adding vertex with color number: 2 to node: 1
number of alive: 1000
adding vertex with color number: 6 to node: 2
number of alive: 977
adding vertex with color number: 2 to node: 2
number of alive: 874
adding vertex with color number: 7 to node: 1
number of alive: 337
adding vertex with color number: 9 to node: 5
number of alive: 50
number of alive: 50
adding vertex with color number: 1 to node: 6
number of alive: 29
number of alive: 29
adding vertex with color number: 2 to node: 5
number of alive: 20
number of alive: 20
adding vertex with color number: 5 to node: 3
number of alive: 7
number of alive: 7
adding vertex with color number: 9 to node: 7
Time taken: 0.531869 seconds

Pattern appears in 1 graphs:
S[627] -> S_663.json
Pattern written to pattern.json
