first_color: 0
number of alive: 1000
adding vertex with color number: 10 to node: 0
number of alive: 722
adding vertex with color number: 2 to node: 1
number of alive: 497
number of alive: 497
adding vertex with color number: 7 to node: 1
number of alive: 131
number of alive: 131
adding vertex with color number: 8 to node: 2
number of alive: 28
number of alive: 28
adding vertex with color number: 4 to node: 4
number of alive: 6
adding vertex with color number: 5 to node: 5
Time taken: 0.33322 seconds

Pattern appears in 3 graphs:
S[556] -> S_6.json
S[774] -> S_796.json
S[991] -> S_991.json
Pattern written to pattern.json
