first_color: 0
number of alive: 1000
adding vertex with color number: 3 to node: 0
number of alive: 1000
adding vertex with color number: 9 to node: 0
number of alive: 1000
adding vertex with color number: 7 to node: 1
number of alive: 989
adding vertex with color number: 2 to node: 0
number of alive: 905
adding vertex with color number: 1 to node: 4
number of alive: 799
adding vertex with color number: 3 to node: 3
number of alive: 530
adding vertex with color number: 4 to node: 5
number of alive: 356
adding vertex with color number: 3 to node: 6
number of alive: 220
number of alive: 220
adding vertex with color number: 0 to node: 4
number of alive: 167
adding vertex with color number: 2 to node: 8
number of alive: 111
adding vertex with color number: 2 to node: 5
number of alive: 79
adding vertex with color number: 0 to node: 2
number of alive: 55
adding vertex with color number: 1 to node: 7
number of alive: 36
number of alive: 36
adding vertex with color number: 0 to node: 10
number of alive: 30
adding vertex with color number: 7 to node: 11
number of alive: 8
number of alive: 8
adding vertex with color number: 10 to node: 3
Time taken: 0.878304 seconds

Pattern appears in 1 graphs:
S[21] -> S_117.json
Pattern written to pattern.json
