first_color: 0
number of alive: 1000
adding vertex with color number: 7 to node: 0
number of alive: 1000
adding vertex with color number: 3 to node: 0
number of alive: 1000
adding vertex with color number: 18 to node: 1
number of alive: 147
number of alive: 147
adding vertex with color number: 9 to node: 1
number of alive: 14
adding vertex with color number: 4 to node: 0
number of alive: 10
number of alive: 10
adding vertex with color number: 7 to node: 1
Time taken: 0.586234 seconds

Pattern appears in 3 graphs:
S[560] -> S_602.json
S[826] -> S_842.json
S[935] -> S_940.json
Pattern written to pattern.json
