first_color: 0
number of alive: 1000
adding vertex with color number: 9 to node: 0
number of alive: 1000
number of alive: 1000
adding vertex with color number: 11 to node: 1
number of alive: 121
adding vertex with color number: 2 to node: 0
number of alive: 95
adding vertex with color number: 2 to node: 3
number of alive: 67
number of alive: 67
adding vertex with color number: 9 to node: 1
number of alive: 7
adding vertex with color number: 1 to node: 3
number of alive: 6
adding vertex with color number: 7 to node: 3
Time taken: 0.411524 seconds

Pattern appears in 2 graphs:
S[496] -> S_545.json
S[689] -> S_719.json
Pattern written to pattern.json
