first_color: 0
number of alive: 1000
adding vertex with color number: 12 to node: 0
number of alive: 729
adding vertex with color number: 2 to node: 1
number of alive: 478
adding vertex with color number: 1 to node: 0
number of alive: 358
adding vertex with color number: 3 to node: 0
number of alive: 229
number of alive: 229
adding vertex with color number: 3 to node: 2
number of alive: 134
adding vertex with color number: 8 to node: 5
number of alive: 38
number of alive: 38
adding vertex with color number: 8 to node: 4
number of alive: 12
number of alive: 12
adding vertex with color number: 9 to node: 5
Time taken: 0.34194 seconds

Pattern appears in 1 graphs:
S[181] -> S_261.json
Pattern written to pattern.json
