first_color: 0
number of alive: 1000
adding vertex with color number: 4 to node: 0
number of alive: 1000
adding vertex with color number: 15 to node: 0
number of alive: 518
adding vertex with color number: 2 to node: 0
number of alive: 346
adding vertex with color number: 1 to node: 2
number of alive: 199
number of alive: 199
adding vertex with color number: 9 to node: 2
number of alive: 20
number of alive: 20
adding vertex with color number: 0 to node: 0
number of alive: 16
number of alive: 16
adding vertex with color number: 4 to node: 3
number of alive: 8
adding vertex with color number: 0 to node: 6
number of alive: 7
number of alive: 7
adding vertex with color number: 5 to node: 1
Time taken: 0.639626 seconds

Pattern appears in 4 graphs:
S[1] -> S_10.json
S[572] -> S_613.json
S[742] -> S_767.json
S[752] -> S_776.json
Pattern written to pattern.json
