first_color: 0
number of alive: 1000
adding vertex with color number: 16 to node: 0
number of alive: 747
number of alive: 747
adding vertex with color number: 8 to node: 0
number of alive: 278
adding vertex with color number: 3 to node: 1
number of alive: 134
number of alive: 134
adding vertex with color number: 9 to node: 3
number of alive: 21
adding vertex with color number: 0 to node: 0
number of alive: 16
number of alive: 16
adding vertex with color number: 4 to node: 4
Time taken: 0.325204 seconds

Pattern appears in 4 graphs:
S[327] -> S_393.json
S[374] -> S_435.json
S[778] -> S_8.json
S[966] -> S_969.json
Pattern written to pattern.json
