first_color: 0
number of alive: 1000
adding vertex with color number: 9 to node: 0
number of alive: 1000
adding vertex with color number: 13 to node: 0
number of alive: 189
adding vertex with color number: 3 to node: 1
number of alive: 105
number of alive: 105
adding vertex with color number: 4 to node: 2
number of alive: 39
number of alive: 39
adding vertex with color number: 5 to node: 2
number of alive: 10
number of alive: 10
adding vertex with color number: 0 to node: 3
number of alive: 7
adding vertex with color number: 3 to node: 4
Time taken: 0.397912 seconds

Pattern appears in 4 graphs:
S[109] -> S_197.json
S[587] -> S_627.json
S[619] -> S_656.json
S[939] -> S_944.json
Pattern written to pattern.json
