first_color: 0
number of alive: 1000
adding vertex with color number: 15 to node: 0
number of alive: 738
adding vertex with color number: 9 to node: 0
number of alive: 189
adding vertex with color number: 1 to node: 2
number of alive: 113
adding vertex with color number: 0 to node: 0
number of alive: 76
adding vertex with color number: 4 to node: 1
number of alive: 36
number of alive: 36
adding vertex with color number: 0 to node: 1
number of alive: 23
number of alive: 23
adding vertex with color number: 8 to node: 3
number of alive: 7
number of alive: 7
adding vertex with color number: 5 to node: 5
Time taken: 0.333675 seconds

Pattern appears in 3 graphs:
S[236] -> S_310.json
S[664] -> S_697.json
S[951] -> S_955.json
Pattern written to pattern.json
