first_color: 0
number of alive: 1000
adding vertex with color number: 18 to node: 0
number of alive: 707
adding vertex with color number: 3 to node: 0
number of alive: 547
adding vertex with color number: 0 to node: 0
number of alive: 434
adding vertex with color number: 8 to node: 2
number of alive: 127
number of alive: 127
adding vertex with color number: 3 to node: 1
number of alive: 60
adding vertex with color number: 5 to node: 4
number of alive: 19
number of alive: 19
adding vertex with color number: 4 to node: 1
number of alive: 7
adding vertex with color number: 2 to node: 3
Time taken: 0.340093 seconds

Pattern appears in 4 graphs:
S[58] -> S_150.json
S[561] -> S_603.json
S[888] -> S_899.json
S[990] -> S_990.json
Pattern written to pattern.json
