first_color: 0
number of alive: 1000
adding vertex with color number: 6 to node: 0
number of alive: 1000
number of alive: 1000
adding vertex with color number: 10 to node: 0
number of alive: 345
adding vertex with color number: 1 to node: 1
number of alive: 231
number of alive: 231
adding vertex with color number: 0 to node: 3
number of alive: 190
number of alive: 190
adding vertex with color number: 4 to node: 4
number of alive: 130
adding vertex with color number: 7 to node: 4
number of alive: 37
number of alive: 37
adding vertex with color number: 0 to node: 1
number of alive: 29
number of alive: 29
adding vertex with color number: 3 to node: 7
number of alive: 21
number of alive: 21
adding vertex with color number: 3 to node: 6
number of alive: 14
number of alive: 14
adding vertex with color number: 7 to node: 8
Time taken: 0.505896 seconds

Pattern appears in 4 graphs:
S[251] -> S_324.json
S[402] -> S_460.json
S[950] -> S_954.json
S[980] -> S_981.json
Pattern written to pattern.json
