first_color: 0
number of alive: 1000
adding vertex with color number: 0 to node: 0
number of alive: 1000
adding vertex with color number: 14 to node: 0
number of alive: 681
adding vertex with color number: 8 to node: 0
number of alive: 230
adding vertex with color number: 2 to node: 0
number of alive: 134
number of alive: 134
adding vertex with color number: 8 to node: 3
number of alive: 21
number of alive: 21
adding vertex with color number: 4 to node: 4
number of alive: 13
adding vertex with color number: 2 to node: 1
number of alive: 12
number of alive: 12
adding vertex with color number: 9 to node: 4
Time taken: 1.05566 seconds

Pattern appears in 2 graphs:
S[158] -> S_240.json
S[514] -> S_561.json
Pattern written to pattern.json
