first_color: 0
number of alive: 1000
adding vertex with color number: 10 to node: 0
number of alive: 722
adding vertex with color number: 4 to node: 1
number of alive: 394
adding vertex with color number: 2 to node: 0
number of alive: 297
adding vertex with color number: 8 to node: 1
number of alive: 48
number of alive: 48
adding vertex with color number: 1 to node: 3
number of alive: 39
number of alive: 39
adding vertex with color number: 7 to node: 5
number of alive: 16
number of alive: 16
adding vertex with color number: 3 to node: 4
number of alive: 8
adding vertex with color number: 5 to node: 5
Time taken: 0.349353 seconds

Pattern appears in 1 graphs:
S[495] -> S_544.json
Pattern written to pattern.json
