first_color: 0
number of alive: 1000
adding vertex with color number: 2 to node: 0
number of alive: 1000
adding vertex with color number: 6 to node: 0
number of alive: 1000
adding vertex with color number: 8 to node: 2
number of alive: 999
Added edge (1, 2) with score 41
number of alive: 41
adding vertex with color number: 0 to node: 3
number of alive: 30
number of alive: 30
adding vertex with color number: 1 to node: 4
number of alive: 23
adding vertex with color number: 5 to node: 3
number of alive: 8
adding vertex with color number: 1 to node: 5
Time taken: 0.951974 seconds

Pattern appears in 5 graphs:
S[193] -> S_272.json
S[632] -> S_668.json
S[878] -> S_89.json
S[919] -> S_926.json
S[965] -> S_968.json
Pattern written to pattern.json
