first_color: 0
number of alive: 1000
adding vertex with color number: 2 to node: 0
number of alive: 1000
number of alive: 1000
adding vertex with color number: 3 to node: 0
number of alive: 1000
adding vertex with color number: 17 to node: 1
number of alive: 396
adding vertex with color number: 3 to node: 3
number of alive: 202
number of alive: 202
adding vertex with color number: 8 to node: 0
number of alive: 48
adding vertex with color number: 2 to node: 3
number of alive: 26
number of alive: 26
adding vertex with color number: 0 to node: 1
number of alive: 19
adding vertex with color number: 2 to node: 5
number of alive: 13
number of alive: 13
adding vertex with color number: 6 to node: 5
Time taken: 1.12595 seconds

Pattern appears in 3 graphs:
S[35] -> S_13.json
S[655] -> S_689.json
S[756] -> S_78.json
Pattern written to pattern.json
