first_color: 0
number of alive: 1000
adding vertex with color number: 1 to node: 0
number of alive: 1000
number of alive: 1000
adding vertex with color number: 8 to node: 0
number of alive: 1000
Added edge (1, 2) with score 146
number of alive: 146
adding vertex with color number: 6 to node: 2
number of alive: 38
number of alive: 38
adding vertex with color number: 9 to node: 0
Time taken: 0.923926 seconds

Pattern appears in 5 graphs:
S[255] -> S_328.json
S[434] -> S_49.json
S[575] -> S_616.json
S[753] -> S_777.json
S[762] -> S_785.json
Pattern written to pattern.json
