first_color: 0
number of alive: 1000
adding vertex with color number: 4 to node: 0
number of alive: 1000
adding vertex with color number: 8 to node: 1
number of alive: 1000
adding vertex with color number: 6 to node: 1
number of alive: 984
adding vertex with color number: 5 to node: 2
number of alive: 644
adding vertex with color number: 3 to node: 2
number of alive: 381
Added edge (0, 5) with score 5
Time taken: 0.793309 seconds

Pattern appears in 5 graphs:
S[155] -> S_238.json
S[437] -> S_492.json
S[505] -> S_553.json
S[512] -> S_56.json
S[604] -> S_642.json
Pattern written to pattern.json
