first_color: 0
number of alive: 1000
adding vertex with color number: 9 to node: 0
number of alive: 1000
adding vertex with color number: 7 to node: 1
number of alive: 989
adding vertex with color number: 3 to node: 1
number of alive: 895
Added edge (0, 3) with score 16
number of alive: 16
adding vertex with color number: 7 to node: 0
number of alive: 6
number of alive: 6
adding vertex with color number: 4 to node: 4
Time taken: 0.441217 seconds

Pattern appears in 3 graphs:
S[569] -> S_610.json
S[597] -> S_636.json
S[935] -> S_940.json
Pattern written to pattern.json
