first_color: 0
number of alive: 1000
adding vertex with color number: 10 to node: 0
number of alive: 722
adding vertex with color number: 9 to node: 1
number of alive: 123
adding vertex with color number: 6 to node: 1
number of alive: 35
number of alive: 35
adding vertex with color number: 0 to node: 0
number of alive: 32
adding vertex with color number: 2 to node: 2
number of alive: 15
number of alive: 15
adding vertex with color number: 8 to node: 4
Time taken: 0.335645 seconds

Pattern appears in 5 graphs:
S[85] -> S_175.json
S[278] -> S_349.json
S[498] -> S_547.json
S[703] -> S_731.json
S[913] -> S_920.json
Pattern written to pattern.json
