first_color: 0
number of alive: 1000
adding vertex with color number: 9 to node: 0
number of alive: 1000
adding vertex with color number: 0 to node: 0
number of alive: 1000
adding vertex with color number: 5 to node: 1
number of alive: 995
Added edge (2, 3) with score 43
number of alive: 43
adding vertex with color number: 2 to node: 1
number of alive: 20
adding vertex with color number: 8 to node: 3
Time taken: 0.553787 seconds

Pattern appears in 5 graphs:
S[46] -> S_14.json
S[67] -> S_159.json
S[533] -> S_579.json
S[596] -> S_635.json
S[989] -> S_99.json
Pattern written to pattern.json
