first_color: 0
number of alive: 1000
adding vertex with color number: 0 to node: 0
number of alive: 1000
adding vertex with color number: 6 to node: 1
number of alive: 1000
adding vertex with color number: 0 to node: 1
number of alive: 1000
Added edge (0, 2) with score 179
number of alive: 179
number of alive: 179
adding vertex with color number: 1 to node: 2
number of alive: 97
number of alive: 97
adding vertex with color number: 5 to node: 1
number of alive: 38
adding vertex with color number: 2 to node: 3
number of alive: 27
number of alive: 27
adding vertex with color number: 4 to node: 6
number of alive: 10
number of alive: 10
adding vertex with color number: 3 to node: 1
number of alive: 7
adding vertex with color number: 13 to node: 8
Time taken: 1.7437 seconds

Pattern appears in 1 graphs:
S[225] -> S_300.json
Pattern written to pattern.json
