first_color: 0
number of alive: 1000
adding vertex with color number: 5 to node: 0
number of alive: 1000
number of alive: 1000
adding vertex with color number: 7 to node: 0
number of alive: 1000
adding vertex with color number: 0 to node: 0
number of alive: 1000
adding vertex with color number: 0 to node: 3
number of alive: 1000
Added edge (1, 4) with score 78
number of alive: 78
adding vertex with color number: 2 to node: 0
number of alive: 42
adding vertex with color number: 2 to node: 1
number of alive: 22
adding vertex with color number: 1 to node: 4
number of alive: 17
number of alive: 17
adding vertex with color number: 6 to node: 5
number of alive: 7
number of alive: 7
adding vertex with color number: 0 to node: 5
number of alive: 6
number of alive: 6
adding vertex with color number: 6 to node: 6
Time taken: 0.733056 seconds

Pattern appears in 2 graphs:
S[198] -> S_277.json
S[735] -> S_760.json
Pattern written to pattern.json
