first_color: 0
number of alive: 1000
adding vertex with color number: 18 to node: 0
number of alive: 707
adding vertex with color number: 3 to node: 0
number of alive: 547
adding vertex with color number: 4 to node: 0
number of alive: 315
number of alive: 315
adding vertex with color number: 7 to node: 2
number of alive: 94
number of alive: 94
adding vertex with color number: 7 to node: 3
number of alive: 22
number of alive: 22
adding vertex with color number: 2 to node: 5
number of alive: 8
adding vertex with color number: 8 to node: 0
Time taken: 0.335027 seconds

Pattern appears in 2 graphs:
S[128] -> S_213.json
S[798] -> S_817.json
Pattern written to pattern.json
