first_color: 0
number of alive: 1000
adding vertex with color number: 18 to node: 0
number of alive: 707
adding vertex with color number: 3 to node: 1
number of alive: 446
number of alive: 446
adding vertex with color number: 8 to node: 2
number of alive: 108
adding vertex with color number: 2 to node: 1
number of alive: 68
adding vertex with color number: 1 to node: 1
number of alive: 40
number of alive: 40
adding vertex with color number: 6 to node: 5
number of alive: 9
adding vertex with color number: 2 to node: 6
number of alive: 8
adding vertex with color number: 1 to node: 5
Time taken: 0.348831 seconds

Pattern appears in 5 graphs:
S[148] -> S_231.json
S[465] -> S_517.json
S[627] -> S_663.json
S[720] -> S_747.json
S[959] -> S_962.json
Pattern written to pattern.json
