first_color: 0
number of alive: 1000
adding vertex with color number: 5 to node: 0
number of alive: 1000
adding vertex with color number: 19 to node: 0
number of alive: 383
number of alive: 383
adding vertex with color number: 7 to node: 0
number of alive: 86
adding vertex with color number: 3 to node: 0
number of alive: 41
adding vertex with color number: 1 to node: 0
number of alive: 27
adding vertex with color number: 0 to node: 1
number of alive: 20
adding vertex with color number: 3 to node: 3
number of alive: 12
number of alive: 12
adding vertex with color number: 5 to node: 3
Time taken: 0.494821 seconds

Pattern appears in 4 graphs:
S[8] -> S_105.json
S[295] -> S_364.json
S[518] -> S_565.json
S[780] -> S_800.json
Pattern written to pattern.json
