first_color: 0
number of alive: 1000
adding vertex with color number: 0 to node: 0
number of alive: 1000
adding vertex with color number: 1 to node: 0
number of alive: 1000
adding vertex with color number: 3 to node: 2
number of alive: 1000
Added edge (1, 3) with score 528
number of alive: 528
adding vertex with color number: 2 to node: 1
number of alive: 316
adding vertex with color number: 4 to node: 3
number of alive: 156
adding vertex with color number: 6 to node: 5
number of alive: 47
adding vertex with color number: 4 to node: 6
number of alive: 19
adding vertex with color number: 9 to node: 6
Time taken: 2.36558 seconds

Pattern appears in 3 graphs:
S[89] -> S_179.json
S[213] -> S_290.json
S[679] -> S_71.json
Pattern written to pattern.json
