first_color: 0
number of alive: 1000
adding vertex with color number: 7 to node: 0
number of alive: 1000
number of alive: 1000
adding vertex with color number: 6 to node: 0
number of alive: 1000
Added edge (1, 2) with score 66
number of alive: 66
adding vertex with color number: 4 to node: 0
number of alive: 30
number of alive: 30
adding vertex with color number: 0 to node: 3
number of alive: 23
number of alive: 23
adding vertex with color number: 2 to node: 0
number of alive: 9
number of alive: 9
adding vertex with color number: 3 to node: 5
number of alive: 8
number of alive: 8
adding vertex with color number: 1 to node: 3
Time taken: 0.54757 seconds

Pattern appears in 4 graphs:
S[58] -> S_150.json
S[177] -> S_258.json
S[657] -> S_690.json
S[869] -> S_881.json
Pattern written to pattern.json
