first_color: 0
number of alive: 1000
adding vertex with color number: 0 to node: 0
number of alive: 1000
adding vertex with color number: 11 to node: 0
number of alive: 641
number of alive: 641
adding vertex with color number: 4 to node: 2
number of alive: 340
Added edge (1, 3) with score 7
number of alive: 7
adding vertex with color number: 0 to node: 3
number of alive: 6
adding vertex with color number: 1 to node: 3
Time taken: 1.03818 seconds

Pattern appears in 3 graphs:
S[247] -> S_320.json
S[776] -> S_798.json
S[871] -> S_883.json
Pattern written to pattern.json
