first_color: 0
number of alive: 1000
adding vertex with color number: 15 to node: 0
number of alive: 738
number of alive: 738
adding vertex with color number: 8 to node: 0
number of alive: 256
adding vertex with color number: 0 to node: 2
number of alive: 185
adding vertex with color number: 9 to node: 1
number of alive: 29
adding vertex with color number: 8 to node: 3
number of alive: 8
number of alive: 8
adding vertex with color number: 4 to node: 2
Time taken: 0.338395 seconds

Pattern appears in 3 graphs:
S[97] -> S_186.json
S[165] -> S_247.json
S[341] -> S_405.json
Pattern written to pattern.json
