first_color: 0
number of alive: 1000
adding vertex with color number: 5 to node: 0
number of alive: 1000
adding vertex with color number: 5 to node: 1
number of alive: 1000
Added edge (0, 2) with score 34
number of alive: 34
number of alive: 34
adding vertex with color number: 6 to node: 0
number of alive: 10
number of alive: 10
adding vertex with color number: 3 to node: 2
number of alive: 7
number of alive: 7
adding vertex with color number: 6 to node: 1
Time taken: 0.596358 seconds

Pattern appears in 4 graphs:
S[537] -> S_582.json
S[540] -> S_585.json
S[592] -> S_631.json
S[637] -> S_672.json
Pattern written to pattern.json
