first_color: 0
number of alive: 1000
adding vertex with color number: 4 to node: 0
number of alive: 1000
adding vertex with color number: 7 to node: 0
number of alive: 1000
Added edge (1, 2) with score 114
number of alive: 114
adding vertex with color number: 2 to node: 1
number of alive: 58
number of alive: 58
adding vertex with color number: 3 to node: 0
number of alive: 35
adding vertex with color number: 3 to node: 1
number of alive: 15
adding vertex with color number: 1 to node: 0
number of alive: 7
adding vertex with color number: 2 to node: 3
number of alive: 6
number of alive: 6
adding vertex with color number: 7 to node: 7
Time taken: 0.736011 seconds

Pattern appears in 2 graphs:
S[328] -> S_394.json
S[569] -> S_610.json
Pattern written to pattern.json
