first_color: 0
number of alive: 1000
adding vertex with color number: 14 to node: 0
number of alive: 733
adding vertex with color number: 5 to node: 1
number of alive: 260
adding vertex with color number: 1 to node: 0
number of alive: 209
adding vertex with color number: 0 to node: 0
number of alive: 172
adding vertex with color number: 4 to node: 0
number of alive: 82
number of alive: 82
adding vertex with color number: 1 to node: 5
number of alive: 58
adding vertex with color number: 4 to node: 4
number of alive: 32
adding vertex with color number: 0 to node: 7
number of alive: 28
number of alive: 28
adding vertex with color number: 1 to node: 2
number of alive: 16
number of alive: 16
adding vertex with color number: 3 to node: 3
number of alive: 9
adding vertex with color number: 0 to node: 6
Time taken: 0.342456 seconds

Pattern appears in 5 graphs:
S[20] -> S_116.json
S[159] -> S_241.json
S[265] -> S_337.json
S[318] -> S_385.json
S[751] -> S_775.json
Pattern written to pattern.json
