first_color: 0
number of alive: 1000
adding vertex with color number: 5 to node: 0
number of alive: 1000
adding vertex with color number: 2 to node: 1
number of alive: 1000
adding vertex with color number: 4 to node: 0
number of alive: 1000
adding vertex with color number: 7 to node: 3
number of alive: 987
adding vertex with color number: 6 to node: 3
number of alive: 649
Added edge (2, 3) with score 6
number of alive: 6
adding vertex with color number: 2 to node: 2
Time taken: 0.846277 seconds

Pattern appears in 3 graphs:
S[103] -> S_191.json
S[514] -> S_561.json
S[728] -> S_754.json
Pattern written to pattern.json
