first_color: 0
number of alive: 1000
adding vertex with color number: 5 to node: 0
number of alive: 1000
adding vertex with color number: 2 to node: 0
number of alive: 1000
adding vertex with color number: 6 to node: 1
number of alive: 1000
Added edge (1, 2) with score 52
number of alive: 52
adding vertex with color number: 7 to node: 0
number of alive: 11
adding vertex with color number: 4 to node: 2
number of alive: 7
adding vertex with color number: 0 to node: 4
number of alive: 6
number of alive: 6
adding vertex with color number: 1 to node: 6
Time taken: 0.712655 seconds

Pattern appears in 4 graphs:
S[131] -> S_216.json
S[189] -> S_269.json
S[336] -> S_400.json
S[557] -> S_60.json
Pattern written to pattern.json
