nohup: ignoring input
Directory OUTPUT_input_color_uniform_deg_8 has 114/350 patterns, continuing from here
========================================
CONTINUING FROM: input_color_uniform_deg_8
Starting pattern: 115
========================================
========================================
Processing input directory: input_color_uniform_deg_8
Starting from pattern: 115
========================================
Continuing pattern finding for input_color_uniform_deg_8 from 115 to 350...
Run 115/350
  ✓ P_115.json saved (26.342090557s)
Run 116/350
  ✓ P_116.json saved (24.334724141s)
Run 117/350
  ✓ P_117.json saved (23.868930746s)
Run 118/350
  ✓ P_118.json saved (26.950826755s)
Run 119/350
  ✓ P_119.json saved (26.925463063s)
Run 120/350
  ✓ P_120.json saved (23.930782000s)
Run 121/350
  ✓ P_121.json saved (24.896230165s)
Run 122/350
  ✓ P_122.json saved (24.929004563s)
Run 123/350
  ✓ P_123.json saved (25.691028808s)
Run 124/350
  ✓ P_124.json saved (26.549412512s)
Run 125/350
  ✓ P_125.json saved (21.146555629s)
Run 126/350
  ✓ P_126.json saved (21.170734655s)
Run 127/350
  ✓ P_127.json saved (21.112621521s)
Run 128/350
  ✓ P_128.json saved (21.307938496s)
Run 129/350
  ✓ P_129.json saved (21.547951165s)
Run 130/350
  ✓ P_130.json saved (21.197420718s)
Run 131/350
  ✓ P_131.json saved (21.119362907s)
Run 132/350
  ✓ P_132.json saved (21.222134225s)
Run 133/350
  ✓ P_133.json saved (21.077952381s)
Run 134/350
  ✓ P_134.json saved (21.264908399s)
Run 135/350
  ✓ P_135.json saved (21.108625373s)
Run 136/350
  ✓ P_136.json saved (21.124384713s)
Run 137/350
  ✓ P_137.json saved (21.219375773s)
Run 138/350
  ✓ P_138.json saved (21.218510708s)
Run 139/350
  ✓ P_139.json saved (21.268202195s)
Run 140/350
  ✓ P_140.json saved (21.212315028s)
Run 141/350
  ✓ P_141.json saved (21.104774079s)
Run 142/350
  ✓ P_142.json saved (21.173409494s)
Run 143/350
  ✓ P_143.json saved (21.161847700s)
Run 144/350
  ✓ P_144.json saved (21.248760322s)
Run 145/350
  ✓ P_145.json saved (21.162463073s)
Run 146/350
  ✓ P_146.json saved (21.206060781s)
Run 147/350
  ✓ P_147.json saved (21.134161351s)
Run 148/350
  ✓ P_148.json saved (21.088269609s)
Run 149/350
  ✓ P_149.json saved (21.192014066s)
Run 150/350
  ✓ P_150.json saved (21.027866740s)
Run 151/350
  ✓ P_151.json saved (21.157204262s)
Run 152/350
  ✓ P_152.json saved (21.106593254s)
Run 153/350
  ✓ P_153.json saved (21.421025890s)
Run 154/350
  ✓ P_154.json saved (21.151108950s)
Run 155/350
  ✓ P_155.json saved (21.256257904s)
Run 156/350
  ✓ P_156.json saved (21.226987264s)
Run 157/350
  ✓ P_157.json saved (21.282200347s)
Run 158/350
  ✓ P_158.json saved (21.180200378s)
Run 159/350
  ✓ P_159.json saved (21.146993193s)
Run 160/350
  ✓ P_160.json saved (21.317823923s)
Run 161/350
  ✓ P_161.json saved (21.109722956s)
Run 162/350
  ✓ P_162.json saved (21.225622124s)
Run 163/350
  ✓ P_163.json saved (21.205974994s)
Run 164/350
  ✓ P_164.json saved (21.151860835s)
Run 165/350
  ✓ P_165.json saved (21.207336565s)
Run 166/350
  ✓ P_166.json saved (21.205610819s)
Run 167/350
  ✓ P_167.json saved (21.196280637s)
Run 168/350
  ✓ P_168.json saved (21.164113643s)
Run 169/350
  ✓ P_169.json saved (21.025931316s)
Run 170/350
  ✓ P_170.json saved (21.204006731s)
Run 171/350
  ✓ P_171.json saved (21.284601349s)
Run 172/350
  ✓ P_172.json saved (21.476726978s)
Run 173/350
  ✓ P_173.json saved (21.157769924s)
Run 174/350
  ✓ P_174.json saved (21.143842031s)
Run 175/350
  ✓ P_175.json saved (21.100919195s)
Run 176/350
  ✓ P_176.json saved (21.113229615s)
Run 177/350
  ✓ P_177.json saved (21.256141209s)
Run 178/350
  ✓ P_178.json saved (21.286547479s)
Run 179/350
  ✓ P_179.json saved (21.167920471s)
Run 180/350
  ✓ P_180.json saved (21.131623889s)
Run 181/350
  ✓ P_181.json saved (21.571547432s)
Run 182/350
  ✓ P_182.json saved (21.428964668s)
Run 183/350
  ✓ P_183.json saved (21.329260760s)
Run 184/350
  ✓ P_184.json saved (21.387828511s)
Run 185/350
  ✓ P_185.json saved (21.477109205s)
Run 186/350
  ✓ P_186.json saved (21.507365134s)
Run 187/350
  ✓ P_187.json saved (21.399357209s)
Run 188/350
  ✓ P_188.json saved (21.192375157s)
Run 189/350
  ✓ P_189.json saved (21.255200274s)
Run 190/350
  ✓ P_190.json saved (21.179256317s)
Run 191/350
  ✓ P_191.json saved (21.135754070s)
Run 192/350
  ✓ P_192.json saved (21.229526809s)
Run 193/350
  ✓ P_193.json saved (21.175876270s)
Run 194/350
  ✓ P_194.json saved (21.245103328s)
Run 195/350
  ✓ P_195.json saved (21.627649846s)
Run 196/350
  ✓ P_196.json saved (21.672592351s)
Run 197/350
  ✓ P_197.json saved (21.471781824s)
Run 198/350
  ✓ P_198.json saved (21.351938560s)
Run 199/350
  ✓ P_199.json saved (21.391806271s)
Run 200/350
  ✓ P_200.json saved (22.142584896s)
Run 201/350
  ✓ P_201.json saved (21.646594489s)
Run 202/350
  ✓ P_202.json saved (21.526827975s)
Run 203/350
  ✓ P_203.json saved (21.152889007s)
Run 204/350
  ✓ P_204.json saved (21.373065679s)
Run 205/350
  ✓ P_205.json saved (21.391544132s)
Run 206/350
  ✓ P_206.json saved (21.189268389s)
Run 207/350
  ✓ P_207.json saved (21.463757169s)
Run 208/350
  ✓ P_208.json saved (21.316698650s)
Run 209/350
  ✓ P_209.json saved (21.546210026s)
Run 210/350
  ✓ P_210.json saved (21.552399905s)
Run 211/350
  ✓ P_211.json saved (21.441347829s)
Run 212/350
  ✓ P_212.json saved (21.450144420s)
Run 213/350
  ✓ P_213.json saved (21.568927818s)
Run 214/350
  ✓ P_214.json saved (21.444310245s)
Run 215/350
  ✓ P_215.json saved (21.919063189s)
Run 216/350
  ✓ P_216.json saved (21.362255409s)
Run 217/350
  ✓ P_217.json saved (21.549752085s)
Run 218/350
  ✓ P_218.json saved (21.491600143s)
Run 219/350
  ✓ P_219.json saved (21.356106998s)
Run 220/350
  ✓ P_220.json saved (21.345544839s)
Run 221/350
  ✓ P_221.json saved (21.560405517s)
Run 222/350
  ✓ P_222.json saved (21.460147700s)
Run 223/350
  ✓ P_223.json saved (21.632688217s)
Run 224/350
  ✓ P_224.json saved (21.461494958s)
Run 225/350
  ✓ P_225.json saved (21.465340543s)
Run 226/350
  ✓ P_226.json saved (21.121022767s)
Run 227/350
  ✓ P_227.json saved (21.221881992s)
Run 228/350
  ✓ P_228.json saved (21.158247148s)
Run 229/350
  ✓ P_229.json saved (21.237775964s)
Run 230/350
  ✓ P_230.json saved (21.236015590s)
Run 231/350
  ✓ P_231.json saved (21.193451515s)
Run 232/350
  ✓ P_232.json saved (21.277621823s)
Run 233/350
  ✓ P_233.json saved (21.220718695s)
Run 234/350
  ✓ P_234.json saved (21.127431275s)
Run 235/350
  ✓ P_235.json saved (21.075045746s)
Run 236/350
  ✓ P_236.json saved (20.992950985s)
Run 237/350
  ✓ P_237.json saved (21.261032122s)
Run 238/350
  ✓ P_238.json saved (21.096207927s)
Run 239/350
  ✓ P_239.json saved (21.033116549s)
Run 240/350
  ✓ P_240.json saved (21.286954054s)
Run 241/350
  ✓ P_241.json saved (21.053834802s)
Run 242/350
  ✓ P_242.json saved (21.274827822s)
Run 243/350
  ✓ P_243.json saved (21.215982700s)
Run 244/350
  ✓ P_244.json saved (21.106253159s)
Run 245/350
  ✓ P_245.json saved (21.335575579s)
Run 246/350
  ✓ P_246.json saved (21.282343293s)
Run 247/350
  ✓ P_247.json saved (21.343343936s)
Run 248/350
  ✓ P_248.json saved (21.340203638s)
Run 249/350
  ✓ P_249.json saved (20.981222469s)
Run 250/350
  ✓ P_250.json saved (21.320062074s)
Run 251/350
  ✓ P_251.json saved (21.394933753s)
Run 252/350
  ✓ P_252.json saved (21.283429358s)
Run 253/350
  ✓ P_253.json saved (21.392670978s)
Run 254/350
  ✓ P_254.json saved (21.107200364s)
Run 255/350
  ✓ P_255.json saved (21.302576857s)
Run 256/350
  ✓ P_256.json saved (21.233464613s)
Run 257/350
  ✓ P_257.json saved (21.301531721s)
Run 258/350
  ✓ P_258.json saved (21.100552713s)
Run 259/350
  ✓ P_259.json saved (21.399236246s)
Run 260/350
  ✓ P_260.json saved (21.155628595s)
Run 261/350
  ✓ P_261.json saved (21.277826377s)
Run 262/350
  ✓ P_262.json saved (21.203142602s)
Run 263/350
  ✓ P_263.json saved (21.134632718s)
Run 264/350
  ✓ P_264.json saved (21.270840166s)
Run 265/350
  ✓ P_265.json saved (21.593560026s)
Run 266/350
  ✓ P_266.json saved (21.590694962s)
Run 267/350
  ✓ P_267.json saved (21.241357275s)
Run 268/350
  ✓ P_268.json saved (21.150334067s)
Run 269/350
  ✓ P_269.json saved (21.204014296s)
Run 270/350
  ✓ P_270.json saved (21.077609226s)
Run 271/350
  ✓ P_271.json saved (21.893285823s)
Run 272/350
  ✓ P_272.json saved (21.476080051s)
Run 273/350
  ✓ P_273.json saved (21.127729843s)
Run 274/350
  ✓ P_274.json saved (21.178820185s)
Run 275/350
  ✓ P_275.json saved (21.257786190s)
Run 276/350
  ✓ P_276.json saved (21.428414001s)
Run 277/350
  ✓ P_277.json saved (21.398436398s)
Run 278/350
  ✓ P_278.json saved (21.239113649s)
Run 279/350
cp: cannot create regular file 'OUTPUT_input_color_uniform_deg_8/patterns/P_279.json': No such file or directory
grep: OUTPUT_input_color_uniform_deg_8/logs/run_279_output.log: No such file or directory
./continue_patterns.sh: line 115: OUTPUT_input_color_uniform_deg_8/PATTERN_SUMMARY.log: No such file or directory
  ✓ P_279.json saved (21.242212241s)
Run 280/350
./continue_patterns.sh: line 103: OUTPUT_input_color_uniform_deg_8/logs/run_280_output.log: No such file or directory
  ✗ No pattern.json generated
./continue_patterns.sh: line 119: OUTPUT_input_color_uniform_deg_8/PATTERN_SUMMARY.log: No such file or directory
Run 281/350
./continue_patterns.sh: line 103: OUTPUT_input_color_uniform_deg_8/logs/run_281_output.log: No such file or directory
  ✗ No pattern.json generated
./continue_patterns.sh: line 119: OUTPUT_input_color_uniform_deg_8/PATTERN_SUMMARY.log: No such file or directory
Run 282/350
./continue_patterns.sh: line 103: OUTPUT_input_color_uniform_deg_8/logs/run_282_output.log: No such file or directory
  ✗ No pattern.json generated
./continue_patterns.sh: line 119: OUTPUT_input_color_uniform_deg_8/PATTERN_SUMMARY.log: No such file or directory
Run 283/350
./continue_patterns.sh: line 103: OUTPUT_input_color_uniform_deg_8/logs/run_283_output.log: No such file or directory
  ✗ No pattern.json generated
./continue_patterns.sh: line 119: OUTPUT_input_color_uniform_deg_8/PATTERN_SUMMARY.log: No such file or directory
Run 284/350
./continue_patterns.sh: line 103: OUTPUT_input_color_uniform_deg_8/logs/run_284_output.log: No such file or directory
  ✗ No pattern.json generated
./continue_patterns.sh: line 119: OUTPUT_input_color_uniform_deg_8/PATTERN_SUMMARY.log: No such file or directory
Run 285/350
./continue_patterns.sh: line 103: OUTPUT_input_color_uniform_deg_8/logs/run_285_output.log: No such file or directory
  ✗ No pattern.json generated
./continue_patterns.sh: line 119: OUTPUT_input_color_uniform_deg_8/PATTERN_SUMMARY.log: No such file or directory
Run 286/350
./continue_patterns.sh: line 103: OUTPUT_input_color_uniform_deg_8/logs/run_286_output.log: No such file or directory
  ✗ No pattern.json generated
./continue_patterns.sh: line 119: OUTPUT_input_color_uniform_deg_8/PATTERN_SUMMARY.log: No such file or directory
Run 287/350
./continue_patterns.sh: line 103: OUTPUT_input_color_uniform_deg_8/logs/run_287_output.log: No such file or directory
  ✗ No pattern.json generated
./continue_patterns.sh: line 119: OUTPUT_input_color_uniform_deg_8/PATTERN_SUMMARY.log: No such file or directory
Run 288/350
./continue_patterns.sh: line 103: OUTPUT_input_color_uniform_deg_8/logs/run_288_output.log: No such file or directory
  ✗ No pattern.json generated
./continue_patterns.sh: line 119: OUTPUT_input_color_uniform_deg_8/PATTERN_SUMMARY.log: No such file or directory
Run 289/350
./continue_patterns.sh: line 103: OUTPUT_input_color_uniform_deg_8/logs/run_289_output.log: No such file or directory
  ✗ No pattern.json generated
./continue_patterns.sh: line 119: OUTPUT_input_color_uniform_deg_8/PATTERN_SUMMARY.log: No such file or directory
Run 290/350
./continue_patterns.sh: line 103: OUTPUT_input_color_uniform_deg_8/logs/run_290_output.log: No such file or directory
  ✗ No pattern.json generated
./continue_patterns.sh: line 119: OUTPUT_input_color_uniform_deg_8/PATTERN_SUMMARY.log: No such file or directory
Run 291/350
./continue_patterns.sh: line 103: OUTPUT_input_color_uniform_deg_8/logs/run_291_output.log: No such file or directory
  ✗ No pattern.json generated
./continue_patterns.sh: line 119: OUTPUT_input_color_uniform_deg_8/PATTERN_SUMMARY.log: No such file or directory
Run 292/350
./continue_patterns.sh: line 103: OUTPUT_input_color_uniform_deg_8/logs/run_292_output.log: No such file or directory
  ✗ No pattern.json generated
./continue_patterns.sh: line 119: OUTPUT_input_color_uniform_deg_8/PATTERN_SUMMARY.log: No such file or directory
Run 293/350
./continue_patterns.sh: line 103: OUTPUT_input_color_uniform_deg_8/logs/run_293_output.log: No such file or directory
  ✗ No pattern.json generated
./continue_patterns.sh: line 119: OUTPUT_input_color_uniform_deg_8/PATTERN_SUMMARY.log: No such file or directory
Run 294/350
./continue_patterns.sh: line 103: OUTPUT_input_color_uniform_deg_8/logs/run_294_output.log: No such file or directory
  ✗ No pattern.json generated
./continue_patterns.sh: line 119: OUTPUT_input_color_uniform_deg_8/PATTERN_SUMMARY.log: No such file or directory
Run 295/350
./continue_patterns.sh: line 103: OUTPUT_input_color_uniform_deg_8/logs/run_295_output.log: No such file or directory
  ✗ No pattern.json generated
./continue_patterns.sh: line 119: OUTPUT_input_color_uniform_deg_8/PATTERN_SUMMARY.log: No such file or directory
Run 296/350
./continue_patterns.sh: line 103: OUTPUT_input_color_uniform_deg_8/logs/run_296_output.log: No such file or directory
  ✗ No pattern.json generated
./continue_patterns.sh: line 119: OUTPUT_input_color_uniform_deg_8/PATTERN_SUMMARY.log: No such file or directory
Run 297/350
./continue_patterns.sh: line 103: OUTPUT_input_color_uniform_deg_8/logs/run_297_output.log: No such file or directory
  ✗ No pattern.json generated
./continue_patterns.sh: line 119: OUTPUT_input_color_uniform_deg_8/PATTERN_SUMMARY.log: No such file or directory
Run 298/350
./continue_patterns.sh: line 103: OUTPUT_input_color_uniform_deg_8/logs/run_298_output.log: No such file or directory
  ✗ No pattern.json generated
./continue_patterns.sh: line 119: OUTPUT_input_color_uniform_deg_8/PATTERN_SUMMARY.log: No such file or directory
Run 299/350
./continue_patterns.sh: line 103: OUTPUT_input_color_uniform_deg_8/logs/run_299_output.log: No such file or directory
  ✗ No pattern.json generated
./continue_patterns.sh: line 119: OUTPUT_input_color_uniform_deg_8/PATTERN_SUMMARY.log: No such file or directory
Run 300/350
./continue_patterns.sh: line 103: OUTPUT_input_color_uniform_deg_8/logs/run_300_output.log: No such file or directory
  ✗ No pattern.json generated
./continue_patterns.sh: line 119: OUTPUT_input_color_uniform_deg_8/PATTERN_SUMMARY.log: No such file or directory
Run 301/350
./continue_patterns.sh: line 103: OUTPUT_input_color_uniform_deg_8/logs/run_301_output.log: No such file or directory
  ✗ No pattern.json generated
./continue_patterns.sh: line 119: OUTPUT_input_color_uniform_deg_8/PATTERN_SUMMARY.log: No such file or directory
Run 302/350
./continue_patterns.sh: line 103: OUTPUT_input_color_uniform_deg_8/logs/run_302_output.log: No such file or directory
  ✗ No pattern.json generated
./continue_patterns.sh: line 119: OUTPUT_input_color_uniform_deg_8/PATTERN_SUMMARY.log: No such file or directory
Run 303/350
./continue_patterns.sh: line 103: OUTPUT_input_color_uniform_deg_8/logs/run_303_output.log: No such file or directory
  ✗ No pattern.json generated
./continue_patterns.sh: line 119: OUTPUT_input_color_uniform_deg_8/PATTERN_SUMMARY.log: No such file or directory
Run 304/350
./continue_patterns.sh: line 103: OUTPUT_input_color_uniform_deg_8/logs/run_304_output.log: No such file or directory
  ✗ No pattern.json generated
./continue_patterns.sh: line 119: OUTPUT_input_color_uniform_deg_8/PATTERN_SUMMARY.log: No such file or directory
Run 305/350
./continue_patterns.sh: line 103: OUTPUT_input_color_uniform_deg_8/logs/run_305_output.log: No such file or directory
  ✗ No pattern.json generated
./continue_patterns.sh: line 119: OUTPUT_input_color_uniform_deg_8/PATTERN_SUMMARY.log: No such file or directory
Run 306/350
./continue_patterns.sh: line 103: OUTPUT_input_color_uniform_deg_8/logs/run_306_output.log: No such file or directory
  ✗ No pattern.json generated
./continue_patterns.sh: line 119: OUTPUT_input_color_uniform_deg_8/PATTERN_SUMMARY.log: No such file or directory
Run 307/350
./continue_patterns.sh: line 103: OUTPUT_input_color_uniform_deg_8/logs/run_307_output.log: No such file or directory
  ✗ No pattern.json generated
./continue_patterns.sh: line 119: OUTPUT_input_color_uniform_deg_8/PATTERN_SUMMARY.log: No such file or directory
Run 308/350
./continue_patterns.sh: line 103: OUTPUT_input_color_uniform_deg_8/logs/run_308_output.log: No such file or directory
  ✗ No pattern.json generated
./continue_patterns.sh: line 119: OUTPUT_input_color_uniform_deg_8/PATTERN_SUMMARY.log: No such file or directory
Run 309/350
./continue_patterns.sh: line 103: OUTPUT_input_color_uniform_deg_8/logs/run_309_output.log: No such file or directory
  ✗ No pattern.json generated
./continue_patterns.sh: line 119: OUTPUT_input_color_uniform_deg_8/PATTERN_SUMMARY.log: No such file or directory
Run 310/350
./continue_patterns.sh: line 103: OUTPUT_input_color_uniform_deg_8/logs/run_310_output.log: No such file or directory
  ✗ No pattern.json generated
./continue_patterns.sh: line 119: OUTPUT_input_color_uniform_deg_8/PATTERN_SUMMARY.log: No such file or directory
Run 311/350
./continue_patterns.sh: line 103: OUTPUT_input_color_uniform_deg_8/logs/run_311_output.log: No such file or directory
  ✗ No pattern.json generated
./continue_patterns.sh: line 119: OUTPUT_input_color_uniform_deg_8/PATTERN_SUMMARY.log: No such file or directory
Run 312/350
./continue_patterns.sh: line 103: OUTPUT_input_color_uniform_deg_8/logs/run_312_output.log: No such file or directory
  ✗ No pattern.json generated
./continue_patterns.sh: line 119: OUTPUT_input_color_uniform_deg_8/PATTERN_SUMMARY.log: No such file or directory
Run 313/350
./continue_patterns.sh: line 103: OUTPUT_input_color_uniform_deg_8/logs/run_313_output.log: No such file or directory
  ✗ No pattern.json generated
./continue_patterns.sh: line 119: OUTPUT_input_color_uniform_deg_8/PATTERN_SUMMARY.log: No such file or directory
Run 314/350
./continue_patterns.sh: line 103: OUTPUT_input_color_uniform_deg_8/logs/run_314_output.log: No such file or directory
  ✗ No pattern.json generated
./continue_patterns.sh: line 119: OUTPUT_input_color_uniform_deg_8/PATTERN_SUMMARY.log: No such file or directory
Run 315/350
./continue_patterns.sh: line 103: OUTPUT_input_color_uniform_deg_8/logs/run_315_output.log: No such file or directory
  ✗ No pattern.json generated
./continue_patterns.sh: line 119: OUTPUT_input_color_uniform_deg_8/PATTERN_SUMMARY.log: No such file or directory
Run 316/350
./continue_patterns.sh: line 103: OUTPUT_input_color_uniform_deg_8/logs/run_316_output.log: No such file or directory
  ✗ No pattern.json generated
./continue_patterns.sh: line 119: OUTPUT_input_color_uniform_deg_8/PATTERN_SUMMARY.log: No such file or directory
Run 317/350
./continue_patterns.sh: line 103: OUTPUT_input_color_uniform_deg_8/logs/run_317_output.log: No such file or directory
  ✗ No pattern.json generated
./continue_patterns.sh: line 119: OUTPUT_input_color_uniform_deg_8/PATTERN_SUMMARY.log: No such file or directory
Run 318/350
./continue_patterns.sh: line 103: OUTPUT_input_color_uniform_deg_8/logs/run_318_output.log: No such file or directory
  ✗ No pattern.json generated
./continue_patterns.sh: line 119: OUTPUT_input_color_uniform_deg_8/PATTERN_SUMMARY.log: No such file or directory
Run 319/350
./continue_patterns.sh: line 103: OUTPUT_input_color_uniform_deg_8/logs/run_319_output.log: No such file or directory
  ✗ No pattern.json generated
./continue_patterns.sh: line 119: OUTPUT_input_color_uniform_deg_8/PATTERN_SUMMARY.log: No such file or directory
Run 320/350
./continue_patterns.sh: line 103: OUTPUT_input_color_uniform_deg_8/logs/run_320_output.log: No such file or directory
  ✗ No pattern.json generated
./continue_patterns.sh: line 119: OUTPUT_input_color_uniform_deg_8/PATTERN_SUMMARY.log: No such file or directory
Run 321/350
./continue_patterns.sh: line 103: OUTPUT_input_color_uniform_deg_8/logs/run_321_output.log: No such file or directory
  ✗ No pattern.json generated
./continue_patterns.sh: line 119: OUTPUT_input_color_uniform_deg_8/PATTERN_SUMMARY.log: No such file or directory
Run 322/350
./continue_patterns.sh: line 103: OUTPUT_input_color_uniform_deg_8/logs/run_322_output.log: No such file or directory
  ✗ No pattern.json generated
./continue_patterns.sh: line 119: OUTPUT_input_color_uniform_deg_8/PATTERN_SUMMARY.log: No such file or directory
Run 323/350
./continue_patterns.sh: line 103: OUTPUT_input_color_uniform_deg_8/logs/run_323_output.log: No such file or directory
  ✗ No pattern.json generated
./continue_patterns.sh: line 119: OUTPUT_input_color_uniform_deg_8/PATTERN_SUMMARY.log: No such file or directory
Run 324/350
./continue_patterns.sh: line 103: OUTPUT_input_color_uniform_deg_8/logs/run_324_output.log: No such file or directory
  ✗ No pattern.json generated
./continue_patterns.sh: line 119: OUTPUT_input_color_uniform_deg_8/PATTERN_SUMMARY.log: No such file or directory
Run 325/350
./continue_patterns.sh: line 103: OUTPUT_input_color_uniform_deg_8/logs/run_325_output.log: No such file or directory
  ✗ No pattern.json generated
./continue_patterns.sh: line 119: OUTPUT_input_color_uniform_deg_8/PATTERN_SUMMARY.log: No such file or directory
Run 326/350
./continue_patterns.sh: line 103: OUTPUT_input_color_uniform_deg_8/logs/run_326_output.log: No such file or directory
  ✗ No pattern.json generated
./continue_patterns.sh: line 119: OUTPUT_input_color_uniform_deg_8/PATTERN_SUMMARY.log: No such file or directory
Run 327/350
./continue_patterns.sh: line 103: OUTPUT_input_color_uniform_deg_8/logs/run_327_output.log: No such file or directory
  ✗ No pattern.json generated
./continue_patterns.sh: line 119: OUTPUT_input_color_uniform_deg_8/PATTERN_SUMMARY.log: No such file or directory
Run 328/350
./continue_patterns.sh: line 103: OUTPUT_input_color_uniform_deg_8/logs/run_328_output.log: No such file or directory
  ✗ No pattern.json generated
./continue_patterns.sh: line 119: OUTPUT_input_color_uniform_deg_8/PATTERN_SUMMARY.log: No such file or directory
Run 329/350
./continue_patterns.sh: line 103: OUTPUT_input_color_uniform_deg_8/logs/run_329_output.log: No such file or directory
  ✗ No pattern.json generated
./continue_patterns.sh: line 119: OUTPUT_input_color_uniform_deg_8/PATTERN_SUMMARY.log: No such file or directory
Run 330/350
./continue_patterns.sh: line 103: OUTPUT_input_color_uniform_deg_8/logs/run_330_output.log: No such file or directory
  ✗ No pattern.json generated
./continue_patterns.sh: line 119: OUTPUT_input_color_uniform_deg_8/PATTERN_SUMMARY.log: No such file or directory
Run 331/350
./continue_patterns.sh: line 103: OUTPUT_input_color_uniform_deg_8/logs/run_331_output.log: No such file or directory
  ✗ No pattern.json generated
./continue_patterns.sh: line 119: OUTPUT_input_color_uniform_deg_8/PATTERN_SUMMARY.log: No such file or directory
Run 332/350
./continue_patterns.sh: line 103: OUTPUT_input_color_uniform_deg_8/logs/run_332_output.log: No such file or directory
  ✗ No pattern.json generated
./continue_patterns.sh: line 119: OUTPUT_input_color_uniform_deg_8/PATTERN_SUMMARY.log: No such file or directory
Run 333/350
./continue_patterns.sh: line 103: OUTPUT_input_color_uniform_deg_8/logs/run_333_output.log: No such file or directory
  ✗ No pattern.json generated
./continue_patterns.sh: line 119: OUTPUT_input_color_uniform_deg_8/PATTERN_SUMMARY.log: No such file or directory
Run 334/350
./continue_patterns.sh: line 103: OUTPUT_input_color_uniform_deg_8/logs/run_334_output.log: No such file or directory
  ✗ No pattern.json generated
./continue_patterns.sh: line 119: OUTPUT_input_color_uniform_deg_8/PATTERN_SUMMARY.log: No such file or directory
Run 335/350
./continue_patterns.sh: line 103: OUTPUT_input_color_uniform_deg_8/logs/run_335_output.log: No such file or directory
  ✗ No pattern.json generated
./continue_patterns.sh: line 119: OUTPUT_input_color_uniform_deg_8/PATTERN_SUMMARY.log: No such file or directory
Run 336/350
./continue_patterns.sh: line 103: OUTPUT_input_color_uniform_deg_8/logs/run_336_output.log: No such file or directory
  ✗ No pattern.json generated
./continue_patterns.sh: line 119: OUTPUT_input_color_uniform_deg_8/PATTERN_SUMMARY.log: No such file or directory
Run 337/350
./continue_patterns.sh: line 103: OUTPUT_input_color_uniform_deg_8/logs/run_337_output.log: No such file or directory
  ✗ No pattern.json generated
./continue_patterns.sh: line 119: OUTPUT_input_color_uniform_deg_8/PATTERN_SUMMARY.log: No such file or directory
Run 338/350
./continue_patterns.sh: line 103: OUTPUT_input_color_uniform_deg_8/logs/run_338_output.log: No such file or directory
  ✗ No pattern.json generated
./continue_patterns.sh: line 119: OUTPUT_input_color_uniform_deg_8/PATTERN_SUMMARY.log: No such file or directory
Run 339/350
./continue_patterns.sh: line 103: OUTPUT_input_color_uniform_deg_8/logs/run_339_output.log: No such file or directory
  ✗ No pattern.json generated
./continue_patterns.sh: line 119: OUTPUT_input_color_uniform_deg_8/PATTERN_SUMMARY.log: No such file or directory
Run 340/350
./continue_patterns.sh: line 103: OUTPUT_input_color_uniform_deg_8/logs/run_340_output.log: No such file or directory
  ✗ No pattern.json generated
./continue_patterns.sh: line 119: OUTPUT_input_color_uniform_deg_8/PATTERN_SUMMARY.log: No such file or directory
Run 341/350
./continue_patterns.sh: line 103: OUTPUT_input_color_uniform_deg_8/logs/run_341_output.log: No such file or directory
  ✗ No pattern.json generated
./continue_patterns.sh: line 119: OUTPUT_input_color_uniform_deg_8/PATTERN_SUMMARY.log: No such file or directory
Run 342/350
./continue_patterns.sh: line 103: OUTPUT_input_color_uniform_deg_8/logs/run_342_output.log: No such file or directory
  ✗ No pattern.json generated
./continue_patterns.sh: line 119: OUTPUT_input_color_uniform_deg_8/PATTERN_SUMMARY.log: No such file or directory
Run 343/350
./continue_patterns.sh: line 103: OUTPUT_input_color_uniform_deg_8/logs/run_343_output.log: No such file or directory
  ✗ No pattern.json generated
./continue_patterns.sh: line 119: OUTPUT_input_color_uniform_deg_8/PATTERN_SUMMARY.log: No such file or directory
Run 344/350
./continue_patterns.sh: line 103: OUTPUT_input_color_uniform_deg_8/logs/run_344_output.log: No such file or directory
  ✗ No pattern.json generated
./continue_patterns.sh: line 119: OUTPUT_input_color_uniform_deg_8/PATTERN_SUMMARY.log: No such file or directory
Run 345/350
./continue_patterns.sh: line 103: OUTPUT_input_color_uniform_deg_8/logs/run_345_output.log: No such file or directory
  ✗ No pattern.json generated
./continue_patterns.sh: line 119: OUTPUT_input_color_uniform_deg_8/PATTERN_SUMMARY.log: No such file or directory
Run 346/350
./continue_patterns.sh: line 103: OUTPUT_input_color_uniform_deg_8/logs/run_346_output.log: No such file or directory
  ✗ No pattern.json generated
./continue_patterns.sh: line 119: OUTPUT_input_color_uniform_deg_8/PATTERN_SUMMARY.log: No such file or directory
Run 347/350
./continue_patterns.sh: line 103: OUTPUT_input_color_uniform_deg_8/logs/run_347_output.log: No such file or directory
  ✗ No pattern.json generated
./continue_patterns.sh: line 119: OUTPUT_input_color_uniform_deg_8/PATTERN_SUMMARY.log: No such file or directory
Run 348/350
./continue_patterns.sh: line 103: OUTPUT_input_color_uniform_deg_8/logs/run_348_output.log: No such file or directory
  ✗ No pattern.json generated
./continue_patterns.sh: line 119: OUTPUT_input_color_uniform_deg_8/PATTERN_SUMMARY.log: No such file or directory
Run 349/350
./continue_patterns.sh: line 103: OUTPUT_input_color_uniform_deg_8/logs/run_349_output.log: No such file or directory
  ✗ No pattern.json generated
./continue_patterns.sh: line 119: OUTPUT_input_color_uniform_deg_8/PATTERN_SUMMARY.log: No such file or directory
Run 350/350
./continue_patterns.sh: line 103: OUTPUT_input_color_uniform_deg_8/logs/run_350_output.log: No such file or directory
  ✗ No pattern.json generated
./continue_patterns.sh: line 119: OUTPUT_input_color_uniform_deg_8/PATTERN_SUMMARY.log: No such file or directory

Pattern finding completed for input_color_uniform_deg_8!
Total time: 3557.608826705 seconds
./continue_patterns.sh: line 134: OUTPUT_input_color_uniform_deg_8/PATTERN_SUMMARY.log: No such file or directory
./continue_patterns.sh: line 135: OUTPUT_input_color_uniform_deg_8/PATTERN_SUMMARY.log: No such file or directory
./continue_patterns.sh: line 136: OUTPUT_input_color_uniform_deg_8/PATTERN_SUMMARY.log: No such file or directory
./continue_patterns.sh: line 137: OUTPUT_input_color_uniform_deg_8/PATTERN_SUMMARY.log: No such file or directory
./continue_patterns.sh: line 138: OUTPUT_input_color_uniform_deg_8/PATTERN_SUMMARY.log: No such file or directory
Results saved in: OUTPUT_input_color_uniform_deg_8/

========================================
Processing input directory: input_color_uniform_deg_15
Starting from pattern: 1
========================================
Starting 350 pattern finding runs for input_color_uniform_deg_15...
Run 1/350
  ✓ P_1.json saved (45.471174600s)
Run 2/350
  ✓ P_2.json saved (36.339324409s)
Run 3/350
  ✓ P_3.json saved (36.703513949s)
Run 4/350
  ✓ P_4.json saved (37.005759770s)
Run 5/350
  ✓ P_5.json saved (36.898010107s)
Run 6/350
  ✓ P_6.json saved (36.797227790s)
Run 7/350
  ✓ P_7.json saved (37.126753717s)
Run 8/350
  ✓ P_8.json saved (37.175219828s)
Run 9/350
  ✓ P_9.json saved (37.102456920s)
Run 10/350
  ✓ P_10.json saved (36.776316506s)
Run 11/350
  ✓ P_11.json saved (37.311591919s)
Run 12/350
  ✓ P_12.json saved (37.324218545s)
Run 13/350
  ✓ P_13.json saved (36.661996998s)
Run 14/350
  ✓ P_14.json saved (36.584558172s)
Run 15/350
  ✓ P_15.json saved (36.985807948s)
Run 16/350
  ✓ P_16.json saved (37.165280057s)
Run 17/350
  ✓ P_17.json saved (36.955527393s)
Run 18/350
  ✓ P_18.json saved (37.225249608s)
Run 19/350
  ✓ P_19.json saved (37.570975209s)
Run 20/350
  ✓ P_20.json saved (37.637453623s)
Run 21/350
  ✓ P_21.json saved (37.620194601s)
Run 22/350
  ✓ P_22.json saved (38.110715135s)
Run 23/350
  ✓ P_23.json saved (37.369891948s)
Run 24/350
  ✓ P_24.json saved (37.288696665s)
Run 25/350
  ✓ P_25.json saved (37.787445642s)
Run 26/350
  ✓ P_26.json saved (37.989333578s)
Run 27/350
  ✓ P_27.json saved (37.629423912s)
Run 28/350
  ✓ P_28.json saved (37.544863213s)
Run 29/350
  ✓ P_29.json saved (37.486378016s)
Run 30/350
  ✓ P_30.json saved (37.721298943s)
Run 31/350
  ✓ P_31.json saved (36.719744597s)
Run 32/350
  ✓ P_32.json saved (37.204122727s)
Run 33/350
  ✓ P_33.json saved (37.585321044s)
Run 34/350
  ✓ P_34.json saved (37.264703696s)
Run 35/350
  ✓ P_35.json saved (36.523350313s)
Run 36/350
  ✓ P_36.json saved (37.114306721s)
Run 37/350
  ✓ P_37.json saved (36.534956066s)
Run 38/350
  ✓ P_38.json saved (37.043002740s)
Run 39/350
  ✓ P_39.json saved (37.060150104s)
Run 40/350
  ✓ P_40.json saved (37.948125111s)
Run 41/350
  ✓ P_41.json saved (37.606399938s)
Run 42/350
  ✓ P_42.json saved (38.031517539s)
Run 43/350
  ✓ P_43.json saved (38.692157507s)
Run 44/350
  ✓ P_44.json saved (37.938097644s)
Run 45/350
  ✓ P_45.json saved (37.914659325s)
Run 46/350
  ✓ P_46.json saved (37.587980129s)
Run 47/350
  ✓ P_47.json saved (37.437742899s)
Run 48/350
  ✓ P_48.json saved (37.604990130s)
Run 49/350
  ✓ P_49.json saved (37.460382277s)
Run 50/350
  ✓ P_50.json saved (37.464929305s)
Run 51/350
  ✓ P_51.json saved (36.929093759s)
Run 52/350
  ✓ P_52.json saved (37.154054250s)
Run 53/350
  ✓ P_53.json saved (37.205103489s)
Run 54/350
  ✓ P_54.json saved (37.104189344s)
Run 55/350
  ✓ P_55.json saved (37.570367892s)
Run 56/350
  ✓ P_56.json saved (36.426516902s)
Run 57/350
  ✓ P_57.json saved (36.722942404s)
Run 58/350
  ✓ P_58.json saved (37.233540363s)
Run 59/350
  ✓ P_59.json saved (36.662846567s)
Run 60/350
  ✓ P_60.json saved (36.498713478s)
Run 61/350
  ✓ P_61.json saved (36.864177250s)
Run 62/350
  ✓ P_62.json saved (36.583927308s)
Run 63/350
  ✓ P_63.json saved (36.677839950s)
Run 64/350
  ✓ P_64.json saved (36.578259263s)
Run 65/350
  ✓ P_65.json saved (36.398605286s)
Run 66/350
  ✓ P_66.json saved (36.753278110s)
Run 67/350
  ✓ P_67.json saved (36.424800726s)
Run 68/350
  ✓ P_68.json saved (36.855269859s)
Run 69/350
  ✓ P_69.json saved (36.883082516s)
Run 70/350
  ✓ P_70.json saved (36.375538609s)
Run 71/350
  ✓ P_71.json saved (36.488830443s)
Run 72/350
  ✓ P_72.json saved (37.124093304s)
Run 73/350
  ✓ P_73.json saved (36.814363304s)
Run 74/350
  ✓ P_74.json saved (37.176941056s)
Run 75/350
  ✓ P_75.json saved (37.960340906s)
Run 76/350
  ✓ P_76.json saved (37.836843213s)
Run 77/350
  ✓ P_77.json saved (36.772607979s)
Run 78/350
  ✓ P_78.json saved (36.363281940s)
Run 79/350
  ✓ P_79.json saved (36.354224683s)
Run 80/350
  ✓ P_80.json saved (36.344455991s)
Run 81/350
  ✓ P_81.json saved (36.341917491s)
Run 82/350
  ✓ P_82.json saved (36.847704672s)
Run 83/350
  ✓ P_83.json saved (36.673534944s)
Run 84/350
  ✓ P_84.json saved (36.476786883s)
Run 85/350
  ✓ P_85.json saved (36.729440801s)
Run 86/350
  ✓ P_86.json saved (36.671397602s)
Run 87/350
  ✓ P_87.json saved (36.284832710s)
Run 88/350
  ✓ P_88.json saved (36.574910108s)
Run 89/350
  ✓ P_89.json saved (36.639379129s)
Run 90/350
  ✓ P_90.json saved (36.443195220s)
Run 91/350
  ✓ P_91.json saved (36.371775561s)
Run 92/350
  ✓ P_92.json saved (36.315966373s)
Run 93/350
  ✓ P_93.json saved (37.034728813s)
Run 94/350
  ✓ P_94.json saved (36.238752258s)
Run 95/350
  ✓ P_95.json saved (36.475447146s)
Run 96/350
  ✓ P_96.json saved (36.218842637s)
Run 97/350
  ✓ P_97.json saved (36.312754524s)
Run 98/350
  ✓ P_98.json saved (36.076869047s)
Run 99/350
  ✓ P_99.json saved (36.648259778s)
Run 100/350
  ✓ P_100.json saved (36.347165759s)
Run 101/350
  ✓ P_101.json saved (36.201324895s)
Run 102/350
  ✓ P_102.json saved (36.026244672s)
Run 103/350
  ✓ P_103.json saved (36.532902740s)
Run 104/350
  ✓ P_104.json saved (36.080553717s)
Run 105/350
  ✓ P_105.json saved (36.101894140s)
Run 106/350
  ✓ P_106.json saved (36.348385540s)
Run 107/350
  ✓ P_107.json saved (37.533207751s)
Run 108/350
  ✓ P_108.json saved (36.675098444s)
Run 109/350
  ✓ P_109.json saved (36.594092643s)
Run 110/350
  ✓ P_110.json saved (36.176389116s)
Run 111/350
  ✓ P_111.json saved (36.368581591s)
Run 112/350
  ✓ P_112.json saved (36.695082624s)
Run 113/350
  ✓ P_113.json saved (36.577774792s)
Run 114/350
  ✓ P_114.json saved (36.975527685s)
Run 115/350
  ✓ P_115.json saved (36.366929234s)
Run 116/350
  ✓ P_116.json saved (36.663304766s)
Run 117/350
  ✓ P_117.json saved (36.782020596s)
Run 118/350
  ✓ P_118.json saved (36.824627847s)
Run 119/350
  ✓ P_119.json saved (36.332316967s)
Run 120/350
  ✓ P_120.json saved (36.215271202s)
Run 121/350
  ✓ P_121.json saved (36.397304091s)
Run 122/350
  ✓ P_122.json saved (36.758970773s)
Run 123/350
  ✓ P_123.json saved (36.402536293s)
Run 124/350
  ✓ P_124.json saved (36.629755016s)
Run 125/350
  ✓ P_125.json saved (36.782686654s)
Run 126/350
  ✓ P_126.json saved (36.253070525s)
Run 127/350
  ✓ P_127.json saved (36.368848446s)
Run 128/350
  ✓ P_128.json saved (36.043401090s)
Run 129/350
  ✓ P_129.json saved (36.309004884s)
Run 130/350
  ✓ P_130.json saved (36.355979388s)
Run 131/350
  ✓ P_131.json saved (36.024300891s)
Run 132/350
  ✓ P_132.json saved (36.513834977s)
Run 133/350
  ✓ P_133.json saved (36.882109242s)
Run 134/350
  ✓ P_134.json saved (36.339868967s)
Run 135/350
  ✓ P_135.json saved (36.304907499s)
Run 136/350
  ✓ P_136.json saved (36.506974001s)
Run 137/350
  ✓ P_137.json saved (36.761099173s)
Run 138/350
  ✓ P_138.json saved (36.532403206s)
Run 139/350
  ✓ P_139.json saved (36.576910864s)
Run 140/350
  ✓ P_140.json saved (36.613278757s)
Run 141/350
  ✓ P_141.json saved (36.665244167s)
Run 142/350
  ✓ P_142.json saved (36.734446107s)
Run 143/350
  ✓ P_143.json saved (36.558590979s)
Run 144/350
  ✓ P_144.json saved (36.972827213s)
Run 145/350
  ✓ P_145.json saved (37.112718033s)
Run 146/350
  ✓ P_146.json saved (36.579815119s)
Run 147/350
  ✓ P_147.json saved (36.529748897s)
Run 148/350
  ✓ P_148.json saved (36.622141775s)
Run 149/350
  ✓ P_149.json saved (36.576344470s)
Run 150/350
  ✓ P_150.json saved (36.792703185s)
Run 151/350
  ✓ P_151.json saved (37.150943028s)
Run 152/350
  ✓ P_152.json saved (36.682501449s)
Run 153/350
  ✓ P_153.json saved (36.799584370s)
Run 154/350
  ✓ P_154.json saved (36.422973284s)
Run 155/350
  ✓ P_155.json saved (36.429512540s)
Run 156/350
  ✓ P_156.json saved (36.372543682s)
Run 157/350
  ✓ P_157.json saved (36.586336846s)
Run 158/350
  ✓ P_158.json saved (36.849496934s)
Run 159/350
  ✓ P_159.json saved (36.457594597s)
Run 160/350
  ✓ P_160.json saved (36.713584645s)
Run 161/350
  ✓ P_161.json saved (36.533613638s)
Run 162/350
  ✓ P_162.json saved (36.640815042s)
Run 163/350
  ✓ P_163.json saved (36.553748308s)
Run 164/350
  ✓ P_164.json saved (36.833965889s)
Run 165/350
  ✓ P_165.json saved (36.692389914s)
Run 166/350
  ✓ P_166.json saved (36.367348115s)
Run 167/350
  ✓ P_167.json saved (36.674245204s)
Run 168/350
  ✓ P_168.json saved (36.578846609s)
Run 169/350
  ✓ P_169.json saved (36.566767583s)
Run 170/350
  ✓ P_170.json saved (36.829372056s)
Run 171/350
  ✓ P_171.json saved (36.828938186s)
Run 172/350
  ✓ P_172.json saved (36.605429516s)
Run 173/350
  ✓ P_173.json saved (36.626611786s)
Run 174/350
  ✓ P_174.json saved (36.627219035s)
Run 175/350
  ✓ P_175.json saved (36.742585318s)
Run 176/350
  ✓ P_176.json saved (36.732470737s)
Run 177/350
  ✓ P_177.json saved (36.447476308s)
Run 178/350
  ✓ P_178.json saved (36.819670070s)
Run 179/350
  ✓ P_179.json saved (36.553307736s)
Run 180/350
  ✓ P_180.json saved (36.677283061s)
Run 181/350
  ✓ P_181.json saved (36.465392265s)
Run 182/350
  ✓ P_182.json saved (37.126320189s)
Run 183/350
  ✓ P_183.json saved (37.341499089s)
Run 184/350
  ✓ P_184.json saved (36.555083379s)
Run 185/350
  ✓ P_185.json saved (37.102416379s)
Run 186/350
  ✓ P_186.json saved (36.639703551s)
Run 187/350
  ✓ P_187.json saved (36.391150838s)
Run 188/350
  ✓ P_188.json saved (37.396166458s)
Run 189/350
  ✓ P_189.json saved (37.709459882s)
Run 190/350
  ✓ P_190.json saved (36.792269582s)
Run 191/350
  ✓ P_191.json saved (36.744881933s)
Run 192/350
  ✓ P_192.json saved (36.887651240s)
Run 193/350
  ✓ P_193.json saved (36.568144315s)
Run 194/350
  ✓ P_194.json saved (36.503454891s)
Run 195/350
  ✓ P_195.json saved (36.724977693s)
Run 196/350
  ✓ P_196.json saved (37.775191992s)
Run 197/350
  ✓ P_197.json saved (36.566489554s)
Run 198/350
  ✓ P_198.json saved (36.780073372s)
Run 199/350
  ✓ P_199.json saved (36.501792397s)
Run 200/350
  ✓ P_200.json saved (36.493823203s)
Run 201/350
  ✓ P_201.json saved (36.777523512s)
Run 202/350
  ✓ P_202.json saved (36.737566762s)
Run 203/350
  ✓ P_203.json saved (36.712578112s)
Run 204/350
  ✓ P_204.json saved (36.276936030s)
Run 205/350
  ✓ P_205.json saved (36.524210008s)
Run 206/350
  ✓ P_206.json saved (36.632792368s)
Run 207/350
  ✓ P_207.json saved (36.439743826s)
Run 208/350
  ✓ P_208.json saved (36.683949445s)
Run 209/350
  ✓ P_209.json saved (36.816446540s)
Run 210/350
  ✓ P_210.json saved (36.834200890s)
Run 211/350
  ✓ P_211.json saved (36.790141440s)
Run 212/350
  ✓ P_212.json saved (36.307008944s)
Run 213/350
  ✓ P_213.json saved (37.223558229s)
Run 214/350
  ✓ P_214.json saved (36.400096532s)
Run 215/350
  ✓ P_215.json saved (36.828161464s)
Run 216/350
  ✓ P_216.json saved (36.507497125s)
Run 217/350
  ✓ P_217.json saved (36.922844492s)
Run 218/350
  ✓ P_218.json saved (36.568209263s)
Run 219/350
  ✓ P_219.json saved (36.453350999s)
Run 220/350
  ✓ P_220.json saved (36.294861854s)
Run 221/350
  ✓ P_221.json saved (36.412278918s)
Run 222/350
  ✓ P_222.json saved (36.741043895s)
Run 223/350
  ✓ P_223.json saved (36.433085771s)
Run 224/350
  ✓ P_224.json saved (36.605562353s)
Run 225/350
  ✓ P_225.json saved (36.812860932s)
Run 226/350
  ✓ P_226.json saved (36.756099299s)
Run 227/350
  ✓ P_227.json saved (36.699159787s)
Run 228/350
  ✓ P_228.json saved (36.464753790s)
Run 229/350
  ✓ P_229.json saved (36.400178805s)
Run 230/350
  ✓ P_230.json saved (36.391134219s)
Run 231/350
  ✓ P_231.json saved (36.714518939s)
Run 232/350
  ✓ P_232.json saved (36.505585535s)
Run 233/350
  ✓ P_233.json saved (36.397032425s)
Run 234/350
  ✓ P_234.json saved (36.536402806s)
Run 235/350
  ✓ P_235.json saved (36.334014671s)
Run 236/350
  ✓ P_236.json saved (36.488758240s)
Run 237/350
  ✓ P_237.json saved (37.262050760s)
Run 238/350
  ✓ P_238.json saved (36.623322458s)
Run 239/350
  ✓ P_239.json saved (36.577923808s)
Run 240/350
  ✓ P_240.json saved (36.490485852s)
Run 241/350
  ✓ P_241.json saved (36.462625079s)
Run 242/350
  ✓ P_242.json saved (36.908647684s)
Run 243/350
  ✓ P_243.json saved (37.748268433s)
Run 244/350
  ✓ P_244.json saved (36.784864714s)
Run 245/350
  ✓ P_245.json saved (36.579155889s)
Run 246/350
  ✓ P_246.json saved (36.515478209s)
Run 247/350
  ✓ P_247.json saved (38.060814607s)
Run 248/350
  ✓ P_248.json saved (37.326709205s)
Run 249/350
  ✓ P_249.json saved (36.927778537s)
Run 250/350
  ✓ P_250.json saved (36.567740224s)
Run 251/350
  ✓ P_251.json saved (37.117682730s)
Run 252/350
  ✓ P_252.json saved (36.537615965s)
Run 253/350
  ✓ P_253.json saved (36.668513250s)
Run 254/350
  ✓ P_254.json saved (36.937147871s)
Run 255/350
  ✓ P_255.json saved (37.553921898s)
Run 256/350
  ✓ P_256.json saved (37.394549637s)
Run 257/350
  ✓ P_257.json saved (37.620721046s)
Run 258/350
  ✓ P_258.json saved (37.506821280s)
Run 259/350
  ✓ P_259.json saved (37.858335345s)
Run 260/350
  ✓ P_260.json saved (36.949236633s)
Run 261/350
  ✓ P_261.json saved (37.112357188s)
Run 262/350
  ✓ P_262.json saved (37.752084234s)
Run 263/350
  ✓ P_263.json saved (37.290397747s)
Run 264/350
  ✓ P_264.json saved (37.571973151s)
Run 265/350
  ✓ P_265.json saved (38.219778360s)
Run 266/350
  ✓ P_266.json saved (38.206460996s)
Run 267/350
  ✓ P_267.json saved (36.533349120s)
Run 268/350
  ✓ P_268.json saved (37.914881731s)
Run 269/350
  ✓ P_269.json saved (37.056958612s)
Run 270/350
  ✓ P_270.json saved (36.469242125s)
Run 271/350
  ✓ P_271.json saved (37.017274804s)
Run 272/350
  ✓ P_272.json saved (36.808107620s)
Run 273/350
  ✓ P_273.json saved (36.400892294s)
Run 274/350
  ✓ P_274.json saved (36.440878449s)
Run 275/350
  ✓ P_275.json saved (36.280998498s)
Run 276/350
  ✓ P_276.json saved (36.567102711s)
Run 277/350
  ✓ P_277.json saved (36.298258718s)
Run 278/350
  ✓ P_278.json saved (36.433729969s)
Run 279/350
  ✓ P_279.json saved (36.426247844s)
Run 280/350
  ✓ P_280.json saved (36.464377343s)
Run 281/350
  ✓ P_281.json saved (36.769131733s)
Run 282/350
  ✓ P_282.json saved (36.597231696s)
Run 283/350
  ✓ P_283.json saved (39.571767834s)
Run 284/350
  ✓ P_284.json saved (39.166286412s)
Run 285/350
  ✓ P_285.json saved (39.343415246s)
Run 286/350
  ✓ P_286.json saved (36.767010849s)
Run 287/350
  ✓ P_287.json saved (36.859286714s)
Run 288/350
  ✓ P_288.json saved (36.761248685s)
Run 289/350
  ✓ P_289.json saved (38.932396902s)
Run 290/350
  ✓ P_290.json saved (38.958996493s)
Run 291/350
  ✓ P_291.json saved (38.614330966s)
Run 292/350
  ✓ P_292.json saved (39.084947265s)
Run 293/350
  ✓ P_293.json saved (39.075457030s)
Run 294/350
  ✓ P_294.json saved (39.040698772s)
Run 295/350
  ✓ P_295.json saved (38.941896097s)
Run 296/350
  ✓ P_296.json saved (39.012791581s)
Run 297/350
  ✓ P_297.json saved (39.686707861s)
Run 298/350
  ✓ P_298.json saved (39.521201088s)
Run 299/350
  ✓ P_299.json saved (36.461859813s)
Run 300/350
  ✓ P_300.json saved (36.724314181s)
Run 301/350
  ✓ P_301.json saved (37.265115283s)
Run 302/350
  ✓ P_302.json saved (37.547438583s)
Run 303/350
  ✓ P_303.json saved (39.797460718s)
Run 304/350
  ✓ P_304.json saved (39.237520767s)
Run 305/350
  ✓ P_305.json saved (38.591662722s)
Run 306/350
  ✓ P_306.json saved (38.689915201s)
Run 307/350
  ✓ P_307.json saved (37.721039554s)
Run 308/350
  ✓ P_308.json saved (37.779169956s)
Run 309/350
  ✓ P_309.json saved (37.310249521s)
Run 310/350
  ✓ P_310.json saved (37.331321706s)
Run 311/350
  ✓ P_311.json saved (37.528299608s)
Run 312/350
  ✓ P_312.json saved (37.910782480s)
Run 313/350
  ✓ P_313.json saved (37.716615967s)
Run 314/350
  ✓ P_314.json saved (37.396900915s)
Run 315/350
  ✓ P_315.json saved (37.570717700s)
Run 316/350
  ✓ P_316.json saved (37.623609660s)
Run 317/350
  ✓ P_317.json saved (37.423977690s)
Run 318/350
  ✓ P_318.json saved (37.697508320s)
Run 319/350
  ✓ P_319.json saved (37.632963995s)
Run 320/350
  ✓ P_320.json saved (38.381888033s)
Run 321/350
  ✓ P_321.json saved (38.468619123s)
Run 322/350
  ✓ P_322.json saved (38.407311662s)
Run 323/350
  ✓ P_323.json saved (39.346823368s)
Run 324/350
  ✓ P_324.json saved (39.232668596s)
Run 325/350
  ✓ P_325.json saved (39.310982027s)
Run 326/350
  ✓ P_326.json saved (38.664483152s)
Run 327/350
  ✓ P_327.json saved (39.468334650s)
Run 328/350
  ✓ P_328.json saved (39.575455505s)
Run 329/350
  ✓ P_329.json saved (38.823662695s)
Run 330/350
  ✓ P_330.json saved (39.511508249s)
Run 331/350
  ✓ P_331.json saved (38.319706956s)
Run 332/350
  ✓ P_332.json saved (37.921738718s)
Run 333/350
  ✓ P_333.json saved (37.362101114s)
Run 334/350
  ✓ P_334.json saved (37.358702850s)
Run 335/350
  ✓ P_335.json saved (37.192460593s)
Run 336/350
  ✓ P_336.json saved (37.436557226s)
Run 337/350
  ✓ P_337.json saved (37.313216763s)
Run 338/350
  ✓ P_338.json saved (36.887662633s)
Run 339/350
  ✓ P_339.json saved (37.514382805s)
Run 340/350
  ✓ P_340.json saved (36.343398088s)
Run 341/350
  ✓ P_341.json saved (36.414026849s)
Run 342/350
  ✓ P_342.json saved (36.300590969s)
Run 343/350
  ✓ P_343.json saved (36.311594583s)
Run 344/350
  ✓ P_344.json saved (36.580396749s)
Run 345/350
  ✓ P_345.json saved (36.278879644s)
Run 346/350
  ✓ P_346.json saved (36.521046430s)
Run 347/350
  ✓ P_347.json saved (36.947443138s)
Run 348/350
  ✓ P_348.json saved (36.661779741s)
Run 349/350
  ✓ P_349.json saved (36.695488175s)
Run 350/350
  ✓ P_350.json saved (36.428708728s)

Pattern finding completed for input_color_uniform_deg_15!
Total time: 12976.620766053 seconds
Results saved in: OUTPUT_input_color_uniform_deg_15/

========================================
All input directories completed!
========================================
