first_color: 0
number of alive: 1000
adding vertex with color number: 16 to node: 0
number of alive: 1000
number of alive: 1000
adding vertex with color number: 9 to node: 1
number of alive: 864
adding vertex with color number: 5 to node: 2
number of alive: 708
adding vertex with color number: 13 to node: 3
number of alive: 217
Added edge (0, 2) with score 10
number of alive: 10
adding vertex with color number: 0 to node: 3
number of alive: 10
number of alive: 10
adding vertex with color number: 5 to node: 4
Time taken: 0.471308 seconds

Pattern appears in 4 graphs:
S[174] -> S_255.json
S[268] -> S_34.json
S[367] -> S_429.json
S[993] -> S_993.json
Pattern written to pattern.json
