first_color: 0
number of alive: 1000
adding vertex with color number: 18 to node: 0
number of alive: 999
adding vertex with color number: 6 to node: 1
number of alive: 987
adding vertex with color number: 6 to node: 0
number of alive: 969
adding vertex with color number: 19 to node: 2
number of alive: 273
Added edge (1, 3) with score 11
number of alive: 11
adding vertex with color number: 7 to node: 3
number of alive: 6
number of alive: 6
adding vertex with color number: 4 to node: 0
number of alive: 6
number of alive: 6
adding vertex with color number: 1 to node: 3
Time taken: 0.524908 seconds

Pattern appears in 5 graphs:
S[136] -> S_220.json
S[288] -> S_358.json
S[363] -> S_425.json
S[414] -> S_471.json
S[586] -> S_626.json
Pattern written to pattern.json
