first_color: 0
number of alive: 1000
adding vertex with color number: 9 to node: 0
number of alive: 1000
number of alive: 1000
adding vertex with color number: 18 to node: 0
number of alive: 985
Added edge (1, 2) with score 45
number of alive: 45
adding vertex with color number: 7 to node: 1
number of alive: 26
number of alive: 26
adding vertex with color number: 4 to node: 1
number of alive: 21
adding vertex with color number: 8 to node: 0
Time taken: 0.590881 seconds

Pattern appears in 4 graphs:
S[216] -> S_293.json
S[290] -> S_36.json
S[363] -> S_425.json
S[510] -> S_558.json
Pattern written to pattern.json
