first_color: 0
number of alive: 1000
adding vertex with color number: 2 to node: 0
number of alive: 1000
adding vertex with color number: 4 to node: 1
number of alive: 1000
adding vertex with color number: 17 to node: 2
number of alive: 999
adding vertex with color number: 0 to node: 0
number of alive: 999
Added edge (2, 4) with score 785
number of alive: 785
adding vertex with color number: 4 to node: 3
number of alive: 699
adding vertex with color number: 9 to node: 1
number of alive: 306
Added edge (0, 5) with score 8
number of alive: 8
number of alive: 8
adding vertex with color number: 4 to node: 2
number of alive: 6
adding vertex with color number: 9 to node: 7
Time taken: 4.98097 seconds

Pattern appears in 3 graphs:
S[327] -> S_393.json
S[509] -> S_557.json
S[578] -> S_619.json
Pattern written to pattern.json
