first_color: 0
number of alive: 1000
adding vertex with color number: 2 to node: 0
number of alive: 1000
adding vertex with color number: 2 to node: 1
number of alive: 1000
adding vertex with color number: 11 to node: 2
number of alive: 1000
adding vertex with color number: 4 to node: 1
number of alive: 1000
adding vertex with color number: 13 to node: 4
number of alive: 998
Added edge (0, 5) with score 286
number of alive: 286
Added edge (0, 2) with score 6
number of alive: 6
number of alive: 6
adding vertex with color number: 3 to node: 2
Time taken: 7.14992 seconds

Pattern appears in 2 graphs:
S[390] -> S_45.json
S[559] -> S_601.json
Pattern written to pattern.json
