first_color: 0
number of alive: 1000
adding vertex with color number: 8 to node: 0
number of alive: 1000
adding vertex with color number: 18 to node: 1
number of alive: 954
Added edge (0, 2) with score 75
number of alive: 75
number of alive: 75
adding vertex with color number: 2 to node: 2
number of alive: 66
adding vertex with color number: 19 to node: 3
number of alive: 11
number of alive: 11
adding vertex with color number: 7 to node: 0
number of alive: 6
number of alive: 6
adding vertex with color number: 4 to node: 3
Time taken: 0.693092 seconds

Pattern appears in 4 graphs:
S[52] -> S_145.json
S[248] -> S_321.json
S[556] -> S_6.json
S[826] -> S_842.json
Pattern written to pattern.json
