first_color: 0
number of alive: 1000
adding vertex with color number: 2 to node: 0
number of alive: 1000
adding vertex with color number: 19 to node: 1
number of alive: 998
adding vertex with color number: 16 to node: 0
number of alive: 887
Added edge (2, 3) with score 37
number of alive: 37
number of alive: 37
adding vertex with color number: 11 to node: 3
number of alive: 7
adding vertex with color number: 6 to node: 2
Time taken: 1.81514 seconds

Pattern appears in 4 graphs:
S[256] -> S_329.json
S[378] -> S_439.json
S[731] -> S_757.json
S[739] -> S_764.json
Pattern written to pattern.json
