first_color: 0
number of alive: 1000
adding vertex with color number: 5 to node: 0
number of alive: 1000
adding vertex with color number: 2 to node: 1
number of alive: 1000
Added edge (0, 2) with score 992
number of alive: 992
adding vertex with color number: 4 to node: 1
number of alive: 980
Added edge (0, 3) with score 73
number of alive: 73
adding vertex with color number: 1 to node: 3
number of alive: 70
number of alive: 70
adding vertex with color number: 7 to node: 1
number of alive: 30
adding vertex with color number: 0 to node: 0
number of alive: 29
adding vertex with color number: 0 to node: 4
number of alive: 28
adding vertex with color number: 17 to node: 7
number of alive: 10
number of alive: 10
adding vertex with color number: 4 to node: 2
number of alive: 9
number of alive: 9
adding vertex with color number: 5 to node: 6
number of alive: 8
number of alive: 8
adding vertex with color number: 13 to node: 9
Time taken: 2.23848 seconds

Pattern appears in 2 graphs:
S[491] -> S_540.json
S[541] -> S_586.json
Pattern written to pattern.json
