first_color: 0
number of alive: 1000
adding vertex with color number: 6 to node: 0
number of alive: 1000
adding vertex with color number: 13 to node: 1
number of alive: 1000
Added edge (0, 2) with score 262
number of alive: 262
adding vertex with color number: 8 to node: 2
number of alive: 110
number of alive: 110
adding vertex with color number: 5 to node: 2
number of alive: 67
adding vertex with color number: 1 to node: 3
number of alive: 64
Added edge (4, 5) with score 6
number of alive: 6
number of alive: 6
adding vertex with color number: 7 to node: 4
Time taken: 0.944816 seconds

Pattern appears in 2 graphs:
S[473] -> S_524.json
S[940] -> S_945.json
Pattern written to pattern.json
