first_color: 0
number of alive: 1000
adding vertex with color number: 6 to node: 0
number of alive: 1000
adding vertex with color number: 9 to node: 1
number of alive: 1000
adding vertex with color number: 16 to node: 2
number of alive: 680
Added edge (0, 3) with score 45
number of alive: 45
adding vertex with color number: 4 to node: 2
number of alive: 34
adding vertex with color number: 4 to node: 0
number of alive: 22
number of alive: 22
adding vertex with color number: 4 to node: 4
number of alive: 21
number of alive: 21
adding vertex with color number: 3 to node: 6
number of alive: 21
adding vertex with color number: 8 to node: 2
number of alive: 10
number of alive: 10
adding vertex with color number: 14 to node: 0
Time taken: 1.03663 seconds

Pattern appears in 4 graphs:
S[9] -> S_106.json
S[238] -> S_312.json
S[338] -> S_402.json
S[642] -> S_677.json
Pattern written to pattern.json
