first_color: 0
number of alive: 1000
adding vertex with color number: 16 to node: 0
number of alive: 1000
adding vertex with color number: 0 to node: 1
number of alive: 999
adding vertex with color number: 15 to node: 0
number of alive: 739
adding vertex with color number: 6 to node: 2
number of alive: 659
adding vertex with color number: 1 to node: 2
number of alive: 650
Added edge (4, 5) with score 70
number of alive: 70
number of alive: 70
adding vertex with color number: 6 to node: 5
number of alive: 34
adding vertex with color number: 0 to node: 2
number of alive: 31
adding vertex with color number: 3 to node: 4
number of alive: 31
adding vertex with color number: 5 to node: 7
number of alive: 24
adding vertex with color number: 0 to node: 6
number of alive: 24
number of alive: 24
adding vertex with color number: 10 to node: 7
number of alive: 8
number of alive: 8
adding vertex with color number: 11 to node: 1
Time taken: 0.657575 seconds

Pattern appears in 1 graphs:
S[861] -> S_874.json
Pattern written to pattern.json
