first_color: 0
number of alive: 1000
adding vertex with color number: 14 to node: 0
number of alive: 1000
adding vertex with color number: 13 to node: 1
number of alive: 881
Added edge (0, 2) with score 53
number of alive: 53
number of alive: 53
adding vertex with color number: 7 to node: 2
number of alive: 30
adding vertex with color number: 3 to node: 0
number of alive: 22
adding vertex with color number: 8 to node: 2
number of alive: 6
adding vertex with color number: 1 to node: 1
number of alive: 6
number of alive: 6
adding vertex with color number: 0 to node: 3
number of alive: 6
adding vertex with color number: 4 to node: 4
number of alive: 6
number of alive: 6
adding vertex with color number: 3 to node: 6
Time taken: 0.504126 seconds

Pattern appears in 5 graphs:
S[82] -> S_172.json
S[190] -> S_27.json
S[346] -> S_41.json
S[811] -> S_829.json
S[869] -> S_881.json
Pattern written to pattern.json
