first_color: 0
number of alive: 1000
adding vertex with color number: 6 to node: 0
number of alive: 1000
adding vertex with color number: 0 to node: 0
number of alive: 1000
adding vertex with color number: 18 to node: 1
number of alive: 987
Added edge (2, 3) with score 364
number of alive: 364
adding vertex with color number: 5 to node: 3
number of alive: 236
adding vertex with color number: 1 to node: 1
number of alive: 223
adding vertex with color number: 6 to node: 5
number of alive: 180
Added edge (4, 6) with score 10
number of alive: 10
number of alive: 10
adding vertex with color number: 14 to node: 6
Time taken: 2.38313 seconds

Pattern appears in 2 graphs:
S[231] -> S_306.json
S[719] -> S_746.json
Pattern written to pattern.json
