first_color: 0
number of alive: 1000
adding vertex with color number: 7 to node: 0
number of alive: 1000
number of alive: 1000
adding vertex with color number: 4 to node: 1
number of alive: 1000
adding vertex with color number: 3 to node: 0
number of alive: 1000
adding vertex with color number: 14 to node: 1
number of alive: 997
adding vertex with color number: 13 to node: 4
number of alive: 526
adding vertex with color number: 6 to node: 5
number of alive: 317
adding vertex with color number: 4 to node: 6
number of alive: 271
Added edge (3, 7) with score 44
number of alive: 44
number of alive: 44
adding vertex with color number: 2 to node: 1
number of alive: 42
number of alive: 42
adding vertex with color number: 3 to node: 3
number of alive: 36
number of alive: 36
adding vertex with color number: 1 to node: 1
number of alive: 34
adding vertex with color number: 3 to node: 8
number of alive: 33
number of alive: 33
adding vertex with color number: 6 to node: 10
number of alive: 24
adding vertex with color number: 5 to node: 1
number of alive: 21
number of alive: 21
adding vertex with color number: 6 to node: 13
number of alive: 12
adding vertex with color number: 0 to node: 5
number of alive: 11
number of alive: 11
adding vertex with color number: 5 to node: 7
number of alive: 9
number of alive: 9
adding vertex with color number: 12 to node: 11
Time taken: 3.0705 seconds

Pattern appears in 4 graphs:
S[36] -> S_130.json
S[378] -> S_439.json
S[530] -> S_576.json
S[565] -> S_607.json
Pattern written to pattern.json
