first_color: 0
number of alive: 1000
adding vertex with color number: 6 to node: 0
number of alive: 1000
number of alive: 1000
adding vertex with color number: 9 to node: 0
number of alive: 1000
adding vertex with color number: 17 to node: 1
number of alive: 933
adding vertex with color number: 13 to node: 0
number of alive: 400
Added edge (2, 4) with score 10
number of alive: 10
number of alive: 10
adding vertex with color number: 9 to node: 4
Time taken: 1.03324 seconds

Pattern appears in 4 graphs:
S[56] -> S_149.json
S[141] -> S_225.json
S[451] -> S_504.json
S[515] -> S_562.json
Pattern written to pattern.json
