first_color: 0
number of alive: 1000
adding vertex with color number: 3 to node: 0
number of alive: 1000
adding vertex with color number: 5 to node: 1
number of alive: 1000
Added edge (0, 2) with score 983
number of alive: 983
adding vertex with color number: 7 to node: 2
number of alive: 843
adding vertex with color number: 17 to node: 3
number of alive: 161
adding vertex with color number: 7 to node: 1
number of alive: 67
adding vertex with color number: 13 to node: 2
number of alive: 11
adding vertex with color number: 9 to node: 3
Time taken: 2.55802 seconds

Pattern appears in 2 graphs:
S[508] -> S_556.json
S[671] -> S_702.json
Pattern written to pattern.json
