first_color: 0
number of alive: 1000
adding vertex with color number: 13 to node: 0
number of alive: 1000
adding vertex with color number: 11 to node: 0
number of alive: 993
Added edge (1, 2) with score 68
number of alive: 68
number of alive: 68
adding vertex with color number: 3 to node: 2
number of alive: 54
number of alive: 54
adding vertex with color number: 9 to node: 2
number of alive: 12
number of alive: 12
adding vertex with color number: 3 to node: 4
number of alive: 10
adding vertex with color number: 1 to node: 0
number of alive: 10
number of alive: 10
adding vertex with color number: 2 to node: 4
number of alive: 8
adding vertex with color number: 6 to node: 0
Time taken: 0.503245 seconds

Pattern appears in 3 graphs:
S[99] -> S_188.json
S[614] -> S_651.json
S[807] -> S_825.json
Pattern written to pattern.json
