first_color: 0
number of alive: 1000
adding vertex with color number: 17 to node: 0
number of alive: 1000
adding vertex with color number: 6 to node: 0
number of alive: 999
adding vertex with color number: 5 to node: 0
number of alive: 998
Added edge (2, 3) with score 130
number of alive: 130
number of alive: 130
adding vertex with color number: 3 to node: 2
number of alive: 114
adding vertex with color number: 4 to node: 0
number of alive: 96
adding vertex with color number: 1 to node: 4
number of alive: 94
Added edge (5, 6) with score 7
number of alive: 7
number of alive: 7
adding vertex with color number: 4 to node: 6
number of alive: 6
adding vertex with color number: 6 to node: 3
Time taken: 0.544179 seconds

Pattern appears in 2 graphs:
S[652] -> S_686.json
S[764] -> S_787.json
Pattern written to pattern.json
