first_color: 0
number of alive: 1000
adding vertex with color number: 5 to node: 0
number of alive: 1000
number of alive: 1000
adding vertex with color number: 3 to node: 0
number of alive: 1000
adding vertex with color number: 12 to node: 2
number of alive: 1000
adding vertex with color number: 9 to node: 3
number of alive: 945
Added edge (1, 2) with score 153
number of alive: 153
adding vertex with color number: 4 to node: 1
number of alive: 123
adding vertex with color number: 4 to node: 4
number of alive: 101
Added edge (1, 6) with score 6
number of alive: 6
number of alive: 6
adding vertex with color number: 3 to node: 3
number of alive: 6
number of alive: 6
adding vertex with color number: 1 to node: 7
number of alive: 6
number of alive: 6
adding vertex with color number: 8 to node: 3
Time taken: 2.34546 seconds

Pattern appears in 2 graphs:
S[101] -> S_19.json
S[416] -> S_473.json
Pattern written to pattern.json
