first_color: 0
number of alive: 1000
adding vertex with color number: 7 to node: 0
number of alive: 1000
adding vertex with color number: 14 to node: 1
number of alive: 999
Added edge (0, 2) with score 211
number of alive: 211
adding vertex with color number: 15 to node: 2
number of alive: 19
adding vertex with color number: 5 to node: 3
number of alive: 13
adding vertex with color number: 4 to node: 1
number of alive: 11
number of alive: 11
adding vertex with color number: 1 to node: 2
number of alive: 10
number of alive: 10
adding vertex with color number: 18 to node: 4
Time taken: 0.815697 seconds

Pattern appears in 1 graphs:
S[201] -> S_28.json
Pattern written to pattern.json
