first_color: 0
number of alive: 1000
adding vertex with color number: 6 to node: 0
number of alive: 1000
number of alive: 1000
adding vertex with color number: 4 to node: 1
number of alive: 1000
adding vertex with color number: 12 to node: 2
number of alive: 1000
adding vertex with color number: 7 to node: 2
number of alive: 991
Added edge (0, 4) with score 194
number of alive: 194
number of alive: 194
adding vertex with color number: 0 to node: 3
number of alive: 182
Added edge (2, 5) with score 6
number of alive: 6
adding vertex with color number: 1 to node: 2
number of alive: 6
number of alive: 6
adding vertex with color number: 6 to node: 4
Time taken: 1.91064 seconds

Pattern appears in 4 graphs:
S[37] -> S_131.json
S[260] -> S_332.json
S[300] -> S_369.json
S[933] -> S_939.json
Pattern written to pattern.json
