first_color: 0
number of alive: 1000
adding vertex with color number: 17 to node: 0
number of alive: 1000
adding vertex with color number: 3 to node: 0
number of alive: 1000
Added edge (1, 2) with score 302
number of alive: 302
adding vertex with color number: 2 to node: 1
number of alive: 276
adding vertex with color number: 9 to node: 1
number of alive: 89
adding vertex with color number: 11 to node: 2
number of alive: 7
adding vertex with color number: 8 to node: 4
Time taken: 0.540584 seconds

Pattern appears in 3 graphs:
S[69] -> S_160.json
S[775] -> S_797.json
S[998] -> S_998.json
Pattern written to pattern.json
