first_color: 0
number of alive: 1000
adding vertex with color number: 17 to node: 0
number of alive: 1000
adding vertex with color number: 3 to node: 0
number of alive: 1000
Added edge (1, 2) with score 302
number of alive: 302
adding vertex with color number: 10 to node: 0
number of alive: 57
adding vertex with color number: 2 to node: 0
number of alive: 49
adding vertex with color number: 3 to node: 3
number of alive: 42
adding vertex with color number: 1 to node: 4
number of alive: 41
number of alive: 41
adding vertex with color number: 17 to node: 6
number of alive: 17
adding vertex with color number: 6 to node: 0
number of alive: 8
adding vertex with color number: 6 to node: 3
number of alive: 6
adding vertex with color number: 4 to node: 2
Time taken: 0.540014 seconds

Pattern appears in 5 graphs:
S[178] -> S_259.json
S[319] -> S_386.json
S[349] -> S_412.json
S[569] -> S_610.json
S[996] -> S_996.json
Pattern written to pattern.json
