first_color: 0
number of alive: 1000
adding vertex with color number: 6 to node: 0
number of alive: 1000
adding vertex with color number: 17 to node: 0
number of alive: 999
adding vertex with color number: 2 to node: 2
number of alive: 998
adding vertex with color number: 2 to node: 0
number of alive: 998
adding vertex with color number: 1 to node: 2
number of alive: 997
Added edge (4, 5) with score 377
number of alive: 377
adding vertex with color number: 5 to node: 3
number of alive: 320
Added edge (1, 3) with score 13
number of alive: 13
number of alive: 13
adding vertex with color number: 3 to node: 6
number of alive: 10
number of alive: 10
adding vertex with color number: 3 to node: 7
number of alive: 9
adding vertex with color number: 0 to node: 1
number of alive: 8
number of alive: 8
adding vertex with color number: 2 to node: 1
number of alive: 7
adding vertex with color number: 3 to node: 10
number of alive: 7
adding vertex with color number: 1 to node: 11
number of alive: 7
adding vertex with color number: 7 to node: 11
Time taken: 1.88146 seconds

Pattern appears in 5 graphs:
S[240] -> S_314.json
S[262] -> S_334.json
S[492] -> S_541.json
S[629] -> S_665.json
S[648] -> S_682.json
Pattern written to pattern.json
