first_color: 0
number of alive: 1000
adding vertex with color number: 8 to node: 0
number of alive: 1000
adding vertex with color number: 14 to node: 1
number of alive: 996
Added edge (0, 2) with score 171
number of alive: 171
adding vertex with color number: 2 to node: 1
number of alive: 155
number of alive: 155
adding vertex with color number: 1 to node: 2
number of alive: 145
Added edge (3, 4) with score 5
Time taken: 0.725894 seconds

Pattern appears in 5 graphs:
S[493] -> S_542.json
S[529] -> S_575.json
S[560] -> S_602.json
S[658] -> S_691.json
S[726] -> S_752.json
Pattern written to pattern.json
