first_color: 0
number of alive: 1000
adding vertex with color number: 2 to node: 0
number of alive: 1000
adding vertex with color number: 11 to node: 0
number of alive: 1000
adding vertex with color number: 6 to node: 0
number of alive: 1000
adding vertex with color number: 5 to node: 3
number of alive: 1000
adding vertex with color number: 15 to node: 2
number of alive: 516
adding vertex with color number: 4 to node: 4
number of alive: 475
adding vertex with color number: 4 to node: 5
number of alive: 391
adding vertex with color number: 7 to node: 1
number of alive: 321
adding vertex with color number: 17 to node: 6
number of alive: 97
adding vertex with color number: 3 to node: 0
number of alive: 70
Added edge (1, 7) with score 5
Time taken: 2.441 seconds

Pattern appears in 5 graphs:
S[464] -> S_516.json
S[482] -> S_532.json
S[495] -> S_544.json
S[660] -> S_693.json
S[952] -> S_956.json
Pattern written to pattern.json
