first_color: 0
number of alive: 1000
adding vertex with color number: 16 to node: 0
number of alive: 1000
number of alive: 1000
adding vertex with color number: 8 to node: 1
number of alive: 938
adding vertex with color number: 2 to node: 2
number of alive: 923
adding vertex with color number: 8 to node: 0
number of alive: 828
Added edge (0, 3) with score 82
number of alive: 82
number of alive: 82
adding vertex with color number: 6 to node: 3
number of alive: 37
adding vertex with color number: 2 to node: 0
number of alive: 34
number of alive: 34
adding vertex with color number: 18 to node: 3
number of alive: 6
adding vertex with color number: 3 to node: 5
number of alive: 6
number of alive: 6
adding vertex with color number: 7 to node: 2
Time taken: 0.566697 seconds

Pattern appears in 3 graphs:
S[100] -> S_189.json
S[353] -> S_416.json
S[606] -> S_644.json
Pattern written to pattern.json
