first_color: 0
number of alive: 1000
adding vertex with color number: 14 to node: 0
number of alive: 1000
number of alive: 1000
adding vertex with color number: 7 to node: 1
number of alive: 998
adding vertex with color number: 18 to node: 0
number of alive: 709
Added edge (0, 2) with score 18
number of alive: 18
number of alive: 18
adding vertex with color number: 2 to node: 0
number of alive: 16
adding vertex with color number: 3 to node: 4
number of alive: 15
adding vertex with color number: 15 to node: 4
Time taken: 0.563153 seconds

Pattern appears in 4 graphs:
S[100] -> S_189.json
S[229] -> S_304.json
S[514] -> S_561.json
S[997] -> S_997.json
Pattern written to pattern.json
