first_color: 0
number of alive: 1000
adding vertex with color number: 17 to node: 0
number of alive: 1000
adding vertex with color number: 3 to node: 0
number of alive: 1000
adding vertex with color number: 7 to node: 2
number of alive: 1000
adding vertex with color number: 1 to node: 2
number of alive: 1000
Added edge (3, 4) with score 355
number of alive: 355
adding vertex with color number: 7 to node: 1
number of alive: 190
Added edge (0, 5) with score 8
number of alive: 8
adding vertex with color number: 2 to node: 2
Time taken: 0.825945 seconds

Pattern appears in 5 graphs:
S[29] -> S_124.json
S[384] -> S_444.json
S[540] -> S_585.json
S[760] -> S_783.json
S[986] -> S_987.json
Pattern written to pattern.json
