first_color: 0
number of alive: 1000
adding vertex with color number: 19 to node: 0
number of alive: 999
number of alive: 999
adding vertex with color number: 4 to node: 1
number of alive: 996
Added edge (0, 2) with score 235
number of alive: 235
number of alive: 235
adding vertex with color number: 5 to node: 1
number of alive: 152
adding vertex with color number: 1 to node: 1
number of alive: 144
adding vertex with color number: 4 to node: 4
number of alive: 137
Added edge (3, 5) with score 9
number of alive: 9
number of alive: 9
adding vertex with color number: 3 to node: 0
number of alive: 7
adding vertex with color number: 0 to node: 5
number of alive: 6
number of alive: 6
adding vertex with color number: 16 to node: 0
Time taken: 0.513204 seconds

Pattern appears in 2 graphs:
S[268] -> S_34.json
S[893] -> S_902.json
Pattern written to pattern.json
