first_color: 0
number of alive: 1000
adding vertex with color number: 10 to node: 0
number of alive: 1000
adding vertex with color number: 1 to node: 1
number of alive: 1000
Added edge (0, 2) with score 665
number of alive: 665
adding vertex with color number: 0 to node: 0
number of alive: 650
adding vertex with color number: 8 to node: 2
number of alive: 307
adding vertex with color number: 4 to node: 3
number of alive: 298
adding vertex with color number: 5 to node: 1
number of alive: 182
adding vertex with color number: 5 to node: 4
number of alive: 131
adding vertex with color number: 9 to node: 3
number of alive: 63
number of alive: 63
adding vertex with color number: 2 to node: 2
number of alive: 58
adding vertex with color number: 18 to node: 7
number of alive: 11
adding vertex with color number: 8 to node: 9
number of alive: 6
number of alive: 6
adding vertex with color number: 2 to node: 8
number of alive: 6
adding vertex with color number: 3 to node: 7
Time taken: 0.804671 seconds

Pattern appears in 5 graphs:
S[32] -> S_127.json
S[230] -> S_305.json
S[688] -> S_718.json
S[727] -> S_753.json
S[913] -> S_920.json
Pattern written to pattern.json
