first_color: 0
number of alive: 1000
adding vertex with color number: 17 to node: 0
number of alive: 1000
adding vertex with color number: 14 to node: 1
number of alive: 636
adding vertex with color number: 12 to node: 0
number of alive: 310
adding vertex with color number: 11 to node: 1
number of alive: 69
adding vertex with color number: 2 to node: 4
number of alive: 62
adding vertex with color number: 1 to node: 1
number of alive: 62
number of alive: 62
adding vertex with color number: 3 to node: 1
number of alive: 54
adding vertex with color number: 0 to node: 1
number of alive: 47
Added edge (6, 7) with score 5
Time taken: 0.471259 seconds

Pattern appears in 5 graphs:
S[203] -> S_281.json
S[214] -> S_291.json
S[363] -> S_425.json
S[556] -> S_6.json
S[611] -> S_649.json
Pattern written to pattern.json
