first_color: 0
number of alive: 1000
adding vertex with color number: 16 to node: 0
number of alive: 1000
adding vertex with color number: 9 to node: 0
number of alive: 986
adding vertex with color number: 10 to node: 1
number of alive: 459
adding vertex with color number: 1 to node: 3
number of alive: 442
adding vertex with color number: 1 to node: 2
number of alive: 428
Added edge (4, 5) with score 51
number of alive: 51
number of alive: 51
adding vertex with color number: 1 to node: 5
number of alive: 46
number of alive: 46
adding vertex with color number: 2 to node: 2
number of alive: 45
adding vertex with color number: 6 to node: 0
number of alive: 27
adding vertex with color number: 5 to node: 7
number of alive: 21
adding vertex with color number: 4 to node: 5
number of alive: 14
adding vertex with color number: 0 to node: 0
number of alive: 12
adding vertex with color number: 3 to node: 2
number of alive: 11
number of alive: 11
adding vertex with color number: 5 to node: 10
number of alive: 9
adding vertex with color number: 6 to node: 10
Time taken: 0.548483 seconds

Pattern appears in 5 graphs:
S[213] -> S_290.json
S[407] -> S_465.json
S[552] -> S_596.json
S[808] -> S_826.json
S[891] -> S_900.json
Pattern written to pattern.json
