first_color: 0
number of alive: 1000
adding vertex with color number: 11 to node: 0
number of alive: 1000
adding vertex with color number: 5 to node: 1
number of alive: 1000
adding vertex with color number: 7 to node: 0
number of alive: 1000
Added edge (2, 3) with score 192
number of alive: 192
adding vertex with color number: 1 to node: 2
number of alive: 180
Added edge (3, 4) with score 8
number of alive: 8
adding vertex with color number: 2 to node: 4
number of alive: 6
adding vertex with color number: 6 to node: 3
Time taken: 0.670264 seconds

Pattern appears in 5 graphs:
S[357] -> S_42.json
S[616] -> S_653.json
S[785] -> S_805.json
S[867] -> S_88.json
S[952] -> S_956.json
Pattern written to pattern.json
