first_color: 0
number of alive: 1000
adding vertex with color number: 10 to node: 0
number of alive: 1000
adding vertex with color number: 3 to node: 0
number of alive: 1000
Added edge (1, 2) with score 502
number of alive: 502
number of alive: 502
adding vertex with color number: 13 to node: 0
number of alive: 92
adding vertex with color number: 0 to node: 2
number of alive: 86
adding vertex with color number: 4 to node: 1
number of alive: 75
adding vertex with color number: 0 to node: 3
number of alive: 69
adding vertex with color number: 18 to node: 0
Time taken: 0.696111 seconds

Pattern appears in 5 graphs:
S[53] -> S_146.json
S[70] -> S_161.json
S[412] -> S_47.json
S[418] -> S_475.json
S[642] -> S_677.json
Pattern written to pattern.json
