first_color: 0
number of alive: 1000
adding vertex with color number: 14 to node: 0
number of alive: 1000
adding vertex with color number: 12 to node: 1
number of alive: 866
adding vertex with color number: 5 to node: 0
number of alive: 833
Added edge (1, 3) with score 51
number of alive: 51
adding vertex with color number: 1 to node: 1
number of alive: 48
number of alive: 48
adding vertex with color number: 1 to node: 2
number of alive: 45
adding vertex with color number: 3 to node: 2
number of alive: 41
number of alive: 41
adding vertex with color number: 9 to node: 4
number of alive: 24
number of alive: 24
adding vertex with color number: 0 to node: 5
number of alive: 22
adding vertex with color number: 7 to node: 8
number of alive: 20
number of alive: 20
adding vertex with color number: 1 to node: 0
number of alive: 18
number of alive: 18
adding vertex with color number: 4 to node: 2
number of alive: 13
number of alive: 13
adding vertex with color number: 4 to node: 10
number of alive: 13
number of alive: 13
adding vertex with color number: 9 to node: 7
Time taken: 0.57937 seconds

Pattern appears in 5 graphs:
S[111] -> S_199.json
S[253] -> S_326.json
S[260] -> S_332.json
S[544] -> S_589.json
S[599] -> S_638.json
Pattern written to pattern.json
