first_color: 0
number of alive: 1000
adding vertex with color number: 6 to node: 0
number of alive: 1000
adding vertex with color number: 18 to node: 0
number of alive: 998
Added edge (1, 2) with score 151
number of alive: 151
adding vertex with color number: 6 to node: 2
number of alive: 78
adding vertex with color number: 1 to node: 3
number of alive: 73
adding vertex with color number: 4 to node: 1
number of alive: 59
adding vertex with color number: 5 to node: 4
number of alive: 53
number of alive: 53
adding vertex with color number: 4 to node: 0
number of alive: 39
adding vertex with color number: 0 to node: 7
number of alive: 38
number of alive: 38
adding vertex with color number: 0 to node: 2
number of alive: 37
adding vertex with color number: 13 to node: 9
number of alive: 15
adding vertex with color number: 11 to node: 5
Time taken: 0.899456 seconds

Pattern appears in 4 graphs:
S[13] -> S_11.json
S[391] -> S_450.json
S[707] -> S_735.json
S[992] -> S_992.json
Pattern written to pattern.json
