first_color: 0
number of alive: 1000
adding vertex with color number: 5 to node: 0
number of alive: 1000
adding vertex with color number: 4 to node: 1
number of alive: 1000
Added edge (0, 2) with score 974
number of alive: 974
adding vertex with color number: 3 to node: 0
number of alive: 947
adding vertex with color number: 7 to node: 1
number of alive: 721
adding vertex with color number: 0 to node: 1
number of alive: 709
adding vertex with color number: 18 to node: 3
number of alive: 154
adding vertex with color number: 3 to node: 5
number of alive: 150
Added edge (1, 7) with score 14
number of alive: 14
adding vertex with color number: 5 to node: 6
number of alive: 8
adding vertex with color number: 6 to node: 6
Time taken: 1.90122 seconds

Pattern appears in 4 graphs:
S[364] -> S_426.json
S[369] -> S_430.json
S[756] -> S_78.json
S[925] -> S_931.json
Pattern written to pattern.json
