first_color: 0
number of alive: 1000
adding vertex with color number: 10 to node: 0
number of alive: 1000
number of alive: 1000
adding vertex with color number: 17 to node: 0
number of alive: 932
adding vertex with color number: 14 to node: 1
number of alive: 354
number of alive: 354
adding vertex with color number: 1 to node: 1
number of alive: 338
Added edge (2, 4) with score 16
number of alive: 16
number of alive: 16
adding vertex with color number: 1 to node: 2
number of alive: 16
number of alive: 16
adding vertex with color number: 7 to node: 1
number of alive: 8
adding vertex with color number: 12 to node: 5
Time taken: 0.497573 seconds

Pattern appears in 4 graphs:
S[49] -> S_142.json
S[69] -> S_160.json
S[303] -> S_371.json
S[306] -> S_374.json
Pattern written to pattern.json
