first_color: 0
number of alive: 1000
adding vertex with color number: 18 to node: 0
number of alive: 999
number of alive: 999
adding vertex with color number: 16 to node: 0
number of alive: 760
adding vertex with color number: 5 to node: 0
number of alive: 607
adding vertex with color number: 6 to node: 3
number of alive: 468
adding vertex with color number: 9 to node: 1
number of alive: 143
Added edge (4, 5) with score 5
Time taken: 0.448366 seconds

Pattern appears in 5 graphs:
S[114] -> S_200.json
S[351] -> S_414.json
S[436] -> S_491.json
S[585] -> S_625.json
S[809] -> S_827.json
Pattern written to pattern.json
