first_color: 0
number of alive: 1000
adding vertex with color number: 1 to node: 0
number of alive: 1000
adding vertex with color number: 3 to node: 0
number of alive: 1000
Added edge (1, 2) with score 1000
number of alive: 1000
adding vertex with color number: 8 to node: 1
number of alive: 988
Added edge (2, 3) with score 49
number of alive: 49
adding vertex with color number: 5 to node: 1
number of alive: 31
number of alive: 31
adding vertex with color number: 5 to node: 4
number of alive: 19
adding vertex with color number: 1 to node: 5
number of alive: 19
number of alive: 19
adding vertex with color number: 9 to node: 6
number of alive: 14
number of alive: 14
adding vertex with color number: 0 to node: 5
number of alive: 14
number of alive: 14
adding vertex with color number: 9 to node: 7
Time taken: 4.56999 seconds

Pattern appears in 3 graphs:
S[252] -> S_325.json
S[564] -> S_606.json
S[977] -> S_979.json
Pattern written to pattern.json
