first_color: 0
number of alive: 1000
adding vertex with color number: 2 to node: 0
number of alive: 1000
adding vertex with color number: 10 to node: 0
number of alive: 1000
adding vertex with color number: 18 to node: 2
number of alive: 671
adding vertex with color number: 6 to node: 0
number of alive: 604
adding vertex with color number: 17 to node: 1
number of alive: 217
adding vertex with color number: 3 to node: 0
number of alive: 192
adding vertex with color number: 5 to node: 2
number of alive: 108
Added edge (4, 7) with score 5
Time taken: 1.96371 seconds

Pattern appears in 5 graphs:
S[285] -> S_355.json
S[549] -> S_593.json
S[642] -> S_677.json
S[936] -> S_941.json
S[959] -> S_962.json
Pattern written to pattern.json
