first_color: 0
number of alive: 1000
adding vertex with color number: 11 to node: 0
number of alive: 1000
number of alive: 1000
adding vertex with color number: 16 to node: 1
number of alive: 642
adding vertex with color number: 6 to node: 2
number of alive: 422
adding vertex with color number: 4 to node: 2
number of alive: 338
adding vertex with color number: 4 to node: 0
number of alive: 332
adding vertex with color number: 11 to node: 5
number of alive: 166
Added edge (3, 4) with score 7
number of alive: 7
number of alive: 7
adding vertex with color number: 1 to node: 2
number of alive: 7
adding vertex with color number: 7 to node: 3
Time taken: 0.539181 seconds

Pattern appears in 4 graphs:
S[17] -> S_113.json
S[110] -> S_198.json
S[123] -> S_209.json
S[935] -> S_940.json
Pattern written to pattern.json
