first_color: 0
number of alive: 1000
adding vertex with color number: 18 to node: 0
number of alive: 999
number of alive: 999
adding vertex with color number: 5 to node: 1
number of alive: 988
adding vertex with color number: 9 to node: 1
number of alive: 710
adding vertex with color number: 3 to node: 3
number of alive: 638
Added edge (0, 4) with score 57
number of alive: 57
number of alive: 57
adding vertex with color number: 8 to node: 0
number of alive: 20
adding vertex with color number: 1 to node: 4
number of alive: 20
adding vertex with color number: 0 to node: 1
number of alive: 20
number of alive: 20
adding vertex with color number: 3 to node: 1
number of alive: 15
number of alive: 15
adding vertex with color number: 4 to node: 4
number of alive: 9
adding vertex with color number: 2 to node: 2
number of alive: 7
number of alive: 7
adding vertex with color number: 1 to node: 9
number of alive: 7
adding vertex with color number: 14 to node: 4
Time taken: 0.548579 seconds

Pattern appears in 3 graphs:
S[45] -> S_139.json
S[61] -> S_153.json
S[260] -> S_332.json
Pattern written to pattern.json
