first_color: 0
number of alive: 1000
adding vertex with color number: 14 to node: 0
number of alive: 1000
adding vertex with color number: 7 to node: 0
number of alive: 1000
adding vertex with color number: 10 to node: 1
number of alive: 786
adding vertex with color number: 8 to node: 0
number of alive: 538
adding vertex with color number: 6 to node: 4
number of alive: 394
adding vertex with color number: 12 to node: 5
number of alive: 113
number of alive: 113
adding vertex with color number: 1 to node: 1
number of alive: 104
Added edge (0, 7) with score 8
number of alive: 8
adding vertex with color number: 1 to node: 3
number of alive: 8
number of alive: 8
adding vertex with color number: 5 to node: 5
number of alive: 6
adding vertex with color number: 4 to node: 3
Time taken: 0.638188 seconds

Pattern appears in 4 graphs:
S[212] -> S_29.json
S[441] -> S_496.json
S[545] -> S_59.json
S[565] -> S_607.json
Pattern written to pattern.json
