first_color: 0
number of alive: 1000
adding vertex with color number: 0 to node: 0
number of alive: 1000
adding vertex with color number: 14 to node: 0
number of alive: 1000
adding vertex with color number: 12 to node: 1
number of alive: 1000
adding vertex with color number: 8 to node: 1
number of alive: 983
adding vertex with color number: 8 to node: 0
number of alive: 832
Added edge (4, 5) with score 37
number of alive: 37
adding vertex with color number: 7 to node: 2
number of alive: 18
number of alive: 18
adding vertex with color number: 4 to node: 2
number of alive: 16
adding vertex with color number: 1 to node: 5
number of alive: 14
number of alive: 14
adding vertex with color number: 3 to node: 3
number of alive: 12
number of alive: 12
adding vertex with color number: 4 to node: 8
number of alive: 12
adding vertex with color number: 5 to node: 8
number of alive: 11
adding vertex with color number: 11 to node: 3
Time taken: 2.53391 seconds

Pattern appears in 2 graphs:
S[167] -> S_249.json
S[611] -> S_649.json
Pattern written to pattern.json
