first_color: 0
number of alive: 1000
adding vertex with color number: 5 to node: 0
number of alive: 1000
adding vertex with color number: 16 to node: 0
number of alive: 1000
adding vertex with color number: 0 to node: 0
number of alive: 1000
adding vertex with color number: 10 to node: 0
number of alive: 800
Added edge (1, 3) with score 63
number of alive: 63
adding vertex with color number: 3 to node: 0
number of alive: 49
adding vertex with color number: 2 to node: 2
number of alive: 43
adding vertex with color number: 2 to node: 0
number of alive: 39
number of alive: 39
adding vertex with color number: 4 to node: 4
number of alive: 31
adding vertex with color number: 6 to node: 3
number of alive: 16
number of alive: 16
adding vertex with color number: 0 to node: 3
number of alive: 15
number of alive: 15
adding vertex with color number: 5 to node: 3
number of alive: 8
adding vertex with color number: 3 to node: 9
number of alive: 6
adding vertex with color number: 3 to node: 5
Time taken: 1.1996 seconds

Pattern appears in 5 graphs:
S[70] -> S_161.json
S[187] -> S_267.json
S[285] -> S_355.json
S[307] -> S_375.json
S[314] -> S_381.json
Pattern written to pattern.json
