first_color: 0
number of alive: 1000
adding vertex with color number: 12 to node: 0
number of alive: 1000
adding vertex with color number: 15 to node: 1
number of alive: 642
adding vertex with color number: 9 to node: 0
number of alive: 425
adding vertex with color number: 9 to node: 3
number of alive: 172
adding vertex with color number: 8 to node: 2
number of alive: 65
number of alive: 65
adding vertex with color number: 5 to node: 4
number of alive: 45
number of alive: 45
adding vertex with color number: 1 to node: 4
number of alive: 44
adding vertex with color number: 13 to node: 7
number of alive: 18
number of alive: 18
adding vertex with color number: 5 to node: 6
number of alive: 15
adding vertex with color number: 4 to node: 9
number of alive: 14
number of alive: 14
adding vertex with color number: 10 to node: 5
Time taken: 0.498556 seconds

Pattern appears in 1 graphs:
S[406] -> S_464.json
Pattern written to pattern.json
