first_color: 0
number of alive: 1000
adding vertex with color number: 4 to node: 0
number of alive: 1000
adding vertex with color number: 10 to node: 1
number of alive: 1000
adding vertex with color number: 15 to node: 0
number of alive: 961
adding vertex with color number: 14 to node: 0
number of alive: 396
adding vertex with color number: 8 to node: 0
number of alive: 185
adding vertex with color number: 4 to node: 2
number of alive: 158
adding vertex with color number: 2 to node: 3
number of alive: 147
Added edge (6, 7) with score 7
number of alive: 7
adding vertex with color number: 16 to node: 5
Time taken: 1.52925 seconds

Pattern appears in 1 graphs:
S[293] -> S_362.json
Pattern written to pattern.json
