first_color: 0
number of alive: 1000
adding vertex with color number: 15 to node: 0
number of alive: 1000
adding vertex with color number: 4 to node: 1
number of alive: 999
adding vertex with color number: 3 to node: 2
number of alive: 995
adding vertex with color number: 19 to node: 1
number of alive: 286
Added edge (0, 3) with score 23
number of alive: 23
adding vertex with color number: 2 to node: 0
number of alive: 22
number of alive: 22
adding vertex with color number: 1 to node: 1
number of alive: 22
adding vertex with color number: 15 to node: 5
Time taken: 0.675509 seconds

Pattern appears in 3 graphs:
S[42] -> S_136.json
S[234] -> S_309.json
S[940] -> S_945.json
Pattern written to pattern.json
