first_color: 0
number of alive: 1000
adding vertex with color number: 2 to node: 0
number of alive: 1000
adding vertex with color number: 4 to node: 0
number of alive: 1000
adding vertex with color number: 15 to node: 1
number of alive: 1000
adding vertex with color number: 1 to node: 0
number of alive: 1000
Added edge (2, 4) with score 743
number of alive: 743
Added edge (1, 2) with score 14
number of alive: 14
number of alive: 14
adding vertex with color number: 1 to node: 1
number of alive: 13
number of alive: 13
adding vertex with color number: 3 to node: 1
number of alive: 10
adding vertex with color number: 3 to node: 0
number of alive: 8
number of alive: 8
adding vertex with color number: 7 to node: 3
Time taken: 4.60478 seconds

Pattern appears in 4 graphs:
S[179] -> S_26.json
S[261] -> S_333.json
S[356] -> S_419.json
S[876] -> S_888.json
Pattern written to pattern.json
