first_color: 0
number of alive: 1000
adding vertex with color number: 18 to node: 0
number of alive: 999
adding vertex with color number: 1 to node: 0
number of alive: 999
Added edge (1, 2) with score 438
number of alive: 438
adding vertex with color number: 2 to node: 0
number of alive: 408
adding vertex with color number: 3 to node: 3
number of alive: 395
Added edge (1, 4) with score 28
number of alive: 28
number of alive: 28
adding vertex with color number: 2 to node: 4
number of alive: 26
adding vertex with color number: 3 to node: 1
number of alive: 25
number of alive: 25
adding vertex with color number: 5 to node: 5
number of alive: 18
adding vertex with color number: 13 to node: 0
Time taken: 0.594395 seconds

Pattern appears in 4 graphs:
S[164] -> S_246.json
S[245] -> S_319.json
S[392] -> S_451.json
S[890] -> S_90.json
Pattern written to pattern.json
