first_color: 0
number of alive: 1000
adding vertex with color number: 14 to node: 0
number of alive: 1000
adding vertex with color number: 6 to node: 0
number of alive: 1000
adding vertex with color number: 7 to node: 1
number of alive: 993
adding vertex with color number: 9 to node: 0
number of alive: 900
Added edge (2, 3) with score 40
number of alive: 40
number of alive: 40
adding vertex with color number: 4 to node: 3
number of alive: 34
adding vertex with color number: 1 to node: 0
number of alive: 31
adding vertex with color number: 7 to node: 2
number of alive: 18
adding vertex with color number: 3 to node: 6
number of alive: 17
adding vertex with color number: 4 to node: 5
number of alive: 14
adding vertex with color number: 5 to node: 1
number of alive: 12
adding vertex with color number: 0 to node: 6
number of alive: 12
number of alive: 12
adding vertex with color number: 14 to node: 4
Time taken: 0.694893 seconds

Pattern appears in 3 graphs:
S[570] -> S_611.json
S[761] -> S_784.json
S[933] -> S_939.json
Pattern written to pattern.json
