first_color: 0
number of alive: 1000
adding vertex with color number: 14 to node: 0
number of alive: 1000
adding vertex with color number: 12 to node: 1
number of alive: 866
adding vertex with color number: 8 to node: 2
number of alive: 542
Added edge (0, 3) with score 31
number of alive: 31
adding vertex with color number: 4 to node: 0
number of alive: 24
adding vertex with color number: 9 to node: 2
number of alive: 6
number of alive: 6
adding vertex with color number: 5 to node: 4
Time taken: 0.51301 seconds

Pattern appears in 4 graphs:
S[275] -> S_346.json
S[341] -> S_405.json
S[778] -> S_8.json
S[793] -> S_812.json
Pattern written to pattern.json
