first_color: 0
number of alive: 1000
adding vertex with color number: 17 to node: 0
number of alive: 1000
adding vertex with color number: 2 to node: 1
number of alive: 1000
adding vertex with color number: 15 to node: 2
number of alive: 635
Added edge (0, 3) with score 41
number of alive: 41
number of alive: 41
adding vertex with color number: 16 to node: 3
number of alive: 6
adding vertex with color number: 6 to node: 2
Time taken: 0.565658 seconds

Pattern appears in 3 graphs:
S[214] -> S_291.json
S[476] -> S_527.json
S[743] -> S_768.json
Pattern written to pattern.json
