first_color: 0
number of alive: 1000
adding vertex with color number: 7 to node: 0
number of alive: 1000
adding vertex with color number: 17 to node: 1
number of alive: 973
adding vertex with color number: 9 to node: 0
number of alive: 878
Added edge (0, 2) with score 30
number of alive: 30
adding vertex with color number: 9 to node: 3
number of alive: 9
number of alive: 9
adding vertex with color number: 1 to node: 1
number of alive: 8
adding vertex with color number: 8 to node: 5
Time taken: 0.811437 seconds

Pattern appears in 5 graphs:
S[9] -> S_106.json
S[430] -> S_486.json
S[540] -> S_585.json
S[680] -> S_710.json
S[721] -> S_748.json
Pattern written to pattern.json
