first_color: 0
number of alive: 1000
adding vertex with color number: 9 to node: 0
number of alive: 1000
adding vertex with color number: 1 to node: 1
number of alive: 1000
Added edge (0, 2) with score 877
number of alive: 877
number of alive: 877
adding vertex with color number: 2 to node: 1
number of alive: 843
Added edge (2, 3) with score 54
number of alive: 54
adding vertex with color number: 3 to node: 0
number of alive: 45
adding vertex with color number: 11 to node: 0
number of alive: 8
adding vertex with color number: 4 to node: 5
number of alive: 7
number of alive: 7
adding vertex with color number: 4 to node: 6
number of alive: 7
adding vertex with color number: 12 to node: 7
Time taken: 1.11081 seconds

Pattern appears in 2 graphs:
S[94] -> S_183.json
S[122] -> S_208.json
Pattern written to pattern.json
