first_color: 0
number of alive: 1000
adding vertex with color number: 7 to node: 0
number of alive: 1000
adding vertex with color number: 1 to node: 1
number of alive: 1000
adding vertex with color number: 7 to node: 2
number of alive: 1000
Added edge (0, 2) with score 847
number of alive: 847
adding vertex with color number: 13 to node: 3
number of alive: 237
number of alive: 237
adding vertex with color number: 3 to node: 3
number of alive: 201
adding vertex with color number: 4 to node: 0
number of alive: 156
Added edge (4, 5) with score 7
number of alive: 7
number of alive: 7
adding vertex with color number: 4 to node: 6
number of alive: 6
number of alive: 6
adding vertex with color number: 14 to node: 7
Time taken: 2.61634 seconds

Pattern appears in 4 graphs:
S[441] -> S_496.json
S[465] -> S_517.json
S[563] -> S_605.json
S[853] -> S_867.json
Pattern written to pattern.json
