first_color: 0
number of alive: 1000
adding vertex with color number: 2 to node: 0
number of alive: 1000
adding vertex with color number: 7 to node: 1
number of alive: 1000
adding vertex with color number: 5 to node: 2
number of alive: 1000
adding vertex with color number: 7 to node: 2
number of alive: 1000
adding vertex with color number: 8 to node: 3
number of alive: 999
adding vertex with color number: 1 to node: 5
number of alive: 998
adding vertex with color number: 2 to node: 2
number of alive: 989
Added edge (0, 6) with score 675
number of alive: 675
Added edge (1, 7) with score 31
number of alive: 31
number of alive: 31
adding vertex with color number: 0 to node: 6
number of alive: 29
number of alive: 29
adding vertex with color number: 7 to node: 0
number of alive: 7
adding vertex with color number: 3 to node: 5
Time taken: 8.5409 seconds

Pattern appears in 5 graphs:
S[9] -> S_106.json
S[277] -> S_348.json
S[453] -> S_506.json
S[470] -> S_521.json
S[640] -> S_675.json
Pattern written to pattern.json
