first_color: 0
number of alive: 1000
adding vertex with color number: 17 to node: 0
number of alive: 1000
adding vertex with color number: 6 to node: 1
number of alive: 987
Added edge (0, 2) with score 157
number of alive: 157
adding vertex with color number: 9 to node: 1
number of alive: 38
number of alive: 38
adding vertex with color number: 2 to node: 2
number of alive: 35
number of alive: 35
adding vertex with color number: 4 to node: 0
number of alive: 25
adding vertex with color number: 2 to node: 0
number of alive: 22
adding vertex with color number: 2 to node: 5
number of alive: 21
adding vertex with color number: 2 to node: 3
number of alive: 17
number of alive: 17
adding vertex with color number: 0 to node: 7
number of alive: 17
adding vertex with color number: 8 to node: 5
number of alive: 9
adding vertex with color number: 12 to node: 8
number of alive: 6
adding vertex with color number: 2 to node: 7
number of alive: 6
adding vertex with color number: 11 to node: 12
Time taken: 0.499207 seconds

Pattern appears in 3 graphs:
S[273] -> S_344.json
S[285] -> S_355.json
S[578] -> S_619.json
Pattern written to pattern.json
