first_color: 0
number of alive: 1000
adding vertex with color number: 9 to node: 0
number of alive: 1000
adding vertex with color number: 6 to node: 1
number of alive: 1000
adding vertex with color number: 3 to node: 2
number of alive: 1000
Added edge (0, 3) with score 616
number of alive: 616
adding vertex with color number: 2 to node: 2
number of alive: 588
adding vertex with color number: 4 to node: 2
number of alive: 494
adding vertex with color number: 10 to node: 5
number of alive: 151
Added edge (0, 4) with score 6
number of alive: 6
adding vertex with color number: 7 to node: 2
Time taken: 1.10508 seconds

Pattern appears in 5 graphs:
S[86] -> S_176.json
S[200] -> S_279.json
S[405] -> S_463.json
S[533] -> S_579.json
S[598] -> S_637.json
Pattern written to pattern.json
