first_color: 0
number of alive: 1000
adding vertex with color number: 9 to node: 0
number of alive: 1000
adding vertex with color number: 4 to node: 0
number of alive: 1000
adding vertex with color number: 4 to node: 2
number of alive: 1000
Added edge (1, 3) with score 805
number of alive: 805
Added edge (1, 2) with score 23
number of alive: 23
number of alive: 23
adding vertex with color number: 3 to node: 1
number of alive: 21
number of alive: 21
adding vertex with color number: 4 to node: 1
number of alive: 18
adding vertex with color number: 6 to node: 0
number of alive: 8
number of alive: 8
adding vertex with color number: 10 to node: 5
Time taken: 1.4595 seconds

Pattern appears in 2 graphs:
S[192] -> S_271.json
S[208] -> S_286.json
Pattern written to pattern.json
