first_color: 0
number of alive: 1000
adding vertex with color number: 15 to node: 0
number of alive: 1000
number of alive: 1000
adding vertex with color number: 4 to node: 1
number of alive: 999
adding vertex with color number: 14 to node: 2
number of alive: 723
adding vertex with color number: 1 to node: 1
number of alive: 702
adding vertex with color number: 2 to node: 1
number of alive: 657
Added edge (0, 4) with score 76
number of alive: 76
number of alive: 76
adding vertex with color number: 6 to node: 5
number of alive: 66
number of alive: 66
adding vertex with color number: 9 to node: 0
number of alive: 17
adding vertex with color number: 2 to node: 2
number of alive: 17
number of alive: 17
adding vertex with color number: 3 to node: 1
number of alive: 13
adding vertex with color number: 2 to node: 7
number of alive: 11
number of alive: 11
adding vertex with color number: 0 to node: 6
number of alive: 11
number of alive: 11
adding vertex with color number: 14 to node: 9
Time taken: 0.672494 seconds

Pattern appears in 1 graphs:
S[294] -> S_363.json
Pattern written to pattern.json
