first_color: 0
number of alive: 1000
adding vertex with color number: 13 to node: 0
number of alive: 1000
number of alive: 1000
adding vertex with color number: 9 to node: 1
number of alive: 968
adding vertex with color number: 2 to node: 0
number of alive: 965
adding vertex with color number: 12 to node: 1
number of alive: 435
Added edge (2, 3) with score 46
number of alive: 46
adding vertex with color number: 3 to node: 4
number of alive: 39
adding vertex with color number: 0 to node: 0
number of alive: 37
number of alive: 37
adding vertex with color number: 8 to node: 1
number of alive: 18
number of alive: 18
adding vertex with color number: 4 to node: 0
number of alive: 12
adding vertex with color number: 17 to node: 0
Time taken: 0.645825 seconds

Pattern appears in 3 graphs:
S[145] -> S_229.json
S[149] -> S_232.json
S[414] -> S_471.json
Pattern written to pattern.json
