first_color: 0
number of alive: 1000
adding vertex with color number: 10 to node: 0
number of alive: 1000
adding vertex with color number: 0 to node: 0
number of alive: 1000
adding vertex with color number: 5 to node: 0
number of alive: 1000
Added edge (2, 3) with score 574
number of alive: 574
adding vertex with color number: 1 to node: 1
number of alive: 550
adding vertex with color number: 2 to node: 0
number of alive: 519
adding vertex with color number: 1 to node: 4
number of alive: 515
Added edge (5, 6) with score 111
number of alive: 111
adding vertex with color number: 6 to node: 1
number of alive: 60
adding vertex with color number: 0 to node: 2
number of alive: 55
number of alive: 55
adding vertex with color number: 11 to node: 2
number of alive: 10
adding vertex with color number: 14 to node: 3
Time taken: 1.21155 seconds

Pattern appears in 2 graphs:
S[196] -> S_275.json
S[446] -> S_50.json
Pattern written to pattern.json
