first_color: 0
number of alive: 1000
adding vertex with color number: 19 to node: 0
number of alive: 999
adding vertex with color number: 3 to node: 1
number of alive: 998
adding vertex with color number: 4 to node: 1
number of alive: 991
adding vertex with color number: 6 to node: 3
number of alive: 961
adding vertex with color number: 14 to node: 0
number of alive: 670
Added edge (2, 4) with score 35
number of alive: 35
number of alive: 35
adding vertex with color number: 14 to node: 3
number of alive: 11
number of alive: 11
adding vertex with color number: 8 to node: 0
Time taken: 0.815114 seconds

Pattern appears in 5 graphs:
S[38] -> S_132.json
S[254] -> S_327.json
S[256] -> S_329.json
S[552] -> S_596.json
S[565] -> S_607.json
Pattern written to pattern.json
