first_color: 0
number of alive: 1000
adding vertex with color number: 11 to node: 0
number of alive: 1000
adding vertex with color number: 19 to node: 0
number of alive: 936
adding vertex with color number: 5 to node: 0
number of alive: 828
Added edge (1, 3) with score 35
number of alive: 35
number of alive: 35
adding vertex with color number: 0 to node: 3
number of alive: 34
number of alive: 34
adding vertex with color number: 16 to node: 0
Time taken: 0.510027 seconds

Pattern appears in 2 graphs:
S[398] -> S_457.json
S[456] -> S_509.json
Pattern written to pattern.json
