first_color: 0
number of alive: 1000
adding vertex with color number: 15 to node: 0
number of alive: 1000
adding vertex with color number: 14 to node: 0
number of alive: 932
adding vertex with color number: 9 to node: 2
number of alive: 546
Added edge (0, 3) with score 9
number of alive: 9
adding vertex with color number: 3 to node: 2
number of alive: 9
number of alive: 9
adding vertex with color number: 0 to node: 0
number of alive: 9
number of alive: 9
adding vertex with color number: 2 to node: 1
number of alive: 8
adding vertex with color number: 6 to node: 4
number of alive: 6
adding vertex with color number: 14 to node: 1
Time taken: 0.447228 seconds

Pattern appears in 2 graphs:
S[239] -> S_313.json
S[406] -> S_464.json
Pattern written to pattern.json
