first_color: 0
number of alive: 1000
adding vertex with color number: 14 to node: 0
number of alive: 1000
adding vertex with color number: 15 to node: 0
number of alive: 932
adding vertex with color number: 0 to node: 2
number of alive: 917
Added edge (0, 3) with score 79
number of alive: 79
adding vertex with color number: 2 to node: 1
number of alive: 71
adding vertex with color number: 3 to node: 4
number of alive: 67
Added edge (1, 5) with score 8
number of alive: 8
number of alive: 8
adding vertex with color number: 6 to node: 0
Time taken: 0.527322 seconds

Pattern appears in 5 graphs:
S[36] -> S_130.json
S[341] -> S_405.json
S[439] -> S_494.json
S[476] -> S_527.json
S[610] -> S_648.json
Pattern written to pattern.json
