first_color: 0
number of alive: 1000
adding vertex with color number: 3 to node: 0
number of alive: 1000
adding vertex with color number: 0 to node: 1
number of alive: 1000
adding vertex with color number: 2 to node: 0
number of alive: 1000
Added edge (1, 3) with score 1000
number of alive: 1000
Added edge (0, 2) with score 244
number of alive: 244
adding vertex with color number: 18 to node: 2
number of alive: 19
number of alive: 19
adding vertex with color number: 5 to node: 4
number of alive: 7
adding vertex with color number: 9 to node: 5
Time taken: 11.6439 seconds

Pattern appears in 2 graphs:
S[195] -> S_274.json
S[726] -> S_752.json
Pattern written to pattern.json
