first_color: 0
number of alive: 1000
adding vertex with color number: 17 to node: 0
number of alive: 1000
adding vertex with color number: 2 to node: 1
number of alive: 1000
Added edge (0, 2) with score 360
number of alive: 360
number of alive: 360
adding vertex with color number: 6 to node: 0
number of alive: 200
adding vertex with color number: 15 to node: 2
number of alive: 18
number of alive: 18
adding vertex with color number: 0 to node: 1
number of alive: 16
number of alive: 16
adding vertex with color number: 8 to node: 2
Time taken: 0.543469 seconds

Pattern appears in 2 graphs:
S[253] -> S_326.json
S[358] -> S_420.json
Pattern written to pattern.json
