first_color: 0
number of alive: 1000
adding vertex with color number: 19 to node: 0
number of alive: 999
adding vertex with color number: 6 to node: 1
number of alive: 982
Added edge (0, 2) with score 123
number of alive: 123
adding vertex with color number: 5 to node: 0
number of alive: 77
number of alive: 77
adding vertex with color number: 12 to node: 2
number of alive: 10
number of alive: 10
adding vertex with color number: 3 to node: 1
number of alive: 6
number of alive: 6
adding vertex with color number: 13 to node: 5
Time taken: 0.472983 seconds

Pattern appears in 2 graphs:
S[404] -> S_462.json
S[655] -> S_689.json
Pattern written to pattern.json
