first_color: 0
number of alive: 1000
adding vertex with color number: 16 to node: 0
number of alive: 1000
adding vertex with color number: 2 to node: 0
number of alive: 1000
adding vertex with color number: 5 to node: 1
number of alive: 988
Added edge (2, 3) with score 290
number of alive: 290
adding vertex with color number: 1 to node: 3
number of alive: 268
Added edge (0, 4) with score 8
number of alive: 8
adding vertex with color number: 0 to node: 2
number of alive: 7
number of alive: 7
adding vertex with color number: 3 to node: 1
number of alive: 6
number of alive: 6
adding vertex with color number: 5 to node: 4
Time taken: 0.687697 seconds

Pattern appears in 5 graphs:
S[142] -> S_226.json
S[459] -> S_511.json
S[463] -> S_515.json
S[676] -> S_707.json
S[820] -> S_837.json
Pattern written to pattern.json
