first_color: 0
number of alive: 1000
adding vertex with color number: 18 to node: 0
number of alive: 999
adding vertex with color number: 8 to node: 0
number of alive: 998
adding vertex with color number: 8 to node: 1
number of alive: 846
adding vertex with color number: 1 to node: 0
number of alive: 839
adding vertex with color number: 3 to node: 2
number of alive: 807
adding vertex with color number: 0 to node: 2
number of alive: 802
adding vertex with color number: 19 to node: 4
number of alive: 334
adding vertex with color number: 14 to node: 2
number of alive: 67
Added edge (5, 6) with score 5
Time taken: 0.775975 seconds

Pattern appears in 5 graphs:
S[99] -> S_188.json
S[107] -> S_195.json
S[252] -> S_325.json
S[292] -> S_361.json
S[559] -> S_601.json
Pattern written to pattern.json
