first_color: 0
number of alive: 1000
adding vertex with color number: 14 to node: 0
number of alive: 1000
adding vertex with color number: 0 to node: 0
number of alive: 1000
Added edge (1, 2) with score 444
number of alive: 444
adding vertex with color number: 1 to node: 2
number of alive: 438
adding vertex with color number: 6 to node: 0
number of alive: 357
adding vertex with color number: 2 to node: 0
number of alive: 334
Added edge (3, 5) with score 35
number of alive: 35
adding vertex with color number: 8 to node: 4
number of alive: 16
adding vertex with color number: 3 to node: 4
number of alive: 14
adding vertex with color number: 14 to node: 1
Time taken: 0.811631 seconds

Pattern appears in 4 graphs:
S[395] -> S_454.json
S[632] -> S_668.json
S[787] -> S_807.json
S[895] -> S_904.json
Pattern written to pattern.json
