first_color: 0
number of alive: 1000
adding vertex with color number: 13 to node: 0
number of alive: 1000
adding vertex with color number: 14 to node: 0
number of alive: 991
adding vertex with color number: 9 to node: 1
number of alive: 710
adding vertex with color number: 4 to node: 0
number of alive: 649
adding vertex with color number: 0 to node: 1
number of alive: 628
adding vertex with color number: 14 to node: 5
number of alive: 219
adding vertex with color number: 0 to node: 6
number of alive: 216
Added edge (4, 7) with score 23
number of alive: 23
adding vertex with color number: 0 to node: 7
number of alive: 23
adding vertex with color number: 0 to node: 8
number of alive: 23
number of alive: 23
adding vertex with color number: 9 to node: 9
number of alive: 22
number of alive: 22
adding vertex with color number: 3 to node: 4
number of alive: 21
number of alive: 21
adding vertex with color number: 15 to node: 2
Time taken: 0.586703 seconds

Pattern appears in 1 graphs:
S[639] -> S_674.json
Pattern written to pattern.json
