first_color: 0
number of alive: 1000
adding vertex with color number: 9 to node: 0
number of alive: 1000
adding vertex with color number: 0 to node: 1
number of alive: 1000
adding vertex with color number: 10 to node: 1
number of alive: 967
Added edge (0, 2) with score 161
number of alive: 161
adding vertex with color number: 6 to node: 0
number of alive: 119
number of alive: 119
adding vertex with color number: 8 to node: 0
number of alive: 55
adding vertex with color number: 2 to node: 3
number of alive: 48
adding vertex with color number: 1 to node: 6
number of alive: 48
number of alive: 48
adding vertex with color number: 15 to node: 3
Time taken: 1.27305 seconds

Pattern appears in 3 graphs:
S[126] -> S_211.json
S[351] -> S_414.json
S[678] -> S_709.json
Pattern written to pattern.json
