first_color: 0
number of alive: 1000
adding vertex with color number: 6 to node: 0
number of alive: 1000
adding vertex with color number: 18 to node: 1
number of alive: 987
Added edge (0, 2) with score 151
number of alive: 151
adding vertex with color number: 9 to node: 0
number of alive: 44
adding vertex with color number: 2 to node: 3
number of alive: 41
number of alive: 41
adding vertex with color number: 1 to node: 2
number of alive: 36
number of alive: 36
adding vertex with color number: 8 to node: 5
number of alive: 26
number of alive: 26
adding vertex with color number: 1 to node: 4
number of alive: 26
adding vertex with color number: 17 to node: 5
number of alive: 7
adding vertex with color number: 2 to node: 5
number of alive: 6
adding vertex with color number: 7 to node: 4
Time taken: 0.892668 seconds

Pattern appears in 3 graphs:
S[540] -> S_585.json
S[609] -> S_647.json
S[893] -> S_902.json
Pattern written to pattern.json
