first_color: 0
number of alive: 1000
adding vertex with color number: 0 to node: 0
number of alive: 1000
adding vertex with color number: 18 to node: 1
number of alive: 999
Added edge (0, 2) with score 261
number of alive: 261
number of alive: 261
adding vertex with color number: 9 to node: 1
number of alive: 132
number of alive: 132
adding vertex with color number: 5 to node: 0
number of alive: 86
number of alive: 86
adding vertex with color number: 12 to node: 4
number of alive: 19
adding vertex with color number: 2 to node: 0
number of alive: 18
adding vertex with color number: 3 to node: 5
number of alive: 16
adding vertex with color number: 3 to node: 0
number of alive: 16
adding vertex with color number: 1 to node: 1
number of alive: 15
number of alive: 15
adding vertex with color number: 0 to node: 9
number of alive: 15
number of alive: 15
adding vertex with color number: 6 to node: 6
number of alive: 11
number of alive: 11
adding vertex with color number: 6 to node: 0
Time taken: 2.26574 seconds

Pattern appears in 4 graphs:
S[119] -> S_205.json
S[737] -> S_762.json
S[807] -> S_825.json
S[890] -> S_90.json
Pattern written to pattern.json
