first_color: 0
number of alive: 1000
adding vertex with color number: 5 to node: 0
number of alive: 1000
adding vertex with color number: 8 to node: 0
number of alive: 1000
Added edge (1, 2) with score 642
number of alive: 642
adding vertex with color number: 0 to node: 0
number of alive: 617
Added edge (1, 3) with score 37
number of alive: 37
adding vertex with color number: 4 to node: 1
number of alive: 26
adding vertex with color number: 2 to node: 2
number of alive: 25
adding vertex with color number: 5 to node: 1
number of alive: 18
number of alive: 18
adding vertex with color number: 14 to node: 2
Time taken: 1.22441 seconds

Pattern appears in 2 graphs:
S[278] -> S_349.json
S[364] -> S_426.json
Pattern written to pattern.json
