first_color: 12
number of alive: 1000
adding vertex with color number: 9 to node: 0
number of alive: 1000
adding vertex with color number: 11 to node: 1
number of alive: 977
adding vertex with color number: 2 to node: 0
number of alive: 651
adding vertex with color number: 16 to node: 0
number of alive: 208
adding vertex with color number: 0 to node: 2
number of alive: 54
number of alive: 54
adding vertex with color number: 1 to node: 2
number of alive: 8
adding vertex with color number: 17 to node: 4
Time taken: 0.200675 seconds

Pattern appears in 1 graphs:
S[283] -> S_353.json
Pattern written to pattern.json
