first_color: 12
number of alive: 1000
adding vertex with color number: 11 to node: 0
number of alive: 1000
adding vertex with color number: 1 to node: 0
number of alive: 975
adding vertex with color number: 2 to node: 0
number of alive: 606
adding vertex with color number: 7 to node: 0
number of alive: 167
number of alive: 167
adding vertex with color number: 9 to node: 3
number of alive: 50
number of alive: 50
adding vertex with color number: 7 to node: 4
number of alive: 8
number of alive: 8
adding vertex with color number: 7 to node: 1
Time taken: 0.205986 seconds

Pattern appears in 3 graphs:
S[42] -> S_136.json
S[871] -> S_883.json
S[880] -> S_891.json
Pattern written to pattern.json
