first_color: 12
number of alive: 1000
adding vertex with color number: 3 to node: 0
number of alive: 1000
adding vertex with color number: 4 to node: 1
number of alive: 985
adding vertex with color number: 15 to node: 1
number of alive: 615
adding vertex with color number: 17 to node: 3
number of alive: 242
adding vertex with color number: 10 to node: 3
number of alive: 77
number of alive: 77
adding vertex with color number: 18 to node: 2
number of alive: 25
adding vertex with color number: 9 to node: 2
number of alive: 10
adding vertex with color number: 10 to node: 0
Time taken: 0.201981 seconds

Pattern appears in 2 graphs:
S[87] -> S_177.json
S[88] -> S_178.json
Pattern written to pattern.json
