first_color: 12
number of alive: 1000
adding vertex with color number: 10 to node: 0
number of alive: 1000
adding vertex with color number: 8 to node: 0
number of alive: 990
adding vertex with color number: 17 to node: 0
number of alive: 588
adding vertex with color number: 3 to node: 2
number of alive: 185
adding vertex with color number: 4 to node: 4
number of alive: 58
adding vertex with color number: 8 to node: 2
number of alive: 17
adding vertex with color number: 2 to node: 1
number of alive: 6
number of alive: 6
adding vertex with color number: 12 to node: 4
Time taken: 0.207791 seconds

Pattern appears in 2 graphs:
S[811] -> S_829.json
S[904] -> S_912.json
Pattern written to pattern.json
