first_color: 12
number of alive: 1000
adding vertex with color number: 7 to node: 0
number of alive: 1000
number of alive: 1000
adding vertex with color number: 17 to node: 0
number of alive: 982
adding vertex with color number: 10 to node: 2
number of alive: 682
adding vertex with color number: 7 to node: 3
number of alive: 246
number of alive: 246
adding vertex with color number: 2 to node: 4
number of alive: 61
number of alive: 61
adding vertex with color number: 13 to node: 1
number of alive: 20
number of alive: 20
adding vertex with color number: 5 to node: 1
Time taken: 0.206211 seconds

Pattern appears in 4 graphs:
S[13] -> S_11.json
S[337] -> S_401.json
S[431] -> S_487.json
S[729] -> S_755.json
Pattern written to pattern.json
