first_color: 12
number of alive: 1000
adding vertex with color number: 12 to node: 0
number of alive: 999
adding vertex with color number: 0 to node: 1
number of alive: 978
adding vertex with color number: 10 to node: 0
number of alive: 590
adding vertex with color number: 15 to node: 3
number of alive: 199
adding vertex with color number: 13 to node: 1
number of alive: 51
number of alive: 51
adding vertex with color number: 15 to node: 1
number of alive: 14
number of alive: 14
adding vertex with color number: 7 to node: 0
Time taken: 0.19844 seconds

Pattern appears in 2 graphs:
S[7] -> S_104.json
S[468] -> S_52.json
Pattern written to pattern.json
