first_color: 12
number of alive: 1000
adding vertex with color number: 6 to node: 0
number of alive: 1000
adding vertex with color number: 16 to node: 0
number of alive: 978
adding vertex with color number: 14 to node: 2
number of alive: 617
adding vertex with color number: 9 to node: 2
number of alive: 214
adding vertex with color number: 4 to node: 4
number of alive: 60
adding vertex with color number: 8 to node: 0
number of alive: 14
adding vertex with color number: 7 to node: 6
Time taken: 0.2003 seconds

Pattern appears in 2 graphs:
S[429] -> S_485.json
S[804] -> S_822.json
Pattern written to pattern.json
