first_color: 12
number of alive: 1000
adding vertex with color number: 12 to node: 0
number of alive: 999
number of alive: 999
adding vertex with color number: 19 to node: 1
number of alive: 979
adding vertex with color number: 14 to node: 2
number of alive: 637
adding vertex with color number: 15 to node: 1
number of alive: 215
adding vertex with color number: 2 to node: 1
number of alive: 56
adding vertex with color number: 16 to node: 5
number of alive: 15
number of alive: 15
adding vertex with color number: 7 to node: 5
number of alive: 6
adding vertex with color number: 0 to node: 1
Time taken: 0.200346 seconds

Pattern appears in 1 graphs:
S[259] -> S_331.json
Pattern written to pattern.json
