first_color: 12
number of alive: 1000
adding vertex with color number: 19 to node: 0
number of alive: 1000
adding vertex with color number: 6 to node: 1
number of alive: 987
adding vertex with color number: 2 to node: 2
number of alive: 646
adding vertex with color number: 8 to node: 0
number of alive: 234
adding vertex with color number: 8 to node: 2
number of alive: 60
number of alive: 60
adding vertex with color number: 5 to node: 3
number of alive: 15
adding vertex with color number: 9 to node: 4
Time taken: 0.208427 seconds

Pattern appears in 4 graphs:
S[359] -> S_421.json
S[486] -> S_536.json
S[624] -> S_660.json
S[687] -> S_717.json
Pattern written to pattern.json
