first_color: 12
number of alive: 1000
adding vertex with color number: 12 to node: 0
number of alive: 999
adding vertex with color number: 9 to node: 0
number of alive: 973
adding vertex with color number: 12 to node: 2
number of alive: 560
adding vertex with color number: 13 to node: 2
number of alive: 197
adding vertex with color number: 14 to node: 2
number of alive: 53
adding vertex with color number: 9 to node: 2
number of alive: 16
number of alive: 16
adding vertex with color number: 13 to node: 5
Time taken: 0.201874 seconds

Pattern appears in 5 graphs:
S[605] -> S_643.json
S[660] -> S_693.json
S[670] -> S_701.json
S[671] -> S_702.json
S[736] -> S_761.json
Pattern written to pattern.json
