first_color: 12
number of alive: 1000
adding vertex with color number: 10 to node: 0
number of alive: 1000
number of alive: 1000
adding vertex with color number: 18 to node: 1
number of alive: 979
adding vertex with color number: 13 to node: 1
number of alive: 594
number of alive: 594
adding vertex with color number: 10 to node: 1
number of alive: 180
adding vertex with color number: 1 to node: 2
number of alive: 45
adding vertex with color number: 6 to node: 3
number of alive: 7
number of alive: 7
adding vertex with color number: 9 to node: 1
Time taken: 0.200522 seconds

Pattern appears in 1 graphs:
S[302] -> S_370.json
Pattern written to pattern.json
