first_color: 12
number of alive: 1000
adding vertex with color number: 0 to node: 0
number of alive: 1000
adding vertex with color number: 10 to node: 0
number of alive: 976
adding vertex with color number: 7 to node: 0
number of alive: 605
adding vertex with color number: 5 to node: 0
number of alive: 188
adding vertex with color number: 12 to node: 1
number of alive: 57
adding vertex with color number: 17 to node: 5
number of alive: 21
adding vertex with color number: 8 to node: 0
number of alive: 8
adding vertex with color number: 6 to node: 2
Time taken: 0.20356 seconds

Pattern appears in 3 graphs:
S[13] -> S_11.json
S[167] -> S_249.json
S[595] -> S_634.json
Pattern written to pattern.json
