first_color: 12
number of alive: 1000
adding vertex with color number: 13 to node: 0
number of alive: 1000
adding vertex with color number: 6 to node: 1
number of alive: 984
adding vertex with color number: 13 to node: 1
number of alive: 595
number of alive: 595
adding vertex with color number: 2 to node: 0
number of alive: 194
adding vertex with color number: 12 to node: 4
number of alive: 40
adding vertex with color number: 8 to node: 0
number of alive: 12
adding vertex with color number: 4 to node: 2
Time taken: 0.199718 seconds

Pattern appears in 4 graphs:
S[672] -> S_703.json
S[738] -> S_763.json
S[861] -> S_874.json
S[974] -> S_976.json
Pattern written to pattern.json
