first_color: 12
number of alive: 1000
adding vertex with color number: 2 to node: 0
number of alive: 1000
adding vertex with color number: 17 to node: 1
number of alive: 983
adding vertex with color number: 13 to node: 2
number of alive: 644
adding vertex with color number: 5 to node: 2
number of alive: 202
number of alive: 202
adding vertex with color number: 8 to node: 3
number of alive: 53
adding vertex with color number: 15 to node: 2
number of alive: 13
number of alive: 13
adding vertex with color number: 14 to node: 1
Time taken: 0.205794 seconds

Pattern appears in 5 graphs:
S[169] -> S_250.json
S[193] -> S_272.json
S[526] -> S_572.json
S[758] -> S_781.json
S[930] -> S_936.json
Pattern written to pattern.json
