first_color: 12
number of alive: 1000
adding vertex with color number: 18 to node: 0
number of alive: 1000
adding vertex with color number: 1 to node: 1
number of alive: 985
adding vertex with color number: 6 to node: 1
number of alive: 625
adding vertex with color number: 18 to node: 3
number of alive: 202
adding vertex with color number: 16 to node: 3
number of alive: 40
adding vertex with color number: 15 to node: 4
Time taken: 0.201874 seconds

Pattern appears in 5 graphs:
S[70] -> S_161.json
S[116] -> S_202.json
S[285] -> S_355.json
S[687] -> S_717.json
S[831] -> S_847.json
Pattern written to pattern.json
