first_color: 12
number of alive: 1000
adding vertex with color number: 1 to node: 0
number of alive: 1000
number of alive: 1000
adding vertex with color number: 11 to node: 1
number of alive: 988
adding vertex with color number: 17 to node: 1
number of alive: 594
adding vertex with color number: 9 to node: 2
number of alive: 202
adding vertex with color number: 18 to node: 1
number of alive: 48
number of alive: 48
adding vertex with color number: 5 to node: 0
number of alive: 14
adding vertex with color number: 8 to node: 6
Time taken: 0.205917 seconds

Pattern appears in 3 graphs:
S[26] -> S_121.json
S[688] -> S_718.json
S[694] -> S_723.json
Pattern written to pattern.json
