first_color: 12
number of alive: 1000
adding vertex with color number: 6 to node: 0
number of alive: 1000
adding vertex with color number: 2 to node: 1
number of alive: 978
adding vertex with color number: 11 to node: 1
number of alive: 598
adding vertex with color number: 7 to node: 3
number of alive: 199
number of alive: 199
adding vertex with color number: 14 to node: 2
number of alive: 45
adding vertex with color number: 8 to node: 2
number of alive: 14
adding vertex with color number: 13 to node: 2
Time taken: 0.205671 seconds

Pattern appears in 4 graphs:
S[227] -> S_302.json
S[348] -> S_411.json
S[455] -> S_508.json
S[508] -> S_556.json
Pattern written to pattern.json
