first_color: 12
number of alive: 1000
adding vertex with color number: 19 to node: 0
number of alive: 1000
adding vertex with color number: 12 to node: 0
number of alive: 979
adding vertex with color number: 7 to node: 1
number of alive: 638
adding vertex with color number: 2 to node: 0
number of alive: 207
adding vertex with color number: 8 to node: 1
number of alive: 50
number of alive: 50
adding vertex with color number: 7 to node: 0
number of alive: 14
adding vertex with color number: 0 to node: 3
Time taken: 0.197317 seconds

Pattern appears in 3 graphs:
S[211] -> S_289.json
S[621] -> S_658.json
S[846] -> S_860.json
Pattern written to pattern.json
