first_color: 12
number of alive: 1000
adding vertex with color number: 8 to node: 0
number of alive: 1000
adding vertex with color number: 16 to node: 0
number of alive: 982
adding vertex with color number: 3 to node: 0
number of alive: 590
number of alive: 590
adding vertex with color number: 11 to node: 1
number of alive: 209
adding vertex with color number: 4 to node: 1
number of alive: 48
number of alive: 48
adding vertex with color number: 3 to node: 4
number of alive: 14
adding vertex with color number: 3 to node: 6
number of alive: 6
adding vertex with color number: 18 to node: 5
Time taken: 0.201257 seconds

Pattern appears in 2 graphs:
S[489] -> S_539.json
S[602] -> S_640.json
Pattern written to pattern.json
