first_color: 12
number of alive: 1000
adding vertex with color number: 8 to node: 0
number of alive: 1000
adding vertex with color number: 0 to node: 0
number of alive: 976
adding vertex with color number: 0 to node: 1
number of alive: 663
adding vertex with color number: 0 to node: 3
number of alive: 213
adding vertex with color number: 15 to node: 4
number of alive: 63
adding vertex with color number: 13 to node: 0
number of alive: 10
adding vertex with color number: 3 to node: 3
Time taken: 0.206415 seconds

Pattern appears in 3 graphs:
S[118] -> S_204.json
S[835] -> S_850.json
S[983] -> S_984.json
Pattern written to pattern.json
