first_color: 12
number of alive: 1000
adding vertex with color number: 16 to node: 0
number of alive: 1000
adding vertex with color number: 14 to node: 1
number of alive: 980
adding vertex with color number: 13 to node: 1
number of alive: 606
adding vertex with color number: 9 to node: 1
number of alive: 197
adding vertex with color number: 18 to node: 3
number of alive: 52
adding vertex with color number: 1 to node: 4
number of alive: 17
adding vertex with color number: 9 to node: 3
Time taken: 0.206284 seconds

Pattern appears in 2 graphs:
S[601] -> S_64.json
S[838] -> S_853.json
Pattern written to pattern.json
