first_color: 12
number of alive: 1000
adding vertex with color number: 3 to node: 0
number of alive: 1000
number of alive: 1000
adding vertex with color number: 7 to node: 1
number of alive: 987
adding vertex with color number: 15 to node: 2
number of alive: 585
number of alive: 585
adding vertex with color number: 5 to node: 3
number of alive: 203
adding vertex with color number: 8 to node: 2
number of alive: 52
adding vertex with color number: 16 to node: 5
number of alive: 6
adding vertex with color number: 7 to node: 0
Time taken: 0.204478 seconds

Pattern appears in 5 graphs:
S[74] -> S_165.json
S[374] -> S_435.json
S[680] -> S_710.json
S[853] -> S_867.json
S[906] -> S_914.json
Pattern written to pattern.json
