first_color: 12
number of alive: 1000
adding vertex with color number: 5 to node: 0
number of alive: 1000
adding vertex with color number: 8 to node: 0
number of alive: 978
adding vertex with color number: 4 to node: 1
number of alive: 651
adding vertex with color number: 13 to node: 2
number of alive: 237
adding vertex with color number: 0 to node: 4
number of alive: 61
number of alive: 61
adding vertex with color number: 2 to node: 2
number of alive: 16
adding vertex with color number: 2 to node: 6
Time taken: 0.205594 seconds

Pattern appears in 4 graphs:
S[54] -> S_147.json
S[696] -> S_725.json
S[768] -> S_790.json
S[936] -> S_941.json
Pattern written to pattern.json
