first_color: 12
number of alive: 1000
adding vertex with color number: 10 to node: 0
number of alive: 1000
adding vertex with color number: 18 to node: 0
number of alive: 982
adding vertex with color number: 9 to node: 0
number of alive: 603
adding vertex with color number: 14 to node: 0
number of alive: 201
adding vertex with color number: 15 to node: 2
number of alive: 66
number of alive: 66
adding vertex with color number: 12 to node: 2
number of alive: 12
number of alive: 12
adding vertex with color number: 14 to node: 3
Time taken: 0.204172 seconds

Pattern appears in 3 graphs:
S[335] -> S_40.json
S[794] -> S_813.json
S[877] -> S_889.json
Pattern written to pattern.json
