first_color: 12
number of alive: 1000
adding vertex with color number: 11 to node: 0
number of alive: 1000
adding vertex with color number: 19 to node: 0
number of alive: 986
adding vertex with color number: 0 to node: 0
number of alive: 631
number of alive: 631
adding vertex with color number: 17 to node: 0
number of alive: 218
adding vertex with color number: 16 to node: 3
number of alive: 44
adding vertex with color number: 12 to node: 5
number of alive: 15
number of alive: 15
adding vertex with color number: 16 to node: 6
number of alive: 6
adding vertex with color number: 12 to node: 7
Time taken: 0.199275 seconds

Pattern appears in 3 graphs:
S[213] -> S_290.json
S[721] -> S_748.json
S[741] -> S_766.json
Pattern written to pattern.json
