first_color: 12
number of alive: 1000
adding vertex with color number: 13 to node: 0
number of alive: 1000
adding vertex with color number: 15 to node: 1
number of alive: 983
adding vertex with color number: 5 to node: 2
number of alive: 627
adding vertex with color number: 1 to node: 3
number of alive: 213
adding vertex with color number: 8 to node: 3
number of alive: 57
adding vertex with color number: 5 to node: 4
number of alive: 20
number of alive: 20
adding vertex with color number: 8 to node: 5
number of alive: 11
adding vertex with color number: 4 to node: 6
Time taken: 0.20812 seconds

Pattern appears in 2 graphs:
S[517] -> S_564.json
S[742] -> S_767.json
Pattern written to pattern.json
