first_color: 12
number of alive: 1000
adding vertex with color number: 6 to node: 0
number of alive: 1000
number of alive: 1000
adding vertex with color number: 7 to node: 0
number of alive: 985
adding vertex with color number: 6 to node: 2
number of alive: 619
adding vertex with color number: 6 to node: 1
number of alive: 191
number of alive: 191
adding vertex with color number: 11 to node: 4
number of alive: 57
number of alive: 57
adding vertex with color number: 1 to node: 4
number of alive: 15
number of alive: 15
adding vertex with color number: 5 to node: 5
Time taken: 0.203115 seconds

Pattern appears in 5 graphs:
S[86] -> S_176.json
S[208] -> S_286.json
S[348] -> S_411.json
S[629] -> S_665.json
S[834] -> S_85.json
Pattern written to pattern.json
