first_color: 12
number of alive: 1000
adding vertex with color number: 7 to node: 0
number of alive: 1000
adding vertex with color number: 12 to node: 1
number of alive: 892
adding vertex with color number: 3 to node: 2
number of alive: 605
adding vertex with color number: 9 to node: 0
number of alive: 206
number of alive: 206
adding vertex with color number: 8 to node: 0
number of alive: 53
number of alive: 53
adding vertex with color number: 8 to node: 5
number of alive: 18
number of alive: 18
adding vertex with color number: 12 to node: 5
number of alive: 6
adding vertex with color number: 13 to node: 1
Time taken: 0.204841 seconds

Pattern appears in 4 graphs:
S[558] -> S_600.json
S[565] -> S_607.json
S[694] -> S_723.json
S[742] -> S_767.json
Pattern written to pattern.json
