first_color: 12
number of alive: 1000
adding vertex with color number: 16 to node: 0
number of alive: 1000
adding vertex with color number: 3 to node: 0
number of alive: 971
adding vertex with color number: 12 to node: 0
number of alive: 597
adding vertex with color number: 15 to node: 1
number of alive: 199
number of alive: 199
adding vertex with color number: 5 to node: 2
number of alive: 65
adding vertex with color number: 13 to node: 1
number of alive: 16
number of alive: 16
adding vertex with color number: 17 to node: 3
Time taken: 0.198673 seconds

Pattern appears in 4 graphs:
S[97] -> S_186.json
S[292] -> S_361.json
S[944] -> S_949.json
S[947] -> S_951.json
Pattern written to pattern.json
