first_color: 12
number of alive: 1000
adding vertex with color number: 15 to node: 0
number of alive: 1000
adding vertex with color number: 17 to node: 0
number of alive: 986
adding vertex with color number: 7 to node: 0
number of alive: 615
number of alive: 615
adding vertex with color number: 10 to node: 1
number of alive: 196
number of alive: 196
adding vertex with color number: 9 to node: 3
number of alive: 47
number of alive: 47
adding vertex with color number: 15 to node: 5
number of alive: 13
adding vertex with color number: 2 to node: 2
number of alive: 8
number of alive: 8
adding vertex with color number: 19 to node: 2
Time taken: 0.210158 seconds

Pattern appears in 3 graphs:
S[131] -> S_216.json
S[964] -> S_967.json
S[987] -> S_988.json
Pattern written to pattern.json
