first_color: 12
number of alive: 1000
adding vertex with color number: 1 to node: 0
number of alive: 1000
adding vertex with color number: 17 to node: 1
number of alive: 983
adding vertex with color number: 11 to node: 1
number of alive: 594
adding vertex with color number: 4 to node: 0
number of alive: 189
adding vertex with color number: 3 to node: 3
number of alive: 54
adding vertex with color number: 2 to node: 2
number of alive: 21
number of alive: 21
adding vertex with color number: 11 to node: 5
number of alive: 6
number of alive: 6
adding vertex with color number: 8 to node: 5
Time taken: 0.201271 seconds

Pattern appears in 4 graphs:
S[308] -> S_376.json
S[777] -> S_799.json
S[814] -> S_831.json
S[920] -> S_927.json
Pattern written to pattern.json
