first_color: 12
number of alive: 1000
adding vertex with color number: 10 to node: 0
number of alive: 1000
adding vertex with color number: 12 to node: 1
number of alive: 892
adding vertex with color number: 13 to node: 1
number of alive: 364
adding vertex with color number: 17 to node: 2
number of alive: 162
number of alive: 162
adding vertex with color number: 0 to node: 4
number of alive: 45
adding vertex with color number: 13 to node: 3
number of alive: 13
number of alive: 13
adding vertex with color number: 8 to node: 2
Time taken: 0.202278 seconds

Pattern appears in 3 graphs:
S[107] -> S_195.json
S[525] -> S_571.json
S[677] -> S_708.json
Pattern written to pattern.json
