first_color: 12
number of alive: 1000
adding vertex with color number: 0 to node: 0
number of alive: 1000
adding vertex with color number: 14 to node: 1
number of alive: 984
adding vertex with color number: 1 to node: 2
number of alive: 637
adding vertex with color number: 2 to node: 1
number of alive: 236
adding vertex with color number: 19 to node: 1
number of alive: 58
adding vertex with color number: 4 to node: 0
number of alive: 14
adding vertex with color number: 16 to node: 4
Time taken: 0.208751 seconds

Pattern appears in 5 graphs:
S[0] -> S_1.json
S[126] -> S_211.json
S[653] -> S_687.json
S[723] -> S_75.json
S[903] -> S_911.json
Pattern written to pattern.json
