first_color: 12
number of alive: 1000
adding vertex with color number: 12 to node: 0
number of alive: 999
number of alive: 999
adding vertex with color number: 9 to node: 1
number of alive: 973
adding vertex with color number: 13 to node: 1
number of alive: 585
number of alive: 585
adding vertex with color number: 16 to node: 1
number of alive: 168
adding vertex with color number: 17 to node: 3
number of alive: 51
adding vertex with color number: 4 to node: 0
number of alive: 11
adding vertex with color number: 4 to node: 6
number of alive: 6
number of alive: 6
adding vertex with color number: 0 to node: 7
Time taken: 0.198482 seconds

Pattern appears in 3 graphs:
S[429] -> S_485.json
S[584] -> S_624.json
S[636] -> S_671.json
Pattern written to pattern.json
