first_color: 12
number of alive: 1000
adding vertex with color number: 12 to node: 0
number of alive: 999
adding vertex with color number: 0 to node: 0
number of alive: 978
adding vertex with color number: 17 to node: 1
number of alive: 620
adding vertex with color number: 17 to node: 0
number of alive: 161
adding vertex with color number: 2 to node: 3
number of alive: 55
adding vertex with color number: 11 to node: 1
number of alive: 13
number of alive: 13
adding vertex with color number: 14 to node: 5
Time taken: 0.20524 seconds

Pattern appears in 4 graphs:
S[124] -> S_21.json
S[192] -> S_271.json
S[556] -> S_6.json
S[779] -> S_80.json
Pattern written to pattern.json
