first_color: 12
number of alive: 1000
adding vertex with color number: 11 to node: 0
number of alive: 1000
adding vertex with color number: 10 to node: 1
number of alive: 987
adding vertex with color number: 18 to node: 2
number of alive: 629
number of alive: 629
adding vertex with color number: 14 to node: 3
number of alive: 205
adding vertex with color number: 9 to node: 0
number of alive: 51
adding vertex with color number: 7 to node: 5
number of alive: 12
adding vertex with color number: 16 to node: 6
Time taken: 0.209303 seconds

Pattern appears in 4 graphs:
S[169] -> S_250.json
S[525] -> S_571.json
S[529] -> S_575.json
S[659] -> S_692.json
Pattern written to pattern.json
