first_color: 12
number of alive: 1000
adding vertex with color number: 10 to node: 0
number of alive: 1000
adding vertex with color number: 17 to node: 1
number of alive: 983
adding vertex with color number: 3 to node: 1
number of alive: 646
adding vertex with color number: 15 to node: 0
number of alive: 230
number of alive: 230
adding vertex with color number: 6 to node: 2
number of alive: 52
adding vertex with color number: 16 to node: 0
number of alive: 17
adding vertex with color number: 17 to node: 3
Time taken: 0.203413 seconds

Pattern appears in 5 graphs:
S[232] -> S_307.json
S[355] -> S_418.json
S[407] -> S_465.json
S[485] -> S_535.json
S[519] -> S_566.json
Pattern written to pattern.json
