first_color: 12
number of alive: 1000
adding vertex with color number: 2 to node: 0
number of alive: 1000
number of alive: 1000
adding vertex with color number: 8 to node: 0
number of alive: 982
adding vertex with color number: 5 to node: 1
number of alive: 662
adding vertex with color number: 17 to node: 0
number of alive: 196
adding vertex with color number: 13 to node: 1
number of alive: 43
adding vertex with color number: 2 to node: 1
number of alive: 7
number of alive: 7
adding vertex with color number: 16 to node: 6
Time taken: 0.204681 seconds

Pattern appears in 2 graphs:
S[655] -> S_689.json
S[709] -> S_737.json
Pattern written to pattern.json
