first_color: 12
number of alive: 1000
adding vertex with color number: 4 to node: 0
number of alive: 1000
adding vertex with color number: 5 to node: 0
number of alive: 988
adding vertex with color number: 0 to node: 0
number of alive: 628
number of alive: 628
adding vertex with color number: 6 to node: 1
number of alive: 215
number of alive: 215
adding vertex with color number: 0 to node: 2
number of alive: 45
adding vertex with color number: 10 to node: 2
number of alive: 13
number of alive: 13
adding vertex with color number: 18 to node: 0
Time taken: 0.211911 seconds

Pattern appears in 5 graphs:
S[32] -> S_127.json
S[267] -> S_339.json
S[670] -> S_701.json
S[825] -> S_841.json
S[934] -> S_94.json
Pattern written to pattern.json
