first_color: 12
number of alive: 1000
adding vertex with color number: 6 to node: 0
number of alive: 1000
adding vertex with color number: 5 to node: 0
number of alive: 981
adding vertex with color number: 6 to node: 1
number of alive: 603
adding vertex with color number: 4 to node: 0
number of alive: 189
number of alive: 189
adding vertex with color number: 3 to node: 0
number of alive: 40
number of alive: 40
adding vertex with color number: 17 to node: 0
number of alive: 11
number of alive: 11
adding vertex with color number: 8 to node: 5
Time taken: 0.201203 seconds

Pattern appears in 4 graphs:
S[136] -> S_220.json
S[238] -> S_312.json
S[420] -> S_477.json
S[591] -> S_630.json
Pattern written to pattern.json
