first_color: 12
number of alive: 1000
adding vertex with color number: 9 to node: 0
number of alive: 1000
adding vertex with color number: 9 to node: 1
number of alive: 977
adding vertex with color number: 19 to node: 2
number of alive: 651
adding vertex with color number: 4 to node: 1
number of alive: 209
adding vertex with color number: 15 to node: 2
number of alive: 57
number of alive: 57
adding vertex with color number: 15 to node: 3
number of alive: 16
adding vertex with color number: 8 to node: 5
Time taken: 0.207519 seconds

Pattern appears in 5 graphs:
S[440] -> S_495.json
S[479] -> S_53.json
S[500] -> S_549.json
S[611] -> S_649.json
S[748] -> S_772.json
Pattern written to pattern.json
