first_color: 12
number of alive: 1000
adding vertex with color number: 0 to node: 0
number of alive: 1000
number of alive: 1000
adding vertex with color number: 11 to node: 0
number of alive: 981
adding vertex with color number: 2 to node: 2
number of alive: 628
adding vertex with color number: 3 to node: 3
number of alive: 228
adding vertex with color number: 18 to node: 2
number of alive: 55
number of alive: 55
adding vertex with color number: 6 to node: 4
number of alive: 18
number of alive: 18
adding vertex with color number: 10 to node: 3
Time taken: 0.20398 seconds

Pattern appears in 4 graphs:
S[356] -> S_419.json
S[509] -> S_557.json
S[648] -> S_682.json
S[999] -> S_999.json
Pattern written to pattern.json
