first_color: 12
number of alive: 1000
adding vertex with color number: 16 to node: 0
number of alive: 1000
adding vertex with color number: 4 to node: 1
number of alive: 984
adding vertex with color number: 11 to node: 2
number of alive: 634
adding vertex with color number: 12 to node: 0
number of alive: 202
adding vertex with color number: 5 to node: 4
number of alive: 46
adding vertex with color number: 10 to node: 2
number of alive: 9
adding vertex with color number: 16 to node: 5
Time taken: 0.20295 seconds

Pattern appears in 4 graphs:
S[452] -> S_505.json
S[644] -> S_679.json
S[877] -> S_889.json
S[959] -> S_962.json
Pattern written to pattern.json
