first_color: 12
number of alive: 1000
adding vertex with color number: 14 to node: 0
number of alive: 1000
adding vertex with color number: 7 to node: 1
number of alive: 984
adding vertex with color number: 16 to node: 0
number of alive: 625
adding vertex with color number: 10 to node: 0
number of alive: 204
number of alive: 204
adding vertex with color number: 8 to node: 3
number of alive: 50
adding vertex with color number: 8 to node: 4
number of alive: 15
adding vertex with color number: 17 to node: 2
Time taken: 0.202155 seconds

Pattern appears in 5 graphs:
S[117] -> S_203.json
S[124] -> S_21.json
S[172] -> S_253.json
S[359] -> S_421.json
S[568] -> S_61.json
Pattern written to pattern.json
