first_color: 0
number of alive: 1000
adding vertex with color number: 10 to node: 0
number of alive: 1000
adding vertex with color number: 9 to node: 0
number of alive: 409
number of alive: 409
adding vertex with color number: 9 to node: 2
number of alive: 33
adding vertex with color number: 0 to node: 0
number of alive: 12
number of alive: 12
adding vertex with color number: 0 to node: 3
Time taken: 0.280197 seconds

Pattern appears in 5 graphs:
S[17] -> S_113.json
S[235] -> S_31.json
S[333] -> S_399.json
S[371] -> S_432.json
S[435] -> S_490.json
Pattern written to pattern.json
