first_color: 0
number of alive: 1000
adding vertex with color number: 1 to node: 0
number of alive: 1000
number of alive: 1000
adding vertex with color number: 10 to node: 1
number of alive: 972
adding vertex with color number: 9 to node: 0
number of alive: 247
number of alive: 247
adding vertex with color number: 7 to node: 3
number of alive: 29
adding vertex with color number: 6 to node: 1
number of alive: 6
number of alive: 6
adding vertex with color number: 3 to node: 3
Time taken: 0.511994 seconds

Pattern appears in 2 graphs:
S[542] -> S_587.json
S[597] -> S_636.json
Pattern written to pattern.json
