first_color: 0
number of alive: 1000
adding vertex with color number: 18 to node: 0
number of alive: 979
number of alive: 979
adding vertex with color number: 0 to node: 0
number of alive: 868
adding vertex with color number: 9 to node: 2
number of alive: 138
number of alive: 138
adding vertex with color number: 3 to node: 0
number of alive: 44
adding vertex with color number: 1 to node: 2
number of alive: 21
adding vertex with color number: 11 to node: 1
Time taken: 0.282027 seconds

Pattern appears in 3 graphs:
S[42] -> S_136.json
S[199] -> S_278.json
S[239] -> S_313.json
Pattern written to pattern.json
