first_color: 0
number of alive: 1000
adding vertex with color number: 11 to node: 0
number of alive: 998
adding vertex with color number: 6 to node: 0
number of alive: 739
number of alive: 739
adding vertex with color number: 1 to node: 2
number of alive: 430
number of alive: 430
adding vertex with color number: 0 to node: 3
number of alive: 247
adding vertex with color number: 8 to node: 1
number of alive: 34
number of alive: 34
adding vertex with color number: 13 to node: 3
Time taken: 0.294771 seconds

Pattern appears in 1 graphs:
S[169] -> S_250.json
Pattern written to pattern.json
