first_color: 0
number of alive: 1000
adding vertex with color number: 4 to node: 0
number of alive: 1000
adding vertex with color number: 14 to node: 1
number of alive: 851
number of alive: 851
adding vertex with color number: 5 to node: 2
number of alive: 281
adding vertex with color number: 4 to node: 1
number of alive: 84
number of alive: 84
adding vertex with color number: 2 to node: 1
number of alive: 38
adding vertex with color number: 0 to node: 1
number of alive: 11
adding vertex with color number: 1 to node: 0
number of alive: 7
adding vertex with color number: 1 to node: 1
Time taken: 0.421096 seconds

Pattern appears in 2 graphs:
S[27] -> S_122.json
S[441] -> S_496.json
Pattern written to pattern.json
