first_color: 0
number of alive: 1000
adding vertex with color number: 19 to node: 0
number of alive: 985
number of alive: 985
adding vertex with color number: 5 to node: 1
number of alive: 475
adding vertex with color number: 1 to node: 1
number of alive: 231
adding vertex with color number: 0 to node: 0
number of alive: 136
adding vertex with color number: 2 to node: 0
number of alive: 55
adding vertex with color number: 2 to node: 2
number of alive: 21
number of alive: 21
adding vertex with color number: 0 to node: 3
number of alive: 10
adding vertex with color number: 16 to node: 0
Time taken: 0.275313 seconds

Pattern appears in 1 graphs:
S[831] -> S_847.json
Pattern written to pattern.json
