first_color: 0
number of alive: 1000
adding vertex with color number: 19 to node: 0
number of alive: 985
number of alive: 985
adding vertex with color number: 2 to node: 1
number of alive: 756
number of alive: 756
adding vertex with color number: 10 to node: 2
number of alive: 52
number of alive: 52
adding vertex with color number: 1 to node: 3
number of alive: 22
adding vertex with color number: 1 to node: 2
number of alive: 17
adding vertex with color number: 4 to node: 5
number of alive: 6
adding vertex with color number: 1 to node: 1
Time taken: 0.278864 seconds

Pattern appears in 2 graphs:
S[198] -> S_277.json
S[567] -> S_609.json
Pattern written to pattern.json
