first_color: 0
number of alive: 1000
adding vertex with color number: 19 to node: 0
number of alive: 985
number of alive: 985
adding vertex with color number: 1 to node: 1
number of alive: 818
number of alive: 818
adding vertex with color number: 9 to node: 1
number of alive: 74
adding vertex with color number: 1 to node: 2
number of alive: 46
adding vertex with color number: 3 to node: 4
number of alive: 19
number of alive: 19
adding vertex with color number: 6 to node: 5
Time taken: 0.281625 seconds

Pattern appears in 2 graphs:
S[584] -> S_624.json
S[802] -> S_820.json
Pattern written to pattern.json
