first_color: 0
number of alive: 1000
adding vertex with color number: 11 to node: 0
number of alive: 998
number of alive: 998
adding vertex with color number: 5 to node: 0
number of alive: 780
adding vertex with color number: 2 to node: 1
number of alive: 412
adding vertex with color number: 3 to node: 0
number of alive: 156
number of alive: 156
adding vertex with color number: 5 to node: 4
number of alive: 30
adding vertex with color number: 3 to node: 1
number of alive: 11
adding vertex with color number: 0 to node: 2
number of alive: 6
number of alive: 6
adding vertex with color number: 0 to node: 3
Time taken: 0.289966 seconds

Pattern appears in 3 graphs:
S[16] -> S_112.json
S[475] -> S_526.json
S[587] -> S_627.json
Pattern written to pattern.json
