first_color: 0
number of alive: 1000
adding vertex with color number: 8 to node: 0
number of alive: 1000
adding vertex with color number: 5 to node: 1
number of alive: 973
adding vertex with color number: 2 to node: 1
number of alive: 724
adding vertex with color number: 3 to node: 1
number of alive: 329
number of alive: 329
adding vertex with color number: 1 to node: 1
number of alive: 145
number of alive: 145
adding vertex with color number: 3 to node: 5
number of alive: 62
adding vertex with color number: 6 to node: 6
number of alive: 8
adding vertex with color number: 4 to node: 2
Time taken: 0.350997 seconds

Pattern appears in 2 graphs:
S[91] -> S_180.json
S[207] -> S_285.json
Pattern written to pattern.json
