first_color: 0
number of alive: 1000
adding vertex with color number: 16 to node: 0
number of alive: 983
adding vertex with color number: 3 to node: 1
number of alive: 682
number of alive: 682
adding vertex with color number: 0 to node: 1
number of alive: 237
number of alive: 237
adding vertex with color number: 0 to node: 3
number of alive: 178
adding vertex with color number: 3 to node: 0
number of alive: 77
number of alive: 77
adding vertex with color number: 1 to node: 1
number of alive: 32
adding vertex with color number: 6 to node: 4
Time taken: 0.282189 seconds

Pattern appears in 4 graphs:
S[718] -> S_745.json
S[776] -> S_798.json
S[886] -> S_897.json
S[943] -> S_948.json
Pattern written to pattern.json
