first_color: 0
number of alive: 1000
adding vertex with color number: 7 to node: 0
number of alive: 1000
adding vertex with color number: 4 to node: 0
number of alive: 999
adding vertex with color number: 2 to node: 0
number of alive: 967
Added edge (1, 3) with score 8
number of alive: 8
adding vertex with color number: 0 to node: 2
number of alive: 7
adding vertex with color number: 4 to node: 4
Time taken: 0.362418 seconds

Pattern appears in 5 graphs:
S[1] -> S_10.json
S[57] -> S_15.json
S[174] -> S_255.json
S[283] -> S_353.json
S[468] -> S_52.json
Pattern written to pattern.json
