first_color: 0
number of alive: 1000
adding vertex with color number: 1 to node: 0
number of alive: 1000
number of alive: 1000
adding vertex with color number: 7 to node: 1
number of alive: 1000
adding vertex with color number: 9 to node: 0
number of alive: 663
adding vertex with color number: 1 to node: 2
number of alive: 352
adding vertex with color number: 4 to node: 0
number of alive: 100
adding vertex with color number: 3 to node: 0
number of alive: 38
number of alive: 38
adding vertex with color number: 1 to node: 4
number of alive: 17
adding vertex with color number: 3 to node: 2
number of alive: 6
adding vertex with color number: 19 to node: 5
Time taken: 0.560005 seconds

Pattern appears in 1 graphs:
S[405] -> S_463.json
Pattern written to pattern.json
