first_color: 0
number of alive: 1000
adding vertex with color number: 6 to node: 0
number of alive: 1000
adding vertex with color number: 13 to node: 0
number of alive: 716
adding vertex with color number: 3 to node: 1
number of alive: 325
number of alive: 325
adding vertex with color number: 2 to node: 0
number of alive: 127
adding vertex with color number: 4 to node: 3
number of alive: 42
number of alive: 42
adding vertex with color number: 1 to node: 1
number of alive: 12
adding vertex with color number: 6 to node: 2
Time taken: 0.348027 seconds

Pattern appears in 3 graphs:
S[119] -> S_205.json
S[318] -> S_385.json
S[933] -> S_939.json
Pattern written to pattern.json
