first_color: 0
number of alive: 1000
adding vertex with color number: 19 to node: 0
number of alive: 985
number of alive: 985
adding vertex with color number: 2 to node: 1
number of alive: 756
adding vertex with color number: 5 to node: 2
number of alive: 245
number of alive: 245
adding vertex with color number: 9 to node: 0
number of alive: 17
number of alive: 17
adding vertex with color number: 5 to node: 0
Time taken: 0.277989 seconds

Pattern appears in 3 graphs:
S[80] -> S_170.json
S[225] -> S_300.json
S[484] -> S_534.json
Pattern written to pattern.json
