first_color: 0
number of alive: 1000
adding vertex with color number: 8 to node: 0
number of alive: 1000
adding vertex with color number: 9 to node: 1
number of alive: 701
number of alive: 701
adding vertex with color number: 1 to node: 1
number of alive: 402
adding vertex with color number: 9 to node: 2
number of alive: 32
adding vertex with color number: 0 to node: 0
number of alive: 16
adding vertex with color number: 2 to node: 3
number of alive: 7
number of alive: 7
adding vertex with color number: 3 to node: 1
Time taken: 0.316898 seconds

Pattern appears in 3 graphs:
S[227] -> S_302.json
S[530] -> S_576.json
S[650] -> S_684.json
Pattern written to pattern.json
