first_color: 0
number of alive: 1000
adding vertex with color number: 6 to node: 0
number of alive: 1000
adding vertex with color number: 12 to node: 1
number of alive: 644
number of alive: 644
adding vertex with color number: 0 to node: 0
number of alive: 405
number of alive: 405
adding vertex with color number: 6 to node: 3
number of alive: 98
adding vertex with color number: 1 to node: 4
number of alive: 54
adding vertex with color number: 2 to node: 1
number of alive: 21
number of alive: 21
adding vertex with color number: 10 to node: 3
Time taken: 0.343568 seconds

Pattern appears in 1 graphs:
S[441] -> S_496.json
Pattern written to pattern.json
