first_color: 0
number of alive: 1000
adding vertex with color number: 18 to node: 0
number of alive: 979
adding vertex with color number: 3 to node: 1
number of alive: 701
adding vertex with color number: 9 to node: 1
number of alive: 66
adding vertex with color number: 3 to node: 0
number of alive: 19
adding vertex with color number: 0 to node: 2
number of alive: 7
number of alive: 7
adding vertex with color number: 0 to node: 1
Time taken: 0.274583 seconds

Pattern appears in 3 graphs:
S[161] -> S_243.json
S[178] -> S_259.json
S[571] -> S_612.json
Pattern written to pattern.json
