first_color: 0
number of alive: 1000
adding vertex with color number: 2 to node: 0
number of alive: 1000
adding vertex with color number: 10 to node: 0
number of alive: 967
adding vertex with color number: 1 to node: 1
number of alive: 797
adding vertex with color number: 7 to node: 1
number of alive: 177
number of alive: 177
adding vertex with color number: 3 to node: 4
number of alive: 63
adding vertex with color number: 7 to node: 2
number of alive: 6
number of alive: 6
adding vertex with color number: 0 to node: 2
Time taken: 0.476834 seconds

Pattern appears in 2 graphs:
S[201] -> S_28.json
S[399] -> S_458.json
Pattern written to pattern.json
