Run 1: SUCCESS (15.427525132s) - Pattern appears in 2 graphs:
Run 2: SUCCESS (15.294836243s) - Pattern appears in 5 graphs:
Run 3: SUCCESS (15.242201745s) - Pattern appears in 2 graphs:
Run 4: SUCCESS (15.295148976s) - Pattern appears in 4 graphs:
Run 5: SUCCESS (15.187304755s) - Pattern appears in 3 graphs:
Run 6: SUCCESS (15.615407668s) - Pattern appears in 2 graphs:
Run 7: SUCCESS (15.001256068s) - Pattern appears in 1 graphs:
Run 8: SUCCESS (15.112551506s) - Pattern appears in 3 graphs:
Run 9: SUCCESS (15.634003667s) - Pattern appears in 4 graphs:
Run 10: SUCCESS (14.968009454s) - Pattern appears in 4 graphs:
Run 11: SUCCESS (14.968525681s) - Pattern appears in 3 graphs:
Run 12: SUCCESS (15.133085023s) - Pattern appears in 4 graphs:
Run 13: SUCCESS (15.030911955s) - Pattern appears in 3 graphs:
Run 14: SUCCESS (14.887042689s) - Pattern appears in 4 graphs:
Run 15: SUCCESS (15.381040721s) - Pattern appears in 2 graphs:
Run 16: SUCCESS (15.638807129s) - Pattern appears in 3 graphs:
Run 17: SUCCESS (15.735684054s) - Pattern appears in 5 graphs:
Run 18: SUCCESS (14.907705485s) - Pattern appears in 1 graphs:
Run 19: SUCCESS (15.261995645s) - Pattern appears in 1 graphs:
Run 20: SUCCESS (15.044821719s) - Pattern appears in 2 graphs:
Run 21: SUCCESS (15.008418635s) - Pattern appears in 5 graphs:
Run 22: SUCCESS (15.868003057s) - Pattern appears in 2 graphs:
Run 23: SUCCESS (15.019824373s) - Pattern appears in 5 graphs:
Run 24: SUCCESS (16.540596706s) - Pattern appears in 5 graphs:
Run 25: SUCCESS (15.612058772s) - Pattern appears in 3 graphs:
Run 26: SUCCESS (14.975399625s) - Pattern appears in 4 graphs:
Run 27: SUCCESS (15.022081908s) - Pattern appears in 3 graphs:
Run 28: SUCCESS (15.004774976s) - Pattern appears in 4 graphs:
Run 29: SUCCESS (15.344333094s) - Pattern appears in 2 graphs:
Run 30: SUCCESS (14.960405728s) - Pattern appears in 5 graphs:
Run 31: SUCCESS (15.570960040s) - Pattern appears in 4 graphs:
Run 32: SUCCESS (15.063396286s) - Pattern appears in 2 graphs:
Run 33: SUCCESS (14.915885480s) - Pattern appears in 4 graphs:
Run 34: SUCCESS (16.072757190s) - Pattern appears in 5 graphs:
Run 35: SUCCESS (15.426703052s) - Pattern appears in 5 graphs:
Run 36: SUCCESS (15.366748854s) - Pattern appears in 4 graphs:
Run 37: SUCCESS (15.605887830s) - Pattern appears in 2 graphs:
Run 38: SUCCESS (15.436412226s) - Pattern appears in 1 graphs:
Run 39: SUCCESS (15.248861180s) - Pattern appears in 4 graphs:
Run 40: SUCCESS (14.984657624s) - Pattern appears in 3 graphs:
Run 41: SUCCESS (15.379395856s) - Pattern appears in 2 graphs:
Run 42: SUCCESS (15.026228316s) - Pattern appears in 5 graphs:
Run 43: SUCCESS (15.066694169s) - Pattern appears in 1 graphs:
Run 44: SUCCESS (15.272871095s) - Pattern appears in 5 graphs:
Run 45: SUCCESS (15.306917765s) - Pattern appears in 3 graphs:
Run 46: SUCCESS (14.923727900s) - Pattern appears in 4 graphs:
Run 47: SUCCESS (15.508311452s) - Pattern appears in 2 graphs:
Run 48: SUCCESS (14.988006223s) - Pattern appears in 1 graphs:
Run 49: SUCCESS (15.826933755s) - Pattern appears in 4 graphs:
Run 50: SUCCESS (15.445569470s) - Pattern appears in 5 graphs:
Run 51: SUCCESS (14.989467951s) - Pattern appears in 5 graphs:
Run 52: SUCCESS (14.938911665s) - Pattern appears in 5 graphs:
Run 53: SUCCESS (15.799317424s) - Pattern appears in 1 graphs:
Run 54: SUCCESS (14.907509441s) - Pattern appears in 5 graphs:
Run 55: SUCCESS (15.406957913s) - Pattern appears in 4 graphs:
Run 56: SUCCESS (15.300014419s) - Pattern appears in 4 graphs:
Run 57: SUCCESS (15.245175330s) - Pattern appears in 4 graphs:
Run 58: SUCCESS (15.082413880s) - Pattern appears in 1 graphs:
Run 59: SUCCESS (15.206733241s) - Pattern appears in 2 graphs:
Run 60: SUCCESS (16.343103188s) - Pattern appears in 5 graphs:
Run 61: SUCCESS (15.537208292s) - Pattern appears in 5 graphs:
Run 62: SUCCESS (15.454711795s) - Pattern appears in 5 graphs:
Run 63: SUCCESS (14.990703524s) - Pattern appears in 3 graphs:
Run 64: SUCCESS (15.383658558s) - Pattern appears in 4 graphs:
Run 65: SUCCESS (15.014252407s) - Pattern appears in 2 graphs:
Run 66: SUCCESS (14.997486985s) - Pattern appears in 4 graphs:
Run 67: SUCCESS (15.027204072s) - Pattern appears in 4 graphs:
Run 68: SUCCESS (14.938888464s) - Pattern appears in 5 graphs:
Run 69: SUCCESS (15.627966964s) - Pattern appears in 5 graphs:
Run 70: SUCCESS (16.143126985s) - Pattern appears in 3 graphs:
Run 71: SUCCESS (15.824250999s) - Pattern appears in 3 graphs:
Run 72: SUCCESS (14.845397476s) - Pattern appears in 4 graphs:
Run 73: SUCCESS (15.314790272s) - Pattern appears in 1 graphs:
Run 74: SUCCESS (15.234918971s) - Pattern appears in 5 graphs:
Run 75: SUCCESS (15.324621787s) - Pattern appears in 3 graphs:
Run 76: SUCCESS (14.959618747s) - Pattern appears in 5 graphs:
Run 77: SUCCESS (15.165529154s) - Pattern appears in 5 graphs:
Run 78: SUCCESS (15.530124989s) - Pattern appears in 4 graphs:
Run 79: SUCCESS (14.857235403s) - Pattern appears in 4 graphs:
Run 80: SUCCESS (15.158378769s) - Pattern appears in 1 graphs:
Run 81: SUCCESS (15.625317872s) - Pattern appears in 3 graphs:
Run 82: SUCCESS (15.368315235s) - Pattern appears in 3 graphs:
Run 83: SUCCESS (15.035341332s) - Pattern appears in 5 graphs:
Run 84: SUCCESS (15.099921662s) - Pattern appears in 3 graphs:
Run 85: SUCCESS (15.393844612s) - Pattern appears in 4 graphs:
Run 86: SUCCESS (15.416086688s) - Pattern appears in 4 graphs:
Run 87: SUCCESS (14.985551516s) - Pattern appears in 4 graphs:
Run 88: SUCCESS (15.330467588s) - Pattern appears in 2 graphs:
Run 89: SUCCESS (14.996439245s) - Pattern appears in 4 graphs:
Run 90: SUCCESS (15.128580287s) - Pattern appears in 1 graphs:
Run 91: SUCCESS (15.676740383s) - Pattern appears in 2 graphs:
Run 92: SUCCESS (15.114795153s) - Pattern appears in 5 graphs:
Run 93: SUCCESS (15.194779832s) - Pattern appears in 1 graphs:
Run 94: SUCCESS (15.127778375s) - Pattern appears in 4 graphs:
Run 95: SUCCESS (14.928435889s) - Pattern appears in 5 graphs:
Run 96: SUCCESS (16.084717824s) - Pattern appears in 4 graphs:
Run 97: SUCCESS (15.513594849s) - Pattern appears in 3 graphs:
Run 98: SUCCESS (15.285059695s) - Pattern appears in 3 graphs:
Run 99: SUCCESS (16.380089090s) - Pattern appears in 4 graphs:
Run 100: SUCCESS (15.522655646s) - Pattern appears in 5 graphs:
Run 101: SUCCESS (15.313986950s) - Pattern appears in 4 graphs:
Run 102: SUCCESS (15.166645148s) - Pattern appears in 4 graphs:
Run 103: SUCCESS (15.096178211s) - Pattern appears in 5 graphs:
Run 104: SUCCESS (14.857031144s) - Pattern appears in 3 graphs:
Run 105: SUCCESS (15.771865750s) - Pattern appears in 2 graphs:
Run 106: SUCCESS (14.936070129s) - Pattern appears in 2 graphs:
Run 107: SUCCESS (15.525253581s) - Pattern appears in 1 graphs:
Run 108: SUCCESS (15.599844226s) - Pattern appears in 2 graphs:
Run 109: SUCCESS (15.285331598s) - Pattern appears in 4 graphs:
Run 110: SUCCESS (15.153281194s) - Pattern appears in 5 graphs:
Run 111: SUCCESS (15.077663625s) - Pattern appears in 3 graphs:
Run 112: SUCCESS (15.158781705s) - Pattern appears in 3 graphs:
Run 113: SUCCESS (15.147726488s) - Pattern appears in 5 graphs:
Run 114: SUCCESS (15.518204773s) - Pattern appears in 5 graphs:
Run 115: SUCCESS (16.655183300s) - Pattern appears in 5 graphs:
Run 116: SUCCESS (15.629045606s) - Pattern appears in 1 graphs:
Run 117: SUCCESS (15.426301834s) - Pattern appears in 4 graphs:
Run 118: SUCCESS (15.514329817s) - Pattern appears in 2 graphs:
Run 119: SUCCESS (15.258878009s) - Pattern appears in 5 graphs:
Run 120: SUCCESS (15.621472480s) - Pattern appears in 5 graphs:
Run 121: SUCCESS (15.280749799s) - Pattern appears in 3 graphs:
Run 122: SUCCESS (15.083614621s) - Pattern appears in 5 graphs:
Run 123: SUCCESS (15.198569369s) - Pattern appears in 2 graphs:
Run 124: SUCCESS (15.750396468s) - Pattern appears in 5 graphs:
Run 125: SUCCESS (15.617924228s) - Pattern appears in 5 graphs:
Run 126: SUCCESS (15.130992681s) - Pattern appears in 2 graphs:
Run 127: SUCCESS (15.236116724s) - Pattern appears in 3 graphs:
Run 128: SUCCESS (15.766589839s) - Pattern appears in 5 graphs:
Run 129: SUCCESS (15.180104564s) - Pattern appears in 2 graphs:
Run 130: SUCCESS (15.376861470s) - Pattern appears in 4 graphs:
Run 131: SUCCESS (15.679367087s) - Pattern appears in 2 graphs:
Run 132: SUCCESS (16.360059998s) - Pattern appears in 5 graphs:
Run 133: SUCCESS (14.918276847s) - Pattern appears in 4 graphs:
Run 134: SUCCESS (15.045960730s) - Pattern appears in 3 graphs:
Run 135: SUCCESS (15.189149976s) - Pattern appears in 5 graphs:
Run 136: SUCCESS (15.063614669s) - Pattern appears in 4 graphs:
Run 137: SUCCESS (15.188722100s) - Pattern appears in 5 graphs:
Run 138: SUCCESS (15.675123741s) - Pattern appears in 4 graphs:
Run 139: SUCCESS (14.967579859s) - Pattern appears in 3 graphs:
Run 140: SUCCESS (14.903918454s) - Pattern appears in 2 graphs:
Run 141: SUCCESS (15.544959927s) - Pattern appears in 3 graphs:
Run 142: SUCCESS (15.153994168s) - Pattern appears in 4 graphs:
Run 143: SUCCESS (15.013468664s) - Pattern appears in 4 graphs:
Run 144: SUCCESS (15.461058816s) - Pattern appears in 4 graphs:
Run 145: SUCCESS (15.292411206s) - Pattern appears in 3 graphs:
Run 146: SUCCESS (14.969716948s) - Pattern appears in 5 graphs:
Run 147: SUCCESS (15.517500138s) - Pattern appears in 1 graphs:
Run 148: SUCCESS (15.134053181s) - Pattern appears in 4 graphs:
Run 149: SUCCESS (15.643538589s) - Pattern appears in 5 graphs:
Run 150: SUCCESS (14.999777787s) - Pattern appears in 5 graphs:
Run 151: SUCCESS (15.244591210s) - Pattern appears in 1 graphs:
Run 152: SUCCESS (15.048197299s) - Pattern appears in 4 graphs:
Run 153: SUCCESS (15.377674534s) - Pattern appears in 3 graphs:
Run 154: SUCCESS (15.038473257s) - Pattern appears in 3 graphs:
Run 155: SUCCESS (15.745726012s) - Pattern appears in 4 graphs:
Run 156: SUCCESS (15.316830782s) - Pattern appears in 5 graphs:
Run 157: SUCCESS (15.309799874s) - Pattern appears in 2 graphs:
Run 158: SUCCESS (15.200101370s) - Pattern appears in 1 graphs:
Run 159: SUCCESS (15.206278447s) - Pattern appears in 1 graphs:
Run 160: SUCCESS (15.263308879s) - Pattern appears in 3 graphs:
Run 161: SUCCESS (15.266048521s) - Pattern appears in 4 graphs:
Run 162: SUCCESS (15.386006636s) - Pattern appears in 4 graphs:
Run 163: SUCCESS (14.985978300s) - Pattern appears in 1 graphs:
Run 164: SUCCESS (15.184697778s) - Pattern appears in 4 graphs:
Run 165: SUCCESS (14.945287770s) - Pattern appears in 1 graphs:
Run 166: SUCCESS (15.517329733s) - Pattern appears in 4 graphs:
Run 167: SUCCESS (15.324334470s) - Pattern appears in 4 graphs:
Run 168: SUCCESS (15.253039316s) - Pattern appears in 3 graphs:
Run 169: SUCCESS (15.666619564s) - Pattern appears in 5 graphs:
Run 170: SUCCESS (15.235915726s) - Pattern appears in 5 graphs:
Run 171: SUCCESS (15.640494902s) - Pattern appears in 5 graphs:
Run 172: SUCCESS (15.075889395s) - Pattern appears in 5 graphs:
Run 173: SUCCESS (15.845215121s) - Pattern appears in 4 graphs:
Run 174: SUCCESS (15.081180618s) - Pattern appears in 4 graphs:
Run 175: SUCCESS (15.005768857s) - Pattern appears in 5 graphs:
Run 176: SUCCESS (15.484411298s) - Pattern appears in 4 graphs:
Run 177: SUCCESS (15.596621069s) - Pattern appears in 3 graphs:
Run 178: SUCCESS (15.842637793s) - Pattern appears in 5 graphs:
Run 179: SUCCESS (15.203001228s) - Pattern appears in 5 graphs:
Run 180: SUCCESS (15.012691048s) - Pattern appears in 5 graphs:
Run 181: SUCCESS (15.052008712s) - Pattern appears in 4 graphs:
Run 182: SUCCESS (15.567975115s) - Pattern appears in 4 graphs:
Run 183: SUCCESS (15.102519762s) - Pattern appears in 1 graphs:
Run 184: SUCCESS (15.911807140s) - Pattern appears in 3 graphs:
Run 185: SUCCESS (15.697293184s) - Pattern appears in 4 graphs:
Run 186: SUCCESS (15.411243834s) - Pattern appears in 3 graphs:
Run 187: SUCCESS (16.492355388s) - Pattern appears in 5 graphs:
Run 188: SUCCESS (14.962570574s) - Pattern appears in 3 graphs:
Run 189: SUCCESS (15.027832717s) - Pattern appears in 4 graphs:
Run 190: SUCCESS (15.080913610s) - Pattern appears in 4 graphs:
Run 191: SUCCESS (14.978611463s) - Pattern appears in 4 graphs:
Run 192: SUCCESS (16.013035241s) - Pattern appears in 3 graphs:
Run 193: SUCCESS (15.765329593s) - Pattern appears in 5 graphs:
Run 194: SUCCESS (15.211831641s) - Pattern appears in 4 graphs:
Run 195: SUCCESS (15.686385214s) - Pattern appears in 4 graphs:
Run 196: SUCCESS (15.272798216s) - Pattern appears in 2 graphs:
Run 197: SUCCESS (15.264108539s) - Pattern appears in 3 graphs:
Run 198: SUCCESS (15.572957114s) - Pattern appears in 3 graphs:
Run 199: SUCCESS (15.558978437s) - Pattern appears in 4 graphs:
Run 200: SUCCESS (15.597505254s) - Pattern appears in 3 graphs:
Run 201: SUCCESS (15.744672605s) - Pattern appears in 5 graphs:
Run 202: SUCCESS (15.574869754s) - Pattern appears in 2 graphs:
Run 203: SUCCESS (15.249736654s) - Pattern appears in 5 graphs:
Run 204: SUCCESS (15.273818246s) - Pattern appears in 3 graphs:
Run 205: SUCCESS (15.425254642s) - Pattern appears in 3 graphs:
Run 206: SUCCESS (15.379374433s) - Pattern appears in 5 graphs:
Run 207: SUCCESS (16.601951474s) - Pattern appears in 4 graphs:
Run 208: SUCCESS (15.212196553s) - Pattern appears in 1 graphs:
Run 209: SUCCESS (16.157140112s) - Pattern appears in 3 graphs:
Run 210: SUCCESS (15.690045751s) - Pattern appears in 2 graphs:
Run 211: SUCCESS (15.296500721s) - Pattern appears in 3 graphs:
Run 212: SUCCESS (16.380955173s) - Pattern appears in 1 graphs:
Run 213: SUCCESS (15.503434070s) - Pattern appears in 4 graphs:
Run 214: SUCCESS (15.257589046s) - Pattern appears in 4 graphs:
Run 215: SUCCESS (15.351761217s) - Pattern appears in 4 graphs:
Run 216: SUCCESS (15.599034550s) - Pattern appears in 3 graphs:
Run 217: SUCCESS (15.310246731s) - Pattern appears in 3 graphs:
Run 218: SUCCESS (15.598365056s) - Pattern appears in 1 graphs:
Run 219: SUCCESS (14.937128296s) - Pattern appears in 3 graphs:
Run 220: SUCCESS (15.875763307s) - Pattern appears in 1 graphs:
Run 221: SUCCESS (15.287568048s) - Pattern appears in 4 graphs:
Run 222: SUCCESS (15.175861699s) - Pattern appears in 3 graphs:
Run 223: SUCCESS (15.145166994s) - Pattern appears in 3 graphs:
Run 224: SUCCESS (15.163107925s) - Pattern appears in 4 graphs:
Run 225: SUCCESS (15.162540435s) - Pattern appears in 3 graphs:
Run 226: FAILED - No pattern generated
Run 227: SUCCESS (15.562081801s) - Pattern appears in 3 graphs:
Run 228: SUCCESS (15.390277359s) - Pattern appears in 1 graphs:
Run 229: SUCCESS (14.961969494s) - Pattern appears in 1 graphs:
Run 230: SUCCESS (15.127744842s) - Pattern appears in 5 graphs:
Run 231: SUCCESS (15.051169187s) - Pattern appears in 1 graphs:
Run 232: SUCCESS (15.172916308s) - Pattern appears in 2 graphs:
Run 233: SUCCESS (15.872050467s) - Pattern appears in 5 graphs:
Run 234: SUCCESS (16.489065742s) - Pattern appears in 4 graphs:
Run 235: SUCCESS (15.276395654s) - Pattern appears in 5 graphs:
Run 236: SUCCESS (15.099384570s) - Pattern appears in 3 graphs:
Run 237: SUCCESS (15.050051436s) - Pattern appears in 5 graphs:
Run 238: SUCCESS (15.257409565s) - Pattern appears in 3 graphs:
Run 239: SUCCESS (16.126422591s) - Pattern appears in 3 graphs:
Run 240: SUCCESS (16.308378292s) - Pattern appears in 4 graphs:
Run 241: SUCCESS (15.053309804s) - Pattern appears in 4 graphs:
Run 242: SUCCESS (15.227077930s) - Pattern appears in 5 graphs:
Run 243: SUCCESS (15.138012690s) - Pattern appears in 3 graphs:
Run 244: SUCCESS (15.537031150s) - Pattern appears in 3 graphs:
Run 245: SUCCESS (15.014869912s) - Pattern appears in 1 graphs:
Run 246: SUCCESS (15.091943374s) - Pattern appears in 3 graphs:
Run 247: SUCCESS (15.488813643s) - Pattern appears in 4 graphs:
Run 248: SUCCESS (15.062663925s) - Pattern appears in 5 graphs:
Run 249: SUCCESS (15.571396640s) - Pattern appears in 3 graphs:
Run 250: SUCCESS (15.034514418s) - Pattern appears in 3 graphs:
Run 251: SUCCESS (15.092449725s) - Pattern appears in 4 graphs:
Run 252: SUCCESS (15.748352465s) - Pattern appears in 2 graphs:
Run 253: SUCCESS (15.340998194s) - Pattern appears in 3 graphs:
Run 254: SUCCESS (15.741649074s) - Pattern appears in 2 graphs:
Run 255: SUCCESS (15.695593726s) - Pattern appears in 4 graphs:
Run 256: SUCCESS (15.258577891s) - Pattern appears in 1 graphs:
Run 257: SUCCESS (15.165947450s) - Pattern appears in 5 graphs:
Run 258: SUCCESS (15.228191307s) - Pattern appears in 4 graphs:
Run 259: SUCCESS (14.989450789s) - Pattern appears in 1 graphs:
Run 260: SUCCESS (15.395076653s) - Pattern appears in 5 graphs:
Run 261: SUCCESS (15.747141451s) - Pattern appears in 2 graphs:
Run 262: SUCCESS (15.511012013s) - Pattern appears in 2 graphs:
Run 263: SUCCESS (17.073866463s) - Pattern appears in 3 graphs:
Run 264: SUCCESS (15.249560400s) - Pattern appears in 4 graphs:
Run 265: SUCCESS (15.027239137s) - Pattern appears in 4 graphs:
Run 266: SUCCESS (15.958957465s) - Pattern appears in 3 graphs:
Run 267: SUCCESS (15.927860590s) - Pattern appears in 5 graphs:
Run 268: SUCCESS (15.120630932s) - Pattern appears in 5 graphs:
Run 269: SUCCESS (16.126486280s) - Pattern appears in 4 graphs:
Run 270: SUCCESS (15.135199398s) - Pattern appears in 1 graphs:
Run 271: SUCCESS (15.299478402s) - Pattern appears in 5 graphs:
Run 272: SUCCESS (15.392820409s) - Pattern appears in 4 graphs:
Run 273: SUCCESS (16.030184111s) - Pattern appears in 5 graphs:
Run 274: SUCCESS (15.399763140s) - Pattern appears in 5 graphs:
Run 275: SUCCESS (15.515657490s) - Pattern appears in 5 graphs:
Run 276: SUCCESS (15.598364201s) - Pattern appears in 3 graphs:
Run 277: SUCCESS (15.697288143s) - Pattern appears in 5 graphs:
Run 278: SUCCESS (15.098897299s) - Pattern appears in 2 graphs:
Run 279: SUCCESS (15.339014216s) - Pattern appears in 4 graphs:
Run 280: SUCCESS (15.542755268s) - Pattern appears in 5 graphs:
Run 281: SUCCESS (15.156663453s) - Pattern appears in 5 graphs:
Run 282: SUCCESS (15.319347832s) - Pattern appears in 2 graphs:
Run 283: SUCCESS (14.968342138s) - Pattern appears in 5 graphs:
Run 284: SUCCESS (15.849360581s) - Pattern appears in 5 graphs:
Run 285: SUCCESS (15.060369543s) - Pattern appears in 4 graphs:
Run 286: SUCCESS (15.308141163s) - Pattern appears in 5 graphs:
Run 287: SUCCESS (16.205437634s) - Pattern appears in 4 graphs:
Run 288: SUCCESS (15.603707332s) - Pattern appears in 4 graphs:
Run 289: SUCCESS (15.202679383s) - Pattern appears in 1 graphs:
Run 290: SUCCESS (15.035678353s) - Pattern appears in 2 graphs:
Run 291: SUCCESS (15.868741389s) - Pattern appears in 2 graphs:
Run 292: SUCCESS (15.729790408s) - Pattern appears in 5 graphs:
Run 293: SUCCESS (15.222980727s) - Pattern appears in 5 graphs:
Run 294: SUCCESS (16.883467104s) - Pattern appears in 3 graphs:
Run 295: SUCCESS (15.231031440s) - Pattern appears in 1 graphs:
Run 296: SUCCESS (16.323364445s) - Pattern appears in 4 graphs:
Run 297: SUCCESS (15.932305813s) - Pattern appears in 5 graphs:
Run 298: SUCCESS (14.998917369s) - Pattern appears in 1 graphs:
Run 299: SUCCESS (15.226235624s) - Pattern appears in 2 graphs:
Run 300: SUCCESS (15.279250002s) - Pattern appears in 4 graphs:
Run 301: SUCCESS (15.505408601s) - Pattern appears in 5 graphs:
Run 302: SUCCESS (15.402060975s) - Pattern appears in 2 graphs:
Run 303: SUCCESS (15.621512523s) - Pattern appears in 4 graphs:
Run 304: SUCCESS (15.118430764s) - Pattern appears in 5 graphs:
Run 305: SUCCESS (15.031335203s) - Pattern appears in 1 graphs:
Run 306: SUCCESS (15.449937276s) - Pattern appears in 5 graphs:
Run 307: SUCCESS (15.149507381s) - Pattern appears in 5 graphs:
Run 308: SUCCESS (15.703070858s) - Pattern appears in 3 graphs:
Run 309: SUCCESS (15.308016196s) - Pattern appears in 3 graphs:
Run 310: SUCCESS (15.341375230s) - Pattern appears in 5 graphs:
Run 311: SUCCESS (15.407864520s) - Pattern appears in 4 graphs:
Run 312: SUCCESS (15.245681125s) - Pattern appears in 3 graphs:
Run 313: SUCCESS (16.072589872s) - Pattern appears in 5 graphs:
Run 314: SUCCESS (15.795963416s) - Pattern appears in 5 graphs:
Run 315: SUCCESS (15.339113786s) - Pattern appears in 5 graphs:
Run 316: SUCCESS (15.289582052s) - Pattern appears in 3 graphs:
Run 317: SUCCESS (15.408162285s) - Pattern appears in 5 graphs:
Run 318: SUCCESS (15.372989032s) - Pattern appears in 3 graphs:
Run 319: SUCCESS (16.016881016s) - Pattern appears in 5 graphs:
Run 320: SUCCESS (15.251648998s) - Pattern appears in 3 graphs:
Run 321: SUCCESS (15.364428280s) - Pattern appears in 1 graphs:
Run 322: SUCCESS (15.829110302s) - Pattern appears in 5 graphs:
Run 323: SUCCESS (15.529294415s) - Pattern appears in 3 graphs:
Run 324: SUCCESS (15.142784340s) - Pattern appears in 3 graphs:
Run 325: SUCCESS (16.243089255s) - Pattern appears in 4 graphs:
Run 326: SUCCESS (15.081376405s) - Pattern appears in 2 graphs:
Run 327: SUCCESS (15.134436677s) - Pattern appears in 3 graphs:
Run 328: SUCCESS (15.195887130s) - Pattern appears in 1 graphs:
Run 329: SUCCESS (15.260573843s) - Pattern appears in 4 graphs:
Run 330: SUCCESS (15.096425892s) - Pattern appears in 4 graphs:
Run 331: SUCCESS (16.689006320s) - Pattern appears in 5 graphs:
Run 332: SUCCESS (15.639830401s) - Pattern appears in 5 graphs:
Run 333: SUCCESS (15.415278280s) - Pattern appears in 2 graphs:
Run 334: SUCCESS (15.808996589s) - Pattern appears in 5 graphs:
Run 335: SUCCESS (15.154674103s) - Pattern appears in 4 graphs:
Run 336: SUCCESS (15.579425049s) - Pattern appears in 5 graphs:
Run 337: SUCCESS (15.054757367s) - Pattern appears in 5 graphs:
Run 338: SUCCESS (15.810686710s) - Pattern appears in 4 graphs:
Run 339: SUCCESS (15.898668748s) - Pattern appears in 4 graphs:
Run 340: SUCCESS (15.773600032s) - Pattern appears in 3 graphs:
Run 341: SUCCESS (15.556139968s) - Pattern appears in 4 graphs:
Run 342: SUCCESS (15.022118132s) - Pattern appears in 1 graphs:
Run 343: SUCCESS (15.148935137s) - Pattern appears in 4 graphs:
Run 344: SUCCESS (15.596655556s) - Pattern appears in 5 graphs:
Run 345: SUCCESS (15.667267202s) - Pattern appears in 1 graphs:
Run 346: SUCCESS (15.340567094s) - Pattern appears in 4 graphs:
Run 347: SUCCESS (15.618971088s) - Pattern appears in 5 graphs:
Run 348: SUCCESS (15.055579261s) - Pattern appears in 3 graphs:
Run 349: SUCCESS (15.414235467s) - Pattern appears in 1 graphs:
Run 350: SUCCESS (15.560089721s) - Pattern appears in 2 graphs:

FINAL RESULTS for input_color_rare_deg_5
========================================
Total pattern finding time: 5393.955744644 seconds
Average time per pattern: 15.411302 seconds
