Total number of S not in G: 399

Total subgraph testing time: 304.861115319 seconds

S numbers not in G (sorted):
11
14
18
24
25
26
27
28
29
33
34
39
40
43
49
50
53
56
58
63
66
67
69
72
76
77
78
79
82
84
88
89
90
95
97
98
99
103
104
105
106
109
111
112
114
116
118
123
126
133
137
139
140
146
147
149
150
157
159
168
170
172
175
176
178
180
182
184
185
191
192
194
195
196
198
199
202
210
215
220
223
225
227
228
229
230
234
235
238
241
244
245
248
249
250
252
256
257
261
263
264
265
268
270
271
272
275
277
279
284
285
293
296
299
300
302
307
309
314
317
320
327
328
329
330
332
333
336
341
342
343
346
348
352
353
355
360
361
362
364
365
366
369
373
374
383
386
389
390
391
392
393
395
398
399
406
408
410
411
414
415
417
419
420
422
424
426
430
434
437
439
440
443
444
445
452
454
455
458
465
468
471
473
474
475
477
478
479
482
487
488
492
499
500
502
506
510
511
512
513
514
516
519
522
524
525
532
533
534
536
537
538
540
541
545
547
550
552
553
555
558
560
565
566
569
578
579
582
584
585
586
588
589
597
599
600
603
608
609
610
616
621
622
623
626
628
629
631
635
636
637
638
639
642
643
646
650
653
655
656
657
659
660
662
664
665
668
670
671
672
673
675
676
677
680
682
684
689
691
693
703
705
707
708
712
715
718
719
721
723
725
729
730
731
734
740
741
754
760
764
765
767
769
770
771
772
773
774
775
777
778
782
783
784
785
789
790
791
792
793
796
797
798
800
801
802
804
807
808
813
814
815
819
821
829
831
834
837
840
842
843
844
848
850
852
857
860
862
865
866
867
871
872
873
874
875
876
878
880
882
883
884
890
891
896
899
902
903
904
906
914
922
926
929
930
934
935
936
939
940
941
942
949
952
953
955
956
961
964
965
968
970
971
975
983
986
990
995
1000
