Total number of S not in G: 637

Total subgraph testing time: 610.033121849 seconds

S numbers not in G (sorted):
11
13
14
15
18
24
25
26
27
28
29
33
34
38
39
40
41
43
47
48
49
50
52
53
55
56
58
60
61
63
64
66
67
69
70
71
72
76
77
78
79
81
82
83
87
88
89
90
91
97
99
100
102
103
104
105
106
107
109
111
112
113
116
117
118
119
123
124
125
126
130
132
133
134
135
136
137
139
140
144
145
146
147
148
149
150
152
153
156
157
158
159
161
163
165
167
168
170
171
172
175
176
177
178
179
180
181
182
183
184
185
186
187
188
191
192
194
195
196
197
198
199
200
202
207
213
214
215
216
219
220
221
223
225
226
228
229
230
231
234
240
241
244
245
247
248
249
250
251
252
253
254
255
256
257
258
259
261
263
264
265
267
268
269
270
271
272
273
275
276
277
279
281
284
285
287
289
290
292
293
294
295
296
299
300
302
309
310
311
312
314
317
318
320
324
327
328
329
330
332
333
334
335
336
337
341
342
343
348
349
350
352
353
354
355
356
358
359
360
361
362
364
365
366
369
370
371
372
373
374
376
378
380
381
382
383
384
385
386
387
389
390
391
392
393
394
395
398
399
400
401
405
406
407
408
410
411
412
414
415
417
420
422
423
424
425
426
429
430
434
435
436
437
439
440
441
443
444
450
452
454
455
458
459
460
461
462
463
464
465
466
468
469
470
471
473
474
475
476
477
478
479
480
481
482
484
485
486
487
488
491
494
498
499
500
501
502
506
510
511
512
513
514
515
516
517
518
519
522
523
524
530
532
533
536
537
538
540
542
543
544
546
547
551
552
553
554
556
558
560
561
562
563
565
566
573
574
576
577
578
579
580
581
582
584
585
586
588
589
590
591
592
597
599
600
602
603
608
609
610
613
616
620
621
622
623
624
626
627
628
629
631
632
635
636
637
638
639
640
642
643
645
646
649
650
653
655
656
658
659
660
661
662
663
664
665
667
668
670
671
672
673
674
675
676
677
680
682
684
689
690
691
693
695
697
698
699
703
705
708
712
713
715
719
721
722
723
725
726
729
730
731
732
733
734
735
736
737
739
741
743
744
745
746
747
748
750
752
753
754
755
756
757
760
761
763
765
767
768
769
770
771
772
773
774
775
776
777
778
779
781
782
783
784
785
787
788
789
790
791
792
793
795
796
797
798
799
800
801
802
803
807
809
810
813
814
815
816
817
819
821
822
827
828
829
831
834
836
837
838
840
842
843
844
845
846
847
848
852
857
858
860
861
862
864
865
866
867
868
869
871
872
873
874
875
876
878
879
880
881
882
883
884
888
889
890
892
893
896
899
900
901
902
903
904
905
907
908
912
913
914
915
916
918
920
922
926
928
929
930
931
933
934
935
936
938
939
940
941
942
944
946
949
951
952
953
954
955
956
961
962
963
964
965
967
968
969
970
971
972
973
975
976
979
980
981
983
985
986
988
990
991
992
993
994
995
1000
