first_color: 0
number of alive: 1000
adding vertex with color number: 13 to node: 0
number of alive: 1000
number of alive: 1000
adding vertex with color number: 5 to node: 1
number of alive: 696
number of alive: 696
adding vertex with color number: 8 to node: 1
number of alive: 89
adding vertex with color number: 2 to node: 2
number of alive: 28
number of alive: 28
adding vertex with color number: 9 to node: 3
Time taken: 0.283152 seconds

Pattern appears in 5 graphs:
S[67] -> S_159.json
S[358] -> S_420.json
S[359] -> S_421.json
S[471] -> S_522.json
S[903] -> S_911.json
Pattern written to pattern.json
