first_color: 0
number of alive: 1000
adding vertex with color number: 6 to node: 0
number of alive: 1000
number of alive: 1000
adding vertex with color number: 10 to node: 0
number of alive: 704
adding vertex with color number: 2 to node: 1
number of alive: 360
adding vertex with color number: 8 to node: 0
number of alive: 36
number of alive: 36
adding vertex with color number: 3 to node: 3
number of alive: 13
adding vertex with color number: 2 to node: 2
Time taken: 0.349005 seconds

Pattern appears in 5 graphs:
S[192] -> S_271.json
S[287] -> S_357.json
S[322] -> S_389.json
S[600] -> S_639.json
S[884] -> S_895.json
Pattern written to pattern.json
