first_color: 0
number of alive: 1000
adding vertex with color number: 2 to node: 0
number of alive: 1000
adding vertex with color number: 0 to node: 1
number of alive: 1000
adding vertex with color number: 7 to node: 0
number of alive: 1000
adding vertex with color number: 4 to node: 0
number of alive: 801
adding vertex with color number: 9 to node: 4
number of alive: 116
adding vertex with color number: 1 to node: 2
number of alive: 66
number of alive: 66
adding vertex with color number: 17 to node: 1
Time taken: 0.666725 seconds

Pattern appears in 4 graphs:
S[122] -> S_208.json
S[235] -> S_31.json
S[831] -> S_847.json
S[846] -> S_860.json
Pattern written to pattern.json
