first_color: 0
number of alive: 1000
adding vertex with color number: 6 to node: 0
number of alive: 1000
adding vertex with color number: 1 to node: 0
number of alive: 1000
adding vertex with color number: 13 to node: 2
number of alive: 461
adding vertex with color number: 2 to node: 0
number of alive: 211
number of alive: 211
adding vertex with color number: 8 to node: 0
number of alive: 22
number of alive: 22
adding vertex with color number: 6 to node: 4
number of alive: 6
adding vertex with color number: 0 to node: 3
Time taken: 0.391451 seconds

Pattern appears in 3 graphs:
S[670] -> S_701.json
S[750] -> S_774.json
S[996] -> S_996.json
Pattern written to pattern.json
