first_color: 0
number of alive: 1000
adding vertex with color number: 10 to node: 0
number of alive: 1000
adding vertex with color number: 3 to node: 0
number of alive: 923
adding vertex with color number: 3 to node: 1
number of alive: 559
number of alive: 559
adding vertex with color number: 1 to node: 3
number of alive: 301
number of alive: 301
adding vertex with color number: 2 to node: 3
number of alive: 135
number of alive: 135
adding vertex with color number: 1 to node: 1
number of alive: 62
adding vertex with color number: 2 to node: 5
number of alive: 28
adding vertex with color number: 6 to node: 0
Time taken: 0.303585 seconds

Pattern appears in 3 graphs:
S[114] -> S_200.json
S[262] -> S_334.json
S[543] -> S_588.json
Pattern written to pattern.json
