first_color: 0
number of alive: 1000
adding vertex with color number: 14 to node: 0
number of alive: 1000
adding vertex with color number: 0 to node: 0
number of alive: 983
number of alive: 983
adding vertex with color number: 1 to node: 2
number of alive: 861
adding vertex with color number: 0 to node: 1
number of alive: 545
number of alive: 545
adding vertex with color number: 0 to node: 2
number of alive: 327
number of alive: 327
adding vertex with color number: 4 to node: 2
number of alive: 101
adding vertex with color number: 0 to node: 6
number of alive: 45
adding vertex with color number: 11 to node: 4
Time taken: 0.321745 seconds

Pattern appears in 3 graphs:
S[100] -> S_189.json
S[549] -> S_593.json
S[725] -> S_751.json
Pattern written to pattern.json
