first_color: 0
number of alive: 1000
adding vertex with color number: 9 to node: 0
number of alive: 1000
adding vertex with color number: 6 to node: 0
number of alive: 925
adding vertex with color number: 4 to node: 2
number of alive: 470
adding vertex with color number: 6 to node: 1
number of alive: 96
number of alive: 96
adding vertex with color number: 8 to node: 2
number of alive: 12
number of alive: 12
adding vertex with color number: 5 to node: 5
Time taken: 0.314811 seconds

Pattern appears in 2 graphs:
S[363] -> S_425.json
S[889] -> S_9.json
Pattern written to pattern.json
