first_color: 0
number of alive: 1000
adding vertex with color number: 17 to node: 0
number of alive: 981
adding vertex with color number: 1 to node: 1
number of alive: 802
adding vertex with color number: 4 to node: 1
number of alive: 321
adding vertex with color number: 0 to node: 3
number of alive: 169
adding vertex with color number: 9 to node: 4
number of alive: 13
adding vertex with color number: 3 to node: 5
number of alive: 6
number of alive: 6
adding vertex with color number: 0 to node: 0
Time taken: 0.284174 seconds

Pattern appears in 2 graphs:
S[504] -> S_552.json
S[617] -> S_654.json
Pattern written to pattern.json
