first_color: 0
number of alive: 1000
adding vertex with color number: 9 to node: 0
number of alive: 1000
adding vertex with color number: 4 to node: 0
number of alive: 985
adding vertex with color number: 1 to node: 2
number of alive: 877
adding vertex with color number: 5 to node: 1
number of alive: 291
adding vertex with color number: 7 to node: 3
number of alive: 53
adding vertex with color number: 0 to node: 2
number of alive: 25
number of alive: 25
adding vertex with color number: 3 to node: 1
number of alive: 10
adding vertex with color number: 0 to node: 4
Time taken: 0.331062 seconds

Pattern appears in 4 graphs:
S[286] -> S_356.json
S[580] -> S_620.json
S[593] -> S_632.json
S[750] -> S_774.json
Pattern written to pattern.json
