first_color: 0
number of alive: 1000
adding vertex with color number: 7 to node: 0
number of alive: 1000
number of alive: 1000
adding vertex with color number: 11 to node: 0
number of alive: 626
adding vertex with color number: 5 to node: 1
number of alive: 162
number of alive: 162
adding vertex with color number: 3 to node: 2
number of alive: 65
number of alive: 65
adding vertex with color number: 1 to node: 1
number of alive: 26
adding vertex with color number: 13 to node: 1
Time taken: 0.333046 seconds

Pattern appears in 1 graphs:
S[665] -> S_698.json
Pattern written to pattern.json
