first_color: 0
number of alive: 1000
adding vertex with color number: 1 to node: 0
number of alive: 1000
number of alive: 1000
adding vertex with color number: 19 to node: 0
number of alive: 849
adding vertex with color number: 4 to node: 1
number of alive: 451
adding vertex with color number: 0 to node: 0
number of alive: 244
adding vertex with color number: 13 to node: 2
Time taken: 0.501262 seconds

Pattern appears in 5 graphs:
S[198] -> S_277.json
S[607] -> S_645.json
S[868] -> S_880.json
S[897] -> S_906.json
S[985] -> S_986.json
Pattern written to pattern.json
