first_color: 0
number of alive: 1000
adding vertex with color number: 5 to node: 0
number of alive: 1000
adding vertex with color number: 6 to node: 1
number of alive: 1000
adding vertex with color number: 0 to node: 0
number of alive: 953
adding vertex with color number: 7 to node: 0
number of alive: 312
adding vertex with color number: 4 to node: 1
number of alive: 81
adding vertex with color number: 5 to node: 4
number of alive: 10
adding vertex with color number: 4 to node: 4
number of alive: 7
adding vertex with color number: 2 to node: 5
Time taken: 0.396022 seconds

Pattern appears in 3 graphs:
S[152] -> S_235.json
S[409] -> S_467.json
S[992] -> S_992.json
Pattern written to pattern.json
