first_color: 0
number of alive: 1000
adding vertex with color number: 7 to node: 0
number of alive: 1000
adding vertex with color number: 18 to node: 1
number of alive: 343
number of alive: 343
adding vertex with color number: 0 to node: 0
number of alive: 190
number of alive: 190
adding vertex with color number: 5 to node: 2
number of alive: 47
adding vertex with color number: 5 to node: 3
number of alive: 11
number of alive: 11
adding vertex with color number: 1 to node: 4
Time taken: 0.325074 seconds

Pattern appears in 5 graphs:
S[235] -> S_31.json
S[253] -> S_326.json
S[356] -> S_419.json
S[502] -> S_550.json
S[808] -> S_826.json
Pattern written to pattern.json
