first_color: 0
number of alive: 1000
adding vertex with color number: 2 to node: 0
number of alive: 1000
adding vertex with color number: 19 to node: 0
number of alive: 823
adding vertex with color number: 0 to node: 0
number of alive: 530
adding vertex with color number: 7 to node: 1
number of alive: 99
number of alive: 99
adding vertex with color number: 4 to node: 0
number of alive: 25
number of alive: 25
adding vertex with color number: 2 to node: 4
number of alive: 9
number of alive: 9
adding vertex with color number: 19 to node: 1
Time taken: 0.472407 seconds

Pattern appears in 1 graphs:
S[911] -> S_919.json
Pattern written to pattern.json
