first_color: 0
number of alive: 1000
adding vertex with color number: 13 to node: 0
number of alive: 1000
adding vertex with color number: 5 to node: 1
number of alive: 696
adding vertex with color number: 1 to node: 0
number of alive: 428
number of alive: 428
adding vertex with color number: 0 to node: 0
number of alive: 227
number of alive: 227
adding vertex with color number: 0 to node: 3
number of alive: 137
number of alive: 137
adding vertex with color number: 4 to node: 4
number of alive: 50
adding vertex with color number: 3 to node: 5
number of alive: 26
number of alive: 26
adding vertex with color number: 0 to node: 2
number of alive: 16
number of alive: 16
adding vertex with color number: 13 to node: 8
Time taken: 0.299069 seconds

Pattern appears in 1 graphs:
S[232] -> S_307.json
Pattern written to pattern.json
