first_color: 0
number of alive: 1000
adding vertex with color number: 1 to node: 0
number of alive: 1000
adding vertex with color number: 9 to node: 0
number of alive: 999
adding vertex with color number: 1 to node: 2
number of alive: 956
adding vertex with color number: 1 to node: 1
number of alive: 747
adding vertex with color number: 1 to node: 4
number of alive: 502
number of alive: 502
adding vertex with color number: 0 to node: 1
number of alive: 290
adding vertex with color number: 7 to node: 2
number of alive: 27
adding vertex with color number: 1 to node: 6
number of alive: 16
number of alive: 16
adding vertex with color number: 3 to node: 7
number of alive: 7
adding vertex with color number: 2 to node: 4
Time taken: 0.554438 seconds

Pattern appears in 4 graphs:
S[304] -> S_372.json
S[359] -> S_421.json
S[508] -> S_556.json
S[797] -> S_816.json
Pattern written to pattern.json
