first_color: 0
number of alive: 1000
adding vertex with color number: 7 to node: 0
number of alive: 1000
number of alive: 1000
adding vertex with color number: 5 to node: 0
number of alive: 997
adding vertex with color number: 0 to node: 1
number of alive: 921
adding vertex with color number: 4 to node: 2
number of alive: 497
adding vertex with color number: 1 to node: 2
number of alive: 265
adding vertex with color number: 1 to node: 5
number of alive: 136
number of alive: 136
adding vertex with color number: 2 to node: 3
number of alive: 71
adding vertex with color number: 12 to node: 7
Time taken: 0.378841 seconds

Pattern appears in 2 graphs:
S[509] -> S_557.json
S[999] -> S_999.json
Pattern written to pattern.json
