first_color: 0
number of alive: 1000
adding vertex with color number: 0 to node: 0
number of alive: 1000
number of alive: 1000
adding vertex with color number: 12 to node: 0
number of alive: 984
adding vertex with color number: 5 to node: 2
number of alive: 501
number of alive: 501
adding vertex with color number: 7 to node: 0
number of alive: 73
number of alive: 73
adding vertex with color number: 8 to node: 1
number of alive: 6
number of alive: 6
adding vertex with color number: 1 to node: 3
Time taken: 0.52581 seconds

Pattern appears in 3 graphs:
S[105] -> S_193.json
S[280] -> S_350.json
S[697] -> S_726.json
Pattern written to pattern.json
