first_color: 0
number of alive: 1000
adding vertex with color number: 4 to node: 0
number of alive: 1000
adding vertex with color number: 3 to node: 0
number of alive: 1000
adding vertex with color number: 11 to node: 0
number of alive: 501
number of alive: 501
adding vertex with color number: 3 to node: 2
number of alive: 220
adding vertex with color number: 3 to node: 3
number of alive: 72
number of alive: 72
adding vertex with color number: 3 to node: 1
number of alive: 27
number of alive: 27
adding vertex with color number: 2 to node: 4
number of alive: 11
number of alive: 11
adding vertex with color number: 1 to node: 1
Time taken: 0.471255 seconds

Pattern appears in 3 graphs:
S[46] -> S_14.json
S[310] -> S_378.json
S[724] -> S_750.json
Pattern written to pattern.json
