first_color: 0
number of alive: 1000
adding vertex with color number: 14 to node: 0
number of alive: 1000
number of alive: 1000
adding vertex with color number: 7 to node: 0
number of alive: 656
number of alive: 656
adding vertex with color number: 5 to node: 1
number of alive: 165
adding vertex with color number: 4 to node: 2
number of alive: 54
adding vertex with color number: 2 to node: 3
number of alive: 21
number of alive: 21
adding vertex with color number: 0 to node: 3
number of alive: 6
adding vertex with color number: 13 to node: 1
Time taken: 0.285703 seconds

Pattern appears in 1 graphs:
S[140] -> S_224.json
Pattern written to pattern.json
