first_color: 0
number of alive: 1000
adding vertex with color number: 7 to node: 0
number of alive: 1000
adding vertex with color number: 6 to node: 1
number of alive: 982
adding vertex with color number: 5 to node: 1
number of alive: 465
number of alive: 465
adding vertex with color number: 0 to node: 0
number of alive: 250
adding vertex with color number: 6 to node: 2
number of alive: 52
adding vertex with color number: 4 to node: 0
number of alive: 14
adding vertex with color number: 1 to node: 1
number of alive: 7
number of alive: 7
adding vertex with color number: 0 to node: 3
Time taken: 0.353412 seconds

Pattern appears in 2 graphs:
S[149] -> S_232.json
S[375] -> S_436.json
Pattern written to pattern.json
