first_color: 0
number of alive: 1000
adding vertex with color number: 17 to node: 0
number of alive: 981
number of alive: 981
adding vertex with color number: 2 to node: 1
number of alive: 746
adding vertex with color number: 7 to node: 1
number of alive: 159
number of alive: 159
adding vertex with color number: 1 to node: 1
number of alive: 80
adding vertex with color number: 5 to node: 1
number of alive: 16
number of alive: 16
adding vertex with color number: 11 to node: 4
Time taken: 0.29117 seconds

Pattern appears in 2 graphs:
S[114] -> S_200.json
S[381] -> S_441.json
Pattern written to pattern.json
