Run 1: SUCCESS (36.663848566s) - Pattern appears in 4 graphs:
Run 2: SUCCESS (36.989409203s) - Pattern appears in 4 graphs:
Run 3: SUCCESS (40.060019974s) - Pattern appears in 5 graphs:
Run 4: SUCCESS (36.794876903s) - Pattern appears in 5 graphs:
Run 5: SUCCESS (36.628009683s) - Pattern appears in 3 graphs:
Run 6: SUCCESS (37.103754108s) - Pattern appears in 3 graphs:
Run 7: SUCCESS (42.379329183s) - Pattern appears in 5 graphs:
Run 8: SUCCESS (36.309901184s) - Pattern appears in 5 graphs:
Run 9: SUCCESS (36.841417376s) - Pattern appears in 3 graphs:
Run 10: SUCCESS (36.875276615s) - Pattern appears in 5 graphs:
Run 11: SUCCESS (36.369954518s) - Pattern appears in 2 graphs:
Run 12: SUCCESS (37.717090403s) - Pattern appears in 5 graphs:
Run 13: SUCCESS (37.705489042s) - Pattern appears in 2 graphs:
Run 14: SUCCESS (36.384091301s) - Pattern appears in 2 graphs:
Run 15: SUCCESS (37.629327825s) - Pattern appears in 5 graphs:
Run 16: SUCCESS (36.602528137s) - Pattern appears in 1 graphs:
Run 17: SUCCESS (36.523049136s) - Pattern appears in 1 graphs:
Run 18: SUCCESS (37.458068751s) - Pattern appears in 4 graphs:
Run 19: SUCCESS (45.293012618s) - Pattern appears in 3 graphs:
Run 20: SUCCESS (36.866797428s) - Pattern appears in 1 graphs:
Run 21: SUCCESS (41.095666201s) - Pattern appears in 3 graphs:
Run 22: SUCCESS (39.156532425s) - Pattern appears in 1 graphs:
Run 23: SUCCESS (36.588998555s) - Pattern appears in 5 graphs:
Run 24: SUCCESS (37.345795908s) - Pattern appears in 5 graphs:
Run 25: SUCCESS (43.112128551s) - Pattern appears in 2 graphs:
Run 26: SUCCESS (43.085382927s) - Pattern appears in 1 graphs:
Run 27: SUCCESS (36.150424885s) - Pattern appears in 2 graphs:
Run 28: SUCCESS (37.664217343s) - Pattern appears in 4 graphs:
Run 29: SUCCESS (38.140116611s) - Pattern appears in 5 graphs:
Run 30: SUCCESS (38.444765831s) - Pattern appears in 2 graphs:
Run 31: SUCCESS (43.586499329s) - Pattern appears in 2 graphs:
Run 32: SUCCESS (38.177021090s) - Pattern appears in 5 graphs:
Run 33: SUCCESS (37.798367602s) - Pattern appears in 5 graphs:
Run 34: SUCCESS (37.218368421s) - Pattern appears in 2 graphs:
Run 35: SUCCESS (37.582856306s) - Pattern appears in 4 graphs:
Run 36: SUCCESS (36.755705560s) - Pattern appears in 1 graphs:
Run 37: SUCCESS (54.150391169s) - Pattern appears in 2 graphs:
Run 38: SUCCESS (36.699280616s) - Pattern appears in 5 graphs:
Run 39: SUCCESS (36.887257854s) - Pattern appears in 3 graphs:
Run 40: SUCCESS (38.872007926s) - Pattern appears in 1 graphs:
Run 41: SUCCESS (36.357090935s) - Pattern appears in 1 graphs:
Run 42: SUCCESS (37.952332278s) - Pattern appears in 5 graphs:
Run 43: SUCCESS (39.383149818s) - Pattern appears in 5 graphs:
Run 44: SUCCESS (36.470214806s) - Pattern appears in 3 graphs:
Run 45: SUCCESS (36.295750127s) - Pattern appears in 4 graphs:
Run 46: SUCCESS (36.963456481s) - Pattern appears in 4 graphs:
Run 47: SUCCESS (40.874178515s) - Pattern appears in 2 graphs:
Run 48: SUCCESS (36.801536451s) - Pattern appears in 3 graphs:
Run 49: SUCCESS (39.102802055s) - Pattern appears in 1 graphs:
Run 50: SUCCESS (41.456631749s) - Pattern appears in 4 graphs:
Run 51: SUCCESS (38.541945505s) - Pattern appears in 2 graphs:
Run 52: SUCCESS (36.151154066s) - Pattern appears in 5 graphs:
Run 53: SUCCESS (36.416276288s) - Pattern appears in 3 graphs:
Run 54: SUCCESS (36.584677424s) - Pattern appears in 4 graphs:
Run 55: SUCCESS (37.677027176s) - Pattern appears in 5 graphs:
Run 56: SUCCESS (36.427379608s) - Pattern appears in 5 graphs:
Run 57: SUCCESS (36.811042101s) - Pattern appears in 4 graphs:
Run 58: SUCCESS (38.031738123s) - Pattern appears in 1 graphs:
Run 59: SUCCESS (36.515107379s) - Pattern appears in 4 graphs:
Run 60: SUCCESS (36.743753246s) - Pattern appears in 2 graphs:
Run 61: SUCCESS (37.084263375s) - Pattern appears in 5 graphs:
Run 62: SUCCESS (38.036369698s) - Pattern appears in 2 graphs:
Run 63: SUCCESS (36.222346464s) - Pattern appears in 3 graphs:
Run 64: SUCCESS (38.791305162s) - Pattern appears in 4 graphs:
Run 65: SUCCESS (36.564532489s) - Pattern appears in 2 graphs:
Run 66: SUCCESS (36.245278992s) - Pattern appears in 5 graphs:
Run 67: SUCCESS (36.493270091s) - Pattern appears in 4 graphs:
Run 68: SUCCESS (41.348180069s) - Pattern appears in 3 graphs:
Run 69: SUCCESS (36.470496549s) - Pattern appears in 1 graphs:
Run 70: SUCCESS (39.222165087s) - Pattern appears in 1 graphs:
Run 71: SUCCESS (37.766704575s) - Pattern appears in 1 graphs:
Run 72: SUCCESS (36.615440491s) - Pattern appears in 5 graphs:
Run 73: SUCCESS (36.382810174s) - Pattern appears in 2 graphs:
Run 74: SUCCESS (36.703262574s) - Pattern appears in 5 graphs:
Run 75: SUCCESS (37.789250960s) - Pattern appears in 4 graphs:
Run 76: SUCCESS (37.184437860s) - Pattern appears in 2 graphs:
Run 77: SUCCESS (40.041065362s) - Pattern appears in 5 graphs:
Run 78: SUCCESS (38.371146457s) - Pattern appears in 2 graphs:
Run 79: SUCCESS (47.831433850s) - Pattern appears in 2 graphs:
Run 80: SUCCESS (37.459482226s) - Pattern appears in 4 graphs:
Run 81: SUCCESS (36.465652272s) - Pattern appears in 5 graphs:
Run 82: SUCCESS (36.932021472s) - Pattern appears in 1 graphs:
Run 83: SUCCESS (36.508986120s) - Pattern appears in 4 graphs:
Run 84: SUCCESS (37.612981258s) - Pattern appears in 1 graphs:
Run 85: SUCCESS (36.727209709s) - Pattern appears in 2 graphs:
Run 86: SUCCESS (38.864689890s) - Pattern appears in 5 graphs:
Run 87: SUCCESS (38.253476874s) - Pattern appears in 5 graphs:
Run 88: SUCCESS (37.025185119s) - Pattern appears in 2 graphs:
Run 89: SUCCESS (39.743555974s) - Pattern appears in 3 graphs:
Run 90: SUCCESS (36.428305390s) - Pattern appears in 4 graphs:
Run 91: SUCCESS (36.267128623s) - Pattern appears in 1 graphs:
Run 92: SUCCESS (38.065451475s) - Pattern appears in 4 graphs:
Run 93: SUCCESS (36.601047436s) - Pattern appears in 4 graphs:
Run 94: SUCCESS (36.523416606s) - Pattern appears in 5 graphs:
Run 95: SUCCESS (36.699384926s) - Pattern appears in 5 graphs:
Run 96: SUCCESS (36.787882837s) - Pattern appears in 1 graphs:
Run 97: SUCCESS (36.911847942s) - Pattern appears in 4 graphs:
Run 98: SUCCESS (39.850698422s) - Pattern appears in 5 graphs:
Run 99: SUCCESS (36.292810443s) - Pattern appears in 5 graphs:
Run 100: SUCCESS (37.080018100s) - Pattern appears in 2 graphs:
Run 101: SUCCESS (36.087934797s) - Pattern appears in 4 graphs:
Run 102: SUCCESS (40.635843067s) - Pattern appears in 2 graphs:
Run 103: SUCCESS (36.152175582s) - Pattern appears in 2 graphs:
Run 104: SUCCESS (37.274648588s) - Pattern appears in 5 graphs:
Run 105: SUCCESS (40.917801102s) - Pattern appears in 3 graphs:
Run 106: SUCCESS (36.770392156s) - Pattern appears in 5 graphs:
Run 107: SUCCESS (36.294898206s) - Pattern appears in 4 graphs:
Run 108: SUCCESS (36.397377036s) - Pattern appears in 5 graphs:
Run 109: SUCCESS (37.298040690s) - Pattern appears in 3 graphs:
Run 110: SUCCESS (36.127103946s) - Pattern appears in 2 graphs:
Run 111: SUCCESS (39.418829909s) - Pattern appears in 4 graphs:
Run 112: SUCCESS (37.102947943s) - Pattern appears in 2 graphs:
Run 113: SUCCESS (36.767747135s) - Pattern appears in 5 graphs:
Run 114: SUCCESS (36.627587450s) - Pattern appears in 5 graphs:
Run 115: SUCCESS (39.296986503s) - Pattern appears in 5 graphs:
Run 116: SUCCESS (37.395175452s) - Pattern appears in 1 graphs:
Run 117: SUCCESS (37.626547909s) - Pattern appears in 5 graphs:
Run 118: SUCCESS (38.247719589s) - Pattern appears in 2 graphs:
Run 119: SUCCESS (36.400346666s) - Pattern appears in 4 graphs:
Run 120: SUCCESS (36.327319557s) - Pattern appears in 3 graphs:
Run 121: SUCCESS (36.151402982s) - Pattern appears in 5 graphs:
Run 122: SUCCESS (36.287293039s) - Pattern appears in 4 graphs:
Run 123: SUCCESS (36.492935093s) - Pattern appears in 5 graphs:
Run 124: SUCCESS (36.888615704s) - Pattern appears in 5 graphs:
Run 125: SUCCESS (37.445851529s) - Pattern appears in 5 graphs:
Run 126: SUCCESS (36.600111123s) - Pattern appears in 3 graphs:
Run 127: SUCCESS (38.128108978s) - Pattern appears in 5 graphs:
Run 128: SUCCESS (44.346882304s) - Pattern appears in 5 graphs:
Run 129: SUCCESS (36.983040293s) - Pattern appears in 3 graphs:
Run 130: SUCCESS (36.517860915s) - Pattern appears in 5 graphs:
Run 131: SUCCESS (36.686501972s) - Pattern appears in 4 graphs:
Run 132: SUCCESS (37.367978828s) - Pattern appears in 3 graphs:
Run 133: SUCCESS (36.368343611s) - Pattern appears in 5 graphs:
Run 134: SUCCESS (37.111715306s) - Pattern appears in 1 graphs:
Run 135: SUCCESS (36.363301001s) - Pattern appears in 4 graphs:
Run 136: SUCCESS (36.888298025s) - Pattern appears in 5 graphs:
Run 137: SUCCESS (36.884262723s) - Pattern appears in 5 graphs:
Run 138: SUCCESS (36.498561583s) - Pattern appears in 4 graphs:
Run 139: SUCCESS (35.992628192s) - Pattern appears in 4 graphs:
Run 140: SUCCESS (63.648500666s) - Pattern appears in 2 graphs:
Run 141: SUCCESS (36.294953411s) - Pattern appears in 3 graphs:
Run 142: SUCCESS (36.935546544s) - Pattern appears in 5 graphs:
Run 143: SUCCESS (36.233574253s) - Pattern appears in 2 graphs:
Run 144: SUCCESS (36.406525376s) - Pattern appears in 3 graphs:
Run 145: SUCCESS (36.949446222s) - Pattern appears in 1 graphs:
Run 146: SUCCESS (36.134644720s) - Pattern appears in 2 graphs:
Run 147: SUCCESS (36.368195587s) - Pattern appears in 3 graphs:
Run 148: SUCCESS (38.965344683s) - Pattern appears in 5 graphs:
Run 149: SUCCESS (37.480980302s) - Pattern appears in 5 graphs:
Run 150: SUCCESS (36.939641370s) - Pattern appears in 5 graphs:
Run 151: SUCCESS (36.354589186s) - Pattern appears in 4 graphs:
Run 152: SUCCESS (36.572176347s) - Pattern appears in 5 graphs:
Run 153: SUCCESS (51.925361338s) - Pattern appears in 5 graphs:
Run 154: SUCCESS (36.263557556s) - Pattern appears in 2 graphs:
Run 155: SUCCESS (36.472787303s) - Pattern appears in 2 graphs:
Run 156: SUCCESS (36.518672505s) - Pattern appears in 3 graphs:
Run 157: SUCCESS (36.125250151s) - Pattern appears in 5 graphs:
Run 158: SUCCESS (36.753872150s) - Pattern appears in 5 graphs:
Run 159: SUCCESS (36.518832309s) - Pattern appears in 1 graphs:
Run 160: SUCCESS (37.147637231s) - Pattern appears in 5 graphs:
Run 161: SUCCESS (36.358412142s) - Pattern appears in 2 graphs:
Run 162: SUCCESS (37.965098907s) - Pattern appears in 4 graphs:
Run 163: SUCCESS (36.656048804s) - Pattern appears in 5 graphs:
Run 164: SUCCESS (36.345938228s) - Pattern appears in 3 graphs:
Run 165: SUCCESS (39.933784161s) - Pattern appears in 1 graphs:
Run 166: SUCCESS (36.906246130s) - Pattern appears in 2 graphs:
Run 167: SUCCESS (36.242665054s) - Pattern appears in 5 graphs:
Run 168: SUCCESS (36.150755762s) - Pattern appears in 5 graphs:
Run 169: SUCCESS (36.309916546s) - Pattern appears in 4 graphs:
Run 170: SUCCESS (38.118010215s) - Pattern appears in 1 graphs:
Run 171: SUCCESS (37.365964007s) - Pattern appears in 1 graphs:
Run 172: SUCCESS (36.812998613s) - Pattern appears in 2 graphs:
Run 173: SUCCESS (36.744628560s) - Pattern appears in 5 graphs:
Run 174: SUCCESS (40.354929960s) - Pattern appears in 4 graphs:
Run 175: SUCCESS (36.862203475s) - Pattern appears in 5 graphs:
Run 176: SUCCESS (36.172752958s) - Pattern appears in 5 graphs:
Run 177: SUCCESS (36.783908246s) - Pattern appears in 5 graphs:
Run 178: SUCCESS (36.340459630s) - Pattern appears in 3 graphs:
Run 179: SUCCESS (36.442779598s) - Pattern appears in 3 graphs:
Run 180: SUCCESS (37.322987628s) - Pattern appears in 5 graphs:
Run 181: SUCCESS (37.142104067s) - Pattern appears in 2 graphs:
Run 182: SUCCESS (36.301100687s) - Pattern appears in 5 graphs:
Run 183: SUCCESS (36.017520864s) - Pattern appears in 5 graphs:
Run 184: SUCCESS (36.312401693s) - Pattern appears in 1 graphs:
Run 185: SUCCESS (36.703506409s) - Pattern appears in 3 graphs:
Run 186: SUCCESS (36.426775387s) - Pattern appears in 5 graphs:
Run 187: SUCCESS (36.400420296s) - Pattern appears in 5 graphs:
Run 188: SUCCESS (36.010590429s) - Pattern appears in 4 graphs:
Run 189: SUCCESS (36.347541097s) - Pattern appears in 3 graphs:
Run 190: SUCCESS (35.935714261s) - Pattern appears in 2 graphs:
Run 191: SUCCESS (39.408078143s) - Pattern appears in 1 graphs:
Run 192: SUCCESS (37.063693843s) - Pattern appears in 3 graphs:
Run 193: SUCCESS (37.786380415s) - Pattern appears in 5 graphs:
Run 194: SUCCESS (40.681613431s) - Pattern appears in 5 graphs:
Run 195: SUCCESS (36.145809704s) - Pattern appears in 5 graphs:
Run 196: SUCCESS (36.623466415s) - Pattern appears in 5 graphs:
Run 197: SUCCESS (37.552631712s) - Pattern appears in 5 graphs:
Run 198: SUCCESS (38.163728234s) - Pattern appears in 2 graphs:
Run 199: SUCCESS (38.614377875s) - Pattern appears in 5 graphs:
Run 200: SUCCESS (36.842175815s) - Pattern appears in 5 graphs:
Run 201: SUCCESS (36.551409656s) - Pattern appears in 2 graphs:
Run 202: SUCCESS (36.886958715s) - Pattern appears in 5 graphs:
Run 203: SUCCESS (36.189883634s) - Pattern appears in 3 graphs:
Run 204: SUCCESS (36.372381681s) - Pattern appears in 4 graphs:
Run 205: SUCCESS (36.357812593s) - Pattern appears in 5 graphs:
Run 206: SUCCESS (37.762238695s) - Pattern appears in 2 graphs:
Run 207: SUCCESS (37.292505236s) - Pattern appears in 5 graphs:
Run 208: SUCCESS (37.573647066s) - Pattern appears in 3 graphs:
Run 209: SUCCESS (38.538134807s) - Pattern appears in 5 graphs:
Run 210: SUCCESS (36.047255675s) - Pattern appears in 2 graphs:
Run 211: SUCCESS (37.271519672s) - Pattern appears in 5 graphs:
Run 212: SUCCESS (36.155821957s) - Pattern appears in 5 graphs:
Run 213: SUCCESS (37.327088344s) - Pattern appears in 5 graphs:
Run 214: SUCCESS (36.325713361s) - Pattern appears in 3 graphs:
Run 215: SUCCESS (36.266046149s) - Pattern appears in 4 graphs:
Run 216: SUCCESS (37.543206607s) - Pattern appears in 1 graphs:
Run 217: SUCCESS (36.595815999s) - Pattern appears in 5 graphs:
Run 218: SUCCESS (36.671412967s) - Pattern appears in 3 graphs:
Run 219: SUCCESS (40.308310010s) - Pattern appears in 3 graphs:
Run 220: SUCCESS (36.344491626s) - Pattern appears in 1 graphs:
Run 221: SUCCESS (36.205419191s) - Pattern appears in 5 graphs:
Run 222: SUCCESS (37.239321766s) - Pattern appears in 1 graphs:
Run 223: SUCCESS (36.198404354s) - Pattern appears in 3 graphs:
Run 224: SUCCESS (36.740563967s) - Pattern appears in 5 graphs:
Run 225: SUCCESS (36.816825933s) - Pattern appears in 1 graphs:
Run 226: SUCCESS (36.855953469s) - Pattern appears in 2 graphs:
Run 227: SUCCESS (36.840564629s) - Pattern appears in 3 graphs:
Run 228: SUCCESS (36.290238346s) - Pattern appears in 5 graphs:
Run 229: SUCCESS (36.305808321s) - Pattern appears in 5 graphs:
Run 230: SUCCESS (36.182313043s) - Pattern appears in 3 graphs:
Run 231: SUCCESS (43.647075647s) - Pattern appears in 2 graphs:
Run 232: SUCCESS (36.245325877s) - Pattern appears in 5 graphs:
Run 233: SUCCESS (36.572557223s) - Pattern appears in 4 graphs:
Run 234: SUCCESS (39.382808133s) - Pattern appears in 4 graphs:
Run 235: SUCCESS (37.806763351s) - Pattern appears in 5 graphs:
Run 236: SUCCESS (37.015104839s) - Pattern appears in 5 graphs:
Run 237: SUCCESS (36.130524864s) - Pattern appears in 3 graphs:
Run 238: SUCCESS (38.384373063s) - Pattern appears in 3 graphs:
Run 239: SUCCESS (38.344614345s) - Pattern appears in 2 graphs:
Run 240: SUCCESS (36.385633740s) - Pattern appears in 4 graphs:
Run 241: SUCCESS (36.646860252s) - Pattern appears in 3 graphs:
Run 242: SUCCESS (39.355511871s) - Pattern appears in 2 graphs:
Run 243: SUCCESS (36.162645609s) - Pattern appears in 5 graphs:
Run 244: SUCCESS (36.370543432s) - Pattern appears in 3 graphs:
Run 245: SUCCESS (36.051921810s) - Pattern appears in 3 graphs:
Run 246: SUCCESS (36.688574193s) - Pattern appears in 1 graphs:
Run 247: SUCCESS (36.349794274s) - Pattern appears in 2 graphs:
Run 248: SUCCESS (37.238733406s) - Pattern appears in 5 graphs:
Run 249: SUCCESS (38.038858083s) - Pattern appears in 2 graphs:
Run 250: SUCCESS (36.894880118s) - Pattern appears in 3 graphs:
Run 251: SUCCESS (36.168928510s) - Pattern appears in 3 graphs:
Run 252: SUCCESS (36.782089633s) - Pattern appears in 2 graphs:
Run 253: SUCCESS (36.087384027s) - Pattern appears in 3 graphs:
Run 254: SUCCESS (40.525786911s) - Pattern appears in 5 graphs:
Run 255: SUCCESS (36.902404478s) - Pattern appears in 1 graphs:
Run 256: SUCCESS (41.244168798s) - Pattern appears in 5 graphs:
Run 257: SUCCESS (37.066819342s) - Pattern appears in 4 graphs:
Run 258: SUCCESS (36.408359567s) - Pattern appears in 2 graphs:
Run 259: SUCCESS (36.854642336s) - Pattern appears in 1 graphs:
Run 260: SUCCESS (36.377455031s) - Pattern appears in 4 graphs:
Run 261: SUCCESS (39.668117778s) - Pattern appears in 1 graphs:
Run 262: SUCCESS (37.453964200s) - Pattern appears in 4 graphs:
Run 263: SUCCESS (37.737209823s) - Pattern appears in 3 graphs:
Run 264: SUCCESS (37.031522741s) - Pattern appears in 2 graphs:
Run 265: SUCCESS (36.399531576s) - Pattern appears in 4 graphs:
Run 266: SUCCESS (43.806182533s) - Pattern appears in 2 graphs:
Run 267: SUCCESS (36.949969913s) - Pattern appears in 2 graphs:
Run 268: SUCCESS (36.180259122s) - Pattern appears in 4 graphs:
Run 269: SUCCESS (38.284577522s) - Pattern appears in 4 graphs:
Run 270: SUCCESS (37.156571167s) - Pattern appears in 2 graphs:
Run 271: SUCCESS (36.293200670s) - Pattern appears in 5 graphs:
Run 272: SUCCESS (36.399755706s) - Pattern appears in 3 graphs:
Run 273: SUCCESS (36.378219575s) - Pattern appears in 3 graphs:
Run 274: SUCCESS (38.248265632s) - Pattern appears in 2 graphs:
Run 275: SUCCESS (36.363081480s) - Pattern appears in 3 graphs:
Run 276: SUCCESS (36.247399695s) - Pattern appears in 5 graphs:
Run 277: SUCCESS (36.262789430s) - Pattern appears in 5 graphs:
Run 278: SUCCESS (37.763575624s) - Pattern appears in 4 graphs:
Run 279: SUCCESS (40.875329709s) - Pattern appears in 4 graphs:
Run 280: SUCCESS (39.056130677s) - Pattern appears in 3 graphs:
Run 281: SUCCESS (39.300371027s) - Pattern appears in 2 graphs:
Run 282: SUCCESS (36.292577355s) - Pattern appears in 1 graphs:
Run 283: SUCCESS (38.017860622s) - Pattern appears in 1 graphs:
Run 284: SUCCESS (36.582879837s) - Pattern appears in 4 graphs:
Run 285: SUCCESS (36.132453479s) - Pattern appears in 3 graphs:
Run 286: SUCCESS (40.935076198s) - Pattern appears in 3 graphs:
Run 287: SUCCESS (36.227604669s) - Pattern appears in 5 graphs:
Run 288: SUCCESS (36.718717715s) - Pattern appears in 4 graphs:
Run 289: SUCCESS (36.123519915s) - Pattern appears in 2 graphs:
Run 290: SUCCESS (38.298299213s) - Pattern appears in 3 graphs:
Run 291: SUCCESS (36.488595304s) - Pattern appears in 3 graphs:
Run 292: SUCCESS (36.609750350s) - Pattern appears in 4 graphs:
Run 293: SUCCESS (38.183271553s) - Pattern appears in 5 graphs:
Run 294: SUCCESS (36.363250793s) - Pattern appears in 2 graphs:
Run 295: SUCCESS (36.427968896s) - Pattern appears in 1 graphs:
Run 296: SUCCESS (36.176426726s) - Pattern appears in 4 graphs:
Run 297: SUCCESS (37.448768413s) - Pattern appears in 2 graphs:
Run 298: SUCCESS (37.563229123s) - Pattern appears in 1 graphs:
Run 299: SUCCESS (37.032854697s) - Pattern appears in 3 graphs:
Run 300: SUCCESS (40.276624752s) - Pattern appears in 1 graphs:
Run 301: SUCCESS (37.629481356s) - Pattern appears in 5 graphs:
Run 302: SUCCESS (39.693230513s) - Pattern appears in 5 graphs:
Run 303: SUCCESS (37.806375332s) - Pattern appears in 3 graphs:
Run 304: SUCCESS (36.467078225s) - Pattern appears in 1 graphs:
Run 305: SUCCESS (36.034183706s) - Pattern appears in 2 graphs:
Run 306: SUCCESS (36.300321972s) - Pattern appears in 4 graphs:
Run 307: SUCCESS (36.121536640s) - Pattern appears in 3 graphs:
Run 308: SUCCESS (37.734962014s) - Pattern appears in 3 graphs:
Run 309: SUCCESS (36.299896689s) - Pattern appears in 4 graphs:
Run 310: SUCCESS (36.608763810s) - Pattern appears in 4 graphs:
Run 311: SUCCESS (36.079792811s) - Pattern appears in 4 graphs:
Run 312: SUCCESS (38.248539365s) - Pattern appears in 1 graphs:
Run 313: SUCCESS (36.639054394s) - Pattern appears in 2 graphs:
Run 314: SUCCESS (38.123617119s) - Pattern appears in 3 graphs:
Run 315: SUCCESS (36.578907363s) - Pattern appears in 4 graphs:
Run 316: SUCCESS (37.903057720s) - Pattern appears in 4 graphs:
Run 317: SUCCESS (36.841995210s) - Pattern appears in 4 graphs:
Run 318: SUCCESS (37.433105709s) - Pattern appears in 4 graphs:
Run 319: SUCCESS (36.319683746s) - Pattern appears in 5 graphs:
Run 320: SUCCESS (36.075770097s) - Pattern appears in 5 graphs:
Run 321: SUCCESS (36.243880164s) - Pattern appears in 5 graphs:
Run 322: SUCCESS (36.136119922s) - Pattern appears in 4 graphs:
Run 323: SUCCESS (37.505550629s) - Pattern appears in 2 graphs:
Run 324: SUCCESS (35.825885175s) - Pattern appears in 1 graphs:
Run 325: SUCCESS (36.022172486s) - Pattern appears in 4 graphs:
Run 326: SUCCESS (35.965592235s) - Pattern appears in 5 graphs:
Run 327: SUCCESS (36.541821716s) - Pattern appears in 2 graphs:
Run 328: SUCCESS (36.248273776s) - Pattern appears in 4 graphs:
Run 329: SUCCESS (36.170734320s) - Pattern appears in 3 graphs:
Run 330: SUCCESS (37.119900126s) - Pattern appears in 3 graphs:
Run 331: SUCCESS (38.437543511s) - Pattern appears in 2 graphs:
Run 332: SUCCESS (37.754382422s) - Pattern appears in 3 graphs:
Run 333: SUCCESS (39.192218886s) - Pattern appears in 4 graphs:
Run 334: SUCCESS (36.233820665s) - Pattern appears in 2 graphs:
Run 335: SUCCESS (36.346661985s) - Pattern appears in 5 graphs:
Run 336: SUCCESS (37.578187614s) - Pattern appears in 2 graphs:
Run 337: SUCCESS (36.395156864s) - Pattern appears in 2 graphs:
Run 338: SUCCESS (37.217212958s) - Pattern appears in 2 graphs:
Run 339: SUCCESS (36.602719865s) - Pattern appears in 4 graphs:
Run 340: SUCCESS (38.800249404s) - Pattern appears in 4 graphs:
Run 341: SUCCESS (37.338180781s) - Pattern appears in 2 graphs:
Run 342: SUCCESS (36.648041823s) - Pattern appears in 4 graphs:
Run 343: SUCCESS (37.538903156s) - Pattern appears in 1 graphs:
Run 344: SUCCESS (36.126458300s) - Pattern appears in 5 graphs:
Run 345: SUCCESS (36.648270535s) - Pattern appears in 1 graphs:
Run 346: SUCCESS (36.372178156s) - Pattern appears in 2 graphs:
Run 347: SUCCESS (36.420461426s) - Pattern appears in 4 graphs:
Run 348: SUCCESS (36.505735674s) - Pattern appears in 4 graphs:
Run 349: SUCCESS (36.319529410s) - Pattern appears in 3 graphs:
Run 350: SUCCESS (38.272444583s) - Pattern appears in 5 graphs:

FINAL RESULTS for input_color_average_deg_15
========================================
Total pattern finding time: 2000.771787702 seconds
Average time per pattern: 5.716490 seconds
