first_color: 0
number of alive: 1000
adding vertex with color number: 19 to node: 0
number of alive: 791
number of alive: 791
adding vertex with color number: 2 to node: 0
number of alive: 750
adding vertex with color number: 3 to node: 1
number of alive: 569
adding vertex with color number: 1 to node: 1
number of alive: 473
adding vertex with color number: 1 to node: 2
number of alive: 445
adding vertex with color number: 6 to node: 0
number of alive: 237
Added edge (2, 4) with score 6
number of alive: 6
adding vertex with color number: 5 to node: 4
Time taken: 0.441055 seconds

Pattern appears in 5 graphs:
S[485] -> S_535.json
S[547] -> S_591.json
S[816] -> S_833.json
S[817] -> S_834.json
S[828] -> S_844.json
Pattern written to pattern.json
