first_color: 0
number of alive: 1000
adding vertex with color number: 19 to node: 0
number of alive: 791
adding vertex with color number: 2 to node: 0
number of alive: 750
adding vertex with color number: 12 to node: 1
number of alive: 10
adding vertex with color number: 9 to node: 2
number of alive: 8
number of alive: 8
adding vertex with color number: 1 to node: 3
number of alive: 6
number of alive: 6
adding vertex with color number: 7 to node: 1
Time taken: 0.382665 seconds

Pattern appears in 3 graphs:
S[27] -> S_122.json
S[70] -> S_161.json
S[574] -> S_615.json
Pattern written to pattern.json
