first_color: 0
number of alive: 1000
adding vertex with color number: 5 to node: 0
number of alive: 1000
number of alive: 1000
adding vertex with color number: 2 to node: 0
number of alive: 1000
Added edge (1, 2) with score 613
number of alive: 613
adding vertex with color number: 0 to node: 2
number of alive: 560
adding vertex with color number: 0 to node: 3
number of alive: 535
adding vertex with color number: 7 to node: 4
number of alive: 401
adding vertex with color number: 1 to node: 1
number of alive: 328
adding vertex with color number: 9 to node: 1
number of alive: 71
number of alive: 71
adding vertex with color number: 2 to node: 3
number of alive: 59
adding vertex with color number: 9 to node: 0
number of alive: 13
number of alive: 13
adding vertex with color number: 4 to node: 7
number of alive: 10
number of alive: 10
adding vertex with color number: 6 to node: 4
Time taken: 1.06976 seconds

Pattern appears in 5 graphs:
S[281] -> S_351.json
S[296] -> S_365.json
S[524] -> S_570.json
S[646] -> S_680.json
S[838] -> S_853.json
Pattern written to pattern.json
