first_color: 0
number of alive: 1000
adding vertex with color number: 14 to node: 0
number of alive: 785
adding vertex with color number: 7 to node: 0
number of alive: 542
number of alive: 542
adding vertex with color number: 2 to node: 1
number of alive: 421
number of alive: 421
adding vertex with color number: 1 to node: 1
number of alive: 325
adding vertex with color number: 2 to node: 2
number of alive: 259
adding vertex with color number: 4 to node: 0
number of alive: 167
adding vertex with color number: 7 to node: 3
number of alive: 65
number of alive: 65
adding vertex with color number: 0 to node: 6
number of alive: 58
adding vertex with color number: 1 to node: 4
number of alive: 55
Added edge (8, 9) with score 5
Time taken: 0.409349 seconds

Pattern appears in 5 graphs:
S[400] -> S_459.json
S[540] -> S_585.json
S[813] -> S_830.json
S[847] -> S_861.json
S[958] -> S_961.json
Pattern written to pattern.json
