first_color: 0
number of alive: 1000
adding vertex with color number: 2 to node: 0
number of alive: 1000
adding vertex with color number: 0 to node: 1
number of alive: 1000
adding vertex with color number: 0 to node: 2
number of alive: 1000
adding vertex with color number: 4 to node: 1
number of alive: 1000
adding vertex with color number: 6 to node: 0
number of alive: 1000
Added edge (3, 5) with score 855
number of alive: 855
Added edge (3, 4) with score 13
number of alive: 13
adding vertex with color number: 6 to node: 1
number of alive: 6
adding vertex with color number: 4 to node: 4
Time taken: 12.2785 seconds

Pattern appears in 2 graphs:
S[444] -> S_499.json
S[960] -> S_963.json
Pattern written to pattern.json
