first_color: 0
number of alive: 1000
adding vertex with color number: 0 to node: 0
number of alive: 1000
number of alive: 1000
adding vertex with color number: 16 to node: 1
number of alive: 776
adding vertex with color number: 8 to node: 1
number of alive: 439
adding vertex with color number: 2 to node: 3
number of alive: 332
adding vertex with color number: 0 to node: 1
number of alive: 243
adding vertex with color number: 1 to node: 3
number of alive: 185
adding vertex with color number: 7 to node: 2
number of alive: 50
number of alive: 50
adding vertex with color number: 2 to node: 5
number of alive: 49
adding vertex with color number: 7 to node: 8
number of alive: 30
number of alive: 30
adding vertex with color number: 3 to node: 6
number of alive: 19
adding vertex with color number: 4 to node: 5
number of alive: 8
number of alive: 8
adding vertex with color number: 3 to node: 3
Time taken: 1.68616 seconds

Pattern appears in 5 graphs:
S[160] -> S_242.json
S[252] -> S_325.json
S[274] -> S_345.json
S[566] -> S_608.json
S[998] -> S_998.json
Pattern written to pattern.json
