first_color: 0
number of alive: 1000
adding vertex with color number: 1 to node: 0
number of alive: 1000
adding vertex with color number: 18 to node: 1
number of alive: 711
adding vertex with color number: 5 to node: 0
number of alive: 600
Added edge (2, 3) with score 10
number of alive: 10
adding vertex with color number: 2 to node: 2
number of alive: 8
adding vertex with color number: 0 to node: 1
number of alive: 8
number of alive: 8
adding vertex with color number: 8 to node: 2
Time taken: 1.23649 seconds

Pattern appears in 3 graphs:
S[230] -> S_305.json
S[401] -> S_46.json
S[506] -> S_554.json
Pattern written to pattern.json
