first_color: 0
number of alive: 1000
adding vertex with color number: 5 to node: 0
number of alive: 1000
adding vertex with color number: 4 to node: 1
number of alive: 1000
adding vertex with color number: 8 to node: 0
number of alive: 1000
Added edge (2, 3) with score 171
number of alive: 171
adding vertex with color number: 0 to node: 2
number of alive: 153
number of alive: 153
adding vertex with color number: 9 to node: 3
number of alive: 24
adding vertex with color number: 6 to node: 0
number of alive: 10
number of alive: 10
adding vertex with color number: 1 to node: 2
number of alive: 6
adding vertex with color number: 4 to node: 6
Time taken: 1.11892 seconds

Pattern appears in 4 graphs:
S[239] -> S_313.json
S[506] -> S_554.json
S[576] -> S_617.json
S[984] -> S_985.json
Pattern written to pattern.json
