first_color: 0
number of alive: 1000
adding vertex with color number: 3 to node: 0
number of alive: 1000
adding vertex with color number: 0 to node: 0
number of alive: 1000
Added edge (1, 2) with score 858
number of alive: 858
number of alive: 858
adding vertex with color number: 1 to node: 1
number of alive: 755
adding vertex with color number: 0 to node: 3
number of alive: 730
adding vertex with color number: 6 to node: 4
number of alive: 598
adding vertex with color number: 2 to node: 2
number of alive: 560
adding vertex with color number: 9 to node: 4
number of alive: 186
Added edge (5, 6) with score 6
number of alive: 6
adding vertex with color number: 4 to node: 4
Time taken: 2.40871 seconds

Pattern appears in 3 graphs:
S[617] -> S_654.json
S[682] -> S_712.json
S[778] -> S_8.json
Pattern written to pattern.json
