first_color: 0
number of alive: 1000
adding vertex with color number: 13 to node: 0
number of alive: 796
number of alive: 796
adding vertex with color number: 9 to node: 0
number of alive: 359
number of alive: 359
adding vertex with color number: 1 to node: 2
number of alive: 286
adding vertex with color number: 4 to node: 3
number of alive: 220
adding vertex with color number: 0 to node: 3
number of alive: 209
Added edge (2, 5) with score 6
number of alive: 6
number of alive: 6
adding vertex with color number: 0 to node: 5
Time taken: 0.389179 seconds

Pattern appears in 3 graphs:
S[74] -> S_165.json
S[503] -> S_551.json
S[975] -> S_977.json
Pattern written to pattern.json
