first_color: 0
number of alive: 1000
adding vertex with color number: 2 to node: 0
number of alive: 1000
adding vertex with color number: 5 to node: 0
number of alive: 1000
adding vertex with color number: 8 to node: 1
number of alive: 1000
adding vertex with color number: 0 to node: 2
number of alive: 1000
Added edge (3, 4) with score 361
number of alive: 361
adding vertex with color number: 4 to node: 4
number of alive: 228
adding vertex with color number: 0 to node: 0
number of alive: 194
adding vertex with color number: 1 to node: 1
number of alive: 151
Added edge (1, 6) with score 5
Time taken: 2.01934 seconds

Pattern appears in 5 graphs:
S[180] -> S_260.json
S[705] -> S_733.json
S[768] -> S_790.json
S[785] -> S_805.json
S[822] -> S_839.json
Pattern written to pattern.json
