first_color: 0
number of alive: 1000
adding vertex with color number: 10 to node: 0
number of alive: 802
adding vertex with color number: 5 to node: 1
number of alive: 435
adding vertex with color number: 2 to node: 0
number of alive: 388
Added edge (0, 2) with score 9
number of alive: 9
number of alive: 9
adding vertex with color number: 1 to node: 1
number of alive: 6
adding vertex with color number: 0 to node: 4
number of alive: 6
number of alive: 6
adding vertex with color number: 3 to node: 4
number of alive: 6
number of alive: 6
adding vertex with color number: 2 to node: 6
Time taken: 0.371944 seconds

Pattern appears in 5 graphs:
S[95] -> S_184.json
S[809] -> S_827.json
S[857] -> S_870.json
S[965] -> S_968.json
S[986] -> S_987.json
Pattern written to pattern.json
