first_color: 0
number of alive: 1000
adding vertex with color number: 8 to node: 0
number of alive: 1000
adding vertex with color number: 7 to node: 0
number of alive: 1000
adding vertex with color number: 3 to node: 0
number of alive: 1000
adding vertex with color number: 6 to node: 0
number of alive: 996
Added edge (1, 2) with score 49
number of alive: 49
adding vertex with color number: 6 to node: 2
number of alive: 19
number of alive: 19
adding vertex with color number: 0 to node: 3
number of alive: 18
adding vertex with color number: 5 to node: 6
number of alive: 14
adding vertex with color number: 0 to node: 5
number of alive: 12
number of alive: 12
adding vertex with color number: 0 to node: 1
number of alive: 10
adding vertex with color number: 2 to node: 5
number of alive: 7
number of alive: 7
adding vertex with color number: 7 to node: 6
Time taken: 0.80176 seconds

Pattern appears in 2 graphs:
S[91] -> S_180.json
S[877] -> S_889.json
Pattern written to pattern.json
