first_color: 0
number of alive: 1000
adding vertex with color number: 9 to node: 0
number of alive: 1000
adding vertex with color number: 7 to node: 1
number of alive: 1000
Added edge (0, 2) with score 106
number of alive: 106
adding vertex with color number: 0 to node: 2
number of alive: 96
number of alive: 96
adding vertex with color number: 3 to node: 3
number of alive: 80
number of alive: 80
adding vertex with color number: 15 to node: 2
Time taken: 0.55365 seconds

Pattern appears in 2 graphs:
S[143] -> S_227.json
S[921] -> S_928.json
Pattern written to pattern.json
