first_color: 0
number of alive: 1000
adding vertex with color number: 2 to node: 0
number of alive: 1000
adding vertex with color number: 15 to node: 0
number of alive: 735
Added edge (1, 2) with score 16
number of alive: 16
adding vertex with color number: 5 to node: 0
number of alive: 7
number of alive: 7
adding vertex with color number: 1 to node: 0
number of alive: 6
number of alive: 6
adding vertex with color number: 2 to node: 4
Time taken: 1.1365 seconds

Pattern appears in 5 graphs:
S[52] -> S_145.json
S[135] -> S_22.json
S[257] -> S_33.json
S[374] -> S_435.json
S[530] -> S_576.json
Pattern written to pattern.json
