first_color: 0
number of alive: 1000
adding vertex with color number: 18 to node: 0
number of alive: 791
adding vertex with color number: 5 to node: 0
number of alive: 576
adding vertex with color number: 8 to node: 1
number of alive: 183
adding vertex with color number: 4 to node: 2
number of alive: 134
adding vertex with color number: 0 to node: 0
number of alive: 116
adding vertex with color number: 5 to node: 5
number of alive: 74
number of alive: 74
adding vertex with color number: 1 to node: 5
number of alive: 63
number of alive: 63
adding vertex with color number: 3 to node: 6
number of alive: 45
adding vertex with color number: 5 to node: 8
number of alive: 32
adding vertex with color number: 3 to node: 7
number of alive: 26
number of alive: 26
adding vertex with color number: 5 to node: 7
number of alive: 17
adding vertex with color number: 6 to node: 11
number of alive: 6
number of alive: 6
adding vertex with color number: 0 to node: 7
number of alive: 6
number of alive: 6
adding vertex with color number: 4 to node: 7
Time taken: 0.390974 seconds

Pattern appears in 4 graphs:
S[351] -> S_414.json
S[485] -> S_535.json
S[633] -> S_669.json
S[705] -> S_733.json
Pattern written to pattern.json
