first_color: 0
number of alive: 1000
adding vertex with color number: 2 to node: 0
number of alive: 1000
adding vertex with color number: 4 to node: 1
number of alive: 1000
adding vertex with color number: 6 to node: 2
number of alive: 1000
Added edge (0, 3) with score 536
number of alive: 536
adding vertex with color number: 7 to node: 0
number of alive: 178
number of alive: 178
adding vertex with color number: 4 to node: 4
number of alive: 122
adding vertex with color number: 2 to node: 1
number of alive: 85
adding vertex with color number: 4 to node: 2
number of alive: 56
number of alive: 56
adding vertex with color number: 4 to node: 5
number of alive: 40
number of alive: 40
adding vertex with color number: 5 to node: 8
number of alive: 24
adding vertex with color number: 3 to node: 1
number of alive: 12
number of alive: 12
adding vertex with color number: 1 to node: 9
number of alive: 9
number of alive: 9
adding vertex with color number: 9 to node: 6
Time taken: 2.40755 seconds

Pattern appears in 4 graphs:
S[407] -> S_465.json
S[515] -> S_562.json
S[731] -> S_757.json
S[794] -> S_813.json
Pattern written to pattern.json
