first_color: 0
number of alive: 1000
adding vertex with color number: 6 to node: 0
number of alive: 1000
adding vertex with color number: 16 to node: 1
number of alive: 414
adding vertex with color number: 5 to node: 0
number of alive: 277
adding vertex with color number: 2 to node: 2
number of alive: 183
adding vertex with color number: 1 to node: 4
number of alive: 156
number of alive: 156
adding vertex with color number: 7 to node: 5
number of alive: 82
number of alive: 82
adding vertex with color number: 5 to node: 5
number of alive: 43
adding vertex with color number: 1 to node: 7
number of alive: 33
adding vertex with color number: 1 to node: 3
number of alive: 27
number of alive: 27
adding vertex with color number: 0 to node: 6
number of alive: 24
number of alive: 24
adding vertex with color number: 4 to node: 3
number of alive: 16
adding vertex with color number: 0 to node: 7
number of alive: 16
number of alive: 16
adding vertex with color number: 9 to node: 11
number of alive: 6
adding vertex with color number: 3 to node: 9
number of alive: 6
adding vertex with color number: 6 to node: 12
number of alive: 6
number of alive: 6
adding vertex with color number: 4 to node: 14
Time taken: 0.666854 seconds

Pattern appears in 5 graphs:
S[54] -> S_147.json
S[59] -> S_151.json
S[168] -> S_25.json
S[499] -> S_548.json
S[566] -> S_608.json
Pattern written to pattern.json
