first_color: 0
number of alive: 1000
adding vertex with color number: 4 to node: 0
number of alive: 1000
adding vertex with color number: 16 to node: 1
number of alive: 618
adding vertex with color number: 1 to node: 0
number of alive: 596
adding vertex with color number: 5 to node: 3
number of alive: 483
Added edge (0, 4) with score 11
number of alive: 11
adding vertex with color number: 0 to node: 2
number of alive: 10
adding vertex with color number: 4 to node: 3
number of alive: 6
adding vertex with color number: 4 to node: 4
Time taken: 0.950555 seconds

Pattern appears in 3 graphs:
S[21] -> S_117.json
S[133] -> S_218.json
S[867] -> S_88.json
Pattern written to pattern.json
