first_color: 0
number of alive: 1000
adding vertex with color number: 18 to node: 0
number of alive: 791
adding vertex with color number: 3 to node: 0
number of alive: 721
adding vertex with color number: 4 to node: 2
number of alive: 642
adding vertex with color number: 2 to node: 2
number of alive: 573
Added edge (3, 4) with score 17
number of alive: 17
number of alive: 17
adding vertex with color number: 2 to node: 1
number of alive: 12
number of alive: 12
adding vertex with color number: 3 to node: 2
number of alive: 8
adding vertex with color number: 3 to node: 3
number of alive: 6
adding vertex with color number: 1 to node: 0
Time taken: 0.401835 seconds

Pattern appears in 5 graphs:
S[280] -> S_350.json
S[356] -> S_419.json
S[524] -> S_570.json
S[585] -> S_625.json
S[870] -> S_882.json
Pattern written to pattern.json
