first_color: 0
number of alive: 1000
adding vertex with color number: 12 to node: 0
number of alive: 767
adding vertex with color number: 0 to node: 1
number of alive: 632
adding vertex with color number: 2 to node: 2
number of alive: 611
adding vertex with color number: 1 to node: 3
number of alive: 580
Added edge (0, 4) with score 59
number of alive: 59
adding vertex with color number: 2 to node: 4
number of alive: 41
number of alive: 41
adding vertex with color number: 1 to node: 0
number of alive: 28
adding vertex with color number: 6 to node: 3
number of alive: 12
adding vertex with color number: 8 to node: 7
Time taken: 0.439928 seconds

Pattern appears in 3 graphs:
S[75] -> S_166.json
S[371] -> S_432.json
S[452] -> S_505.json
Pattern written to pattern.json
