first_color: 0
number of alive: 1000
adding vertex with color number: 3 to node: 0
number of alive: 1000
adding vertex with color number: 10 to node: 1
number of alive: 646
adding vertex with color number: 8 to node: 0
number of alive: 428
Added edge (2, 3) with score 7
number of alive: 7
adding vertex with color number: 1 to node: 0
number of alive: 7
adding vertex with color number: 9 to node: 4
Time taken: 1.03404 seconds

Pattern appears in 4 graphs:
S[325] -> S_391.json
S[406] -> S_464.json
S[639] -> S_674.json
S[945] -> S_95.json
Pattern written to pattern.json
