first_color: 0
number of alive: 1000
adding vertex with color number: 5 to node: 0
number of alive: 1000
adding vertex with color number: 17 to node: 1
number of alive: 413
adding vertex with color number: 6 to node: 0
number of alive: 288
adding vertex with color number: 7 to node: 1
number of alive: 104
number of alive: 104
adding vertex with color number: 5 to node: 4
number of alive: 35
number of alive: 35
adding vertex with color number: 4 to node: 5
number of alive: 22
number of alive: 22
adding vertex with color number: 3 to node: 6
number of alive: 16
adding vertex with color number: 7 to node: 3
number of alive: 10
number of alive: 10
adding vertex with color number: 6 to node: 3
Time taken: 0.653229 seconds

Pattern appears in 2 graphs:
S[55] -> S_148.json
S[638] -> S_673.json
Pattern written to pattern.json
