first_color: 0
number of alive: 1000
adding vertex with color number: 8 to node: 0
number of alive: 1000
adding vertex with color number: 2 to node: 1
number of alive: 1000
adding vertex with color number: 6 to node: 2
number of alive: 1000
adding vertex with color number: 2 to node: 0
number of alive: 1000
adding vertex with color number: 9 to node: 3
number of alive: 921
adding vertex with color number: 12 to node: 4
number of alive: 60
adding vertex with color number: 5 to node: 2
number of alive: 29
number of alive: 29
adding vertex with color number: 3 to node: 1
number of alive: 20
number of alive: 20
adding vertex with color number: 3 to node: 2
number of alive: 14
adding vertex with color number: 8 to node: 9
Time taken: 1.18328 seconds

Pattern appears in 5 graphs:
S[19] -> S_115.json
S[97] -> S_186.json
S[748] -> S_772.json
S[765] -> S_788.json
S[793] -> S_812.json
Pattern written to pattern.json
