first_color: 0
number of alive: 1000
adding vertex with color number: 2 to node: 0
number of alive: 1000
adding vertex with color number: 8 to node: 1
number of alive: 1000
Added edge (0, 2) with score 465
number of alive: 465
adding vertex with color number: 2 to node: 1
number of alive: 341
adding vertex with color number: 1 to node: 0
number of alive: 276
adding vertex with color number: 4 to node: 3
number of alive: 203
Added edge (3, 4) with score 6
number of alive: 6
number of alive: 6
adding vertex with color number: 5 to node: 5
Time taken: 1.42886 seconds

Pattern appears in 3 graphs:
S[92] -> S_181.json
S[241] -> S_315.json
S[507] -> S_555.json
Pattern written to pattern.json
