first_color: 0
number of alive: 1000
adding vertex with color number: 8 to node: 0
number of alive: 1000
number of alive: 1000
adding vertex with color number: 9 to node: 0
number of alive: 1000
Added edge (1, 2) with score 90
number of alive: 90
adding vertex with color number: 1 to node: 2
number of alive: 70
adding vertex with color number: 0 to node: 0
number of alive: 63
adding vertex with color number: 2 to node: 0
number of alive: 47
number of alive: 47
adding vertex with color number: 0 to node: 2
number of alive: 47
number of alive: 47
adding vertex with color number: 2 to node: 1
number of alive: 27
number of alive: 27
adding vertex with color number: 0 to node: 5
number of alive: 25
number of alive: 25
adding vertex with color number: 2 to node: 4
number of alive: 22
number of alive: 22
adding vertex with color number: 6 to node: 5
number of alive: 13
adding vertex with color number: 1 to node: 9
number of alive: 13
number of alive: 13
adding vertex with color number: 3 to node: 2
number of alive: 10
number of alive: 10
adding vertex with color number: 3 to node: 1
Time taken: 0.622485 seconds

Pattern appears in 3 graphs:
S[11] -> S_108.json
S[53] -> S_146.json
S[349] -> S_412.json
Pattern written to pattern.json
