first_color: 0
number of alive: 1000
adding vertex with color number: 16 to node: 0
number of alive: 794
number of alive: 794
adding vertex with color number: 3 to node: 0
number of alive: 727
adding vertex with color number: 5 to node: 0
number of alive: 472
adding vertex with color number: 4 to node: 3
number of alive: 352
Added edge (2, 4) with score 6
number of alive: 6
adding vertex with color number: 1 to node: 4
Time taken: 0.384049 seconds

Pattern appears in 3 graphs:
S[605] -> S_643.json
S[713] -> S_740.json
S[885] -> S_896.json
Pattern written to pattern.json
