first_color: 0
number of alive: 1000
adding vertex with color number: 17 to node: 0
number of alive: 792
adding vertex with color number: 3 to node: 0
number of alive: 738
Added edge (1, 2) with score 23
number of alive: 23
adding vertex with color number: 5 to node: 0
number of alive: 6
number of alive: 6
adding vertex with color number: 1 to node: 2
Time taken: 0.372409 seconds

Pattern appears in 5 graphs:
S[140] -> S_224.json
S[193] -> S_272.json
S[509] -> S_557.json
S[816] -> S_833.json
S[852] -> S_866.json
Pattern written to pattern.json
