first_color: 0
number of alive: 1000
adding vertex with color number: 4 to node: 0
number of alive: 1000
number of alive: 1000
adding vertex with color number: 11 to node: 1
number of alive: 606
adding vertex with color number: 3 to node: 0
number of alive: 549
adding vertex with color number: 1 to node: 0
number of alive: 511
adding vertex with color number: 0 to node: 4
number of alive: 500
Added edge (3, 5) with score 35
number of alive: 35
number of alive: 35
adding vertex with color number: 1 to node: 4
number of alive: 24
adding vertex with color number: 6 to node: 6
number of alive: 13
adding vertex with color number: 6 to node: 4
Time taken: 0.991072 seconds

Pattern appears in 4 graphs:
S[76] -> S_167.json
S[170] -> S_251.json
S[811] -> S_829.json
S[857] -> S_870.json
Pattern written to pattern.json
