first_color: 0
number of alive: 1000
adding vertex with color number: 7 to node: 0
number of alive: 1000
adding vertex with color number: 10 to node: 1
number of alive: 352
adding vertex with color number: 3 to node: 0
number of alive: 313
adding vertex with color number: 5 to node: 3
number of alive: 221
adding vertex with color number: 4 to node: 1
number of alive: 136
adding vertex with color number: 0 to node: 0
number of alive: 121
number of alive: 121
adding vertex with color number: 6 to node: 2
number of alive: 48
number of alive: 48
adding vertex with color number: 2 to node: 7
number of alive: 34
adding vertex with color number: 8 to node: 7
number of alive: 10
adding vertex with color number: 1 to node: 0
number of alive: 7
number of alive: 7
adding vertex with color number: 0 to node: 1
number of alive: 7
adding vertex with color number: 0 to node: 5
Time taken: 0.682234 seconds

Pattern appears in 5 graphs:
S[191] -> S_270.json
S[344] -> S_408.json
S[420] -> S_477.json
S[519] -> S_566.json
S[864] -> S_877.json
Pattern written to pattern.json
