first_color: 0
number of alive: 1000
adding vertex with color number: 17 to node: 0
number of alive: 792
adding vertex with color number: 1 to node: 0
number of alive: 763
Added edge (1, 2) with score 19
number of alive: 19
adding vertex with color number: 6 to node: 1
number of alive: 8
number of alive: 8
adding vertex with color number: 2 to node: 3
number of alive: 6
adding vertex with color number: 3 to node: 4
Time taken: 0.378781 seconds

Pattern appears in 5 graphs:
S[195] -> S_274.json
S[501] -> S_55.json
S[785] -> S_805.json
S[829] -> S_845.json
S[927] -> S_933.json
Pattern written to pattern.json
