first_color: 0
number of alive: 1000
adding vertex with color number: 8 to node: 0
number of alive: 1000
adding vertex with color number: 17 to node: 0
number of alive: 483
adding vertex with color number: 8 to node: 2
number of alive: 140
adding vertex with color number: 2 to node: 1
number of alive: 117
adding vertex with color number: 0 to node: 3
number of alive: 104
adding vertex with color number: 2 to node: 3
number of alive: 80
number of alive: 80
adding vertex with color number: 1 to node: 5
number of alive: 74
Added edge (6, 7) with score 5
Time taken: 0.551234 seconds

Pattern appears in 5 graphs:
S[290] -> S_36.json
S[573] -> S_614.json
S[753] -> S_777.json
S[820] -> S_837.json
S[975] -> S_977.json
Pattern written to pattern.json
