first_color: 0
number of alive: 1000
adding vertex with color number: 16 to node: 0
number of alive: 794
adding vertex with color number: 0 to node: 0
number of alive: 776
adding vertex with color number: 2 to node: 0
number of alive: 725
Added edge (2, 3) with score 30
number of alive: 30
adding vertex with color number: 1 to node: 1
number of alive: 24
number of alive: 24
adding vertex with color number: 6 to node: 4
number of alive: 17
number of alive: 17
adding vertex with color number: 0 to node: 4
number of alive: 15
adding vertex with color number: 8 to node: 1
Time taken: 0.408711 seconds

Pattern appears in 2 graphs:
S[11] -> S_108.json
S[491] -> S_540.json
Pattern written to pattern.json
