first_color: 0
number of alive: 1000
adding vertex with color number: 3 to node: 0
number of alive: 1000
adding vertex with color number: 8 to node: 1
number of alive: 1000
adding vertex with color number: 19 to node: 0
number of alive: 458
adding vertex with color number: 2 to node: 2
number of alive: 367
adding vertex with color number: 0 to node: 0
number of alive: 326
adding vertex with color number: 2 to node: 5
number of alive: 291
adding vertex with color number: 2 to node: 0
number of alive: 215
Added edge (4, 6) with score 11
number of alive: 11
number of alive: 11
adding vertex with color number: 3 to node: 7
number of alive: 9
number of alive: 9
adding vertex with color number: 16 to node: 7
Time taken: 1.34235 seconds

Pattern appears in 1 graphs:
S[303] -> S_371.json
Pattern written to pattern.json
