first_color: 0
number of alive: 1000
adding vertex with color number: 9 to node: 0
number of alive: 1000
adding vertex with color number: 2 to node: 1
number of alive: 1000
Added edge (0, 2) with score 321
number of alive: 321
adding vertex with color number: 1 to node: 1
number of alive: 246
number of alive: 246
adding vertex with color number: 7 to node: 3
number of alive: 105
adding vertex with color number: 1 to node: 0
number of alive: 76
adding vertex with color number: 0 to node: 4
number of alive: 70
number of alive: 70
adding vertex with color number: 5 to node: 3
number of alive: 24
adding vertex with color number: 8 to node: 3
number of alive: 6
adding vertex with color number: 0 to node: 0
Time taken: 0.66337 seconds

Pattern appears in 5 graphs:
S[302] -> S_370.json
S[303] -> S_371.json
S[484] -> S_534.json
S[747] -> S_771.json
S[986] -> S_987.json
Pattern written to pattern.json
