first_color: 0
number of alive: 1000
adding vertex with color number: 9 to node: 0
number of alive: 1000
adding vertex with color number: 5 to node: 0
number of alive: 1000
adding vertex with color number: 4 to node: 2
number of alive: 1000
adding vertex with color number: 18 to node: 2
number of alive: 95
adding vertex with color number: 9 to node: 1
number of alive: 22
number of alive: 22
adding vertex with color number: 6 to node: 5
number of alive: 9
adding vertex with color number: 0 to node: 1
number of alive: 9
adding vertex with color number: 0 to node: 5
number of alive: 7
number of alive: 7
adding vertex with color number: 4 to node: 4
Time taken: 0.658597 seconds

Pattern appears in 4 graphs:
S[362] -> S_424.json
S[873] -> S_885.json
S[883] -> S_894.json
S[957] -> S_960.json
Pattern written to pattern.json
