first_color: 0
number of alive: 1000
adding vertex with color number: 11 to node: 0
number of alive: 784
adding vertex with color number: 4 to node: 0
number of alive: 691
adding vertex with color number: 4 to node: 1
number of alive: 498
adding vertex with color number: 1 to node: 0
number of alive: 434
adding vertex with color number: 4 to node: 4
number of alive: 388
Added edge (2, 5) with score 12
number of alive: 12
adding vertex with color number: 1 to node: 3
number of alive: 10
number of alive: 10
adding vertex with color number: 1 to node: 4
number of alive: 8
number of alive: 8
adding vertex with color number: 9 to node: 5
Time taken: 0.403332 seconds

Pattern appears in 2 graphs:
S[212] -> S_29.json
S[841] -> S_856.json
Pattern written to pattern.json
