first_color: 0
number of alive: 1000
adding vertex with color number: 0 to node: 0
number of alive: 1000
adding vertex with color number: 4 to node: 0
number of alive: 1000
adding vertex with color number: 10 to node: 1
number of alive: 746
Added edge (2, 3) with score 28
number of alive: 28
number of alive: 28
adding vertex with color number: 8 to node: 1
number of alive: 8
adding vertex with color number: 5 to node: 1
number of alive: 6
number of alive: 6
adding vertex with color number: 3 to node: 4
Time taken: 2.73638 seconds

Pattern appears in 5 graphs:
S[126] -> S_211.json
S[149] -> S_232.json
S[560] -> S_602.json
S[832] -> S_848.json
S[929] -> S_935.json
Pattern written to pattern.json
