first_color: 0
number of alive: 1000
adding vertex with color number: 6 to node: 0
number of alive: 1000
number of alive: 1000
adding vertex with color number: 7 to node: 1
number of alive: 1000
Added edge (0, 2) with score 238
number of alive: 238
number of alive: 238
adding vertex with color number: 2 to node: 1
number of alive: 172
number of alive: 172
adding vertex with color number: 6 to node: 1
number of alive: 64
adding vertex with color number: 2 to node: 2
number of alive: 44
adding vertex with color number: 13 to node: 4
Time taken: 0.794931 seconds

Pattern appears in 4 graphs:
S[365] -> S_427.json
S[382] -> S_442.json
S[506] -> S_554.json
S[667] -> S_7.json
Pattern written to pattern.json
