first_color: 0
number of alive: 1000
adding vertex with color number: 13 to node: 0
number of alive: 796
adding vertex with color number: 4 to node: 0
number of alive: 704
adding vertex with color number: 0 to node: 0
number of alive: 672
Added edge (2, 3) with score 23
number of alive: 23
adding vertex with color number: 4 to node: 2
number of alive: 11
number of alive: 11
adding vertex with color number: 7 to node: 4
number of alive: 6
adding vertex with color number: 2 to node: 5
number of alive: 6
number of alive: 6
adding vertex with color number: 0 to node: 5
number of alive: 6
adding vertex with color number: 2 to node: 4
Time taken: 0.391043 seconds

Pattern appears in 5 graphs:
S[39] -> S_133.json
S[188] -> S_268.json
S[296] -> S_365.json
S[911] -> S_919.json
S[923] -> S_93.json
Pattern written to pattern.json
