first_color: 0
number of alive: 1000
adding vertex with color number: 2 to node: 0
number of alive: 1000
number of alive: 1000
adding vertex with color number: 7 to node: 1
number of alive: 1000
Added edge (0, 2) with score 544
number of alive: 544
adding vertex with color number: 4 to node: 1
number of alive: 359
number of alive: 359
adding vertex with color number: 1 to node: 2
number of alive: 285
Added edge (0, 4) with score 5
Time taken: 1.50813 seconds

Pattern appears in 5 graphs:
S[120] -> S_206.json
S[179] -> S_26.json
S[252] -> S_325.json
S[372] -> S_433.json
S[897] -> S_906.json
Pattern written to pattern.json
