first_color: 0
number of alive: 1000
adding vertex with color number: 0 to node: 0
number of alive: 1000
adding vertex with color number: 9 to node: 0
number of alive: 1000
adding vertex with color number: 17 to node: 1
number of alive: 542
adding vertex with color number: 1 to node: 3
number of alive: 439
adding vertex with color number: 5 to node: 2
number of alive: 238
Added edge (2, 4) with score 6
number of alive: 6
adding vertex with color number: 1 to node: 5
Time taken: 1.8816 seconds

Pattern appears in 5 graphs:
S[280] -> S_350.json
S[354] -> S_417.json
S[510] -> S_558.json
S[706] -> S_734.json
S[708] -> S_736.json
Pattern written to pattern.json
