first_color: 0
number of alive: 1000
adding vertex with color number: 1 to node: 0
number of alive: 1000
number of alive: 1000
adding vertex with color number: 0 to node: 1
number of alive: 1000
adding vertex with color number: 9 to node: 1
number of alive: 1000
Added edge (0, 2) with score 329
number of alive: 329
adding vertex with color number: 6 to node: 2
number of alive: 212
number of alive: 212
adding vertex with color number: 1 to node: 3
number of alive: 160
adding vertex with color number: 0 to node: 4
number of alive: 150
Added edge (0, 6) with score 5
Time taken: 3.61759 seconds

Pattern appears in 5 graphs:
S[43] -> S_137.json
S[412] -> S_47.json
S[557] -> S_60.json
S[626] -> S_662.json
S[700] -> S_729.json
Pattern written to pattern.json
