first_color: 0
number of alive: 1000
adding vertex with color number: 8 to node: 0
number of alive: 1000
adding vertex with color number: 5 to node: 0
number of alive: 1000
adding vertex with color number: 0 to node: 0
number of alive: 1000
adding vertex with color number: 4 to node: 0
number of alive: 1000
adding vertex with color number: 1 to node: 0
number of alive: 1000
Added edge (3, 5) with score 186
number of alive: 186
number of alive: 186
adding vertex with color number: 6 to node: 1
number of alive: 72
number of alive: 72
adding vertex with color number: 3 to node: 0
number of alive: 47
adding vertex with color number: 1 to node: 7
number of alive: 39
adding vertex with color number: 2 to node: 2
number of alive: 26
number of alive: 26
adding vertex with color number: 5 to node: 5
number of alive: 10
adding vertex with color number: 3 to node: 9
number of alive: 10
number of alive: 10
adding vertex with color number: 0 to node: 11
number of alive: 10
number of alive: 10
adding vertex with color number: 0 to node: 2
number of alive: 9
adding vertex with color number: 10 to node: 12
Time taken: 1.46914 seconds

Pattern appears in 1 graphs:
S[11] -> S_108.json
Pattern written to pattern.json
