first_color: 0
number of alive: 1000
adding vertex with color number: 2 to node: 0
number of alive: 1000
adding vertex with color number: 3 to node: 0
number of alive: 1000
adding vertex with color number: 5 to node: 1
number of alive: 1000
adding vertex with color number: 0 to node: 0
number of alive: 1000
adding vertex with color number: 15 to node: 3
number of alive: 315
adding vertex with color number: 2 to node: 4
number of alive: 300
Added edge (2, 6) with score 19
number of alive: 19
number of alive: 19
adding vertex with color number: 7 to node: 4
number of alive: 7
adding vertex with color number: 3 to node: 6
Time taken: 3.51229 seconds

Pattern appears in 5 graphs:
S[182] -> S_262.json
S[240] -> S_314.json
S[549] -> S_593.json
S[715] -> S_742.json
S[779] -> S_80.json
Pattern written to pattern.json
