first_color: 0
number of alive: 1000
adding vertex with color number: 13 to node: 0
number of alive: 796
adding vertex with color number: 8 to node: 1
number of alive: 280
adding vertex with color number: 6 to node: 0
number of alive: 171
number of alive: 171
adding vertex with color number: 9 to node: 1
number of alive: 30
number of alive: 30
adding vertex with color number: 5 to node: 3
number of alive: 16
adding vertex with color number: 2 to node: 4
number of alive: 14
number of alive: 14
adding vertex with color number: 5 to node: 4
number of alive: 8
adding vertex with color number: 6 to node: 2
Time taken: 0.369361 seconds

Pattern appears in 3 graphs:
S[341] -> S_405.json
S[797] -> S_816.json
S[953] -> S_957.json
Pattern written to pattern.json
