first_color: 0
number of alive: 1000
adding vertex with color number: 11 to node: 0
number of alive: 784
adding vertex with color number: 1 to node: 1
number of alive: 664
Added edge (0, 2) with score 22
number of alive: 22
adding vertex with color number: 2 to node: 1
number of alive: 17
number of alive: 17
adding vertex with color number: 3 to node: 0
number of alive: 8
adding vertex with color number: 4 to node: 3
number of alive: 6
adding vertex with color number: 2 to node: 4
Time taken: 0.376388 seconds

Pattern appears in 4 graphs:
S[197] -> S_276.json
S[219] -> S_296.json
S[400] -> S_459.json
S[529] -> S_575.json
Pattern written to pattern.json
