first_color: 0
number of alive: 1000
adding vertex with color number: 6 to node: 0
number of alive: 1000
adding vertex with color number: 10 to node: 0
number of alive: 601
adding vertex with color number: 5 to node: 1
number of alive: 342
number of alive: 342
adding vertex with color number: 6 to node: 2
number of alive: 138
number of alive: 138
adding vertex with color number: 11 to node: 0
Time taken: 0.656598 seconds

Pattern appears in 4 graphs:
S[202] -> S_280.json
S[243] -> S_317.json
S[573] -> S_614.json
S[815] -> S_832.json
Pattern written to pattern.json
