first_color: 0
number of alive: 1000
adding vertex with color number: 13 to node: 0
number of alive: 796
number of alive: 796
adding vertex with color number: 0 to node: 1
number of alive: 629
adding vertex with color number: 6 to node: 2
number of alive: 491
adding vertex with color number: 9 to node: 1
number of alive: 87
adding vertex with color number: 0 to node: 2
number of alive: 74
adding vertex with color number: 6 to node: 1
number of alive: 24
adding vertex with color number: 1 to node: 4
number of alive: 20
number of alive: 20
adding vertex with color number: 5 to node: 1
number of alive: 9
number of alive: 9
adding vertex with color number: 1 to node: 1
number of alive: 6
adding vertex with color number: 2 to node: 1
Time taken: 0.40817 seconds

Pattern appears in 3 graphs:
S[338] -> S_402.json
S[379] -> S_44.json
S[454] -> S_507.json
Pattern written to pattern.json
