first_color: 0
number of alive: 1000
adding vertex with color number: 16 to node: 0
number of alive: 794
adding vertex with color number: 3 to node: 0
number of alive: 727
Added edge (1, 2) with score 22
number of alive: 22
adding vertex with color number: 0 to node: 1
number of alive: 20
number of alive: 20
adding vertex with color number: 5 to node: 3
number of alive: 10
adding vertex with color number: 4 to node: 1
number of alive: 7
number of alive: 7
adding vertex with color number: 2 to node: 4
number of alive: 6
adding vertex with color number: 1 to node: 4
number of alive: 6
number of alive: 6
adding vertex with color number: 2 to node: 2
Time taken: 0.39061 seconds

Pattern appears in 2 graphs:
S[59] -> S_151.json
S[940] -> S_945.json
Pattern written to pattern.json
