first_color: 0
number of alive: 1000
adding vertex with color number: 18 to node: 0
number of alive: 791
adding vertex with color number: 9 to node: 1
number of alive: 199
adding vertex with color number: 8 to node: 0
number of alive: 80
number of alive: 80
adding vertex with color number: 1 to node: 2
number of alive: 64
adding vertex with color number: 3 to node: 0
number of alive: 44
adding vertex with color number: 4 to node: 1
number of alive: 25
number of alive: 25
adding vertex with color number: 8 to node: 3
number of alive: 10
number of alive: 10
adding vertex with color number: 2 to node: 1
Time taken: 0.380258 seconds

Pattern appears in 5 graphs:
S[128] -> S_213.json
S[439] -> S_494.json
S[471] -> S_522.json
S[749] -> S_773.json
S[890] -> S_90.json
Pattern written to pattern.json
