first_color: 0
number of alive: 1000
adding vertex with color number: 11 to node: 0
number of alive: 784
number of alive: 784
adding vertex with color number: 3 to node: 1
number of alive: 624
Added edge (0, 2) with score 19
number of alive: 19
adding vertex with color number: 0 to node: 0
number of alive: 16
number of alive: 16
adding vertex with color number: 0 to node: 3
number of alive: 16
number of alive: 16
adding vertex with color number: 6 to node: 1
Time taken: 0.381449 seconds

Pattern appears in 5 graphs:
S[38] -> S_132.json
S[611] -> S_649.json
S[655] -> S_689.json
S[725] -> S_751.json
S[908] -> S_916.json
Pattern written to pattern.json
