first_color: 0
number of alive: 1000
adding vertex with color number: 6 to node: 0
number of alive: 1000
adding vertex with color number: 0 to node: 0
number of alive: 1000
adding vertex with color number: 1 to node: 1
number of alive: 1000
Added edge (2, 3) with score 891
number of alive: 891
Added edge (1, 2) with score 14
number of alive: 14
adding vertex with color number: 0 to node: 1
number of alive: 12
number of alive: 12
adding vertex with color number: 1 to node: 2
number of alive: 8
adding vertex with color number: 5 to node: 3
Time taken: 2.19626 seconds

Pattern appears in 4 graphs:
S[288] -> S_358.json
S[372] -> S_433.json
S[460] -> S_512.json
S[781] -> S_801.json
Pattern written to pattern.json
