first_color: 0
number of alive: 1000
adding vertex with color number: 12 to node: 0
number of alive: 767
adding vertex with color number: 5 to node: 1
number of alive: 419
adding vertex with color number: 2 to node: 2
number of alive: 325
adding vertex with color number: 1 to node: 0
number of alive: 291
adding vertex with color number: 3 to node: 3
number of alive: 252
adding vertex with color number: 1 to node: 1
number of alive: 205
adding vertex with color number: 0 to node: 1
number of alive: 154
Added edge (4, 6) with score 8
number of alive: 8
number of alive: 8
adding vertex with color number: 8 to node: 1
Time taken: 0.448039 seconds

Pattern appears in 1 graphs:
S[218] -> S_295.json
Pattern written to pattern.json
