Total number of S not in G: 254

Total subgraph testing time: 252.068251414 seconds

S numbers not in G (sorted):
21
24
29
33
35
38
43
49
51
52
53
54
57
58
60
61
66
73
85
88
93
98
104
110
111
114
117
118
120
121
126
127
128
131
132
134
136
140
144
147
153
165
168
175
184
186
194
198
201
203
209
210
216
221
223
226
228
229
231
236
238
240
244
255
260
262
265
270
271
272
282
287
294
296
297
298
306
307
308
310
311
313
314
326
338
339
352
354
357
360
362
367
369
375
380
384
386
387
390
391
400
401
416
417
423
429
436
445
447
451
453
458
460
462
473
474
475
476
480
483
491
497
498
501
503
505
509
512
523
525
532
541
544
547
551
553
559
561
563
564
567
571
577
581
587
592
595
601
603
604
614
615
618
627
632
640
643
645
647
648
662
671
672
673
675
680
682
684
687
696
700
702
703
708
715
718
726
727
729
730
737
742
746
749
758
762
763
775
777
779
787
789
790
792
793
801
804
806
807
809
816
817
820
828
831
838
839
840
841
843
845
849
852
872
873
874
875
876
877
880
882
887
888
890
892
894
901
904
905
911
915
922
923
928
931
932
937
941
945
950
953
954
957
961
962
971
972
973
984
987
990
992
994
995
