Analyzing pattern matching results for uniform_deg_3...
======================================================
Patterns directory: /home/cohent59/PROJECT_RUN_PATTERN/pattern_finder/results/OUTPUT_input_color_uniform_deg_3/patterns
Number of target graphs: 5

Testing graph: g_den_5_embedded_den_3_uniform_0
Testing P_1... NOT found
Testing P_2... FOUND (13 matches)
Testing P_3... FOUND (3 matches)
Testing P_4... FOUND (17 matches)
Testing P_5... NOT found
Testing P_6... FOUND (4 matches)
Testing P_7... FOUND (11 matches)
Testing P_8... FOUND (10 matches)
Testing P_9... FOUND (1 matches)
Testing P_10... FOUND (11 matches)
Testing P_11... NOT found
Testing P_12... NOT found
Testing P_13... FOUND (14 matches)
Testing P_14... FOUND (1 matches)
Testing P_15... FOUND (10 matches)
Testing P_16... FOUND (7 matches)
Testing P_17... NOT found
Testing P_18... FOUND (6 matches)
Testing P_19... FOUND (21 matches)
Testing P_20... FOUND (1 matches)
Testing P_21... FOUND (2 matches)
Testing P_22... FOUND (5 matches)
Testing P_23... NOT found
Testing P_24... NOT found
Testing P_25... FOUND (7 matches)
Testing P_26... FOUND (3 matches)
Testing P_27... FOUND (1 matches)
Testing P_28... NOT found
Testing P_29... FOUND (12 matches)
Testing P_30... FOUND (13 matches)
Testing P_31... FOUND (8 matches)
Testing P_32... NOT found
Testing P_33... FOUND (9 matches)
Testing P_34... NOT found
Testing P_35... FOUND (16 matches)
Testing P_36... FOUND (5 matches)
Testing P_37... FOUND (6 matches)
Testing P_38... NOT found
Testing P_39... FOUND (1 matches)
Testing P_40... FOUND (4 matches)
Testing P_41... FOUND (4 matches)
Testing P_42... FOUND (11 matches)
Testing P_43... FOUND (3 matches)
Testing P_44... FOUND (9 matches)
Testing P_45... FOUND (3 matches)
Testing P_46... FOUND (1 matches)
Testing P_47... NOT found
Testing P_48... NOT found
Testing P_49... NOT found
Testing P_50... NOT found
Testing P_51... FOUND (5 matches)
Testing P_52... FOUND (7 matches)
Testing P_53... FOUND (3 matches)
Testing P_54... FOUND (12 matches)
Testing P_55... FOUND (5 matches)
Testing P_56... FOUND (3 matches)
Testing P_57... FOUND (1 matches)
Testing P_58... FOUND (18 matches)
Testing P_59... FOUND (17 matches)
Testing P_60... FOUND (6 matches)
Testing P_61... FOUND (3 matches)
Testing P_62... FOUND (2 matches)
Testing P_63... FOUND (1 matches)
Testing P_64... FOUND (2 matches)
Testing P_65... FOUND (1 matches)
Testing P_66... FOUND (1 matches)
Testing P_67... FOUND (1 matches)
Testing P_68... FOUND (11 matches)
Testing P_69... FOUND (6 matches)
Testing P_70... FOUND (2 matches)
Testing P_71... FOUND (2 matches)
Testing P_72... FOUND (4 matches)
Testing P_73... FOUND (2 matches)
Testing P_74... FOUND (20 matches)
Testing P_75... NOT found
Testing P_76... FOUND (5 matches)
Testing P_77... FOUND (1 matches)
Testing P_78... FOUND (1 matches)
Testing P_79... NOT found
Testing P_80... FOUND (6 matches)
Testing P_81... FOUND (7 matches)
Testing P_82... FOUND (6 matches)
Testing P_83... FOUND (6 matches)
Testing P_84... FOUND (14 matches)
Testing P_85... FOUND (3 matches)
Testing P_86... NOT found
Testing P_87... NOT found
Testing P_88... FOUND (5 matches)
Testing P_89... FOUND (5 matches)
Testing P_90... FOUND (4 matches)
Testing P_91... FOUND (6 matches)
Testing P_92... FOUND (7 matches)
Testing P_93... FOUND (3 matches)
Testing P_94... NOT found
Testing P_95... FOUND (13 matches)
Testing P_96... FOUND (1 matches)
Testing P_97... NOT found
Testing P_98... FOUND (9 matches)
Testing P_99... FOUND (3 matches)
Testing P_100... NOT found
Testing P_101... FOUND (1 matches)
Testing P_102... NOT found
Testing P_103... FOUND (7 matches)
Testing P_104... NOT found
Testing P_105... NOT found
Testing P_106... FOUND (7 matches)
Testing P_107... FOUND (4 matches)
Testing P_108... NOT found
Testing P_109... FOUND (2 matches)
Testing P_110... FOUND (2 matches)
Testing P_111... FOUND (8 matches)
Testing P_112... NOT found
Testing P_113... NOT found
Testing P_114... NOT found
Testing P_115... FOUND (13 matches)
Testing P_116... FOUND (6 matches)
Testing P_117... FOUND (1 matches)
Testing P_118... FOUND (12 matches)
Testing P_119... FOUND (9 matches)
Testing P_120... FOUND (5 matches)
Testing P_121... FOUND (8 matches)
Testing P_122... NOT found
Testing P_123... FOUND (3 matches)
Testing P_124... FOUND (7 matches)
Testing P_125... FOUND (8 matches)
Testing P_126... NOT found
Testing P_127... NOT found
Testing P_128... NOT found
Testing P_129... FOUND (4 matches)
Testing P_130... FOUND (4 matches)
Testing P_131... FOUND (5 matches)
Testing P_132... FOUND (2 matches)
Testing P_133... FOUND (9 matches)
Testing P_134... FOUND (2 matches)
Testing P_135... FOUND (8 matches)
Testing P_136... FOUND (10 matches)
Testing P_137... NOT found
Testing P_138... FOUND (1 matches)
Testing P_139... NOT found
Testing P_140... FOUND (5 matches)
Testing P_141... FOUND (8 matches)
Testing P_142... FOUND (1 matches)
Testing P_143... FOUND (4 matches)
Testing P_144... FOUND (4 matches)
Testing P_145... FOUND (6 matches)
Testing P_146... FOUND (2 matches)
Testing P_147... FOUND (8 matches)
Testing P_148... FOUND (3 matches)
Testing P_149... FOUND (2 matches)
Testing P_150... FOUND (10 matches)
Testing P_151... NOT found
Testing P_152... FOUND (7 matches)
Testing P_153... NOT found
Testing P_154... FOUND (3 matches)
Testing P_155... NOT found
Testing P_156... FOUND (3 matches)
Testing P_157... FOUND (3 matches)
Testing P_158... NOT found
Testing P_159... FOUND (6 matches)
Testing P_160... FOUND (9 matches)
Testing P_161... NOT found
Testing P_162... FOUND (1 matches)
Testing P_163... NOT found
Testing P_164... FOUND (14 matches)
Testing P_165... FOUND (16 matches)
Testing P_166... FOUND (2 matches)
Testing P_167... FOUND (4 matches)
Testing P_168... NOT found
Testing P_169... FOUND (16 matches)
Testing P_170... FOUND (9 matches)
Testing P_171... FOUND (6 matches)
Testing P_172... FOUND (12 matches)
Testing P_173... FOUND (3 matches)
Testing P_174... NOT found
Testing P_175... NOT found
Testing P_176... FOUND (1 matches)
Testing P_177... FOUND (5 matches)
Testing P_178... FOUND (11 matches)
Testing P_179... FOUND (6 matches)
Testing P_180... FOUND (14 matches)
Testing P_181... FOUND (2 matches)
Testing P_182... FOUND (1 matches)
Testing P_183... FOUND (1 matches)
Testing P_184... FOUND (3 matches)
Testing P_185... FOUND (6 matches)
Testing P_186... FOUND (6 matches)
Testing P_187... NOT found
Testing P_188... FOUND (2 matches)
Testing P_189... FOUND (2 matches)
Testing P_190... NOT found
Testing P_191... FOUND (11 matches)
Testing P_192... NOT found
Testing P_193... NOT found
Testing P_194... NOT found
Testing P_195... FOUND (2 matches)
Testing P_196... FOUND (1 matches)
Testing P_197... FOUND (11 matches)
Testing P_198... FOUND (1 matches)
Testing P_199... FOUND (2 matches)
Testing P_200... NOT found
Testing P_201... FOUND (4 matches)
Testing P_202... FOUND (11 matches)
Testing P_203... FOUND (7 matches)
Testing P_204... FOUND (3 matches)
Testing P_205... NOT found
Testing P_206... FOUND (2 matches)
Testing P_207... FOUND (3 matches)
Testing P_208... FOUND (2 matches)
Testing P_209... FOUND (4 matches)
Testing P_210... FOUND (4 matches)
Testing P_211... NOT found
Testing P_212... FOUND (6 matches)
Testing P_213... FOUND (1 matches)
Testing P_214... FOUND (1 matches)
Testing P_215... FOUND (6 matches)
Testing P_216... NOT found
Testing P_217... NOT found
Testing P_218... FOUND (7 matches)
Testing P_219... FOUND (4 matches)
Testing P_220... FOUND (2 matches)
Testing P_221... FOUND (2 matches)
Testing P_222... FOUND (2 matches)
Testing P_223... NOT found
Testing P_224... FOUND (11 matches)
Testing P_225... FOUND (5 matches)
Testing P_226... FOUND (10 matches)
Testing P_227... NOT found
Testing P_228... FOUND (2 matches)
Testing P_229... FOUND (2 matches)
Testing P_230... FOUND (2 matches)
Testing P_231... NOT found
Testing P_232... FOUND (2 matches)
Testing P_233... FOUND (7 matches)
Testing P_234... FOUND (9 matches)
Testing P_235... FOUND (3 matches)
Testing P_236... FOUND (6 matches)
Testing P_237... FOUND (4 matches)
Testing P_238... NOT found
Testing P_239... FOUND (1 matches)
Testing P_240... FOUND (4 matches)
Testing P_241... NOT found
Testing P_242... FOUND (4 matches)
Testing P_243... FOUND (4 matches)
Testing P_244... FOUND (1 matches)
Testing P_245... NOT found
Testing P_246... FOUND (4 matches)
Testing P_247... FOUND (4 matches)
Testing P_248... FOUND (10 matches)
Testing P_249... NOT found
Testing P_250... FOUND (7 matches)
Testing P_251... FOUND (6 matches)
Testing P_252... FOUND (8 matches)
Testing P_253... FOUND (2 matches)
Testing P_254... FOUND (11 matches)
Testing P_255... NOT found
Testing P_256... FOUND (1 matches)
Testing P_257... NOT found
Testing P_258... FOUND (2 matches)
Testing P_259... FOUND (7 matches)
Testing P_260... NOT found
Testing P_261... NOT found
Testing P_262... FOUND (5 matches)
Testing P_263... FOUND (2 matches)
Testing P_264... FOUND (15 matches)
Testing P_265... NOT found
Testing P_266... FOUND (3 matches)
Testing P_267... FOUND (1 matches)
Testing P_268... NOT found
Testing P_269... FOUND (7 matches)
Testing P_270... NOT found
Testing P_271... FOUND (3 matches)
Testing P_272... FOUND (3 matches)
Testing P_273... FOUND (13 matches)
Testing P_274... NOT found
Testing P_275... NOT found
Testing P_276... NOT found
Testing P_277... FOUND (4 matches)
Testing P_278... FOUND (4 matches)
Testing P_279... NOT found
Testing P_280... FOUND (2 matches)
Testing P_281... NOT found
Testing P_282... FOUND (1 matches)
Testing P_283... FOUND (1 matches)
Testing P_284... NOT found
Testing P_285... FOUND (15 matches)
Testing P_286... FOUND (8 matches)
Testing P_287... NOT found
Testing P_288... FOUND (1 matches)
Testing P_289... FOUND (4 matches)
Testing P_290... NOT found
Testing P_291... FOUND (15 matches)
Testing P_292... FOUND (2 matches)
Testing P_293... NOT found
Testing P_294... FOUND (1 matches)
Testing P_295... FOUND (2 matches)
Testing P_296... NOT found
Testing P_297... NOT found
Testing P_298... FOUND (2 matches)
Testing P_299... FOUND (5 matches)
Testing P_300... FOUND (1 matches)
Testing P_301... NOT found
Testing P_302... NOT found
Testing P_303... FOUND (6 matches)
Testing P_304... FOUND (5 matches)
Testing P_305... NOT found
Testing P_306... FOUND (1 matches)
Testing P_307... FOUND (6 matches)
Testing P_308... FOUND (3 matches)
Testing P_309... FOUND (1 matches)
Testing P_310... FOUND (1 matches)
Testing P_311... FOUND (2 matches)
Testing P_312... FOUND (2 matches)
Testing P_313... FOUND (8 matches)
Testing P_314... FOUND (2 matches)
Testing P_315... FOUND (2 matches)
Testing P_316... FOUND (8 matches)
Testing P_317... NOT found
Testing P_318... FOUND (5 matches)
Testing P_319... FOUND (6 matches)
Testing P_320... NOT found
Testing P_321... FOUND (9 matches)
Testing P_322... FOUND (2 matches)
Testing P_323... FOUND (6 matches)
Testing P_324... FOUND (4 matches)
Testing P_325... FOUND (8 matches)
Testing P_326... FOUND (2 matches)
Testing P_327... FOUND (15 matches)
Testing P_328... FOUND (5 matches)
Testing P_329... FOUND (2 matches)
Testing P_330... FOUND (4 matches)
Testing P_331... FOUND (5 matches)
Testing P_332... FOUND (7 matches)
Testing P_333... FOUND (5 matches)
Testing P_334... FOUND (7 matches)
Testing P_335... FOUND (4 matches)
Testing P_336... FOUND (6 matches)
Testing P_337... FOUND (2 matches)
Testing P_338... NOT found
Testing P_339... FOUND (3 matches)
Testing P_340... FOUND (1 matches)
Testing P_341... NOT found
Testing P_342... FOUND (4 matches)
Testing P_343... NOT found
Testing P_344... NOT found
Testing P_345... FOUND (1 matches)
Testing P_346... NOT found
Testing P_347... NOT found
Testing P_348... NOT found
Testing P_349... FOUND (17 matches)
Testing P_350... NOT found
Completed g_den_5_embedded_den_3_uniform_0 in 81.802948873 seconds

Results saved in: /home/cohent59/PROJECT_RUN_PATTERN/pattern_finder/results/OUTPUT_input_color_uniform_deg_3/RESULTS_g_den_5_embedded_den_3_uniform_0.log
S files not in G (unique): 190

Testing graph: g_den_8_embedded_den_3_uniform_0
Testing P_1... FOUND (160 matches)
Testing P_2... FOUND (307 matches)
Testing P_3... FOUND (316 matches)
Testing P_4... FOUND (360 matches)
Testing P_5... FOUND (278 matches)
Testing P_6... FOUND (205 matches)
Testing P_7... FOUND (377 matches)
Testing P_8... FOUND (423 matches)
Testing P_9... FOUND (199 matches)
Testing P_10... FOUND (418 matches)
Testing P_11... FOUND (271 matches)
Testing P_12... FOUND (293 matches)
Testing P_13... FOUND (348 matches)
Testing P_14... FOUND (165 matches)
Testing P_15... FOUND (292 matches)
Testing P_16... FOUND (287 matches)
Testing P_17... FOUND (1 matches)
Testing P_18... FOUND (331 matches)
Testing P_19... FOUND (457 matches)
Testing P_20... FOUND (206 matches)
Testing P_21... FOUND (200 matches)
Testing P_22... FOUND (390 matches)
Testing P_23... FOUND (164 matches)
Testing P_24... FOUND (299 matches)
Testing P_25... FOUND (238 matches)
Testing P_26... FOUND (225 matches)
Testing P_27... FOUND (1 matches)
Testing P_28... NOT found
Testing P_29... FOUND (357 matches)
Testing P_30... FOUND (288 matches)
Testing P_31... FOUND (374 matches)
Testing P_32... FOUND (183 matches)
Testing P_33... FOUND (381 matches)
Testing P_34... FOUND (213 matches)
Testing P_35... FOUND (451 matches)
Testing P_36... FOUND (421 matches)
Testing P_37... FOUND (338 matches)
Testing P_38... FOUND (170 matches)
Testing P_39... FOUND (224 matches)
Testing P_40... FOUND (316 matches)
Testing P_41... FOUND (198 matches)
Testing P_42... FOUND (226 matches)
Testing P_43... FOUND (213 matches)
Testing P_44... FOUND (355 matches)
Testing P_45... FOUND (308 matches)
Testing P_46... FOUND (164 matches)
Testing P_47... FOUND (209 matches)
Testing P_48... FOUND (210 matches)
Testing P_49... FOUND (200 matches)
Testing P_50... FOUND (306 matches)
Testing P_51... FOUND (286 matches)
Testing P_52... FOUND (175 matches)
Testing P_53... FOUND (255 matches)
Testing P_54... FOUND (256 matches)
Testing P_55... FOUND (256 matches)
Testing P_56... FOUND (206 matches)
Testing P_57... FOUND (261 matches)
Testing P_58... FOUND (235 matches)
Testing P_59... FOUND (302 matches)
Testing P_60... FOUND (384 matches)
Testing P_61... FOUND (146 matches)
Testing P_62... FOUND (237 matches)
Testing P_63... FOUND (185 matches)
Testing P_64... FOUND (169 matches)
Testing P_65... FOUND (225 matches)
Testing P_66... FOUND (164 matches)
Testing P_67... FOUND (169 matches)
Testing P_68... FOUND (323 matches)
Testing P_69... FOUND (173 matches)
Testing P_70... FOUND (225 matches)
Testing P_71... FOUND (178 matches)
Testing P_72... FOUND (159 matches)
Testing P_73... FOUND (159 matches)
Testing P_74... FOUND (286 matches)
Testing P_75... NOT found
Testing P_76... FOUND (320 matches)
Testing P_77... NOT found
Testing P_78... FOUND (363 matches)
Testing P_79... FOUND (212 matches)
Testing P_80... FOUND (232 matches)
Testing P_81... FOUND (237 matches)
Testing P_82... FOUND (347 matches)
Testing P_83... FOUND (224 matches)
Testing P_84... FOUND (197 matches)
Testing P_85... FOUND (195 matches)
Testing P_86... FOUND (154 matches)
Testing P_87... FOUND (143 matches)
Testing P_88... FOUND (358 matches)
Testing P_89... FOUND (229 matches)
Testing P_90... FOUND (193 matches)
Testing P_91... FOUND (396 matches)
Testing P_92... FOUND (431 matches)
Testing P_93... FOUND (235 matches)
Testing P_94... NOT found
Testing P_95... FOUND (300 matches)
Testing P_96... FOUND (257 matches)
Testing P_97... FOUND (421 matches)
Testing P_98... FOUND (200 matches)
Testing P_99... FOUND (177 matches)
Testing P_100... FOUND (322 matches)
Testing P_101... NOT found
Testing P_102... FOUND (185 matches)
Testing P_103... FOUND (304 matches)
Testing P_104... NOT found
Testing P_105... FOUND (245 matches)
Testing P_106... FOUND (301 matches)
Testing P_107... FOUND (236 matches)
Testing P_108... FOUND (215 matches)
Testing P_109... FOUND (193 matches)
Testing P_110... FOUND (268 matches)
Testing P_111... FOUND (263 matches)
Testing P_112... FOUND (223 matches)
Testing P_113... FOUND (118 matches)
Testing P_114... FOUND (154 matches)
Testing P_115... FOUND (401 matches)
Testing P_116... FOUND (213 matches)
Testing P_117... FOUND (372 matches)
Testing P_118... FOUND (295 matches)
Testing P_119... FOUND (264 matches)
Testing P_120... FOUND (225 matches)
Testing P_121... FOUND (269 matches)
Testing P_122... NOT found
Testing P_123... FOUND (172 matches)
Testing P_124... FOUND (140 matches)
Testing P_125... FOUND (276 matches)
Testing P_126... FOUND (211 matches)
Testing P_127... FOUND (216 matches)
Testing P_128... FOUND (196 matches)
Testing P_129... FOUND (151 matches)
Testing P_130... FOUND (357 matches)
Testing P_131... FOUND (130 matches)
Testing P_132... FOUND (283 matches)
Testing P_133... FOUND (428 matches)
Testing P_134... FOUND (220 matches)
Testing P_135... FOUND (246 matches)
Testing P_136... FOUND (213 matches)
Testing P_137... FOUND (256 matches)
Testing P_138... FOUND (154 matches)
Testing P_139... FOUND (143 matches)
Testing P_140... FOUND (373 matches)
Testing P_141... FOUND (317 matches)
Testing P_142... FOUND (211 matches)
Testing P_143... FOUND (217 matches)
Testing P_144... FOUND (257 matches)
Testing P_145... FOUND (250 matches)
Testing P_146... FOUND (91 matches)
Testing P_147... FOUND (309 matches)
Testing P_148... FOUND (234 matches)
Testing P_149... FOUND (154 matches)
Testing P_150... FOUND (298 matches)
Testing P_151... NOT found
Testing P_152... FOUND (304 matches)
Testing P_153... FOUND (366 matches)
Testing P_154... FOUND (243 matches)
Testing P_155... FOUND (174 matches)
Testing P_156... FOUND (329 matches)
Testing P_157... FOUND (171 matches)
Testing P_158... FOUND (337 matches)
Testing P_159... FOUND (328 matches)
Testing P_160... FOUND (228 matches)
Testing P_161... NOT found
Testing P_162... FOUND (205 matches)
Testing P_163... FOUND (291 matches)
Testing P_164... FOUND (431 matches)
Testing P_165... FOUND (198 matches)
Testing P_166... FOUND (330 matches)
Testing P_167... FOUND (245 matches)
Testing P_168... FOUND (1 matches)
Testing P_169... FOUND (190 matches)
Testing P_170... FOUND (319 matches)
Testing P_171... FOUND (243 matches)
Testing P_172... FOUND (358 matches)
Testing P_173... FOUND (181 matches)
Testing P_174... FOUND (265 matches)
Testing P_175... FOUND (233 matches)
Testing P_176... FOUND (201 matches)
Testing P_177... FOUND (243 matches)
Testing P_178... FOUND (356 matches)
Testing P_179... FOUND (267 matches)
Testing P_180... FOUND (335 matches)
Testing P_181... FOUND (310 matches)
Testing P_182... FOUND (345 matches)
Testing P_183... FOUND (378 matches)
Testing P_184... FOUND (286 matches)
Testing P_185... FOUND (238 matches)
Testing P_186... FOUND (263 matches)
Testing P_187... FOUND (355 matches)
Testing P_188... FOUND (333 matches)
Testing P_189... FOUND (175 matches)
Testing P_190... FOUND (284 matches)
Testing P_191... FOUND (260 matches)
Testing P_192... FOUND (105 matches)
Testing P_193... FOUND (182 matches)
Testing P_194... NOT found
Testing P_195... FOUND (272 matches)
Testing P_196... FOUND (240 matches)
Testing P_197... FOUND (342 matches)
Testing P_198... FOUND (210 matches)
Testing P_199... FOUND (242 matches)
Testing P_200... FOUND (183 matches)
Testing P_201... FOUND (217 matches)
Testing P_202... FOUND (249 matches)
Testing P_203... FOUND (166 matches)
Testing P_204... FOUND (475 matches)
Testing P_205... FOUND (179 matches)
Testing P_206... FOUND (165 matches)
Testing P_207... FOUND (181 matches)
Testing P_208... FOUND (191 matches)
Testing P_209... FOUND (241 matches)
Testing P_210... FOUND (319 matches)
Testing P_211... FOUND (261 matches)
Testing P_212... FOUND (155 matches)
Testing P_213... FOUND (273 matches)
Testing P_214... FOUND (262 matches)
Testing P_215... FOUND (264 matches)
Testing P_216... FOUND (258 matches)
Testing P_217... FOUND (315 matches)
Testing P_218... FOUND (325 matches)
Testing P_219... FOUND (333 matches)
Testing P_220... FOUND (279 matches)
Testing P_221... FOUND (178 matches)
Testing P_222... FOUND (282 matches)
Testing P_223... FOUND (3 matches)
Testing P_224... FOUND (296 matches)
Testing P_225... FOUND (279 matches)
Testing P_226... FOUND (319 matches)
Testing P_227... FOUND (206 matches)
Testing P_228... FOUND (211 matches)
Testing P_229... FOUND (307 matches)
Testing P_230... FOUND (340 matches)
Testing P_231... FOUND (3 matches)
Testing P_232... FOUND (208 matches)
Testing P_233... FOUND (287 matches)
Testing P_234... FOUND (434 matches)
Testing P_235... FOUND (259 matches)
Testing P_236... FOUND (135 matches)
Testing P_237... FOUND (253 matches)
Testing P_238... FOUND (218 matches)
Testing P_239... FOUND (187 matches)
Testing P_240... FOUND (344 matches)
Testing P_241... FOUND (167 matches)
Testing P_242... FOUND (212 matches)
Testing P_243... FOUND (199 matches)
Testing P_244... FOUND (180 matches)
Testing P_245... FOUND (212 matches)
Testing P_246... FOUND (201 matches)
Testing P_247... FOUND (164 matches)
Testing P_248... FOUND (317 matches)
Testing P_249... FOUND (201 matches)
Testing P_250... FOUND (363 matches)
Testing P_251... FOUND (96 matches)
Testing P_252... FOUND (194 matches)
Testing P_253... FOUND (241 matches)
Testing P_254... FOUND (354 matches)
Testing P_255... FOUND (230 matches)
Testing P_256... FOUND (231 matches)
Testing P_257... FOUND (154 matches)
Testing P_258... FOUND (333 matches)
Testing P_259... FOUND (290 matches)
Testing P_260... FOUND (1 matches)
Testing P_261... NOT found
Testing P_262... FOUND (207 matches)
Testing P_263... FOUND (339 matches)
Testing P_264... FOUND (335 matches)
Testing P_265... FOUND (2 matches)
Testing P_266... FOUND (200 matches)
Testing P_267... FOUND (309 matches)
Testing P_268... NOT found
Testing P_269... FOUND (188 matches)
Testing P_270... FOUND (129 matches)
Testing P_271... FOUND (374 matches)
Testing P_272... FOUND (138 matches)
Testing P_273... FOUND (324 matches)
Testing P_274... FOUND (340 matches)
Testing P_275... FOUND (227 matches)
Testing P_276... FOUND (142 matches)
Testing P_277... FOUND (262 matches)
Testing P_278... FOUND (237 matches)
Testing P_279... FOUND (2 matches)
Testing P_280... FOUND (245 matches)
Testing P_281... FOUND (196 matches)
Testing P_282... FOUND (201 matches)
Testing P_283... FOUND (235 matches)
Testing P_284... NOT found
Testing P_285... FOUND (279 matches)
Testing P_286... FOUND (284 matches)
Testing P_287... FOUND (147 matches)
Testing P_288... FOUND (257 matches)
Testing P_289... FOUND (377 matches)
Testing P_290... FOUND (226 matches)
Testing P_291... FOUND (338 matches)
Testing P_292... FOUND (275 matches)
Testing P_293... NOT found
Testing P_294... FOUND (220 matches)
Testing P_295... FOUND (157 matches)
Testing P_296... FOUND (255 matches)
Testing P_297... FOUND (196 matches)
Testing P_298... FOUND (177 matches)
Testing P_299... FOUND (313 matches)
Testing P_300... FOUND (384 matches)
Testing P_301... NOT found
Testing P_302... FOUND (132 matches)
Testing P_303... FOUND (251 matches)
Testing P_304... FOUND (276 matches)
Testing P_305... FOUND (244 matches)
Testing P_306... FOUND (175 matches)
Testing P_307... FOUND (255 matches)
Testing P_308... FOUND (288 matches)
Testing P_309... FOUND (281 matches)
Testing P_310... FOUND (357 matches)
Testing P_311... FOUND (249 matches)
Testing P_312... FOUND (232 matches)
Testing P_313... FOUND (293 matches)
Testing P_314... FOUND (440 matches)
Testing P_315... FOUND (343 matches)
Testing P_316... FOUND (246 matches)
Testing P_317... FOUND (246 matches)
Testing P_318... FOUND (273 matches)
Testing P_319... FOUND (261 matches)
Testing P_320... FOUND (306 matches)
Testing P_321... FOUND (345 matches)
Testing P_322... FOUND (371 matches)
Testing P_323... FOUND (228 matches)
Testing P_324... FOUND (235 matches)
Testing P_325... FOUND (361 matches)
Testing P_326... FOUND (191 matches)
Testing P_327... FOUND (284 matches)
Testing P_328... FOUND (293 matches)
Testing P_329... FOUND (284 matches)
Testing P_330... FOUND (370 matches)
Testing P_331... FOUND (260 matches)
Testing P_332... FOUND (350 matches)
Testing P_333... FOUND (369 matches)
Testing P_334... FOUND (267 matches)
Testing P_335... FOUND (204 matches)
Testing P_336... FOUND (257 matches)
Testing P_337... FOUND (254 matches)
Testing P_338... FOUND (266 matches)
Testing P_339... FOUND (272 matches)
Testing P_340... FOUND (202 matches)
Testing P_341... FOUND (171 matches)
Testing P_342... FOUND (218 matches)
Testing P_343... FOUND (265 matches)
Testing P_344... NOT found
Testing P_345... FOUND (272 matches)
Testing P_346... FOUND (1 matches)
Testing P_347... FOUND (179 matches)
Testing P_348... FOUND (1 matches)
Testing P_349... FOUND (358 matches)
Testing P_350... FOUND (161 matches)
Completed g_den_8_embedded_den_3_uniform_0 in 130.038294345 seconds

Results saved in: /home/cohent59/PROJECT_RUN_PATTERN/pattern_finder/results/OUTPUT_input_color_uniform_deg_3/RESULTS_g_den_8_embedded_den_3_uniform_0.log
S files not in G (unique): 192

Testing graph: g_den_10_embedded_den_3_uniform_0
Testing P_1... FOUND (53 matches)
Testing P_2... FOUND (186 matches)
Testing P_3... FOUND (147 matches)
Testing P_4... FOUND (129 matches)
Testing P_5... FOUND (50 matches)
Testing P_6... FOUND (51 matches)
Testing P_7... FOUND (105 matches)
Testing P_8... FOUND (111 matches)
Testing P_9... FOUND (60 matches)
Testing P_10... FOUND (117 matches)
Testing P_11... FOUND (73 matches)
Testing P_12... FOUND (60 matches)
Testing P_13... FOUND (125 matches)
Testing P_14... FOUND (82 matches)
Testing P_15... FOUND (170 matches)
Testing P_16... FOUND (204 matches)
Testing P_17... NOT found
Testing P_18... FOUND (217 matches)
Testing P_19... FOUND (118 matches)
Testing P_20... FOUND (78 matches)
Testing P_21... FOUND (115 matches)
Testing P_22... FOUND (150 matches)
Testing P_23... FOUND (100 matches)
Testing P_24... FOUND (45 matches)
Testing P_25... FOUND (129 matches)
Testing P_26... FOUND (95 matches)
Testing P_27... FOUND (1 matches)
Testing P_28... NOT found
Testing P_29... FOUND (132 matches)
Testing P_30... FOUND (130 matches)
Testing P_31... FOUND (141 matches)
Testing P_32... FOUND (71 matches)
Testing P_33... FOUND (99 matches)
Testing P_34... FOUND (50 matches)
Testing P_35... FOUND (122 matches)
Testing P_36... FOUND (163 matches)
Testing P_37... FOUND (212 matches)
Testing P_38... FOUND (81 matches)
Testing P_39... FOUND (92 matches)
Testing P_40... FOUND (117 matches)
Testing P_41... FOUND (171 matches)
Testing P_42... FOUND (96 matches)
Testing P_43... FOUND (63 matches)
Testing P_44... FOUND (122 matches)
Testing P_45... FOUND (172 matches)
Testing P_46... FOUND (84 matches)
Testing P_47... FOUND (60 matches)
Testing P_48... FOUND (42 matches)
Testing P_49... FOUND (69 matches)
Testing P_50... FOUND (120 matches)
Testing P_51... FOUND (140 matches)
Testing P_52... FOUND (108 matches)
Testing P_53... FOUND (172 matches)
Testing P_54... FOUND (121 matches)
Testing P_55... FOUND (126 matches)
Testing P_56... FOUND (67 matches)
Testing P_57... FOUND (55 matches)
Testing P_58... FOUND (82 matches)
Testing P_59... FOUND (118 matches)
Testing P_60... FOUND (111 matches)
Testing P_61... FOUND (48 matches)
Testing P_62... FOUND (83 matches)
Testing P_63... FOUND (98 matches)
Testing P_64... FOUND (47 matches)
Testing P_65... FOUND (59 matches)
Testing P_66... FOUND (79 matches)
Testing P_67... FOUND (105 matches)
Testing P_68... FOUND (129 matches)
Testing P_69... FOUND (68 matches)
Testing P_70... FOUND (53 matches)
Testing P_71... FOUND (46 matches)
Testing P_72... FOUND (54 matches)
Testing P_73... FOUND (73 matches)
Testing P_74... FOUND (87 matches)
Testing P_75... NOT found
Testing P_76... FOUND (112 matches)
Testing P_77... NOT found
Testing P_78... FOUND (98 matches)
Testing P_79... FOUND (139 matches)
Testing P_80... FOUND (45 matches)
Testing P_81... FOUND (41 matches)
Testing P_82... FOUND (126 matches)
Testing P_83... FOUND (149 matches)
Testing P_84... FOUND (109 matches)
Testing P_85... FOUND (62 matches)
Testing P_86... FOUND (104 matches)
Testing P_87... FOUND (45 matches)
Testing P_88... FOUND (136 matches)
Testing P_89... FOUND (93 matches)
Testing P_90... FOUND (93 matches)
Testing P_91... FOUND (116 matches)
Testing P_92... FOUND (116 matches)
Testing P_93... FOUND (142 matches)
Testing P_94... NOT found
Testing P_95... FOUND (101 matches)
Testing P_96... FOUND (91 matches)
Testing P_97... FOUND (54 matches)
Testing P_98... FOUND (106 matches)
Testing P_99... FOUND (66 matches)
Testing P_100... FOUND (63 matches)
Testing P_101... NOT found
Testing P_102... FOUND (106 matches)
Testing P_103... FOUND (109 matches)
Testing P_104... FOUND (1 matches)
Testing P_105... FOUND (71 matches)
Testing P_106... FOUND (159 matches)
Testing P_107... FOUND (134 matches)
Testing P_108... FOUND (81 matches)
Testing P_109... FOUND (95 matches)
Testing P_110... FOUND (153 matches)
Testing P_111... FOUND (135 matches)
Testing P_112... FOUND (44 matches)
Testing P_113... FOUND (77 matches)
Testing P_114... FOUND (51 matches)
Testing P_115... FOUND (187 matches)
Testing P_116... FOUND (141 matches)
Testing P_117... FOUND (152 matches)
Testing P_118... FOUND (103 matches)
Testing P_119... FOUND (135 matches)
Testing P_120... FOUND (66 matches)
Testing P_121... FOUND (92 matches)
Testing P_122... NOT found
Testing P_123... FOUND (97 matches)
Testing P_124... FOUND (73 matches)
Testing P_125... FOUND (121 matches)
Testing P_126... FOUND (63 matches)
Testing P_127... FOUND (53 matches)
Testing P_128... FOUND (36 matches)
Testing P_129... FOUND (43 matches)
Testing P_130... FOUND (168 matches)
Testing P_131... FOUND (90 matches)
Testing P_132... FOUND (82 matches)
Testing P_133... FOUND (124 matches)
Testing P_134... FOUND (114 matches)
Testing P_135... FOUND (98 matches)
Testing P_136... FOUND (45 matches)
Testing P_137... FOUND (65 matches)
Testing P_138... FOUND (58 matches)
Testing P_139... FOUND (149 matches)
Testing P_140... FOUND (125 matches)
Testing P_141... FOUND (146 matches)
Testing P_142... FOUND (43 matches)
Testing P_143... FOUND (105 matches)
Testing P_144... FOUND (67 matches)
Testing P_145... FOUND (131 matches)
Testing P_146... FOUND (69 matches)
Testing P_147... FOUND (111 matches)
Testing P_148... FOUND (69 matches)
Testing P_149... FOUND (70 matches)
Testing P_150... FOUND (112 matches)
Testing P_151... NOT found
Testing P_152... FOUND (157 matches)
Testing P_153... FOUND (87 matches)
Testing P_154... FOUND (88 matches)
Testing P_155... FOUND (85 matches)
Testing P_156... FOUND (122 matches)
Testing P_157... FOUND (100 matches)
Testing P_158... FOUND (60 matches)
Testing P_159... FOUND (114 matches)
Testing P_160... FOUND (127 matches)
Testing P_161... NOT found
Testing P_162... FOUND (61 matches)
Testing P_163... FOUND (79 matches)
Testing P_164... FOUND (159 matches)
Testing P_165... FOUND (65 matches)
Testing P_166... FOUND (72 matches)
Testing P_167... FOUND (121 matches)
Testing P_168... FOUND (1 matches)
Testing P_169... FOUND (138 matches)
Testing P_170... FOUND (134 matches)
Testing P_171... FOUND (51 matches)
Testing P_172... FOUND (159 matches)
Testing P_173... FOUND (80 matches)
Testing P_174... FOUND (56 matches)
Testing P_175... FOUND (104 matches)
Testing P_176... FOUND (86 matches)
Testing P_177... FOUND (98 matches)
Testing P_178... FOUND (136 matches)
Testing P_179... FOUND (89 matches)
Testing P_180... FOUND (179 matches)
Testing P_181... FOUND (85 matches)
Testing P_182... FOUND (53 matches)
Testing P_183... FOUND (78 matches)
Testing P_184... FOUND (63 matches)
Testing P_185... FOUND (117 matches)
Testing P_186... FOUND (152 matches)
Testing P_187... FOUND (58 matches)
Testing P_188... FOUND (89 matches)
Testing P_189... FOUND (63 matches)
Testing P_190... FOUND (90 matches)
Testing P_191... FOUND (144 matches)
Testing P_192... FOUND (53 matches)
Testing P_193... FOUND (81 matches)
Testing P_194... NOT found
Testing P_195... FOUND (77 matches)
Testing P_196... FOUND (118 matches)
Testing P_197... FOUND (88 matches)
Testing P_198... FOUND (107 matches)
Testing P_199... FOUND (104 matches)
Testing P_200... FOUND (95 matches)
Testing P_201... FOUND (122 matches)
Testing P_202... FOUND (148 matches)
Testing P_203... FOUND (54 matches)
Testing P_204... FOUND (126 matches)
Testing P_205... FOUND (61 matches)
Testing P_206... FOUND (61 matches)
Testing P_207... FOUND (43 matches)
Testing P_208... FOUND (83 matches)
Testing P_209... FOUND (174 matches)
Testing P_210... FOUND (61 matches)
Testing P_211... FOUND (105 matches)
Testing P_212... FOUND (78 matches)
Testing P_213... FOUND (131 matches)
Testing P_214... FOUND (74 matches)
Testing P_215... FOUND (133 matches)
Testing P_216... FOUND (46 matches)
Testing P_217... FOUND (67 matches)
Testing P_218... FOUND (122 matches)
Testing P_219... FOUND (98 matches)
Testing P_220... FOUND (130 matches)
Testing P_221... FOUND (59 matches)
Testing P_222... FOUND (128 matches)
Testing P_223... NOT found
Testing P_224... FOUND (139 matches)
Testing P_225... FOUND (152 matches)
Testing P_226... FOUND (84 matches)
Testing P_227... FOUND (69 matches)
Testing P_228... FOUND (82 matches)
Testing P_229... FOUND (33 matches)
Testing P_230... FOUND (152 matches)
Testing P_231... NOT found
Testing P_232... FOUND (72 matches)
Testing P_233... FOUND (187 matches)
Testing P_234... FOUND (148 matches)
Testing P_235... FOUND (133 matches)
Testing P_236... FOUND (111 matches)
Testing P_237... FOUND (107 matches)
Testing P_238... FOUND (89 matches)
Testing P_239... FOUND (51 matches)
Testing P_240... FOUND (154 matches)
Testing P_241... FOUND (105 matches)
Testing P_242... FOUND (111 matches)
Testing P_243... FOUND (81 matches)
Testing P_244... FOUND (127 matches)
Testing P_245... FOUND (51 matches)
Testing P_246... FOUND (97 matches)
Testing P_247... FOUND (61 matches)
Testing P_248... FOUND (101 matches)
Testing P_249... FOUND (98 matches)
Testing P_250... FOUND (104 matches)
Testing P_251... FOUND (35 matches)
Testing P_252... FOUND (71 matches)
Testing P_253... FOUND (65 matches)
Testing P_254... FOUND (168 matches)
Testing P_255... FOUND (56 matches)
Testing P_256... FOUND (74 matches)
Testing P_257... FOUND (85 matches)
Testing P_258... FOUND (127 matches)
Testing P_259... FOUND (138 matches)
Testing P_260... NOT found
Testing P_261... NOT found
Testing P_262... FOUND (71 matches)
Testing P_263... FOUND (105 matches)
Testing P_264... FOUND (97 matches)
Testing P_265... NOT found
Testing P_266... FOUND (49 matches)
Testing P_267... FOUND (190 matches)
Testing P_268... FOUND (1 matches)
Testing P_269... FOUND (102 matches)
Testing P_270... FOUND (73 matches)
Testing P_271... FOUND (55 matches)
Testing P_272... FOUND (56 matches)
Testing P_273... FOUND (169 matches)
Testing P_274... FOUND (56 matches)
Testing P_275... FOUND (97 matches)
Testing P_276... FOUND (62 matches)
Testing P_277... FOUND (83 matches)
Testing P_278... FOUND (140 matches)
Testing P_279... NOT found
Testing P_280... FOUND (77 matches)
Testing P_281... FOUND (170 matches)
Testing P_282... FOUND (39 matches)
Testing P_283... FOUND (142 matches)
Testing P_284... NOT found
Testing P_285... FOUND (166 matches)
Testing P_286... FOUND (110 matches)
Testing P_287... FOUND (57 matches)
Testing P_288... FOUND (90 matches)
Testing P_289... FOUND (131 matches)
Testing P_290... FOUND (73 matches)
Testing P_291... FOUND (146 matches)
Testing P_292... FOUND (95 matches)
Testing P_293... NOT found
Testing P_294... FOUND (53 matches)
Testing P_295... FOUND (103 matches)
Testing P_296... FOUND (75 matches)
Testing P_297... FOUND (90 matches)
Testing P_298... FOUND (46 matches)
Testing P_299... FOUND (68 matches)
Testing P_300... FOUND (165 matches)
Testing P_301... NOT found
Testing P_302... FOUND (108 matches)
Testing P_303... FOUND (92 matches)
Testing P_304... FOUND (65 matches)
Testing P_305... FOUND (79 matches)
Testing P_306... FOUND (64 matches)
Testing P_307... FOUND (63 matches)
Testing P_308... FOUND (106 matches)
Testing P_309... FOUND (157 matches)
Testing P_310... FOUND (54 matches)
Testing P_311... FOUND (72 matches)
Testing P_312... FOUND (105 matches)
Testing P_313... FOUND (189 matches)
Testing P_314... FOUND (152 matches)
Testing P_315... FOUND (163 matches)
Testing P_316... FOUND (144 matches)
Testing P_317... FOUND (46 matches)
Testing P_318... FOUND (102 matches)
Testing P_319... FOUND (196 matches)
Testing P_320... FOUND (60 matches)
Testing P_321... FOUND (142 matches)
Testing P_322... FOUND (105 matches)
Testing P_323... FOUND (122 matches)
Testing P_324... FOUND (114 matches)
Testing P_325... FOUND (187 matches)
Testing P_326... FOUND (53 matches)
Testing P_327... FOUND (136 matches)
Testing P_328... FOUND (166 matches)
Testing P_329... FOUND (109 matches)
Testing P_330... FOUND (90 matches)
Testing P_331... FOUND (128 matches)
Testing P_332... FOUND (98 matches)
Testing P_333... FOUND (136 matches)
Testing P_334... FOUND (100 matches)
Testing P_335... FOUND (61 matches)
Testing P_336... FOUND (140 matches)
Testing P_337... FOUND (105 matches)
Testing P_338... FOUND (63 matches)
Testing P_339... FOUND (44 matches)
Testing P_340... FOUND (42 matches)
Testing P_341... FOUND (54 matches)
Testing P_342... FOUND (44 matches)
Testing P_343... FOUND (51 matches)
Testing P_344... NOT found
Testing P_345... FOUND (69 matches)
Testing P_346... FOUND (1 matches)
Testing P_347... FOUND (57 matches)
Testing P_348... NOT found
Testing P_349... FOUND (135 matches)
Testing P_350... FOUND (81 matches)
Completed g_den_10_embedded_den_3_uniform_0 in 122.370645787 seconds

Results saved in: /home/cohent59/PROJECT_RUN_PATTERN/pattern_finder/results/OUTPUT_input_color_uniform_deg_3/RESULTS_g_den_10_embedded_den_3_uniform_0.log
S files not in G (unique): 192

Testing graph: g_den_13_embedded_den_3_uniform_0
Testing P_1... FOUND (322 matches)
Testing P_2... FOUND (397 matches)
Testing P_3... FOUND (429 matches)
Testing P_4... FOUND (374 matches)
Testing P_5... FOUND (232 matches)
Testing P_6... FOUND (246 matches)
Testing P_7... FOUND (281 matches)
Testing P_8... FOUND (339 matches)
Testing P_9... FOUND (240 matches)
Testing P_10... FOUND (330 matches)
Testing P_11... FOUND (324 matches)
Testing P_12... FOUND (273 matches)
Testing P_13... FOUND (624 matches)
Testing P_14... FOUND (301 matches)
Testing P_15... FOUND (432 matches)
Testing P_16... FOUND (356 matches)
Testing P_17... NOT found
Testing P_18... FOUND (367 matches)
Testing P_19... FOUND (446 matches)
Testing P_20... FOUND (349 matches)
Testing P_21... FOUND (429 matches)
Testing P_22... FOUND (465 matches)
Testing P_23... FOUND (314 matches)
Testing P_24... FOUND (257 matches)
Testing P_25... FOUND (413 matches)
Testing P_26... FOUND (404 matches)
Testing P_27... FOUND (2 matches)
Testing P_28... NOT found
Testing P_29... FOUND (460 matches)
Testing P_30... FOUND (493 matches)
Testing P_31... FOUND (433 matches)
Testing P_32... FOUND (207 matches)
Testing P_33... FOUND (487 matches)
Testing P_34... FOUND (274 matches)
Testing P_35... FOUND (319 matches)
Testing P_36... FOUND (369 matches)
Testing P_37... FOUND (465 matches)
Testing P_38... FOUND (313 matches)
Testing P_39... FOUND (249 matches)
Testing P_40... FOUND (331 matches)
Testing P_41... FOUND (370 matches)
Testing P_42... FOUND (262 matches)
Testing P_43... FOUND (360 matches)
Testing P_44... FOUND (432 matches)
Testing P_45... FOUND (322 matches)
Testing P_46... FOUND (336 matches)
Testing P_47... FOUND (249 matches)
Testing P_48... FOUND (259 matches)
Testing P_49... FOUND (265 matches)
Testing P_50... FOUND (358 matches)
Testing P_51... FOUND (395 matches)
Testing P_52... FOUND (178 matches)
Testing P_53... FOUND (488 matches)
Testing P_54... FOUND (493 matches)
Testing P_55... FOUND (385 matches)
Testing P_56... FOUND (279 matches)
Testing P_57... FOUND (332 matches)
Testing P_58... FOUND (325 matches)
Testing P_59... FOUND (534 matches)
Testing P_60... FOUND (386 matches)
Testing P_61... FOUND (307 matches)
Testing P_62... FOUND (263 matches)
Testing P_63... FOUND (269 matches)
Testing P_64... FOUND (286 matches)
Testing P_65... FOUND (382 matches)
Testing P_66... FOUND (331 matches)
Testing P_67... FOUND (233 matches)
Testing P_68... FOUND (358 matches)
Testing P_69... FOUND (367 matches)
Testing P_70... FOUND (265 matches)
Testing P_71... FOUND (464 matches)
Testing P_72... FOUND (400 matches)
Testing P_73... FOUND (258 matches)
Testing P_74... FOUND (445 matches)
Testing P_75... NOT found
Testing P_76... FOUND (430 matches)
Testing P_77... NOT found
Testing P_78... FOUND (266 matches)
Testing P_79... FOUND (317 matches)
Testing P_80... FOUND (354 matches)
Testing P_81... FOUND (212 matches)
Testing P_82... FOUND (474 matches)
Testing P_83... FOUND (404 matches)
Testing P_84... FOUND (432 matches)
Testing P_85... FOUND (216 matches)
Testing P_86... FOUND (213 matches)
Testing P_87... FOUND (328 matches)
Testing P_88... FOUND (407 matches)
Testing P_89... FOUND (426 matches)
Testing P_90... FOUND (238 matches)
Testing P_91... FOUND (295 matches)
Testing P_92... FOUND (449 matches)
Testing P_93... FOUND (377 matches)
Testing P_94... NOT found
Testing P_95... FOUND (394 matches)
Testing P_96... FOUND (415 matches)
Testing P_97... FOUND (301 matches)
Testing P_98... FOUND (343 matches)
Testing P_99... FOUND (285 matches)
Testing P_100... FOUND (315 matches)
Testing P_101... FOUND (2 matches)
Testing P_102... FOUND (432 matches)
Testing P_103... FOUND (358 matches)
Testing P_104... NOT found
Testing P_105... FOUND (289 matches)
Testing P_106... FOUND (372 matches)
Testing P_107... FOUND (417 matches)
Testing P_108... FOUND (301 matches)
Testing P_109... FOUND (257 matches)
Testing P_110... FOUND (334 matches)
Testing P_111... FOUND (414 matches)
Testing P_112... FOUND (245 matches)
Testing P_113... FOUND (235 matches)
Testing P_114... FOUND (277 matches)
Testing P_115... FOUND (533 matches)
Testing P_116... FOUND (357 matches)
Testing P_117... FOUND (566 matches)
Testing P_118... FOUND (501 matches)
Testing P_119... FOUND (421 matches)
Testing P_120... FOUND (330 matches)
Testing P_121... FOUND (386 matches)
Testing P_122... NOT found
Testing P_123... FOUND (320 matches)
Testing P_124... FOUND (351 matches)
Testing P_125... FOUND (373 matches)
Testing P_126... FOUND (270 matches)
Testing P_127... FOUND (186 matches)
Testing P_128... FOUND (202 matches)
Testing P_129... FOUND (242 matches)
Testing P_130... FOUND (375 matches)
Testing P_131... FOUND (289 matches)
Testing P_132... FOUND (310 matches)
Testing P_133... FOUND (315 matches)
Testing P_134... FOUND (211 matches)
Testing P_135... FOUND (353 matches)
Testing P_136... FOUND (303 matches)
Testing P_137... FOUND (211 matches)
Testing P_138... FOUND (400 matches)
Testing P_139... FOUND (384 matches)
Testing P_140... FOUND (410 matches)
Testing P_141... FOUND (416 matches)
Testing P_142... FOUND (250 matches)
Testing P_143... FOUND (354 matches)
Testing P_144... FOUND (354 matches)
Testing P_145... FOUND (221 matches)
Testing P_146... FOUND (226 matches)
Testing P_147... FOUND (373 matches)
Testing P_148... FOUND (429 matches)
Testing P_149... FOUND (431 matches)
Testing P_150... FOUND (427 matches)
Testing P_151... NOT found
Testing P_152... FOUND (466 matches)
Testing P_153... FOUND (352 matches)
Testing P_154... FOUND (184 matches)
Testing P_155... FOUND (352 matches)
Testing P_156... FOUND (318 matches)
Testing P_157... FOUND (288 matches)
Testing P_158... FOUND (320 matches)
Testing P_159... FOUND (485 matches)
Testing P_160... FOUND (416 matches)
Testing P_161... NOT found
Testing P_162... FOUND (417 matches)
Testing P_163... FOUND (340 matches)
Testing P_164... FOUND (417 matches)
Testing P_165... FOUND (239 matches)
Testing P_166... FOUND (233 matches)
Testing P_167... FOUND (527 matches)
Testing P_168... NOT found
Testing P_169... FOUND (492 matches)
Testing P_170... FOUND (287 matches)
Testing P_171... FOUND (256 matches)
Testing P_172... FOUND (362 matches)
Testing P_173... FOUND (321 matches)
Testing P_174... FOUND (247 matches)
Testing P_175... FOUND (331 matches)
Testing P_176... FOUND (248 matches)
Testing P_177... FOUND (372 matches)
Testing P_178... FOUND (643 matches)
Testing P_179... FOUND (492 matches)
Testing P_180... FOUND (519 matches)
Testing P_181... FOUND (304 matches)
Testing P_182... FOUND (291 matches)
Testing P_183... FOUND (324 matches)
Testing P_184... FOUND (226 matches)
Testing P_185... FOUND (379 matches)
Testing P_186... FOUND (377 matches)
Testing P_187... FOUND (337 matches)
Testing P_188... FOUND (382 matches)
Testing P_189... FOUND (246 matches)
Testing P_190... FOUND (232 matches)
Testing P_191... FOUND (458 matches)
Testing P_192... FOUND (244 matches)
Testing P_193... FOUND (230 matches)
Testing P_194... NOT found
Testing P_195... FOUND (265 matches)
Testing P_196... FOUND (202 matches)
Testing P_197... FOUND (407 matches)
Testing P_198... FOUND (392 matches)
Testing P_199... FOUND (415 matches)
Testing P_200... FOUND (238 matches)
Testing P_201... FOUND (416 matches)
Testing P_202... FOUND (336 matches)
Testing P_203... FOUND (295 matches)
Testing P_204... FOUND (513 matches)
Testing P_205... FOUND (481 matches)
Testing P_206... FOUND (279 matches)
Testing P_207... FOUND (211 matches)
Testing P_208... FOUND (329 matches)
Testing P_209... FOUND (312 matches)
Testing P_210... FOUND (342 matches)
Testing P_211... FOUND (277 matches)
Testing P_212... FOUND (304 matches)
Testing P_213... FOUND (417 matches)
Testing P_214... FOUND (344 matches)
Testing P_215... FOUND (432 matches)
Testing P_216... FOUND (413 matches)
Testing P_217... FOUND (343 matches)
Testing P_218... FOUND (386 matches)
Testing P_219... FOUND (441 matches)
Testing P_220... FOUND (309 matches)
Testing P_221... FOUND (211 matches)
Testing P_222... FOUND (184 matches)
Testing P_223... NOT found
Testing P_224... FOUND (375 matches)
Testing P_225... FOUND (386 matches)
Testing P_226... FOUND (548 matches)
Testing P_227... FOUND (334 matches)
Testing P_228... FOUND (273 matches)
Testing P_229... FOUND (344 matches)
Testing P_230... FOUND (416 matches)
Testing P_231... NOT found
Testing P_232... FOUND (197 matches)
Testing P_233... FOUND (403 matches)
Testing P_234... FOUND (283 matches)
Testing P_235... FOUND (331 matches)
Testing P_236... FOUND (243 matches)
Testing P_237... FOUND (320 matches)
Testing P_238... FOUND (301 matches)
Testing P_239... FOUND (272 matches)
Testing P_240... FOUND (333 matches)
Testing P_241... FOUND (129 matches)
Testing P_242... FOUND (412 matches)
Testing P_243... FOUND (324 matches)
Testing P_244... FOUND (262 matches)
Testing P_245... FOUND (309 matches)
Testing P_246... FOUND (306 matches)
Testing P_247... FOUND (297 matches)
Testing P_248... FOUND (432 matches)
Testing P_249... FOUND (221 matches)
Testing P_250... FOUND (480 matches)
Testing P_251... FOUND (168 matches)
Testing P_252... FOUND (270 matches)
Testing P_253... FOUND (441 matches)
Testing P_254... FOUND (276 matches)
Testing P_255... FOUND (257 matches)
Testing P_256... FOUND (263 matches)
Testing P_257... FOUND (425 matches)
Testing P_258... FOUND (443 matches)
Testing P_259... FOUND (359 matches)
Testing P_260... NOT found
Testing P_261... NOT found
Testing P_262... FOUND (287 matches)
Testing P_263... FOUND (454 matches)
Testing P_264... FOUND (364 matches)
Testing P_265... NOT found
Testing P_266... FOUND (427 matches)
Testing P_267... FOUND (353 matches)
Testing P_268... NOT found
Testing P_269... FOUND (250 matches)
Testing P_270... FOUND (296 matches)
Testing P_271... FOUND (276 matches)
Testing P_272... FOUND (287 matches)
Testing P_273... FOUND (398 matches)
Testing P_274... FOUND (421 matches)
Testing P_275... FOUND (239 matches)
Testing P_276... FOUND (233 matches)
Testing P_277... FOUND (514 matches)
Testing P_278... FOUND (362 matches)
Testing P_279... NOT found
Testing P_280... FOUND (429 matches)
Testing P_281... FOUND (434 matches)
Testing P_282... FOUND (280 matches)
Testing P_283... FOUND (235 matches)
Testing P_284... NOT found
Testing P_285... FOUND (320 matches)
Testing P_286... FOUND (306 matches)
Testing P_287... FOUND (255 matches)
Testing P_288... FOUND (308 matches)
Testing P_289... FOUND (480 matches)
Testing P_290... FOUND (261 matches)
Testing P_291... FOUND (393 matches)
Testing P_292... FOUND (397 matches)
Testing P_293... NOT found
Testing P_294... FOUND (306 matches)
Testing P_295... FOUND (275 matches)
Testing P_296... FOUND (456 matches)
Testing P_297... FOUND (339 matches)
Testing P_298... FOUND (253 matches)
Testing P_299... FOUND (271 matches)
Testing P_300... FOUND (377 matches)
Testing P_301... FOUND (1 matches)
Testing P_302... FOUND (308 matches)
Testing P_303... FOUND (296 matches)
Testing P_304... FOUND (301 matches)
Testing P_305... FOUND (255 matches)
Testing P_306... FOUND (290 matches)
Testing P_307... FOUND (163 matches)
Testing P_308... FOUND (596 matches)
Testing P_309... FOUND (345 matches)
Testing P_310... FOUND (223 matches)
Testing P_311... FOUND (257 matches)
Testing P_312... FOUND (365 matches)
Testing P_313... FOUND (516 matches)
Testing P_314... FOUND (504 matches)
Testing P_315... FOUND (423 matches)
Testing P_316... FOUND (260 matches)
Testing P_317... FOUND (325 matches)
Testing P_318... FOUND (258 matches)
Testing P_319... FOUND (331 matches)
Testing P_320... FOUND (351 matches)
Testing P_321... FOUND (499 matches)
Testing P_322... FOUND (319 matches)
Testing P_323... FOUND (366 matches)
Testing P_324... FOUND (252 matches)
Testing P_325... FOUND (416 matches)
Testing P_326... FOUND (218 matches)
Testing P_327... FOUND (433 matches)
Testing P_328... FOUND (372 matches)
Testing P_329... FOUND (233 matches)
Testing P_330... FOUND (371 matches)
Testing P_331... FOUND (397 matches)
Testing P_332... FOUND (351 matches)
Testing P_333... FOUND (416 matches)
Testing P_334... FOUND (288 matches)
Testing P_335... FOUND (262 matches)
Testing P_336... FOUND (254 matches)
Testing P_337... FOUND (341 matches)
Testing P_338... FOUND (504 matches)
Testing P_339... FOUND (320 matches)
Testing P_340... FOUND (321 matches)
Testing P_341... FOUND (335 matches)
Testing P_342... FOUND (249 matches)
Testing P_343... FOUND (245 matches)
Testing P_344... FOUND (1 matches)
Testing P_345... FOUND (216 matches)
Testing P_346... NOT found
Testing P_347... FOUND (284 matches)
Testing P_348... NOT found
Testing P_349... FOUND (394 matches)
Testing P_350... FOUND (274 matches)
Completed g_den_13_embedded_den_3_uniform_0 in 148.833396073 seconds

Results saved in: /home/cohent59/PROJECT_RUN_PATTERN/pattern_finder/results/OUTPUT_input_color_uniform_deg_3/RESULTS_g_den_13_embedded_den_3_uniform_0.log
S files not in G (unique): 192

Testing graph: g_den_15_embedded_den_3_uniform_0
Testing P_1... FOUND (8513 matches)
Testing P_2... FOUND (7472 matches)
Testing P_3... FOUND (5082 matches)
Testing P_4... FOUND (5766 matches)
Testing P_5... FOUND (6436 matches)
Testing P_6... FOUND (6383 matches)
Testing P_7... FOUND (5736 matches)
Testing P_8... FOUND (6635 matches)
Testing P_9... FOUND (7066 matches)
Testing P_10... FOUND (6151 matches)
Testing P_11... FOUND (8174 matches)
Testing P_12... FOUND (10310 matches)
Testing P_13... FOUND (6751 matches)
Testing P_14... FOUND (6977 matches)
Testing P_15... FOUND (6737 matches)
Testing P_16... FOUND (7658 matches)
Testing P_17... FOUND (3 matches)
Testing P_18... FOUND (7662 matches)
Testing P_19... FOUND (5992 matches)
Testing P_20... FOUND (6267 matches)
Testing P_21... FOUND (6575 matches)
Testing P_22... FOUND (5292 matches)
Testing P_23... FOUND (8592 matches)
Testing P_24... FOUND (9006 matches)
Testing P_25... FOUND (4869 matches)
Testing P_26... FOUND (7389 matches)
Testing P_27... FOUND (3 matches)
Testing P_28... FOUND (8 matches)
Testing P_29... FOUND (6060 matches)
Testing P_30... FOUND (5405 matches)
Testing P_31... FOUND (4873 matches)
Testing P_32... FOUND (7593 matches)
Testing P_33... FOUND (5972 matches)
Testing P_34... FOUND (5913 matches)
Testing P_35... FOUND (5304 matches)
Testing P_36... FOUND (6059 matches)
Testing P_37... FOUND (7635 matches)
Testing P_38... FOUND (7711 matches)
Testing P_39... FOUND (8719 matches)
Testing P_40... FOUND (5246 matches)
Testing P_41... FOUND (5114 matches)
Testing P_42... FOUND (7306 matches)
Testing P_43... FOUND (7139 matches)
Testing P_44... FOUND (6268 matches)
Testing P_45... FOUND (5983 matches)
Testing P_46... FOUND (4658 matches)
Testing P_47... FOUND (8848 matches)
Testing P_48... FOUND (8159 matches)
Testing P_49... FOUND (7537 matches)
Testing P_50... FOUND (11939 matches)
Testing P_51... FOUND (5490 matches)
Testing P_52... FOUND (7878 matches)
Testing P_53... FOUND (7072 matches)
Testing P_54... FOUND (6431 matches)
Testing P_55... FOUND (4956 matches)
Testing P_56... FOUND (9515 matches)
Testing P_57... FOUND (7580 matches)
Testing P_58... FOUND (4969 matches)
Testing P_59... FOUND (5786 matches)
Testing P_60... FOUND (4629 matches)
Testing P_61... FOUND (6248 matches)
Testing P_62... FOUND (8255 matches)
Testing P_63... FOUND (6997 matches)
Testing P_64... FOUND (10756 matches)
Testing P_65... FOUND (6825 matches)
Testing P_66... FOUND (7696 matches)
Testing P_67... FOUND (7662 matches)
Testing P_68... FOUND (6044 matches)
Testing P_69... FOUND (7179 matches)
Testing P_70... FOUND (8225 matches)
Testing P_71... FOUND (6603 matches)
Testing P_72... FOUND (7909 matches)
Testing P_73... FOUND (7493 matches)
Testing P_74... FOUND (6179 matches)
Testing P_75... FOUND (3 matches)
Testing P_76... FOUND (5589 matches)
Testing P_77... FOUND (8 matches)
Testing P_78... FOUND (6560 matches)
Testing P_79... FOUND (9319 matches)
Testing P_80... FOUND (7378 matches)
Testing P_81... FOUND (7983 matches)
Testing P_82... FOUND (5709 matches)
Testing P_83... FOUND (4520 matches)
Testing P_84... FOUND (5581 matches)
Testing P_85... FOUND (7060 matches)
Testing P_86... FOUND (7453 matches)
Testing P_87... FOUND (6840 matches)
Testing P_88... FOUND (7148 matches)
Testing P_89... FOUND (5182 matches)
Testing P_90... FOUND (7864 matches)
Testing P_91... FOUND (5524 matches)
Testing P_92... FOUND (6755 matches)
Testing P_93... FOUND (5451 matches)
Testing P_94... FOUND (9 matches)
Testing P_95... FOUND (6725 matches)
Testing P_96... FOUND (7690 matches)
Testing P_97... FOUND (10732 matches)
Testing P_98... FOUND (5428 matches)
Testing P_99... FOUND (6687 matches)
Testing P_100... FOUND (11290 matches)
Testing P_101... FOUND (5 matches)
Testing P_102... FOUND (7192 matches)
Testing P_103... FOUND (5441 matches)
Testing P_104... FOUND (5 matches)
Testing P_105... FOUND (7464 matches)
Testing P_106... FOUND (5639 matches)
Testing P_107... FOUND (5359 matches)
Testing P_108... FOUND (5594 matches)
Testing P_109... FOUND (6988 matches)
Testing P_110... FOUND (9229 matches)
Testing P_111... FOUND (7198 matches)
Testing P_112... FOUND (6531 matches)
Testing P_113... FOUND (5192 matches)
Testing P_114... FOUND (7683 matches)
Testing P_115... FOUND (5103 matches)
Testing P_116... FOUND (4757 matches)
Testing P_117... FOUND (6495 matches)
Testing P_118... FOUND (5764 matches)
Testing P_119... FOUND (5605 matches)
Testing P_120... FOUND (7280 matches)
Testing P_121... FOUND (5086 matches)
Testing P_122... FOUND (6 matches)
Testing P_123... FOUND (5563 matches)
Testing P_124... FOUND (8098 matches)
Testing P_125... FOUND (5231 matches)
Testing P_126... FOUND (6322 matches)
Testing P_127... FOUND (7332 matches)
Testing P_128... FOUND (6692 matches)
Testing P_129... FOUND (6680 matches)
Testing P_130... FOUND (4795 matches)
Testing P_131... FOUND (6855 matches)
Testing P_132... FOUND (8141 matches)
Testing P_133... FOUND (6860 matches)
Testing P_134... FOUND (5827 matches)
Testing P_135... FOUND (5765 matches)
Testing P_136... FOUND (6912 matches)
Testing P_137... FOUND (5850 matches)
Testing P_138... FOUND (8813 matches)
Testing P_139... FOUND (8445 matches)
Testing P_140... FOUND (6438 matches)
Testing P_141... FOUND (5493 matches)
Testing P_142... FOUND (8345 matches)
Testing P_143... FOUND (6958 matches)
Testing P_144... FOUND (8044 matches)
Testing P_145... FOUND (8651 matches)
Testing P_146... FOUND (7829 matches)
Testing P_147... FOUND (4745 matches)
Testing P_148... FOUND (8102 matches)
Testing P_149... FOUND (5267 matches)
Testing P_150... FOUND (7892 matches)
Testing P_151... FOUND (5 matches)
Testing P_152... FOUND (6229 matches)
Testing P_153... FOUND (10021 matches)
Testing P_154... FOUND (7289 matches)
Testing P_155... FOUND (6828 matches)
Testing P_156... FOUND (10888 matches)
Testing P_157... FOUND (7343 matches)
Testing P_158... FOUND (8844 matches)
Testing P_159... FOUND (6498 matches)
Testing P_160... FOUND (5801 matches)
Testing P_161... FOUND (5 matches)
Testing P_162... FOUND (6713 matches)
Testing P_163... FOUND (6799 matches)
Testing P_164... FOUND (7404 matches)
Testing P_165... FOUND (8865 matches)
Testing P_166... FOUND (7413 matches)
Testing P_167... FOUND (5420 matches)
Testing P_168... FOUND (4 matches)
Testing P_169... FOUND (5044 matches)
Testing P_170... FOUND (5361 matches)
Testing P_171... FOUND (9547 matches)
Testing P_172... FOUND (7840 matches)
Testing P_173... FOUND (5555 matches)
Testing P_174... FOUND (6233 matches)
Testing P_175... FOUND (5114 matches)
Testing P_176... FOUND (5912 matches)
Testing P_177... FOUND (5295 matches)
Testing P_178... FOUND (6103 matches)
Testing P_179... FOUND (6042 matches)
Testing P_180... FOUND (5432 matches)
Testing P_181... FOUND (6299 matches)
Testing P_182... FOUND (6720 matches)
Testing P_183... FOUND (8486 matches)
Testing P_184... FOUND (7460 matches)
Testing P_185... FOUND (6421 matches)
Testing P_186... FOUND (6353 matches)
Testing P_187... FOUND (7221 matches)
Testing P_188... FOUND (5739 matches)
Testing P_189... FOUND (6034 matches)
Testing P_190... FOUND (7469 matches)
Testing P_191... FOUND (4241 matches)
Testing P_192... FOUND (6024 matches)
Testing P_193... FOUND (7262 matches)
Testing P_194... FOUND (8 matches)
Testing P_195... FOUND (7046 matches)
Testing P_196... FOUND (11363 matches)
Testing P_197... FOUND (6154 matches)
Testing P_198... FOUND (6947 matches)
Testing P_199... FOUND (7019 matches)
Testing P_200... FOUND (9224 matches)
Testing P_201... FOUND (5398 matches)
Testing P_202... FOUND (6307 matches)
Testing P_203... FOUND (6301 matches)
Testing P_204... FOUND (7447 matches)
Testing P_205... FOUND (11809 matches)
Testing P_206... FOUND (7318 matches)
Testing P_207... FOUND (8089 matches)
Testing P_208... FOUND (5770 matches)
Testing P_209... FOUND (6309 matches)
Testing P_210... FOUND (7712 matches)
Testing P_211... FOUND (9186 matches)
Testing P_212... FOUND (6543 matches)
Testing P_213... FOUND (5407 matches)
Testing P_214... FOUND (7275 matches)
Testing P_215... FOUND (4927 matches)
Testing P_216... FOUND (6878 matches)
Testing P_217... FOUND (7829 matches)
Testing P_218... FOUND (4748 matches)
Testing P_219... FOUND (6966 matches)
Testing P_220... FOUND (5077 matches)
Testing P_221... FOUND (7806 matches)
Testing P_222... FOUND (7943 matches)
Testing P_223... FOUND (5 matches)
Testing P_224... FOUND (6193 matches)
Testing P_225... FOUND (5999 matches)
Testing P_226... FOUND (6395 matches)
Testing P_227... FOUND (6982 matches)
Testing P_228... FOUND (7672 matches)
Testing P_229... FOUND (7888 matches)
Testing P_230... FOUND (6531 matches)
Testing P_231... FOUND (5 matches)
Testing P_232... FOUND (8055 matches)
Testing P_233... FOUND (5681 matches)
Testing P_234... FOUND (6286 matches)
Testing P_235... FOUND (6417 matches)
Testing P_236... FOUND (7492 matches)
Testing P_237... FOUND (5127 matches)
Testing P_238... FOUND (9321 matches)
Testing P_239... FOUND (6507 matches)
Testing P_240... FOUND (6015 matches)
Testing P_241... FOUND (6356 matches)
Testing P_242... FOUND (5629 matches)
Testing P_243... FOUND (7595 matches)
Testing P_244... FOUND (5614 matches)
Testing P_245... FOUND (8371 matches)
Testing P_246... FOUND (8312 matches)
Testing P_247... FOUND (5902 matches)
Testing P_248... FOUND (6402 matches)
Testing P_249... FOUND (6758 matches)
Testing P_250... FOUND (6336 matches)
Testing P_251... FOUND (6267 matches)
Testing P_252... FOUND (6503 matches)
Testing P_253... FOUND (5919 matches)
Testing P_254... FOUND (6523 matches)
Testing P_255... FOUND (7182 matches)
Testing P_256... FOUND (9268 matches)
Testing P_257... FOUND (6039 matches)
Testing P_258... FOUND (6446 matches)
Testing P_259... FOUND (4839 matches)
Testing P_260... FOUND (6 matches)
Testing P_261... FOUND (8 matches)
Testing P_262... FOUND (5886 matches)
Testing P_263... FOUND (5040 matches)
Testing P_264... FOUND (5374 matches)
Testing P_265... FOUND (6 matches)
Testing P_266... FOUND (8979 matches)
Testing P_267... FOUND (6029 matches)
Testing P_268... FOUND (5 matches)
Testing P_269... FOUND (6301 matches)
Testing P_270... FOUND (6700 matches)
Testing P_271... FOUND (9354 matches)
Testing P_272... FOUND (6285 matches)
Testing P_273... FOUND (4469 matches)
Testing P_274... FOUND (7765 matches)
Testing P_275... FOUND (6780 matches)
Testing P_276... FOUND (7764 matches)
Testing P_277... FOUND (6069 matches)
Testing P_278... FOUND (5952 matches)
Testing P_279... FOUND (9 matches)
Testing P_280... FOUND (7533 matches)
Testing P_281... FOUND (6620 matches)
Testing P_282... FOUND (6876 matches)
Testing P_283... FOUND (8003 matches)
Testing P_284... FOUND (3 matches)
Testing P_285... FOUND (6542 matches)
Testing P_286... FOUND (5543 matches)
Testing P_287... FOUND (6595 matches)
Testing P_288... FOUND (7860 matches)
Testing P_289... FOUND (7816 matches)
Testing P_290... FOUND (8388 matches)
Testing P_291... FOUND (5970 matches)
Testing P_292... FOUND (5319 matches)
Testing P_293... FOUND (5 matches)
Testing P_294... FOUND (7101 matches)
Testing P_295... FOUND (7331 matches)
Testing P_296... FOUND (7915 matches)
Testing P_297... FOUND (7289 matches)
Testing P_298... FOUND (5693 matches)
Testing P_299... FOUND (7972 matches)
Testing P_300... FOUND (6301 matches)
Testing P_301... FOUND (5 matches)
Testing P_302... FOUND (7528 matches)
Testing P_303... FOUND (6071 matches)
Testing P_304... FOUND (5957 matches)
Testing P_305... FOUND (7745 matches)
Testing P_306... FOUND (7152 matches)
Testing P_307... FOUND (7402 matches)
Testing P_308... FOUND (5151 matches)
Testing P_309... FOUND (5489 matches)
Testing P_310... FOUND (8874 matches)
Testing P_311... FOUND (7160 matches)
Testing P_312... FOUND (5083 matches)
Testing P_313... FOUND (6171 matches)
Testing P_314... FOUND (7632 matches)
Testing P_315... FOUND (5054 matches)
Testing P_316... FOUND (6788 matches)
Testing P_317... FOUND (8231 matches)
Testing P_318... FOUND (5660 matches)
Testing P_319... FOUND (6212 matches)
Testing P_320... FOUND (7914 matches)
Testing P_321... FOUND (5712 matches)
Testing P_322... FOUND (5116 matches)
Testing P_323... FOUND (5255 matches)
Testing P_324... FOUND (7446 matches)
Testing P_325... FOUND (5833 matches)
Testing P_326... FOUND (6214 matches)
Testing P_327... FOUND (5953 matches)
Testing P_328... FOUND (5703 matches)
Testing P_329... FOUND (6683 matches)
Testing P_330... FOUND (7202 matches)
Testing P_331... FOUND (5763 matches)
Testing P_332... FOUND (6986 matches)
Testing P_333... FOUND (7333 matches)
Testing P_334... FOUND (6961 matches)
Testing P_335... FOUND (6401 matches)
Testing P_336... FOUND (11332 matches)
Testing P_337... FOUND (7200 matches)
Testing P_338... FOUND (7126 matches)
Testing P_339... FOUND (8082 matches)
Testing P_340... FOUND (6408 matches)
Testing P_341... FOUND (7237 matches)
Testing P_342... FOUND (8090 matches)
Testing P_343... FOUND (8575 matches)
Testing P_344... FOUND (5 matches)
Testing P_345... FOUND (7653 matches)
Testing P_346... FOUND (8 matches)
Testing P_347... FOUND (6662 matches)
Testing P_348... FOUND (8 matches)
Testing P_349... FOUND (6849 matches)
Testing P_350... FOUND (7120 matches)
Completed g_den_15_embedded_den_3_uniform_0 in 240.376500705 seconds

Results saved in: /home/cohent59/PROJECT_RUN_PATTERN/pattern_finder/results/OUTPUT_input_color_uniform_deg_3/RESULTS_g_den_15_embedded_den_3_uniform_0.log
S files not in G (unique): 192

======================================================
SUMMARY
======================================================
Total time: 723.565518896 seconds
Average time per graph: 144.713103 seconds

Creating master summary...
All results saved in: /home/cohent59/PROJECT_RUN_PATTERN/pattern_finder/results/OUTPUT_input_color_uniform_deg_3
Individual results: RESULTS_*.log
Master summary: MASTER_SUMMARY_UNIFORM3_FIXED.log

Fixed pattern analysis for input_color_uniform_deg_3 completed!
