first_color: 19
number of alive: 1000
adding vertex with color number: 13 to node: 0
number of alive: 1000
adding vertex with color number: 16 to node: 1
number of alive: 1000
adding vertex with color number: 12 to node: 0
number of alive: 962
adding vertex with color number: 15 to node: 3
number of alive: 731
adding vertex with color number: 10 to node: 1
number of alive: 385
Added edge (1, 4) with score 5
Time taken: 0.283988 seconds

Pattern appears in 5 graphs:
S[108] -> S_196.json
S[153] -> S_236.json
S[288] -> S_358.json
S[449] -> S_502.json
S[615] -> S_652.json
Pattern written to pattern.json
