first_color: 19
number of alive: 1000
adding vertex with color number: 12 to node: 0
number of alive: 1000
adding vertex with color number: 4 to node: 0
number of alive: 1000
adding vertex with color number: 11 to node: 0
number of alive: 948
adding vertex with color number: 16 to node: 2
number of alive: 669
Added edge (0, 4) with score 9
number of alive: 9
adding vertex with color number: 17 to node: 2
Time taken: 0.287756 seconds

Pattern appears in 4 graphs:
S[58] -> S_150.json
S[266] -> S_338.json
S[416] -> S_473.json
S[815] -> S_832.json
Pattern written to pattern.json
