first_color: 19
number of alive: 1000
adding vertex with color number: 14 to node: 0
number of alive: 1000
number of alive: 1000
adding vertex with color number: 2 to node: 0
number of alive: 1000
adding vertex with color number: 16 to node: 1
number of alive: 971
adding vertex with color number: 3 to node: 1
number of alive: 701
adding vertex with color number: 16 to node: 2
number of alive: 369
Added edge (2, 3) with score 6
number of alive: 6
number of alive: 6
adding vertex with color number: 2 to node: 4
Time taken: 0.290435 seconds

Pattern appears in 3 graphs:
S[552] -> S_596.json
S[631] -> S_667.json
S[728] -> S_754.json
Pattern written to pattern.json
