first_color: 19
number of alive: 1000
adding vertex with color number: 5 to node: 0
number of alive: 1000
adding vertex with color number: 12 to node: 0
number of alive: 1000
adding vertex with color number: 8 to node: 0
number of alive: 951
adding vertex with color number: 3 to node: 2
number of alive: 695
adding vertex with color number: 17 to node: 1
number of alive: 383
Added edge (2, 5) with score 8
number of alive: 8
number of alive: 8
adding vertex with color number: 6 to node: 5
Time taken: 0.291243 seconds

Pattern appears in 3 graphs:
S[162] -> S_244.json
S[506] -> S_554.json
S[980] -> S_981.json
Pattern written to pattern.json
