first_color: 19
number of alive: 1000
adding vertex with color number: 4 to node: 0
number of alive: 1000
number of alive: 1000
adding vertex with color number: 10 to node: 0
number of alive: 1000
adding vertex with color number: 5 to node: 0
number of alive: 958
adding vertex with color number: 17 to node: 2
number of alive: 691
adding vertex with color number: 2 to node: 2
number of alive: 353
adding vertex with color number: 8 to node: 4
number of alive: 158
adding vertex with color number: 13 to node: 2
number of alive: 64
number of alive: 64
adding vertex with color number: 16 to node: 1
number of alive: 29
adding vertex with color number: 8 to node: 3
number of alive: 12
number of alive: 12
adding vertex with color number: 8 to node: 1
Time taken: 0.301379 seconds

Pattern appears in 5 graphs:
S[470] -> S_521.json
S[553] -> S_597.json
S[590] -> S_63.json
S[798] -> S_817.json
S[957] -> S_960.json
Pattern written to pattern.json
