first_color: 19
number of alive: 1000
adding vertex with color number: 17 to node: 0
number of alive: 1000
adding vertex with color number: 5 to node: 0
number of alive: 1000
adding vertex with color number: 10 to node: 2
number of alive: 961
adding vertex with color number: 7 to node: 2
number of alive: 686
Added edge (1, 3) with score 12
number of alive: 12
number of alive: 12
adding vertex with color number: 18 to node: 2
Time taken: 0.291805 seconds

Pattern appears in 4 graphs:
S[50] -> S_143.json
S[115] -> S_201.json
S[170] -> S_251.json
S[696] -> S_725.json
Pattern written to pattern.json
