first_color: 19
number of alive: 1000
adding vertex with color number: 7 to node: 0
number of alive: 1000
adding vertex with color number: 15 to node: 1
number of alive: 1000
Added edge (0, 2) with score 66
number of alive: 66
adding vertex with color number: 4 to node: 0
number of alive: 24
adding vertex with color number: 14 to node: 3
number of alive: 9
number of alive: 9
adding vertex with color number: 10 to node: 0
number of alive: 6
adding vertex with color number: 11 to node: 0
Time taken: 0.257921 seconds

Pattern appears in 2 graphs:
S[190] -> S_27.json
S[285] -> S_355.json
Pattern written to pattern.json
