first_color: 19
number of alive: 1000
adding vertex with color number: 13 to node: 0
number of alive: 1000
adding vertex with color number: 13 to node: 1
number of alive: 999
adding vertex with color number: 17 to node: 1
number of alive: 938
adding vertex with color number: 1 to node: 2
number of alive: 702
Added edge (2, 3) with score 13
number of alive: 13
number of alive: 13
adding vertex with color number: 1 to node: 1
number of alive: 7
adding vertex with color number: 8 to node: 5
Time taken: 0.286047 seconds

Pattern appears in 5 graphs:
S[52] -> S_145.json
S[219] -> S_296.json
S[286] -> S_356.json
S[716] -> S_743.json
S[731] -> S_757.json
Pattern written to pattern.json
