first_color: 19
number of alive: 1000
adding vertex with color number: 3 to node: 0
number of alive: 1000
adding vertex with color number: 17 to node: 1
number of alive: 1000
adding vertex with color number: 0 to node: 2
number of alive: 961
adding vertex with color number: 1 to node: 0
number of alive: 706
adding vertex with color number: 2 to node: 1
number of alive: 354
adding vertex with color number: 8 to node: 4
number of alive: 160
adding vertex with color number: 10 to node: 6
number of alive: 69
number of alive: 69
adding vertex with color number: 15 to node: 1
number of alive: 21
adding vertex with color number: 9 to node: 5
number of alive: 8
number of alive: 8
adding vertex with color number: 6 to node: 8
Time taken: 0.28209 seconds

Pattern appears in 4 graphs:
S[41] -> S_135.json
S[286] -> S_356.json
S[367] -> S_429.json
S[648] -> S_682.json
Pattern written to pattern.json
