first_color: 19
number of alive: 1000
adding vertex with color number: 17 to node: 0
number of alive: 1000
adding vertex with color number: 5 to node: 1
number of alive: 1000
adding vertex with color number: 1 to node: 2
number of alive: 960
adding vertex with color number: 4 to node: 2
number of alive: 656
adding vertex with color number: 10 to node: 1
number of alive: 305
number of alive: 305
adding vertex with color number: 3 to node: 5
number of alive: 125
adding vertex with color number: 19 to node: 0
number of alive: 54
adding vertex with color number: 12 to node: 1
number of alive: 15
number of alive: 15
adding vertex with color number: 8 to node: 7
number of alive: 8
number of alive: 8
adding vertex with color number: 17 to node: 1
Time taken: 0.283386 seconds

Pattern appears in 4 graphs:
S[84] -> S_174.json
S[556] -> S_6.json
S[649] -> S_683.json
S[903] -> S_911.json
Pattern written to pattern.json
