first_color: 19
number of alive: 1000
adding vertex with color number: 10 to node: 0
number of alive: 1000
adding vertex with color number: 4 to node: 1
number of alive: 999
adding vertex with color number: 17 to node: 2
number of alive: 965
adding vertex with color number: 15 to node: 0
number of alive: 730
Added edge (0, 3) with score 9
number of alive: 9
adding vertex with color number: 15 to node: 4
number of alive: 6
adding vertex with color number: 12 to node: 4
Time taken: 0.296777 seconds

Pattern appears in 4 graphs:
S[98] -> S_187.json
S[442] -> S_497.json
S[500] -> S_549.json
S[668] -> S_70.json
Pattern written to pattern.json
