first_color: 19
number of alive: 1000
adding vertex with color number: 4 to node: 0
number of alive: 1000
adding vertex with color number: 18 to node: 1
number of alive: 999
adding vertex with color number: 1 to node: 0
number of alive: 959
adding vertex with color number: 3 to node: 0
number of alive: 651
Added edge (3, 4) with score 14
number of alive: 14
adding vertex with color number: 13 to node: 0
number of alive: 8
adding vertex with color number: 19 to node: 4
Time taken: 0.295073 seconds

Pattern appears in 3 graphs:
S[593] -> S_632.json
S[906] -> S_914.json
S[940] -> S_945.json
Pattern written to pattern.json
