first_color: 19
number of alive: 1000
adding vertex with color number: 15 to node: 0
number of alive: 1000
adding vertex with color number: 18 to node: 1
number of alive: 1000
adding vertex with color number: 1 to node: 1
number of alive: 940
adding vertex with color number: 4 to node: 3
number of alive: 659
Added edge (0, 3) with score 14
number of alive: 14
adding vertex with color number: 6 to node: 2
Time taken: 0.280629 seconds

Pattern appears in 4 graphs:
S[100] -> S_189.json
S[129] -> S_214.json
S[303] -> S_371.json
S[511] -> S_559.json
Pattern written to pattern.json
