first_color: 19
number of alive: 1000
adding vertex with color number: 3 to node: 0
number of alive: 1000
adding vertex with color number: 13 to node: 0
number of alive: 1000
adding vertex with color number: 6 to node: 2
number of alive: 961
adding vertex with color number: 11 to node: 3
number of alive: 701
Added edge (2, 4) with score 19
number of alive: 19
adding vertex with color number: 18 to node: 4
number of alive: 7
adding vertex with color number: 13 to node: 1
Time taken: 0.275106 seconds

Pattern appears in 5 graphs:
S[106] -> S_194.json
S[359] -> S_421.json
S[463] -> S_515.json
S[570] -> S_611.json
S[713] -> S_740.json
Pattern written to pattern.json
