first_color: 19
number of alive: 1000
adding vertex with color number: 2 to node: 0
number of alive: 1000
adding vertex with color number: 0 to node: 0
number of alive: 1000
adding vertex with color number: 3 to node: 1
number of alive: 957
adding vertex with color number: 8 to node: 1
number of alive: 699
Added edge (2, 4) with score 9
number of alive: 9
adding vertex with color number: 1 to node: 3
number of alive: 6
adding vertex with color number: 11 to node: 4
Time taken: 0.283063 seconds

Pattern appears in 2 graphs:
S[498] -> S_547.json
S[502] -> S_550.json
Pattern written to pattern.json
