first_color: 19
number of alive: 1000
adding vertex with color number: 6 to node: 0
number of alive: 1000
number of alive: 1000
adding vertex with color number: 18 to node: 0
number of alive: 1000
adding vertex with color number: 18 to node: 2
number of alive: 952
adding vertex with color number: 16 to node: 2
number of alive: 667
Added edge (1, 4) with score 9
number of alive: 9
adding vertex with color number: 10 to node: 0
Time taken: 0.277516 seconds

Pattern appears in 5 graphs:
S[304] -> S_372.json
S[410] -> S_468.json
S[511] -> S_559.json
S[800] -> S_819.json
S[956] -> S_96.json
Pattern written to pattern.json
