first_color: 19
number of alive: 1000
adding vertex with color number: 16 to node: 0
number of alive: 1000
number of alive: 1000
adding vertex with color number: 19 to node: 0
number of alive: 1000
adding vertex with color number: 18 to node: 1
number of alive: 961
Added edge (2, 3) with score 27
number of alive: 27
adding vertex with color number: 13 to node: 0
number of alive: 13
number of alive: 13
adding vertex with color number: 18 to node: 4
number of alive: 7
adding vertex with color number: 0 to node: 0
Time taken: 0.279532 seconds

Pattern appears in 3 graphs:
S[303] -> S_371.json
S[535] -> S_580.json
S[588] -> S_628.json
Pattern written to pattern.json
