first_color: 19
number of alive: 1000
adding vertex with color number: 9 to node: 0
number of alive: 1000
adding vertex with color number: 7 to node: 1
number of alive: 1000
Added edge (0, 2) with score 65
number of alive: 65
adding vertex with color number: 18 to node: 1
number of alive: 29
adding vertex with color number: 1 to node: 3
number of alive: 11
adding vertex with color number: 10 to node: 1
number of alive: 6
number of alive: 6
adding vertex with color number: 4 to node: 5
Time taken: 0.257055 seconds

Pattern appears in 4 graphs:
S[55] -> S_148.json
S[455] -> S_508.json
S[636] -> S_671.json
S[689] -> S_719.json
Pattern written to pattern.json
