first_color: 19
number of alive: 1000
adding vertex with color number: 18 to node: 0
number of alive: 1000
adding vertex with color number: 4 to node: 1
number of alive: 999
Added edge (0, 2) with score 71
number of alive: 71
number of alive: 71
adding vertex with color number: 3 to node: 2
number of alive: 20
adding vertex with color number: 4 to node: 2
number of alive: 11
number of alive: 11
adding vertex with color number: 17 to node: 0
number of alive: 7
number of alive: 7
adding vertex with color number: 2 to node: 3
Time taken: 0.262958 seconds

Pattern appears in 3 graphs:
S[292] -> S_361.json
S[785] -> S_805.json
S[909] -> S_917.json
Pattern written to pattern.json
