first_color: 19
number of alive: 1000
adding vertex with color number: 19 to node: 0
number of alive: 1000
adding vertex with color number: 10 to node: 0
number of alive: 999
adding vertex with color number: 17 to node: 2
number of alive: 964
adding vertex with color number: 7 to node: 1
number of alive: 729
adding vertex with color number: 3 to node: 4
number of alive: 404
adding vertex with color number: 2 to node: 4
number of alive: 187
number of alive: 187
adding vertex with color number: 14 to node: 2
number of alive: 75
adding vertex with color number: 5 to node: 5
number of alive: 35
number of alive: 35
adding vertex with color number: 19 to node: 6
number of alive: 11
number of alive: 11
adding vertex with color number: 10 to node: 4
Time taken: 0.301873 seconds

Pattern appears in 3 graphs:
S[439] -> S_494.json
S[488] -> S_538.json
S[566] -> S_608.json
Pattern written to pattern.json
