first_color: 19
number of alive: 1000
adding vertex with color number: 1 to node: 0
number of alive: 1000
adding vertex with color number: 14 to node: 1
number of alive: 1000
adding vertex with color number: 3 to node: 1
number of alive: 953
adding vertex with color number: 13 to node: 2
number of alive: 693
adding vertex with color number: 10 to node: 3
number of alive: 338
number of alive: 338
adding vertex with color number: 0 to node: 2
number of alive: 144
adding vertex with color number: 11 to node: 3
number of alive: 45
adding vertex with color number: 16 to node: 6
number of alive: 12
number of alive: 12
adding vertex with color number: 10 to node: 5
Time taken: 0.295968 seconds

Pattern appears in 5 graphs:
S[92] -> S_181.json
S[133] -> S_218.json
S[281] -> S_351.json
S[471] -> S_522.json
S[695] -> S_724.json
Pattern written to pattern.json
