first_color: 19
number of alive: 1000
adding vertex with color number: 19 to node: 0
number of alive: 1000
adding vertex with color number: 13 to node: 0
number of alive: 1000
Added edge (1, 2) with score 35
number of alive: 35
number of alive: 35
adding vertex with color number: 10 to node: 0
number of alive: 21
number of alive: 21
adding vertex with color number: 14 to node: 3
number of alive: 15
adding vertex with color number: 4 to node: 3
number of alive: 6
adding vertex with color number: 0 to node: 4
Time taken: 0.245167 seconds

Pattern appears in 4 graphs:
S[139] -> S_223.json
S[621] -> S_658.json
S[634] -> S_67.json
S[646] -> S_680.json
Pattern written to pattern.json
