first_color: 19
number of alive: 1000
adding vertex with color number: 16 to node: 0
number of alive: 1000
number of alive: 1000
adding vertex with color number: 7 to node: 0
number of alive: 1000
Added edge (1, 2) with score 50
number of alive: 50
adding vertex with color number: 16 to node: 2
number of alive: 16
adding vertex with color number: 18 to node: 0
Time taken: 0.264839 seconds

Pattern appears in 5 graphs:
S[217] -> S_294.json
S[511] -> S_559.json
S[541] -> S_586.json
S[583] -> S_623.json
S[924] -> S_930.json
Pattern written to pattern.json
