first_color: 19
number of alive: 1000
adding vertex with color number: 4 to node: 0
number of alive: 1000
adding vertex with color number: 12 to node: 1
number of alive: 1000
adding vertex with color number: 11 to node: 0
number of alive: 964
adding vertex with color number: 18 to node: 0
number of alive: 689
adding vertex with color number: 12 to node: 4
number of alive: 365
adding vertex with color number: 17 to node: 1
number of alive: 137
adding vertex with color number: 16 to node: 3
number of alive: 56
adding vertex with color number: 12 to node: 6
number of alive: 28
number of alive: 28
adding vertex with color number: 19 to node: 2
number of alive: 14
number of alive: 14
adding vertex with color number: 6 to node: 3
number of alive: 10
adding vertex with color number: 13 to node: 6
Time taken: 0.29579 seconds

Pattern appears in 3 graphs:
S[114] -> S_200.json
S[390] -> S_45.json
S[943] -> S_948.json
Pattern written to pattern.json
