first_color: 19
number of alive: 1000
adding vertex with color number: 6 to node: 0
number of alive: 1000
number of alive: 1000
adding vertex with color number: 4 to node: 0
number of alive: 1000
Added edge (1, 2) with score 67
number of alive: 67
number of alive: 67
adding vertex with color number: 8 to node: 2
number of alive: 22
number of alive: 22
adding vertex with color number: 7 to node: 2
number of alive: 7
number of alive: 7
adding vertex with color number: 4 to node: 2
Time taken: 0.259214 seconds

Pattern appears in 3 graphs:
S[371] -> S_432.json
S[712] -> S_74.json
S[760] -> S_783.json
Pattern written to pattern.json
