first_color: 19
number of alive: 1000
adding vertex with color number: 9 to node: 0
number of alive: 1000
adding vertex with color number: 12 to node: 1
number of alive: 1000
adding vertex with color number: 0 to node: 1
number of alive: 942
adding vertex with color number: 7 to node: 3
number of alive: 683
adding vertex with color number: 19 to node: 0
number of alive: 360
adding vertex with color number: 19 to node: 4
number of alive: 160
adding vertex with color number: 7 to node: 5
number of alive: 64
adding vertex with color number: 9 to node: 2
number of alive: 27
adding vertex with color number: 8 to node: 8
number of alive: 12
number of alive: 12
adding vertex with color number: 1 to node: 0
Time taken: 0.284747 seconds

Pattern appears in 5 graphs:
S[245] -> S_319.json
S[614] -> S_651.json
S[633] -> S_669.json
S[698] -> S_727.json
S[773] -> S_795.json
Pattern written to pattern.json
