first_color: 19
number of alive: 1000
adding vertex with color number: 8 to node: 0
number of alive: 1000
number of alive: 1000
adding vertex with color number: 7 to node: 0
number of alive: 1000
adding vertex with color number: 15 to node: 2
number of alive: 963
adding vertex with color number: 8 to node: 3
number of alive: 707
adding vertex with color number: 10 to node: 4
number of alive: 379
Added edge (1, 4) with score 7
number of alive: 7
adding vertex with color number: 3 to node: 5
Time taken: 0.281624 seconds

Pattern appears in 2 graphs:
S[102] -> S_190.json
S[778] -> S_8.json
Pattern written to pattern.json
