first_color: 19
number of alive: 1000
adding vertex with color number: 19 to node: 0
number of alive: 1000
number of alive: 1000
adding vertex with color number: 6 to node: 0
number of alive: 999
adding vertex with color number: 8 to node: 2
number of alive: 970
adding vertex with color number: 11 to node: 0
number of alive: 691
adding vertex with color number: 10 to node: 2
number of alive: 314
Added edge (1, 5) with score 5
Time taken: 0.277551 seconds

Pattern appears in 5 graphs:
S[71] -> S_162.json
S[309] -> S_377.json
S[350] -> S_413.json
S[533] -> S_579.json
S[899] -> S_908.json
Pattern written to pattern.json
