first_color: 19
number of alive: 1000
adding vertex with color number: 9 to node: 0
number of alive: 1000
adding vertex with color number: 13 to node: 1
number of alive: 1000
Added edge (0, 2) with score 59
number of alive: 59
adding vertex with color number: 15 to node: 0
number of alive: 22
number of alive: 22
adding vertex with color number: 16 to node: 0
number of alive: 8
adding vertex with color number: 15 to node: 1
Time taken: 0.257031 seconds

Pattern appears in 4 graphs:
S[445] -> S_5.json
S[623] -> S_66.json
S[723] -> S_75.json
S[760] -> S_783.json
Pattern written to pattern.json
