first_color: 19
number of alive: 1000
adding vertex with color number: 4 to node: 0
number of alive: 1000
adding vertex with color number: 6 to node: 1
number of alive: 1000
adding vertex with color number: 19 to node: 1
number of alive: 821
Added edge (0, 2) with score 27
number of alive: 27
adding vertex with color number: 18 to node: 2
number of alive: 10
number of alive: 10
adding vertex with color number: 7 to node: 3
number of alive: 6
number of alive: 6
adding vertex with color number: 3 to node: 0
Time taken: 0.281085 seconds

Pattern appears in 3 graphs:
S[320] -> S_387.json
S[760] -> S_783.json
S[865] -> S_878.json
Pattern written to pattern.json
