first_color: 19
number of alive: 1000
adding vertex with color number: 4 to node: 0
number of alive: 1000
adding vertex with color number: 16 to node: 0
number of alive: 1000
adding vertex with color number: 18 to node: 2
number of alive: 964
adding vertex with color number: 6 to node: 2
number of alive: 656
Added edge (1, 3) with score 9
number of alive: 9
number of alive: 9
adding vertex with color number: 18 to node: 3
Time taken: 0.278636 seconds

Pattern appears in 4 graphs:
S[193] -> S_272.json
S[202] -> S_280.json
S[273] -> S_344.json
S[863] -> S_876.json
Pattern written to pattern.json
