first_color: 19
number of alive: 1000
adding vertex with color number: 13 to node: 0
number of alive: 1000
number of alive: 1000
adding vertex with color number: 15 to node: 1
number of alive: 1000
Added edge (0, 2) with score 56
number of alive: 56
adding vertex with color number: 15 to node: 2
number of alive: 21
number of alive: 21
adding vertex with color number: 4 to node: 1
number of alive: 11
adding vertex with color number: 3 to node: 1
number of alive: 6
adding vertex with color number: 4 to node: 3
Time taken: 0.25334 seconds

Pattern appears in 2 graphs:
S[295] -> S_364.json
S[886] -> S_897.json
Pattern written to pattern.json
