first_color: 19
number of alive: 1000
adding vertex with color number: 0 to node: 0
number of alive: 1000
number of alive: 1000
adding vertex with color number: 11 to node: 0
number of alive: 1000
adding vertex with color number: 2 to node: 2
number of alive: 961
adding vertex with color number: 11 to node: 1
number of alive: 710
Added edge (1, 3) with score 10
number of alive: 10
adding vertex with color number: 10 to node: 4
Time taken: 0.283215 seconds

Pattern appears in 3 graphs:
S[48] -> S_141.json
S[710] -> S_738.json
S[925] -> S_931.json
Pattern written to pattern.json
