first_color: 19
number of alive: 1000
adding vertex with color number: 6 to node: 0
number of alive: 1000
adding vertex with color number: 14 to node: 1
number of alive: 1000
adding vertex with color number: 16 to node: 2
number of alive: 964
Added edge (0, 2) with score 22
number of alive: 22
adding vertex with color number: 7 to node: 2
number of alive: 8
number of alive: 8
adding vertex with color number: 6 to node: 3
Time taken: 0.275576 seconds

Pattern appears in 3 graphs:
S[655] -> S_689.json
S[695] -> S_724.json
S[790] -> S_81.json
Pattern written to pattern.json
