first_color: 19
number of alive: 1000
adding vertex with color number: 12 to node: 0
number of alive: 1000
adding vertex with color number: 0 to node: 0
number of alive: 1000
adding vertex with color number: 2 to node: 2
number of alive: 963
adding vertex with color number: 15 to node: 1
number of alive: 741
Added edge (0, 3) with score 10
number of alive: 10
number of alive: 10
adding vertex with color number: 6 to node: 1
Time taken: 0.280632 seconds

Pattern appears in 4 graphs:
S[176] -> S_257.json
S[438] -> S_493.json
S[918] -> S_925.json
S[979] -> S_980.json
Pattern written to pattern.json
