first_color: 19
number of alive: 1000
adding vertex with color number: 12 to node: 0
number of alive: 1000
number of alive: 1000
adding vertex with color number: 19 to node: 1
number of alive: 990
adding vertex with color number: 5 to node: 0
number of alive: 946
Added edge (1, 3) with score 22
number of alive: 22
adding vertex with color number: 3 to node: 0
Time taken: 0.273031 seconds

Pattern appears in 5 graphs:
S[14] -> S_110.json
S[39] -> S_133.json
S[56] -> S_149.json
S[396] -> S_455.json
S[563] -> S_605.json
Pattern written to pattern.json
