first_color: 19
number of alive: 1000
adding vertex with color number: 12 to node: 0
number of alive: 1000
number of alive: 1000
adding vertex with color number: 5 to node: 1
number of alive: 1000
adding vertex with color number: 11 to node: 1
number of alive: 944
adding vertex with color number: 18 to node: 0
number of alive: 682
Added edge (0, 3) with score 10
number of alive: 10
adding vertex with color number: 1 to node: 3
number of alive: 6
number of alive: 6
adding vertex with color number: 19 to node: 3
Time taken: 0.29401 seconds

Pattern appears in 1 graphs:
S[220] -> S_297.json
Pattern written to pattern.json
