first_color: 19
number of alive: 1000
adding vertex with color number: 12 to node: 0
number of alive: 1000
adding vertex with color number: 2 to node: 0
number of alive: 1000
adding vertex with color number: 18 to node: 2
number of alive: 956
adding vertex with color number: 16 to node: 1
number of alive: 716
Added edge (1, 3) with score 11
number of alive: 11
adding vertex with color number: 5 to node: 0
Time taken: 0.291561 seconds

Pattern appears in 4 graphs:
S[314] -> S_381.json
S[372] -> S_433.json
S[518] -> S_565.json
S[927] -> S_933.json
Pattern written to pattern.json
