first_color: 19
number of alive: 1000
adding vertex with color number: 15 to node: 0
number of alive: 1000
adding vertex with color number: 6 to node: 1
number of alive: 1000
adding vertex with color number: 0 to node: 0
number of alive: 959
Added edge (2, 3) with score 34
number of alive: 34
adding vertex with color number: 5 to node: 1
number of alive: 14
number of alive: 14
adding vertex with color number: 9 to node: 1
Time taken: 0.271488 seconds

Pattern appears in 4 graphs:
S[106] -> S_194.json
S[341] -> S_405.json
S[782] -> S_802.json
S[998] -> S_998.json
Pattern written to pattern.json
