first_color: 19
number of alive: 1000
adding vertex with color number: 6 to node: 0
number of alive: 1000
adding vertex with color number: 16 to node: 0
number of alive: 1000
adding vertex with color number: 18 to node: 0
number of alive: 953
adding vertex with color number: 9 to node: 2
number of alive: 684
adding vertex with color number: 1 to node: 3
number of alive: 342
adding vertex with color number: 13 to node: 5
number of alive: 156
number of alive: 156
adding vertex with color number: 16 to node: 5
number of alive: 74
adding vertex with color number: 11 to node: 6
number of alive: 21
number of alive: 21
adding vertex with color number: 2 to node: 7
number of alive: 7
number of alive: 7
adding vertex with color number: 14 to node: 1
Time taken: 0.293696 seconds

Pattern appears in 3 graphs:
S[549] -> S_593.json
S[573] -> S_614.json
S[855] -> S_869.json
Pattern written to pattern.json
