first_color: 19
number of alive: 1000
adding vertex with color number: 18 to node: 0
number of alive: 1000
adding vertex with color number: 16 to node: 0
number of alive: 1000
Added edge (1, 2) with score 68
number of alive: 68
adding vertex with color number: 4 to node: 1
number of alive: 21
adding vertex with color number: 14 to node: 3
number of alive: 9
adding vertex with color number: 10 to node: 1
Time taken: 0.253511 seconds

Pattern appears in 4 graphs:
S[223] -> S_3.json
S[228] -> S_303.json
S[288] -> S_358.json
S[392] -> S_451.json
Pattern written to pattern.json
