first_color: 19
number of alive: 1000
adding vertex with color number: 12 to node: 0
number of alive: 1000
adding vertex with color number: 2 to node: 0
number of alive: 1000
adding vertex with color number: 19 to node: 1
number of alive: 942
Added edge (1, 2) with score 21
number of alive: 21
number of alive: 21
adding vertex with color number: 3 to node: 0
number of alive: 6
number of alive: 6
adding vertex with color number: 16 to node: 1
Time taken: 0.272289 seconds

Pattern appears in 2 graphs:
S[930] -> S_936.json
S[947] -> S_951.json
Pattern written to pattern.json
