first_color: 19
number of alive: 1000
adding vertex with color number: 6 to node: 0
number of alive: 1000
adding vertex with color number: 15 to node: 0
number of alive: 1000
adding vertex with color number: 0 to node: 1
number of alive: 969
Added edge (2, 3) with score 32
number of alive: 32
number of alive: 32
adding vertex with color number: 3 to node: 2
number of alive: 11
adding vertex with color number: 4 to node: 1
Time taken: 0.293945 seconds

Pattern appears in 5 graphs:
S[149] -> S_232.json
S[234] -> S_309.json
S[711] -> S_739.json
S[833] -> S_849.json
S[932] -> S_938.json
Pattern written to pattern.json
