first_color: 19
number of alive: 1000
adding vertex with color number: 1 to node: 0
number of alive: 1000
number of alive: 1000
adding vertex with color number: 17 to node: 0
number of alive: 1000
adding vertex with color number: 12 to node: 2
number of alive: 966
adding vertex with color number: 13 to node: 2
number of alive: 689
Added edge (1, 4) with score 11
number of alive: 11
adding vertex with color number: 12 to node: 3
Time taken: 0.289318 seconds

Pattern appears in 5 graphs:
S[25] -> S_120.json
S[489] -> S_539.json
S[614] -> S_651.json
S[698] -> S_727.json
S[964] -> S_967.json
Pattern written to pattern.json
