first_color: 19
number of alive: 1000
adding vertex with color number: 14 to node: 0
number of alive: 1000
adding vertex with color number: 8 to node: 1
number of alive: 1000
adding vertex with color number: 13 to node: 0
number of alive: 962
adding vertex with color number: 16 to node: 1
number of alive: 671
adding vertex with color number: 1 to node: 2
number of alive: 361
adding vertex with color number: 19 to node: 0
number of alive: 138
number of alive: 138
adding vertex with color number: 9 to node: 6
number of alive: 62
number of alive: 62
adding vertex with color number: 10 to node: 2
number of alive: 25
adding vertex with color number: 13 to node: 1
number of alive: 8
number of alive: 8
adding vertex with color number: 1 to node: 7
Time taken: 0.301084 seconds

Pattern appears in 3 graphs:
S[103] -> S_191.json
S[273] -> S_344.json
S[688] -> S_718.json
Pattern written to pattern.json
