first_color: 19
number of alive: 1000
adding vertex with color number: 14 to node: 0
number of alive: 1000
adding vertex with color number: 15 to node: 0
number of alive: 1000
adding vertex with color number: 9 to node: 0
number of alive: 938
Added edge (1, 3) with score 23
number of alive: 23
number of alive: 23
adding vertex with color number: 4 to node: 2
number of alive: 10
number of alive: 10
adding vertex with color number: 8 to node: 4
number of alive: 6
adding vertex with color number: 13 to node: 5
Time taken: 0.293122 seconds

Pattern appears in 4 graphs:
S[330] -> S_396.json
S[384] -> S_444.json
S[789] -> S_809.json
S[991] -> S_991.json
Pattern written to pattern.json
