first_color: 19
number of alive: 1000
adding vertex with color number: 10 to node: 0
number of alive: 1000
adding vertex with color number: 12 to node: 0
number of alive: 1000
Added edge (1, 2) with score 70
number of alive: 70
adding vertex with color number: 19 to node: 0
number of alive: 26
adding vertex with color number: 12 to node: 1
number of alive: 13
number of alive: 13
adding vertex with color number: 2 to node: 2
Time taken: 0.260029 seconds

Pattern appears in 4 graphs:
S[173] -> S_254.json
S[399] -> S_458.json
S[556] -> S_6.json
S[794] -> S_813.json
Pattern written to pattern.json
