first_color: 19
number of alive: 1000
adding vertex with color number: 12 to node: 0
number of alive: 1000
adding vertex with color number: 2 to node: 0
number of alive: 1000
adding vertex with color number: 18 to node: 2
number of alive: 956
adding vertex with color number: 2 to node: 2
number of alive: 676
adding vertex with color number: 0 to node: 3
number of alive: 340
Added edge (1, 5) with score 5
Time taken: 0.295888 seconds

Pattern appears in 5 graphs:
S[67] -> S_159.json
S[149] -> S_232.json
S[508] -> S_556.json
S[640] -> S_675.json
S[779] -> S_80.json
Pattern written to pattern.json
