first_color: 19
number of alive: 1000
adding vertex with color number: 1 to node: 0
number of alive: 1000
adding vertex with color number: 2 to node: 1
number of alive: 1000
Added edge (0, 2) with score 56
number of alive: 56
adding vertex with color number: 17 to node: 2
number of alive: 24
number of alive: 24
adding vertex with color number: 9 to node: 2
number of alive: 10
number of alive: 10
adding vertex with color number: 15 to node: 0
Time taken: 0.256115 seconds

Pattern appears in 4 graphs:
S[181] -> S_261.json
S[440] -> S_495.json
S[664] -> S_697.json
S[853] -> S_867.json
Pattern written to pattern.json
