first_color: 19
number of alive: 1000
adding vertex with color number: 7 to node: 0
number of alive: 1000
number of alive: 1000
adding vertex with color number: 13 to node: 1
number of alive: 1000
adding vertex with color number: 10 to node: 2
number of alive: 963
adding vertex with color number: 10 to node: 1
number of alive: 691
Added edge (2, 4) with score 11
number of alive: 11
adding vertex with color number: 12 to node: 1
Time taken: 0.298253 seconds

Pattern appears in 4 graphs:
S[190] -> S_27.json
S[883] -> S_894.json
S[929] -> S_935.json
S[946] -> S_950.json
Pattern written to pattern.json
