first_color: 19
number of alive: 1000
adding vertex with color number: 17 to node: 0
number of alive: 1000
adding vertex with color number: 9 to node: 0
number of alive: 1000
adding vertex with color number: 6 to node: 0
number of alive: 952
Added edge (1, 3) with score 29
number of alive: 29
adding vertex with color number: 4 to node: 1
number of alive: 9
adding vertex with color number: 4 to node: 4
Time taken: 0.271358 seconds

Pattern appears in 4 graphs:
S[341] -> S_405.json
S[346] -> S_41.json
S[394] -> S_453.json
S[779] -> S_80.json
Pattern written to pattern.json
