first_color: 19
number of alive: 1000
adding vertex with color number: 14 to node: 0
number of alive: 1000
adding vertex with color number: 17 to node: 0
number of alive: 1000
adding vertex with color number: 5 to node: 1
number of alive: 962
Added edge (2, 3) with score 31
number of alive: 31
number of alive: 31
adding vertex with color number: 19 to node: 1
number of alive: 14
number of alive: 14
adding vertex with color number: 13 to node: 3
number of alive: 8
adding vertex with color number: 4 to node: 1
Time taken: 0.269394 seconds

Pattern appears in 5 graphs:
S[285] -> S_355.json
S[302] -> S_370.json
S[345] -> S_409.json
S[412] -> S_47.json
S[975] -> S_977.json
Pattern written to pattern.json
