first_color: 19
number of alive: 1000
adding vertex with color number: 10 to node: 0
number of alive: 1000
adding vertex with color number: 16 to node: 0
number of alive: 1000
Added edge (1, 2) with score 73
number of alive: 73
number of alive: 73
adding vertex with color number: 19 to node: 2
number of alive: 29
number of alive: 29
adding vertex with color number: 1 to node: 2
number of alive: 11
number of alive: 11
adding vertex with color number: 2 to node: 0
Time taken: 0.252618 seconds

Pattern appears in 4 graphs:
S[41] -> S_135.json
S[55] -> S_148.json
S[351] -> S_414.json
S[605] -> S_643.json
Pattern written to pattern.json
