first_color: 19
number of alive: 1000
adding vertex with color number: 1 to node: 0
number of alive: 1000
adding vertex with color number: 15 to node: 0
number of alive: 1000
Added edge (1, 2) with score 80
number of alive: 80
adding vertex with color number: 9 to node: 2
number of alive: 30
adding vertex with color number: 10 to node: 0
number of alive: 13
adding vertex with color number: 2 to node: 3
Time taken: 0.264955 seconds

Pattern appears in 5 graphs:
S[86] -> S_176.json
S[316] -> S_383.json
S[398] -> S_457.json
S[706] -> S_734.json
S[929] -> S_935.json
Pattern written to pattern.json
