first_color: 19
number of alive: 1000
adding vertex with color number: 17 to node: 0
number of alive: 1000
adding vertex with color number: 16 to node: 0
number of alive: 1000
adding vertex with color number: 11 to node: 2
number of alive: 968
adding vertex with color number: 9 to node: 2
number of alive: 687
adding vertex with color number: 1 to node: 1
number of alive: 374
adding vertex with color number: 5 to node: 4
number of alive: 162
adding vertex with color number: 2 to node: 5
number of alive: 64
adding vertex with color number: 15 to node: 5
number of alive: 24
adding vertex with color number: 11 to node: 3
number of alive: 10
number of alive: 10
adding vertex with color number: 8 to node: 5
Time taken: 0.28146 seconds

Pattern appears in 4 graphs:
S[474] -> S_525.json
S[652] -> S_686.json
S[796] -> S_815.json
S[826] -> S_842.json
Pattern written to pattern.json
