first_color: 19
number of alive: 1000
adding vertex with color number: 16 to node: 0
number of alive: 1000
number of alive: 1000
adding vertex with color number: 17 to node: 0
number of alive: 1000
Added edge (1, 2) with score 79
number of alive: 79
adding vertex with color number: 3 to node: 2
number of alive: 34
adding vertex with color number: 8 to node: 1
number of alive: 13
adding vertex with color number: 0 to node: 4
Time taken: 0.251221 seconds

Pattern appears in 3 graphs:
S[140] -> S_224.json
S[173] -> S_254.json
S[949] -> S_953.json
Pattern written to pattern.json
