first_color: 19
number of alive: 1000
adding vertex with color number: 18 to node: 0
number of alive: 1000
adding vertex with color number: 13 to node: 1
number of alive: 1000
Added edge (0, 2) with score 62
number of alive: 62
adding vertex with color number: 9 to node: 2
number of alive: 21
number of alive: 21
adding vertex with color number: 1 to node: 0
number of alive: 7
number of alive: 7
adding vertex with color number: 16 to node: 3
Time taken: 0.252922 seconds

Pattern appears in 2 graphs:
S[725] -> S_751.json
S[871] -> S_883.json
Pattern written to pattern.json
