first_color: 19
number of alive: 1000
adding vertex with color number: 19 to node: 0
number of alive: 1000
adding vertex with color number: 11 to node: 0
number of alive: 1000
adding vertex with color number: 5 to node: 2
number of alive: 966
Added edge (1, 3) with score 33
number of alive: 33
adding vertex with color number: 10 to node: 2
number of alive: 9
adding vertex with color number: 12 to node: 4
Time taken: 0.283605 seconds

Pattern appears in 4 graphs:
S[688] -> S_718.json
S[827] -> S_843.json
S[949] -> S_953.json
S[976] -> S_978.json
Pattern written to pattern.json
