first_color: 19
number of alive: 1000
adding vertex with color number: 0 to node: 0
number of alive: 1000
adding vertex with color number: 14 to node: 0
number of alive: 1000
adding vertex with color number: 1 to node: 2
number of alive: 963
adding vertex with color number: 17 to node: 3
number of alive: 724
Added edge (1, 4) with score 16
number of alive: 16
number of alive: 16
adding vertex with color number: 11 to node: 2
number of alive: 7
number of alive: 7
adding vertex with color number: 3 to node: 0
Time taken: 0.279834 seconds

Pattern appears in 4 graphs:
S[167] -> S_249.json
S[645] -> S_68.json
S[660] -> S_693.json
S[900] -> S_909.json
Pattern written to pattern.json
