first_color: 19
number of alive: 1000
adding vertex with color number: 3 to node: 0
number of alive: 1000
adding vertex with color number: 14 to node: 0
number of alive: 1000
adding vertex with color number: 0 to node: 0
number of alive: 953
adding vertex with color number: 2 to node: 1
number of alive: 677
Added edge (2, 3) with score 12
number of alive: 12
number of alive: 12
adding vertex with color number: 16 to node: 0
Time taken: 0.272999 seconds

Pattern appears in 3 graphs:
S[637] -> S_672.json
S[705] -> S_733.json
S[814] -> S_831.json
Pattern written to pattern.json
