first_color: 19
number of alive: 1000
adding vertex with color number: 7 to node: 0
number of alive: 1000
number of alive: 1000
adding vertex with color number: 11 to node: 0
number of alive: 1000
Added edge (1, 2) with score 60
number of alive: 60
adding vertex with color number: 19 to node: 2
number of alive: 27
adding vertex with color number: 8 to node: 0
number of alive: 10
number of alive: 10
adding vertex with color number: 6 to node: 0
Time taken: 0.258831 seconds

Pattern appears in 4 graphs:
S[80] -> S_170.json
S[131] -> S_216.json
S[286] -> S_356.json
S[878] -> S_89.json
Pattern written to pattern.json
