first_color: 19
number of alive: 1000
adding vertex with color number: 8 to node: 0
number of alive: 1000
adding vertex with color number: 18 to node: 0
number of alive: 1000
adding vertex with color number: 5 to node: 1
number of alive: 956
Added edge (2, 3) with score 25
number of alive: 25
adding vertex with color number: 4 to node: 1
number of alive: 6
number of alive: 6
adding vertex with color number: 12 to node: 0
Time taken: 0.272214 seconds

Pattern appears in 3 graphs:
S[80] -> S_170.json
S[218] -> S_295.json
S[831] -> S_847.json
Pattern written to pattern.json
