first_color: 19
number of alive: 1000
adding vertex with color number: 3 to node: 0
number of alive: 1000
adding vertex with color number: 0 to node: 1
number of alive: 1000
adding vertex with color number: 16 to node: 2
number of alive: 957
adding vertex with color number: 15 to node: 3
number of alive: 738
adding vertex with color number: 0 to node: 3
number of alive: 352
Added edge (0, 4) with score 7
number of alive: 7
adding vertex with color number: 14 to node: 5
Time taken: 0.282969 seconds

Pattern appears in 5 graphs:
S[17] -> S_113.json
S[18] -> S_114.json
S[143] -> S_227.json
S[345] -> S_409.json
S[489] -> S_539.json
Pattern written to pattern.json
