first_color: 19
number of alive: 1000
adding vertex with color number: 15 to node: 0
number of alive: 1000
adding vertex with color number: 17 to node: 0
number of alive: 1000
adding vertex with color number: 19 to node: 2
number of alive: 946
adding vertex with color number: 16 to node: 0
number of alive: 672
adding vertex with color number: 17 to node: 4
number of alive: 373
Added edge (1, 3) with score 5
Time taken: 0.296449 seconds

Pattern appears in 5 graphs:
S[437] -> S_492.json
S[504] -> S_552.json
S[575] -> S_616.json
S[834] -> S_85.json
S[935] -> S_940.json
Pattern written to pattern.json
