first_color: 19
number of alive: 1000
adding vertex with color number: 5 to node: 0
number of alive: 1000
number of alive: 1000
adding vertex with color number: 10 to node: 0
number of alive: 1000
adding vertex with color number: 15 to node: 1
number of alive: 966
adding vertex with color number: 1 to node: 2
number of alive: 732
adding vertex with color number: 7 to node: 4
number of alive: 396
Added edge (0, 5) with score 8
number of alive: 8
adding vertex with color number: 18 to node: 5
Time taken: 0.321529 seconds

Pattern appears in 4 graphs:
S[3] -> S_1000.json
S[802] -> S_820.json
S[810] -> S_828.json
S[898] -> S_907.json
Pattern written to pattern.json
