first_color: 19
number of alive: 1000
adding vertex with color number: 6 to node: 0
number of alive: 1000
number of alive: 1000
adding vertex with color number: 12 to node: 1
number of alive: 1000
adding vertex with color number: 19 to node: 2
number of alive: 958
Added edge (0, 3) with score 33
number of alive: 33
number of alive: 33
adding vertex with color number: 16 to node: 3
number of alive: 10
adding vertex with color number: 0 to node: 4
Time taken: 0.28008 seconds

Pattern appears in 4 graphs:
S[146] -> S_23.json
S[316] -> S_383.json
S[494] -> S_543.json
S[581] -> S_621.json
Pattern written to pattern.json
