first_color: 19
number of alive: 1000
adding vertex with color number: 14 to node: 0
number of alive: 1000
adding vertex with color number: 0 to node: 1
number of alive: 1000
Added edge (0, 2) with score 77
number of alive: 77
number of alive: 77
adding vertex with color number: 15 to node: 0
number of alive: 38
number of alive: 38
adding vertex with color number: 1 to node: 3
number of alive: 12
number of alive: 12
adding vertex with color number: 19 to node: 2
Time taken: 0.261595 seconds

Pattern appears in 5 graphs:
S[30] -> S_125.json
S[690] -> S_72.json
S[806] -> S_824.json
S[809] -> S_827.json
S[872] -> S_884.json
Pattern written to pattern.json
