first_color: 19
number of alive: 1000
adding vertex with color number: 16 to node: 0
number of alive: 1000
number of alive: 1000
adding vertex with color number: 10 to node: 1
number of alive: 1000
adding vertex with color number: 9 to node: 2
number of alive: 960
adding vertex with color number: 14 to node: 3
number of alive: 713
adding vertex with color number: 4 to node: 0
number of alive: 398
number of alive: 398
adding vertex with color number: 13 to node: 1
number of alive: 164
number of alive: 164
adding vertex with color number: 16 to node: 5
number of alive: 68
adding vertex with color number: 13 to node: 3
number of alive: 28
adding vertex with color number: 15 to node: 7
number of alive: 10
number of alive: 10
adding vertex with color number: 5 to node: 6
Time taken: 0.294233 seconds

Pattern appears in 4 graphs:
S[267] -> S_339.json
S[445] -> S_5.json
S[450] -> S_503.json
S[953] -> S_957.json
Pattern written to pattern.json
