first_color: 19
number of alive: 1000
adding vertex with color number: 1 to node: 0
number of alive: 1000
adding vertex with color number: 2 to node: 0
number of alive: 1000
adding vertex with color number: 6 to node: 2
number of alive: 957
adding vertex with color number: 18 to node: 1
number of alive: 758
adding vertex with color number: 15 to node: 4
number of alive: 425
adding vertex with color number: 1 to node: 5
number of alive: 186
number of alive: 186
adding vertex with color number: 11 to node: 3
number of alive: 77
number of alive: 77
adding vertex with color number: 3 to node: 3
number of alive: 28
number of alive: 28
adding vertex with color number: 17 to node: 7
number of alive: 10
adding vertex with color number: 9 to node: 5
Time taken: 0.302901 seconds

Pattern appears in 5 graphs:
S[1] -> S_10.json
S[145] -> S_229.json
S[346] -> S_41.json
S[415] -> S_472.json
S[569] -> S_610.json
Pattern written to pattern.json
