first_color: 19
number of alive: 1000
adding vertex with color number: 9 to node: 0
number of alive: 1000
adding vertex with color number: 11 to node: 0
number of alive: 1000
Added edge (1, 2) with score 70
number of alive: 70
adding vertex with color number: 7 to node: 1
number of alive: 27
number of alive: 27
adding vertex with color number: 10 to node: 2
number of alive: 7
adding vertex with color number: 18 to node: 1
Time taken: 0.258685 seconds

Pattern appears in 4 graphs:
S[145] -> S_229.json
S[331] -> S_397.json
S[515] -> S_562.json
S[746] -> S_770.json
Pattern written to pattern.json
