first_color: 19
number of alive: 1000
adding vertex with color number: 17 to node: 0
number of alive: 1000
adding vertex with color number: 15 to node: 0
number of alive: 1000
Added edge (1, 2) with score 51
number of alive: 51
adding vertex with color number: 0 to node: 1
number of alive: 16
number of alive: 16
adding vertex with color number: 18 to node: 1
number of alive: 6
number of alive: 6
adding vertex with color number: 5 to node: 2
Time taken: 0.259296 seconds

Pattern appears in 3 graphs:
S[121] -> S_207.json
S[267] -> S_339.json
S[827] -> S_843.json
Pattern written to pattern.json
