first_color: 19
number of alive: 1000
adding vertex with color number: 5 to node: 0
number of alive: 1000
adding vertex with color number: 0 to node: 0
number of alive: 1000
Added edge (1, 2) with score 58
number of alive: 58
number of alive: 58
adding vertex with color number: 9 to node: 2
number of alive: 24
adding vertex with color number: 15 to node: 0
number of alive: 12
adding vertex with color number: 8 to node: 1
Time taken: 0.2635 seconds

Pattern appears in 5 graphs:
S[138] -> S_222.json
S[241] -> S_315.json
S[425] -> S_481.json
S[620] -> S_657.json
S[948] -> S_952.json
Pattern written to pattern.json
