first_color: 19
number of alive: 1000
adding vertex with color number: 1 to node: 0
number of alive: 1000
number of alive: 1000
adding vertex with color number: 5 to node: 0
number of alive: 1000
adding vertex with color number: 5 to node: 1
number of alive: 968
Added edge (2, 3) with score 26
number of alive: 26
adding vertex with color number: 6 to node: 2
number of alive: 11
number of alive: 11
adding vertex with color number: 7 to node: 4
Time taken: 0.280625 seconds

Pattern appears in 4 graphs:
S[143] -> S_227.json
S[360] -> S_422.json
S[366] -> S_428.json
S[880] -> S_891.json
Pattern written to pattern.json
