first_color: 19
number of alive: 1000
adding vertex with color number: 13 to node: 0
number of alive: 1000
adding vertex with color number: 8 to node: 0
number of alive: 1000
Added edge (1, 2) with score 65
number of alive: 65
adding vertex with color number: 1 to node: 0
number of alive: 29
number of alive: 29
adding vertex with color number: 9 to node: 1
number of alive: 10
adding vertex with color number: 12 to node: 3
Time taken: 0.251222 seconds

Pattern appears in 3 graphs:
S[209] -> S_287.json
S[511] -> S_559.json
S[595] -> S_634.json
Pattern written to pattern.json
