first_color: 19
number of alive: 1000
adding vertex with color number: 15 to node: 0
number of alive: 1000
adding vertex with color number: 10 to node: 1
number of alive: 999
adding vertex with color number: 13 to node: 2
number of alive: 959
adding vertex with color number: 10 to node: 0
number of alive: 726
adding vertex with color number: 13 to node: 3
number of alive: 378
adding vertex with color number: 19 to node: 0
number of alive: 150
number of alive: 150
adding vertex with color number: 16 to node: 6
number of alive: 50
adding vertex with color number: 0 to node: 7
number of alive: 17
number of alive: 17
adding vertex with color number: 13 to node: 4
number of alive: 8
number of alive: 8
adding vertex with color number: 13 to node: 9
Time taken: 0.286054 seconds

Pattern appears in 2 graphs:
S[253] -> S_326.json
S[980] -> S_981.json
Pattern written to pattern.json
