first_color: 19
number of alive: 1000
adding vertex with color number: 6 to node: 0
number of alive: 1000
adding vertex with color number: 15 to node: 1
number of alive: 1000
adding vertex with color number: 12 to node: 0
number of alive: 958
adding vertex with color number: 18 to node: 2
number of alive: 696
Added edge (3, 4) with score 12
number of alive: 12
number of alive: 12
adding vertex with color number: 14 to node: 1
Time taken: 0.291759 seconds

Pattern appears in 4 graphs:
S[386] -> S_446.json
S[728] -> S_754.json
S[739] -> S_764.json
S[854] -> S_868.json
Pattern written to pattern.json
