first_color: 19
number of alive: 1000
adding vertex with color number: 5 to node: 0
number of alive: 1000
number of alive: 1000
adding vertex with color number: 9 to node: 1
number of alive: 1000
Added edge (0, 2) with score 70
number of alive: 70
adding vertex with color number: 16 to node: 2
number of alive: 28
number of alive: 28
adding vertex with color number: 16 to node: 3
number of alive: 11
adding vertex with color number: 16 to node: 4
Time taken: 0.248629 seconds

Pattern appears in 5 graphs:
S[52] -> S_145.json
S[151] -> S_234.json
S[586] -> S_626.json
S[785] -> S_805.json
S[993] -> S_993.json
Pattern written to pattern.json
