Total number of S not in G: 421

Total subgraph testing time: 70.910018965 seconds

S numbers not in G (sorted):
14
17
18
19
22
24
31
32
33
37
38
43
44
47
48
49
51
54
55
57
58
60
63
66
69
70
71
73
74
76
78
79
80
85
87
89
92
93
94
95
96
97
99
104
106
107
108
110
112
113
116
118
120
122
123
130
131
132
135
142
146
147
149
157
160
164
165
167
169
170
172
174
175
178
179
180
182
191
192
196
197
202
203
206
209
211
212
213
215
216
220
223
226
227
228
230
233
234
235
237
240
242
248
250
252
255
260
261
267
269
270
276
278
280
281
282
283
285
286
289
291
292
293
294
295
303
306
307
309
311
314
315
317
318
323
324
329
331
332
333
335
337
338
340
341
342
345
346
347
349
354
357
359
362
365
366
368
370
375
377
378
382
384
385
388
389
390
391
392
393
394
395
403
404
406
408
409
412
415
416
418
425
427
429
430
435
436
437
438
439
441
444
447
448
449
450
451
452
456
457
458
461
462
465
475
477
483
485
488
491
494
495
496
502
503
504
507
508
509
511
512
513
515
517
524
527
528
530
531
532
533
538
539
541
543
544
546
549
552
556
557
566
569
571
572
573
577
581
585
586
589
595
597
598
599
602
603
604
609
613
617
618
619
631
635
636
638
639
644
645
646
653
655
657
660
662
664
665
667
668
669
670
671
673
680
682
683
685
686
688
689
692
697
698
699
701
702
706
711
712
715
716
717
718
721
723
726
729
735
743
744
749
753
754
759
761
771
772
776
777
778
781
783
784
785
791
793
796
797
801
803
804
807
808
810
816
823
824
827
828
830
831
833
834
835
837
838
839
842
848
851
852
857
860
862
865
867
872
873
874
876
877
882
884
890
892
894
895
896
900
903
905
906
907
908
909
911
917
920
921
923
924
926
928
935
936
937
938
939
943
945
947
948
949
954
955
956
959
962
964
968
970
971
972
973
974
975
976
977
978
982
983
984
990
991
992
993
996
998
999
1000
