first_color: 0
number of alive: 1000
adding vertex with color number: 2 to node: 0
number of alive: 1000
adding vertex with color number: 8 to node: 0
number of alive: 1000
Added edge (1, 2) with score 330
number of alive: 330
adding vertex with color number: 0 to node: 0
number of alive: 280
number of alive: 280
adding vertex with color number: 2 to node: 2
number of alive: 205
adding vertex with color number: 1 to node: 3
number of alive: 181
number of alive: 181
adding vertex with color number: 9 to node: 4
number of alive: 41
number of alive: 41
adding vertex with color number: 4 to node: 5
number of alive: 33
number of alive: 33
adding vertex with color number: 6 to node: 1
number of alive: 11
adding vertex with color number: 3 to node: 4
number of alive: 6
number of alive: 6
adding vertex with color number: 19 to node: 0
Time taken: 1.08961 seconds

Pattern appears in 1 graphs:
S[196] -> S_275.json
Pattern written to pattern.json
