first_color: 0
number of alive: 1000
adding vertex with color number: 6 to node: 0
number of alive: 1000
adding vertex with color number: 7 to node: 0
number of alive: 1000
adding vertex with color number: 5 to node: 0
number of alive: 1000
Added edge (1, 2) with score 70
number of alive: 70
adding vertex with color number: 6 to node: 1
number of alive: 17
number of alive: 17
adding vertex with color number: 0 to node: 0
number of alive: 14
adding vertex with color number: 9 to node: 1
Time taken: 0.672063 seconds

Pattern appears in 4 graphs:
S[145] -> S_229.json
S[165] -> S_247.json
S[393] -> S_452.json
S[807] -> S_825.json
Pattern written to pattern.json
