first_color: 0
number of alive: 1000
adding vertex with color number: 11 to node: 0
number of alive: 1000
number of alive: 1000
adding vertex with color number: 15 to node: 0
number of alive: 596
adding vertex with color number: 1 to node: 1
number of alive: 503
adding vertex with color number: 0 to node: 1
number of alive: 444
adding vertex with color number: 8 to node: 3
number of alive: 201
number of alive: 201
adding vertex with color number: 0 to node: 3
number of alive: 164
adding vertex with color number: 5 to node: 3
number of alive: 65
number of alive: 65
adding vertex with color number: 4 to node: 2
number of alive: 44
adding vertex with color number: 0 to node: 8
number of alive: 36
number of alive: 36
adding vertex with color number: 0 to node: 7
number of alive: 31
adding vertex with color number: 6 to node: 3
number of alive: 9
adding vertex with color number: 1 to node: 6
number of alive: 8
adding vertex with color number: 1 to node: 10
number of alive: 7
number of alive: 7
adding vertex with color number: 1 to node: 7
number of alive: 6
number of alive: 6
adding vertex with color number: 11 to node: 4
Time taken: 0.413173 seconds

Pattern appears in 1 graphs:
S[953] -> S_957.json
Pattern written to pattern.json
