first_color: 0
number of alive: 1000
adding vertex with color number: 1 to node: 0
number of alive: 1000
adding vertex with color number: 2 to node: 1
number of alive: 1000
adding vertex with color number: 16 to node: 2
number of alive: 989
adding vertex with color number: 9 to node: 1
number of alive: 754
adding vertex with color number: 6 to node: 0
number of alive: 520
adding vertex with color number: 0 to node: 0
number of alive: 463
adding vertex with color number: 4 to node: 5
number of alive: 320
adding vertex with color number: 7 to node: 1
number of alive: 114
number of alive: 114
adding vertex with color number: 14 to node: 3
number of alive: 15
number of alive: 15
adding vertex with color number: 19 to node: 3
Time taken: 2.17339 seconds

Pattern appears in 1 graphs:
S[135] -> S_22.json
Pattern written to pattern.json
