first_color: 0
number of alive: 1000
adding vertex with color number: 7 to node: 0
number of alive: 1000
adding vertex with color number: 19 to node: 0
number of alive: 936
adding vertex with color number: 3 to node: 2
number of alive: 822
Added edge (1, 3) with score 19
number of alive: 19
number of alive: 19
adding vertex with color number: 0 to node: 3
number of alive: 15
adding vertex with color number: 5 to node: 2
number of alive: 7
number of alive: 7
adding vertex with color number: 4 to node: 3
number of alive: 6
number of alive: 6
adding vertex with color number: 1 to node: 4
number of alive: 6
adding vertex with color number: 2 to node: 7
Time taken: 0.501216 seconds

Pattern appears in 4 graphs:
S[299] -> S_368.json
S[758] -> S_781.json
S[853] -> S_867.json
S[900] -> S_909.json
Pattern written to pattern.json
