first_color: 0
number of alive: 1000
adding vertex with color number: 11 to node: 0
number of alive: 1000
adding vertex with color number: 10 to node: 0
number of alive: 811
adding vertex with color number: 3 to node: 1
number of alive: 673
Added edge (0, 3) with score 11
number of alive: 11
number of alive: 11
adding vertex with color number: 3 to node: 3
number of alive: 6
adding vertex with color number: 2 to node: 3
Time taken: 0.363264 seconds

Pattern appears in 4 graphs:
S[598] -> S_637.json
S[601] -> S_64.json
S[709] -> S_737.json
S[785] -> S_805.json
Pattern written to pattern.json
