first_color: 0
number of alive: 1000
adding vertex with color number: 4 to node: 0
number of alive: 1000
adding vertex with color number: 8 to node: 0
number of alive: 1000
Added edge (1, 2) with score 240
number of alive: 240
number of alive: 240
adding vertex with color number: 7 to node: 0
number of alive: 69
number of alive: 69
adding vertex with color number: 12 to node: 1
number of alive: 9
adding vertex with color number: 1 to node: 4
number of alive: 7
adding vertex with color number: 3 to node: 1
number of alive: 6
adding vertex with color number: 6 to node: 0
Time taken: 0.848675 seconds

Pattern appears in 3 graphs:
S[273] -> S_344.json
S[583] -> S_623.json
S[683] -> S_713.json
Pattern written to pattern.json
