first_color: 0
number of alive: 1000
adding vertex with color number: 10 to node: 0
number of alive: 1000
adding vertex with color number: 5 to node: 0
number of alive: 998
adding vertex with color number: 13 to node: 0
number of alive: 498
adding vertex with color number: 4 to node: 3
number of alive: 315
adding vertex with color number: 14 to node: 3
number of alive: 21
adding vertex with color number: 1 to node: 3
number of alive: 14
adding vertex with color number: 2 to node: 5
number of alive: 8
number of alive: 8
adding vertex with color number: 4 to node: 5
Time taken: 0.404042 seconds

Pattern appears in 4 graphs:
S[26] -> S_121.json
S[274] -> S_345.json
S[463] -> S_515.json
S[557] -> S_60.json
Pattern written to pattern.json
