first_color: 0
number of alive: 1000
adding vertex with color number: 12 to node: 0
number of alive: 1000
adding vertex with color number: 18 to node: 0
number of alive: 605
adding vertex with color number: 1 to node: 0
number of alive: 532
adding vertex with color number: 6 to node: 1
number of alive: 227
Added edge (2, 4) with score 7
number of alive: 7
number of alive: 7
adding vertex with color number: 9 to node: 3
Time taken: 0.371918 seconds

Pattern appears in 3 graphs:
S[388] -> S_448.json
S[394] -> S_453.json
S[774] -> S_796.json
Pattern written to pattern.json
