first_color: 0
number of alive: 1000
adding vertex with color number: 17 to node: 0
number of alive: 999
number of alive: 999
adding vertex with color number: 1 to node: 0
number of alive: 997
adding vertex with color number: 5 to node: 0
number of alive: 948
Added edge (2, 3) with score 41
number of alive: 41
number of alive: 41
adding vertex with color number: 2 to node: 0
number of alive: 30
adding vertex with color number: 4 to node: 2
number of alive: 16
adding vertex with color number: 3 to node: 3
number of alive: 9
adding vertex with color number: 3 to node: 6
number of alive: 6
adding vertex with color number: 1 to node: 3
number of alive: 6
adding vertex with color number: 9 to node: 5
Time taken: 0.399458 seconds

Pattern appears in 1 graphs:
S[343] -> S_407.json
Pattern written to pattern.json
