first_color: 0
number of alive: 1000
adding vertex with color number: 8 to node: 0
number of alive: 1000
adding vertex with color number: 10 to node: 0
number of alive: 985
Added edge (1, 2) with score 28
number of alive: 28
number of alive: 28
adding vertex with color number: 3 to node: 0
number of alive: 15
adding vertex with color number: 5 to node: 3
number of alive: 9
adding vertex with color number: 2 to node: 4
number of alive: 8
adding vertex with color number: 5 to node: 0
number of alive: 6
adding vertex with color number: 1 to node: 6
Time taken: 0.457305 seconds

Pattern appears in 5 graphs:
S[9] -> S_106.json
S[121] -> S_207.json
S[355] -> S_418.json
S[946] -> S_950.json
S[992] -> S_992.json
Pattern written to pattern.json
