first_color: 0
number of alive: 1000
adding vertex with color number: 14 to node: 0
number of alive: 1000
adding vertex with color number: 18 to node: 0
number of alive: 600
adding vertex with color number: 6 to node: 1
number of alive: 251
adding vertex with color number: 0 to node: 0
number of alive: 195
number of alive: 195
adding vertex with color number: 4 to node: 1
number of alive: 110
adding vertex with color number: 1 to node: 4
number of alive: 100
number of alive: 100
adding vertex with color number: 6 to node: 2
number of alive: 24
adding vertex with color number: 1 to node: 7
number of alive: 21
number of alive: 21
adding vertex with color number: 2 to node: 3
number of alive: 18
number of alive: 18
adding vertex with color number: 7 to node: 9
number of alive: 8
adding vertex with color number: 1 to node: 2
number of alive: 6
adding vertex with color number: 15 to node: 11
Time taken: 0.377574 seconds

Pattern appears in 1 graphs:
S[867] -> S_88.json
Pattern written to pattern.json
