first_color: 0
number of alive: 1000
adding vertex with color number: 18 to node: 0
number of alive: 999
adding vertex with color number: 4 to node: 0
number of alive: 994
adding vertex with color number: 3 to node: 2
number of alive: 980
Added edge (1, 3) with score 52
number of alive: 52
number of alive: 52
adding vertex with color number: 5 to node: 1
number of alive: 19
adding vertex with color number: 0 to node: 4
number of alive: 16
adding vertex with color number: 6 to node: 5
number of alive: 10
number of alive: 10
adding vertex with color number: 0 to node: 6
number of alive: 10
number of alive: 10
adding vertex with color number: 9 to node: 3
Time taken: 0.386583 seconds

Pattern appears in 2 graphs:
S[24] -> S_12.json
S[651] -> S_685.json
Pattern written to pattern.json
