first_color: 0
number of alive: 1000
adding vertex with color number: 9 to node: 0
number of alive: 1000
adding vertex with color number: 3 to node: 1
number of alive: 1000
adding vertex with color number: 10 to node: 0
number of alive: 875
Added edge (2, 3) with score 21
number of alive: 21
adding vertex with color number: 4 to node: 0
number of alive: 16
number of alive: 16
adding vertex with color number: 3 to node: 0
number of alive: 10
number of alive: 10
adding vertex with color number: 1 to node: 1
number of alive: 8
adding vertex with color number: 1 to node: 3
number of alive: 7
adding vertex with color number: 8 to node: 5
Time taken: 0.520721 seconds

Pattern appears in 4 graphs:
S[324] -> S_390.json
S[849] -> S_863.json
S[939] -> S_944.json
S[986] -> S_987.json
Pattern written to pattern.json
