first_color: 0
number of alive: 1000
adding vertex with color number: 3 to node: 0
number of alive: 1000
adding vertex with color number: 4 to node: 1
number of alive: 1000
adding vertex with color number: 11 to node: 1
number of alive: 993
adding vertex with color number: 0 to node: 1
number of alive: 965
adding vertex with color number: 4 to node: 3
number of alive: 840
adding vertex with color number: 6 to node: 5
number of alive: 510
adding vertex with color number: 1 to node: 3
number of alive: 427
adding vertex with color number: 2 to node: 4
number of alive: 405
Added edge (6, 8) with score 20
number of alive: 20
adding vertex with color number: 11 to node: 7
Time taken: 1.67248 seconds

Pattern appears in 1 graphs:
S[165] -> S_247.json
Pattern written to pattern.json
