first_color: 0
number of alive: 1000
adding vertex with color number: 12 to node: 0
number of alive: 1000
adding vertex with color number: 15 to node: 0
number of alive: 592
adding vertex with color number: 0 to node: 2
number of alive: 511
adding vertex with color number: 6 to node: 3
number of alive: 306
adding vertex with color number: 0 to node: 1
number of alive: 257
adding vertex with color number: 1 to node: 2
number of alive: 198
adding vertex with color number: 0 to node: 4
number of alive: 174
adding vertex with color number: 9 to node: 5
number of alive: 52
number of alive: 52
adding vertex with color number: 1 to node: 1
number of alive: 37
adding vertex with color number: 11 to node: 6
number of alive: 7
adding vertex with color number: 4 to node: 7
number of alive: 7
adding vertex with color number: 7 to node: 0
Time taken: 0.391036 seconds

Pattern appears in 4 graphs:
S[369] -> S_430.json
S[382] -> S_442.json
S[532] -> S_578.json
S[553] -> S_597.json
Pattern written to pattern.json
