first_color: 0
number of alive: 1000
adding vertex with color number: 14 to node: 0
number of alive: 1000
adding vertex with color number: 16 to node: 0
number of alive: 585
adding vertex with color number: 6 to node: 0
number of alive: 259
adding vertex with color number: 4 to node: 3
number of alive: 166
adding vertex with color number: 3 to node: 1
number of alive: 105
adding vertex with color number: 16 to node: 3
Time taken: 0.365133 seconds

Pattern appears in 4 graphs:
S[277] -> S_348.json
S[332] -> S_398.json
S[340] -> S_404.json
S[714] -> S_741.json
Pattern written to pattern.json
