first_color: 0
number of alive: 1000
adding vertex with color number: 9 to node: 0
number of alive: 1000
adding vertex with color number: 14 to node: 0
number of alive: 949
Added edge (1, 2) with score 20
number of alive: 20
number of alive: 20
adding vertex with color number: 1 to node: 1
number of alive: 17
adding vertex with color number: 0 to node: 3
number of alive: 17
adding vertex with color number: 6 to node: 3
number of alive: 9
number of alive: 9
adding vertex with color number: 4 to node: 3
Time taken: 0.414409 seconds

Pattern appears in 4 graphs:
S[0] -> S_1.json
S[299] -> S_368.json
S[478] -> S_529.json
S[878] -> S_89.json
Pattern written to pattern.json
