first_color: 0
number of alive: 1000
adding vertex with color number: 7 to node: 0
number of alive: 1000
adding vertex with color number: 19 to node: 1
number of alive: 864
adding vertex with color number: 9 to node: 1
number of alive: 254
number of alive: 254
adding vertex with color number: 2 to node: 0
number of alive: 226
adding vertex with color number: 19 to node: 4
number of alive: 15
adding vertex with color number: 5 to node: 0
number of alive: 7
number of alive: 7
adding vertex with color number: 2 to node: 5
number of alive: 7
adding vertex with color number: 4 to node: 5
Time taken: 0.497388 seconds

Pattern appears in 3 graphs:
S[161] -> S_243.json
S[597] -> S_636.json
S[814] -> S_831.json
Pattern written to pattern.json
