first_color: 0
number of alive: 1000
adding vertex with color number: 9 to node: 0
number of alive: 1000
number of alive: 1000
adding vertex with color number: 7 to node: 1
number of alive: 999
Added edge (0, 2) with score 80
number of alive: 80
adding vertex with color number: 4 to node: 2
number of alive: 39
number of alive: 39
adding vertex with color number: 6 to node: 2
number of alive: 14
number of alive: 14
adding vertex with color number: 2 to node: 2
number of alive: 10
number of alive: 10
adding vertex with color number: 0 to node: 2
number of alive: 9
adding vertex with color number: 0 to node: 1
number of alive: 7
number of alive: 7
adding vertex with color number: 0 to node: 6
number of alive: 7
number of alive: 7
adding vertex with color number: 4 to node: 0
Time taken: 0.441932 seconds

Pattern appears in 2 graphs:
S[285] -> S_355.json
S[797] -> S_816.json
Pattern written to pattern.json
