first_color: 0
number of alive: 1000
adding vertex with color number: 8 to node: 0
number of alive: 1000
number of alive: 1000
adding vertex with color number: 0 to node: 1
number of alive: 1000
Added edge (0, 2) with score 238
number of alive: 238
adding vertex with color number: 4 to node: 0
number of alive: 184
number of alive: 184
adding vertex with color number: 1 to node: 0
number of alive: 153
adding vertex with color number: 5 to node: 3
number of alive: 86
adding vertex with color number: 4 to node: 2
number of alive: 42
number of alive: 42
adding vertex with color number: 1 to node: 2
number of alive: 33
number of alive: 33
adding vertex with color number: 0 to node: 3
number of alive: 31
number of alive: 31
adding vertex with color number: 1 to node: 8
number of alive: 30
number of alive: 30
adding vertex with color number: 1 to node: 6
number of alive: 27
adding vertex with color number: 3 to node: 6
number of alive: 17
number of alive: 17
adding vertex with color number: 4 to node: 5
number of alive: 12
adding vertex with color number: 18 to node: 9
Time taken: 0.708036 seconds

Pattern appears in 2 graphs:
S[126] -> S_211.json
S[189] -> S_269.json
Pattern written to pattern.json
