first_color: 0
number of alive: 1000
adding vertex with color number: 7 to node: 0
number of alive: 1000
adding vertex with color number: 17 to node: 1
number of alive: 839
Added edge (0, 2) with score 17
number of alive: 17
adding vertex with color number: 2 to node: 1
number of alive: 12
number of alive: 12
adding vertex with color number: 6 to node: 3
Time taken: 0.476694 seconds

Pattern appears in 5 graphs:
S[257] -> S_33.json
S[264] -> S_336.json
S[477] -> S_528.json
S[899] -> S_908.json
S[905] -> S_913.json
Pattern written to pattern.json
