first_color: 0
number of alive: 1000
adding vertex with color number: 3 to node: 0
number of alive: 1000
adding vertex with color number: 17 to node: 0
number of alive: 997
Added edge (1, 2) with score 63
number of alive: 63
adding vertex with color number: 6 to node: 0
number of alive: 19
adding vertex with color number: 0 to node: 1
number of alive: 16
number of alive: 16
adding vertex with color number: 1 to node: 4
number of alive: 15
number of alive: 15
adding vertex with color number: 4 to node: 5
number of alive: 12
number of alive: 12
adding vertex with color number: 4 to node: 1
number of alive: 6
number of alive: 6
adding vertex with color number: 4 to node: 7
Time taken: 0.809237 seconds

Pattern appears in 5 graphs:
S[73] -> S_164.json
S[620] -> S_657.json
S[908] -> S_916.json
S[930] -> S_936.json
S[957] -> S_960.json
Pattern written to pattern.json
