first_color: 0
number of alive: 1000
adding vertex with color number: 7 to node: 0
number of alive: 1000
adding vertex with color number: 8 to node: 1
number of alive: 1000
adding vertex with color number: 16 to node: 1
number of alive: 341
adding vertex with color number: 10 to node: 2
number of alive: 36
adding vertex with color number: 13 to node: 4
number of alive: 6
adding vertex with color number: 8 to node: 0
Time taken: 0.543462 seconds

Pattern appears in 5 graphs:
S[325] -> S_391.json
S[359] -> S_421.json
S[792] -> S_811.json
S[888] -> S_899.json
S[914] -> S_921.json
Pattern written to pattern.json
