first_color: 0
number of alive: 1000
adding vertex with color number: 6 to node: 0
number of alive: 1000
adding vertex with color number: 14 to node: 1
number of alive: 981
adding vertex with color number: 17 to node: 1
number of alive: 190
number of alive: 190
adding vertex with color number: 6 to node: 1
number of alive: 77
adding vertex with color number: 3 to node: 4
number of alive: 49
adding vertex with color number: 4 to node: 1
number of alive: 28
adding vertex with color number: 1 to node: 2
number of alive: 20
number of alive: 20
adding vertex with color number: 7 to node: 5
number of alive: 12
adding vertex with color number: 2 to node: 8
number of alive: 10
number of alive: 10
adding vertex with color number: 6 to node: 2
Time taken: 0.562752 seconds

Pattern appears in 2 graphs:
S[127] -> S_212.json
S[617] -> S_654.json
Pattern written to pattern.json
