first_color: 0
number of alive: 1000
adding vertex with color number: 0 to node: 0
number of alive: 1000
adding vertex with color number: 8 to node: 0
number of alive: 1000
adding vertex with color number: 16 to node: 2
number of alive: 727
adding vertex with color number: 1 to node: 1
number of alive: 699
adding vertex with color number: 1 to node: 4
number of alive: 681
adding vertex with color number: 0 to node: 5
number of alive: 673
Added edge (4, 6) with score 66
number of alive: 66
number of alive: 66
adding vertex with color number: 4 to node: 3
number of alive: 33
adding vertex with color number: 7 to node: 3
number of alive: 11
number of alive: 11
adding vertex with color number: 0 to node: 3
number of alive: 10
number of alive: 10
adding vertex with color number: 5 to node: 4
number of alive: 7
number of alive: 7
adding vertex with color number: 2 to node: 5
Time taken: 1.44091 seconds

Pattern appears in 5 graphs:
S[190] -> S_27.json
S[410] -> S_468.json
S[456] -> S_509.json
S[569] -> S_610.json
S[686] -> S_716.json
Pattern written to pattern.json
