first_color: 0
number of alive: 1000
adding vertex with color number: 14 to node: 0
number of alive: 1000
adding vertex with color number: 11 to node: 0
number of alive: 816
adding vertex with color number: 1 to node: 2
number of alive: 723
adding vertex with color number: 0 to node: 0
number of alive: 663
adding vertex with color number: 4 to node: 2
number of alive: 443
adding vertex with color number: 2 to node: 2
number of alive: 327
Added edge (3, 6) with score 9
number of alive: 9
adding vertex with color number: 17 to node: 0
Time taken: 0.412544 seconds

Pattern appears in 1 graphs:
S[416] -> S_473.json
Pattern written to pattern.json
