first_color: 0
number of alive: 1000
adding vertex with color number: 12 to node: 0
number of alive: 1000
adding vertex with color number: 0 to node: 1
number of alive: 999
adding vertex with color number: 2 to node: 1
number of alive: 995
adding vertex with color number: 0 to node: 2
number of alive: 995
adding vertex with color number: 8 to node: 4
number of alive: 951
adding vertex with color number: 3 to node: 2
number of alive: 857
Added edge (0, 6) with score 33
number of alive: 33
number of alive: 33
adding vertex with color number: 1 to node: 2
number of alive: 24
number of alive: 24
adding vertex with color number: 8 to node: 6
Time taken: 0.837544 seconds

Pattern appears in 5 graphs:
S[530] -> S_576.json
S[575] -> S_616.json
S[621] -> S_658.json
S[707] -> S_735.json
S[957] -> S_960.json
Pattern written to pattern.json
