first_color: 0
number of alive: 1000
adding vertex with color number: 14 to node: 0
number of alive: 1000
number of alive: 1000
adding vertex with color number: 5 to node: 0
number of alive: 1000
Added edge (1, 2) with score 57
number of alive: 57
adding vertex with color number: 7 to node: 1
number of alive: 11
adding vertex with color number: 2 to node: 2
number of alive: 10
adding vertex with color number: 8 to node: 3
Time taken: 0.408377 seconds

Pattern appears in 5 graphs:
S[180] -> S_260.json
S[581] -> S_621.json
S[742] -> S_767.json
S[880] -> S_891.json
S[968] -> S_970.json
Pattern written to pattern.json
