first_color: 0
number of alive: 1000
adding vertex with color number: 8 to node: 0
number of alive: 1000
number of alive: 1000
adding vertex with color number: 1 to node: 1
number of alive: 1000
adding vertex with color number: 6 to node: 0
number of alive: 1000
adding vertex with color number: 0 to node: 2
number of alive: 1000
Added edge (3, 4) with score 268
number of alive: 268
adding vertex with color number: 3 to node: 0
number of alive: 171
adding vertex with color number: 8 to node: 4
number of alive: 39
number of alive: 39
adding vertex with color number: 0 to node: 0
number of alive: 29
number of alive: 29
adding vertex with color number: 3 to node: 1
number of alive: 19
adding vertex with color number: 0 to node: 3
number of alive: 12
number of alive: 12
adding vertex with color number: 6 to node: 7
number of alive: 9
number of alive: 9
adding vertex with color number: 1 to node: 2
number of alive: 7
adding vertex with color number: 3 to node: 2
number of alive: 6
number of alive: 6
adding vertex with color number: 3 to node: 10
Time taken: 0.993482 seconds

Pattern appears in 3 graphs:
S[477] -> S_528.json
S[606] -> S_644.json
S[626] -> S_662.json
Pattern written to pattern.json
