first_color: 0
number of alive: 1000
adding vertex with color number: 12 to node: 0
number of alive: 1000
number of alive: 1000
adding vertex with color number: 15 to node: 0
number of alive: 592
adding vertex with color number: 5 to node: 0
number of alive: 301
number of alive: 301
adding vertex with color number: 1 to node: 3
number of alive: 243
adding vertex with color number: 3 to node: 3
number of alive: 172
adding vertex with color number: 4 to node: 4
number of alive: 129
adding vertex with color number: 8 to node: 1
number of alive: 29
adding vertex with color number: 0 to node: 5
number of alive: 23
number of alive: 23
adding vertex with color number: 0 to node: 2
number of alive: 18
adding vertex with color number: 5 to node: 1
number of alive: 8
number of alive: 8
adding vertex with color number: 6 to node: 4
Time taken: 0.371233 seconds

Pattern appears in 4 graphs:
S[184] -> S_264.json
S[211] -> S_289.json
S[499] -> S_548.json
S[742] -> S_767.json
Pattern written to pattern.json
