first_color: 0
number of alive: 1000
adding vertex with color number: 7 to node: 0
number of alive: 1000
adding vertex with color number: 1 to node: 0
number of alive: 1000
adding vertex with color number: 14 to node: 1
number of alive: 956
adding vertex with color number: 7 to node: 2
number of alive: 831
adding vertex with color number: 3 to node: 0
number of alive: 685
adding vertex with color number: 4 to node: 1
number of alive: 477
adding vertex with color number: 4 to node: 2
number of alive: 329
Added edge (4, 5) with score 8
number of alive: 8
number of alive: 8
adding vertex with color number: 0 to node: 5
number of alive: 6
number of alive: 6
adding vertex with color number: 3 to node: 6
Time taken: 0.891063 seconds

Pattern appears in 5 graphs:
S[129] -> S_214.json
S[353] -> S_416.json
S[798] -> S_817.json
S[817] -> S_834.json
S[847] -> S_861.json
Pattern written to pattern.json
