first_color: 0
number of alive: 1000
adding vertex with color number: 10 to node: 0
number of alive: 1000
adding vertex with color number: 16 to node: 0
number of alive: 583
adding vertex with color number: 7 to node: 2
number of alive: 219
adding vertex with color number: 1 to node: 1
number of alive: 174
number of alive: 174
adding vertex with color number: 4 to node: 0
number of alive: 105
number of alive: 105
adding vertex with color number: 1 to node: 4
number of alive: 93
number of alive: 93
adding vertex with color number: 4 to node: 3
number of alive: 49
number of alive: 49
adding vertex with color number: 0 to node: 4
number of alive: 44
adding vertex with color number: 4 to node: 5
number of alive: 28
adding vertex with color number: 2 to node: 9
number of alive: 25
number of alive: 25
adding vertex with color number: 3 to node: 7
number of alive: 21
number of alive: 21
adding vertex with color number: 1 to node: 6
number of alive: 19
number of alive: 19
adding vertex with color number: 19 to node: 0
Time taken: 0.410605 seconds

Pattern appears in 2 graphs:
S[275] -> S_346.json
S[873] -> S_885.json
Pattern written to pattern.json
