first_color: 0
number of alive: 1000
adding vertex with color number: 1 to node: 0
number of alive: 1000
number of alive: 1000
adding vertex with color number: 4 to node: 1
number of alive: 1000
adding vertex with color number: 6 to node: 2
number of alive: 1000
adding vertex with color number: 6 to node: 3
number of alive: 1000
Added edge (0, 4) with score 205
number of alive: 205
number of alive: 205
adding vertex with color number: 2 to node: 0
number of alive: 154
adding vertex with color number: 4 to node: 4
number of alive: 84
adding vertex with color number: 5 to node: 0
number of alive: 30
number of alive: 30
adding vertex with color number: 6 to node: 6
number of alive: 11
number of alive: 11
adding vertex with color number: 2 to node: 8
number of alive: 8
adding vertex with color number: 3 to node: 6
Time taken: 2.37117 seconds

Pattern appears in 4 graphs:
S[532] -> S_578.json
S[594] -> S_633.json
S[681] -> S_711.json
S[967] -> S_97.json
Pattern written to pattern.json
