first_color: 0
number of alive: 1000
adding vertex with color number: 7 to node: 0
number of alive: 1000
adding vertex with color number: 9 to node: 1
number of alive: 999
Added edge (0, 2) with score 80
number of alive: 80
number of alive: 80
adding vertex with color number: 0 to node: 2
number of alive: 63
number of alive: 63
adding vertex with color number: 1 to node: 0
number of alive: 47
adding vertex with color number: 8 to node: 3
number of alive: 16
number of alive: 16
adding vertex with color number: 1 to node: 2
number of alive: 14
adding vertex with color number: 15 to node: 1
Time taken: 0.527719 seconds

Pattern appears in 3 graphs:
S[162] -> S_244.json
S[475] -> S_526.json
S[628] -> S_664.json
Pattern written to pattern.json
