first_color: 0
number of alive: 1000
adding vertex with color number: 17 to node: 0
number of alive: 999
number of alive: 999
adding vertex with color number: 8 to node: 0
number of alive: 900
adding vertex with color number: 19 to node: 2
number of alive: 118
adding vertex with color number: 2 to node: 3
number of alive: 82
adding vertex with color number: 3 to node: 4
number of alive: 63
adding vertex with color number: 3 to node: 1
number of alive: 38
adding vertex with color number: 5 to node: 3
number of alive: 8
adding vertex with color number: 3 to node: 5
Time taken: 0.34405 seconds

Pattern appears in 5 graphs:
S[86] -> S_176.json
S[99] -> S_188.json
S[216] -> S_293.json
S[275] -> S_346.json
S[865] -> S_878.json
Pattern written to pattern.json
