first_color: 0
number of alive: 1000
adding vertex with color number: 10 to node: 0
number of alive: 1000
adding vertex with color number: 16 to node: 0
number of alive: 583
number of alive: 583
adding vertex with color number: 13 to node: 2
number of alive: 58
adding vertex with color number: 7 to node: 0
number of alive: 16
adding vertex with color number: 1 to node: 4
number of alive: 13
adding vertex with color number: 2 to node: 1
number of alive: 11
number of alive: 11
adding vertex with color number: 1 to node: 0
number of alive: 10
number of alive: 10
adding vertex with color number: 3 to node: 3
Time taken: 0.360578 seconds

Pattern appears in 5 graphs:
S[31] -> S_126.json
S[182] -> S_262.json
S[224] -> S_30.json
S[382] -> S_442.json
S[532] -> S_578.json
Pattern written to pattern.json
