first_color: 0
number of alive: 1000
adding vertex with color number: 17 to node: 0
number of alive: 999
adding vertex with color number: 4 to node: 1
number of alive: 980
adding vertex with color number: 3 to node: 0
number of alive: 952
adding vertex with color number: 9 to node: 0
number of alive: 424
adding vertex with color number: 4 to node: 3
number of alive: 308
number of alive: 308
adding vertex with color number: 1 to node: 5
number of alive: 273
Added edge (2, 6) with score 6
number of alive: 6
number of alive: 6
adding vertex with color number: 15 to node: 6
Time taken: 0.40075 seconds

Pattern appears in 1 graphs:
S[401] -> S_46.json
Pattern written to pattern.json
