first_color: 0
number of alive: 1000
adding vertex with color number: 16 to node: 0
number of alive: 1000
adding vertex with color number: 8 to node: 1
number of alive: 750
adding vertex with color number: 4 to node: 2
number of alive: 534
adding vertex with color number: 4 to node: 0
number of alive: 420
Added edge (3, 4) with score 8
number of alive: 8
number of alive: 8
adding vertex with color number: 0 to node: 1
number of alive: 7
adding vertex with color number: 1 to node: 3
Time taken: 0.353664 seconds

Pattern appears in 5 graphs:
S[303] -> S_371.json
S[321] -> S_388.json
S[507] -> S_555.json
S[525] -> S_571.json
S[968] -> S_970.json
Pattern written to pattern.json
