first_color: 0
number of alive: 1000
adding vertex with color number: 17 to node: 0
number of alive: 999
number of alive: 999
adding vertex with color number: 18 to node: 0
number of alive: 404
adding vertex with color number: 4 to node: 0
number of alive: 244
number of alive: 244
adding vertex with color number: 8 to node: 1
number of alive: 54
number of alive: 54
adding vertex with color number: 6 to node: 4
number of alive: 27
number of alive: 27
adding vertex with color number: 1 to node: 5
number of alive: 19
adding vertex with color number: 7 to node: 3
number of alive: 7
number of alive: 7
adding vertex with color number: 0 to node: 1
number of alive: 6
number of alive: 6
adding vertex with color number: 4 to node: 8
Time taken: 0.334647 seconds

Pattern appears in 5 graphs:
S[125] -> S_210.json
S[504] -> S_552.json
S[731] -> S_757.json
S[822] -> S_839.json
S[964] -> S_967.json
Pattern written to pattern.json
