first_color: 0
number of alive: 1000
adding vertex with color number: 5 to node: 0
number of alive: 1000
adding vertex with color number: 10 to node: 1
number of alive: 999
Added edge (0, 2) with score 57
number of alive: 57
number of alive: 57
adding vertex with color number: 4 to node: 1
number of alive: 32
adding vertex with color number: 0 to node: 1
number of alive: 26
number of alive: 26
adding vertex with color number: 4 to node: 3
number of alive: 13
number of alive: 13
adding vertex with color number: 8 to node: 0
Time taken: 0.599295 seconds

Pattern appears in 3 graphs:
S[623] -> S_66.json
S[736] -> S_761.json
S[986] -> S_987.json
Pattern written to pattern.json
