first_color: 0
number of alive: 1000
adding vertex with color number: 11 to node: 0
number of alive: 1000
adding vertex with color number: 7 to node: 1
number of alive: 965
adding vertex with color number: 4 to node: 0
number of alive: 911
adding vertex with color number: 2 to node: 2
number of alive: 841
adding vertex with color number: 4 to node: 2
number of alive: 649
adding vertex with color number: 7 to node: 4
number of alive: 346
Added edge (3, 5) with score 8
number of alive: 8
adding vertex with color number: 1 to node: 4
number of alive: 8
number of alive: 8
adding vertex with color number: 8 to node: 2
Time taken: 0.448493 seconds

Pattern appears in 4 graphs:
S[93] -> S_182.json
S[407] -> S_465.json
S[698] -> S_727.json
S[901] -> S_91.json
Pattern written to pattern.json
