first_color: 0
number of alive: 1000
adding vertex with color number: 7 to node: 0
number of alive: 1000
adding vertex with color number: 11 to node: 0
number of alive: 997
adding vertex with color number: 1 to node: 1
number of alive: 995
adding vertex with color number: 4 to node: 0
number of alive: 924
adding vertex with color number: 1 to node: 2
number of alive: 871
adding vertex with color number: 3 to node: 2
number of alive: 714
adding vertex with color number: 1 to node: 3
number of alive: 670
adding vertex with color number: 7 to node: 4
number of alive: 323
adding vertex with color number: 5 to node: 7
number of alive: 243
Added edge (3, 8) with score 7
number of alive: 7
number of alive: 7
adding vertex with color number: 13 to node: 5
Time taken: 0.741101 seconds

Pattern appears in 1 graphs:
S[427] -> S_483.json
Pattern written to pattern.json
