first_color: 0
number of alive: 1000
adding vertex with color number: 0 to node: 0
number of alive: 1000
number of alive: 1000
adding vertex with color number: 4 to node: 0
number of alive: 1000
adding vertex with color number: 0 to node: 2
number of alive: 1000
Added edge (1, 3) with score 738
number of alive: 738
adding vertex with color number: 3 to node: 2
number of alive: 563
Added edge (0, 4) with score 12
number of alive: 12
adding vertex with color number: 14 to node: 2
Time taken: 3.0725 seconds

Pattern appears in 3 graphs:
S[6] -> S_103.json
S[503] -> S_551.json
S[553] -> S_597.json
Pattern written to pattern.json
