first_color: 0
number of alive: 1000
adding vertex with color number: 15 to node: 0
number of alive: 999
adding vertex with color number: 2 to node: 0
number of alive: 996
adding vertex with color number: 4 to node: 1
number of alive: 961
adding vertex with color number: 3 to node: 3
number of alive: 899
adding vertex with color number: 11 to node: 1
number of alive: 125
adding vertex with color number: 3 to node: 4
number of alive: 95
Added edge (2, 6) with score 7
number of alive: 7
number of alive: 7
adding vertex with color number: 6 to node: 6
Time taken: 0.433742 seconds

Pattern appears in 5 graphs:
S[214] -> S_291.json
S[229] -> S_304.json
S[431] -> S_487.json
S[757] -> S_780.json
S[763] -> S_786.json
Pattern written to pattern.json
