first_color: 0
number of alive: 1000
adding vertex with color number: 8 to node: 0
number of alive: 1000
adding vertex with color number: 6 to node: 0
number of alive: 1000
Added edge (1, 2) with score 148
number of alive: 148
adding vertex with color number: 12 to node: 0
number of alive: 14
number of alive: 14
adding vertex with color number: 0 to node: 3
number of alive: 11
number of alive: 11
adding vertex with color number: 1 to node: 3
number of alive: 9
adding vertex with color number: 5 to node: 1
Time taken: 0.521168 seconds

Pattern appears in 3 graphs:
S[78] -> S_169.json
S[599] -> S_638.json
S[935] -> S_940.json
Pattern written to pattern.json
