first_color: 0
number of alive: 1000
adding vertex with color number: 14 to node: 0
number of alive: 1000
adding vertex with color number: 1 to node: 0
number of alive: 1000
Added edge (1, 2) with score 146
number of alive: 146
number of alive: 146
adding vertex with color number: 11 to node: 1
number of alive: 14
adding vertex with color number: 0 to node: 1
number of alive: 10
number of alive: 10
adding vertex with color number: 3 to node: 4
number of alive: 9
adding vertex with color number: 6 to node: 3
Time taken: 0.432593 seconds

Pattern appears in 4 graphs:
S[11] -> S_108.json
S[53] -> S_146.json
S[160] -> S_242.json
S[798] -> S_817.json
Pattern written to pattern.json
