first_color: 0
number of alive: 1000
adding vertex with color number: 16 to node: 0
number of alive: 1000
adding vertex with color number: 11 to node: 1
number of alive: 394
adding vertex with color number: 1 to node: 1
number of alive: 307
adding vertex with color number: 4 to node: 2
number of alive: 185
adding vertex with color number: 4 to node: 3
number of alive: 132
adding vertex with color number: 9 to node: 4
number of alive: 20
adding vertex with color number: 8 to node: 5
number of alive: 6
number of alive: 6
adding vertex with color number: 0 to node: 3
Time taken: 0.352469 seconds

Pattern appears in 5 graphs:
S[63] -> S_155.json
S[85] -> S_175.json
S[500] -> S_549.json
S[843] -> S_858.json
S[888] -> S_899.json
Pattern written to pattern.json
