first_color: 0
number of alive: 1000
adding vertex with color number: 18 to node: 0
number of alive: 999
number of alive: 999
adding vertex with color number: 5 to node: 0
number of alive: 978
adding vertex with color number: 3 to node: 2
number of alive: 923
Added edge (1, 3) with score 26
number of alive: 26
adding vertex with color number: 1 to node: 1
number of alive: 20
number of alive: 20
adding vertex with color number: 8 to node: 2
number of alive: 6
adding vertex with color number: 0 to node: 5
number of alive: 6
adding vertex with color number: 2 to node: 5
Time taken: 0.366156 seconds

Pattern appears in 3 graphs:
S[222] -> S_299.json
S[495] -> S_544.json
S[499] -> S_548.json
Pattern written to pattern.json
