first_color: 0
number of alive: 1000
adding vertex with color number: 9 to node: 0
number of alive: 1000
number of alive: 1000
adding vertex with color number: 1 to node: 1
number of alive: 1000
adding vertex with color number: 1 to node: 2
number of alive: 1000
adding vertex with color number: 6 to node: 3
number of alive: 1000
Added edge (0, 4) with score 169
number of alive: 169
adding vertex with color number: 1 to node: 0
number of alive: 139
adding vertex with color number: 4 to node: 4
number of alive: 73
number of alive: 73
adding vertex with color number: 0 to node: 5
number of alive: 65
adding vertex with color number: 12 to node: 5
number of alive: 9
adding vertex with color number: 17 to node: 0
Time taken: 0.954515 seconds

Pattern appears in 1 graphs:
S[415] -> S_472.json
Pattern written to pattern.json
