first_color: 0
number of alive: 1000
adding vertex with color number: 1 to node: 0
number of alive: 1000
adding vertex with color number: 9 to node: 1
number of alive: 1000
adding vertex with color number: 7 to node: 2
number of alive: 999
Added edge (0, 3) with score 107
number of alive: 107
adding vertex with color number: 0 to node: 0
number of alive: 89
adding vertex with color number: 4 to node: 2
number of alive: 49
adding vertex with color number: 2 to node: 4
number of alive: 39
adding vertex with color number: 2 to node: 5
number of alive: 33
adding vertex with color number: 13 to node: 7
number of alive: 7
number of alive: 7
adding vertex with color number: 6 to node: 1
Time taken: 1.32689 seconds

Pattern appears in 2 graphs:
S[17] -> S_113.json
S[372] -> S_433.json
Pattern written to pattern.json
