first_color: 0
number of alive: 1000
adding vertex with color number: 4 to node: 0
number of alive: 1000
adding vertex with color number: 18 to node: 0
number of alive: 994
adding vertex with color number: 7 to node: 0
number of alive: 820
adding vertex with color number: 13 to node: 0
number of alive: 131
adding vertex with color number: 3 to node: 0
number of alive: 75
adding vertex with color number: 0 to node: 4
number of alive: 56
adding vertex with color number: 1 to node: 4
number of alive: 40
number of alive: 40
adding vertex with color number: 6 to node: 1
number of alive: 18
number of alive: 18
adding vertex with color number: 7 to node: 7
number of alive: 7
number of alive: 7
adding vertex with color number: 2 to node: 6
number of alive: 6
number of alive: 6
adding vertex with color number: 1 to node: 5
Time taken: 0.748145 seconds

Pattern appears in 5 graphs:
S[184] -> S_264.json
S[556] -> S_6.json
S[606] -> S_644.json
S[648] -> S_682.json
S[931] -> S_937.json
Pattern written to pattern.json
