first_color: 0
number of alive: 1000
adding vertex with color number: 7 to node: 0
number of alive: 1000
adding vertex with color number: 8 to node: 0
number of alive: 1000
adding vertex with color number: 1 to node: 1
number of alive: 1000
Added edge (2, 3) with score 146
number of alive: 146
adding vertex with color number: 6 to node: 2
number of alive: 57
adding vertex with color number: 6 to node: 0
number of alive: 19
number of alive: 19
adding vertex with color number: 8 to node: 2
Time taken: 0.632207 seconds

Pattern appears in 5 graphs:
S[182] -> S_262.json
S[277] -> S_348.json
S[311] -> S_379.json
S[497] -> S_546.json
S[747] -> S_771.json
Pattern written to pattern.json
