first_color: 0
number of alive: 1000
adding vertex with color number: 15 to node: 0
number of alive: 999
adding vertex with color number: 11 to node: 0
number of alive: 596
number of alive: 596
adding vertex with color number: 4 to node: 1
number of alive: 405
adding vertex with color number: 10 to node: 3
number of alive: 56
number of alive: 56
adding vertex with color number: 4 to node: 2
number of alive: 29
number of alive: 29
adding vertex with color number: 10 to node: 4
Time taken: 0.335991 seconds

Pattern appears in 1 graphs:
S[299] -> S_368.json
Pattern written to pattern.json
