first_color: 0
number of alive: 1000
adding vertex with color number: 5 to node: 0
number of alive: 1000
adding vertex with color number: 3 to node: 1
number of alive: 1000
adding vertex with color number: 18 to node: 2
number of alive: 889
adding vertex with color number: 4 to node: 3
number of alive: 659
Added edge (0, 2) with score 18
number of alive: 18
number of alive: 18
adding vertex with color number: 8 to node: 2
Time taken: 0.878358 seconds

Pattern appears in 5 graphs:
S[160] -> S_242.json
S[207] -> S_285.json
S[565] -> S_607.json
S[698] -> S_727.json
S[848] -> S_862.json
Pattern written to pattern.json
