first_color: 0
number of alive: 1000
adding vertex with color number: 4 to node: 0
number of alive: 1000
adding vertex with color number: 16 to node: 1
number of alive: 981
Added edge (0, 2) with score 50
number of alive: 50
adding vertex with color number: 6 to node: 0
number of alive: 20
adding vertex with color number: 2 to node: 2
number of alive: 14
number of alive: 14
adding vertex with color number: 1 to node: 3
number of alive: 11
adding vertex with color number: 4 to node: 2
number of alive: 9
adding vertex with color number: 7 to node: 5
number of alive: 6
number of alive: 6
adding vertex with color number: 0 to node: 3
number of alive: 6
number of alive: 6
adding vertex with color number: 5 to node: 8
Time taken: 0.739008 seconds

Pattern appears in 4 graphs:
S[340] -> S_404.json
S[500] -> S_549.json
S[529] -> S_575.json
S[763] -> S_786.json
Pattern written to pattern.json
