first_color: 0
number of alive: 1000
adding vertex with color number: 10 to node: 0
number of alive: 1000
adding vertex with color number: 19 to node: 0
number of alive: 589
adding vertex with color number: 7 to node: 0
number of alive: 227
number of alive: 227
adding vertex with color number: 6 to node: 2
number of alive: 82
adding vertex with color number: 9 to node: 0
number of alive: 14
number of alive: 14
adding vertex with color number: 11 to node: 3
Time taken: 0.374972 seconds

Pattern appears in 3 graphs:
S[132] -> S_217.json
S[200] -> S_279.json
S[796] -> S_815.json
Pattern written to pattern.json
