first_color: 0
number of alive: 1000
adding vertex with color number: 11 to node: 0
number of alive: 1000
adding vertex with color number: 0 to node: 1
number of alive: 1000
Added edge (0, 2) with score 83
number of alive: 83
adding vertex with color number: 5 to node: 2
number of alive: 47
adding vertex with color number: 8 to node: 1
number of alive: 19
adding vertex with color number: 3 to node: 1
number of alive: 15
adding vertex with color number: 5 to node: 5
number of alive: 10
number of alive: 10
adding vertex with color number: 4 to node: 2
Time taken: 0.436847 seconds

Pattern appears in 5 graphs:
S[306] -> S_374.json
S[380] -> S_440.json
S[581] -> S_621.json
S[748] -> S_772.json
S[895] -> S_904.json
Pattern written to pattern.json
