first_color: 0
number of alive: 1000
adding vertex with color number: 15 to node: 0
number of alive: 999
adding vertex with color number: 7 to node: 1
number of alive: 840
adding vertex with color number: 0 to node: 2
number of alive: 772
Added edge (0, 3) with score 20
number of alive: 20
number of alive: 20
adding vertex with color number: 2 to node: 2
number of alive: 13
adding vertex with color number: 8 to node: 1
Time taken: 0.362264 seconds

Pattern appears in 4 graphs:
S[222] -> S_299.json
S[359] -> S_421.json
S[452] -> S_505.json
S[814] -> S_831.json
Pattern written to pattern.json
