first_color: 0
number of alive: 1000
adding vertex with color number: 5 to node: 0
number of alive: 1000
adding vertex with color number: 17 to node: 1
number of alive: 767
adding vertex with color number: 10 to node: 1
number of alive: 73
number of alive: 73
adding vertex with color number: 0 to node: 3
number of alive: 50
adding vertex with color number: 2 to node: 4
number of alive: 33
adding vertex with color number: 0 to node: 2
number of alive: 19
number of alive: 19
adding vertex with color number: 2 to node: 0
number of alive: 13
adding vertex with color number: 3 to node: 0
number of alive: 11
number of alive: 11
adding vertex with color number: 0 to node: 6
number of alive: 6
number of alive: 6
adding vertex with color number: 7 to node: 7
Time taken: 0.44636 seconds

Pattern appears in 2 graphs:
S[114] -> S_200.json
S[232] -> S_307.json
Pattern written to pattern.json
