first_color: 0
number of alive: 1000
adding vertex with color number: 3 to node: 0
number of alive: 1000
number of alive: 1000
adding vertex with color number: 3 to node: 1
number of alive: 1000
adding vertex with color number: 9 to node: 1
number of alive: 992
Added edge (0, 2) with score 31
number of alive: 31
number of alive: 31
adding vertex with color number: 0 to node: 2
number of alive: 26
adding vertex with color number: 4 to node: 2
number of alive: 6
adding vertex with color number: 1 to node: 4
Time taken: 0.812006 seconds

Pattern appears in 5 graphs:
S[44] -> S_138.json
S[786] -> S_806.json
S[805] -> S_823.json
S[884] -> S_895.json
S[918] -> S_925.json
Pattern written to pattern.json
