first_color: 0
number of alive: 1000
adding vertex with color number: 17 to node: 0
number of alive: 995
adding vertex with color number: 15 to node: 0
number of alive: 176
adding vertex with color number: 6 to node: 0
number of alive: 47
adding vertex with color number: 0 to node: 1
number of alive: 29
adding vertex with color number: 2 to node: 3
number of alive: 16
adding vertex with color number: 0 to node: 5
number of alive: 12
number of alive: 12
adding vertex with color number: 0 to node: 2
Time taken: 0.2948 seconds

Pattern appears in 5 graphs:
S[510] -> S_558.json
S[655] -> S_689.json
S[819] -> S_836.json
S[830] -> S_846.json
S[963] -> S_966.json
Pattern written to pattern.json
