first_color: 0
number of alive: 1000
adding vertex with color number: 1 to node: 0
number of alive: 1000
adding vertex with color number: 3 to node: 0
number of alive: 1000
Added edge (1, 2) with score 412
number of alive: 412
adding vertex with color number: 4 to node: 1
number of alive: 195
number of alive: 195
adding vertex with color number: 5 to node: 1
number of alive: 51
number of alive: 51
adding vertex with color number: 7 to node: 0
number of alive: 8
number of alive: 8
adding vertex with color number: 3 to node: 3
number of alive: 7
adding vertex with color number: 4 to node: 2
Time taken: 0.986348 seconds

Pattern appears in 2 graphs:
S[294] -> S_363.json
S[417] -> S_474.json
Pattern written to pattern.json
