first_color: 0
number of alive: 1000
adding vertex with color number: 8 to node: 0
number of alive: 1000
adding vertex with color number: 0 to node: 1
number of alive: 1000
Added edge (0, 2) with score 57
number of alive: 57
adding vertex with color number: 2 to node: 2
number of alive: 43
adding vertex with color number: 0 to node: 3
number of alive: 37
adding vertex with color number: 6 to node: 1
Time taken: 0.44032 seconds

Pattern appears in 4 graphs:
S[64] -> S_156.json
S[301] -> S_37.json
S[358] -> S_420.json
S[425] -> S_481.json
Pattern written to pattern.json
