first_color: 0
number of alive: 1000
adding vertex with color number: 0 to node: 0
number of alive: 1000
adding vertex with color number: 12 to node: 1
number of alive: 999
Added edge (0, 2) with score 27
number of alive: 27
number of alive: 27
adding vertex with color number: 2 to node: 2
number of alive: 17
number of alive: 17
adding vertex with color number: 4 to node: 3
number of alive: 11
adding vertex with color number: 11 to node: 4
Time taken: 0.750073 seconds

Pattern appears in 2 graphs:
S[42] -> S_136.json
S[418] -> S_475.json
Pattern written to pattern.json
