first_color: 0
number of alive: 1000
adding vertex with color number: 12 to node: 0
number of alive: 1000
adding vertex with color number: 2 to node: 0
number of alive: 999
adding vertex with color number: 17 to node: 1
number of alive: 151
adding vertex with color number: 4 to node: 0
number of alive: 71
number of alive: 71
adding vertex with color number: 3 to node: 3
number of alive: 34
number of alive: 34
adding vertex with color number: 4 to node: 2
number of alive: 21
adding vertex with color number: 3 to node: 1
number of alive: 14
adding vertex with color number: 1 to node: 6
number of alive: 11
adding vertex with color number: 1 to node: 0
number of alive: 8
adding vertex with color number: 3 to node: 7
Time taken: 0.343925 seconds

Pattern appears in 4 graphs:
S[232] -> S_307.json
S[268] -> S_34.json
S[423] -> S_48.json
S[867] -> S_88.json
Pattern written to pattern.json
