first_color: 0
number of alive: 1000
adding vertex with color number: 13 to node: 0
number of alive: 1000
adding vertex with color number: 9 to node: 1
number of alive: 629
adding vertex with color number: 0 to node: 1
number of alive: 315
adding vertex with color number: 8 to node: 0
number of alive: 97
adding vertex with color number: 10 to node: 2
number of alive: 6
number of alive: 6
adding vertex with color number: 3 to node: 5
Time taken: 0.329531 seconds

Pattern appears in 4 graphs:
S[69] -> S_160.json
S[231] -> S_306.json
S[500] -> S_549.json
S[706] -> S_734.json
Pattern written to pattern.json
