first_color: 0
number of alive: 1000
adding vertex with color number: 8 to node: 0
number of alive: 1000
adding vertex with color number: 2 to node: 1
number of alive: 1000
adding vertex with color number: 1 to node: 0
number of alive: 1000
adding vertex with color number: 6 to node: 1
number of alive: 900
adding vertex with color number: 11 to node: 1
number of alive: 108
adding vertex with color number: 2 to node: 0
number of alive: 64
adding vertex with color number: 3 to node: 3
number of alive: 30
adding vertex with color number: 2 to node: 4
number of alive: 16
number of alive: 16
adding vertex with color number: 3 to node: 5
number of alive: 7
adding vertex with color number: 9 to node: 6
Time taken: 0.53661 seconds

Pattern appears in 2 graphs:
S[361] -> S_423.json
S[492] -> S_541.json
Pattern written to pattern.json
