first_color: 0
number of alive: 1000
adding vertex with color number: 12 to node: 0
number of alive: 1000
adding vertex with color number: 3 to node: 0
number of alive: 994
adding vertex with color number: 1 to node: 1
number of alive: 969
adding vertex with color number: 18 to node: 1
number of alive: 75
number of alive: 75
adding vertex with color number: 2 to node: 0
number of alive: 41
adding vertex with color number: 3 to node: 3
number of alive: 22
number of alive: 22
adding vertex with color number: 16 to node: 5
Time taken: 0.354467 seconds

Pattern appears in 2 graphs:
S[303] -> S_371.json
S[671] -> S_702.json
Pattern written to pattern.json
