first_color: 0
number of alive: 1000
adding vertex with color number: 7 to node: 0
number of alive: 1000
adding vertex with color number: 4 to node: 0
number of alive: 1000
Added edge (1, 2) with score 95
number of alive: 95
adding vertex with color number: 2 to node: 0
number of alive: 58
number of alive: 58
adding vertex with color number: 1 to node: 2
number of alive: 34
number of alive: 34
adding vertex with color number: 1 to node: 4
number of alive: 27
adding vertex with color number: 3 to node: 4
number of alive: 13
number of alive: 13
adding vertex with color number: 2 to node: 3
number of alive: 6
number of alive: 6
adding vertex with color number: 8 to node: 3
Time taken: 0.446916 seconds

Pattern appears in 1 graphs:
S[936] -> S_941.json
Pattern written to pattern.json
