first_color: 0
number of alive: 1000
adding vertex with color number: 1 to node: 0
number of alive: 1000
adding vertex with color number: 15 to node: 0
number of alive: 970
adding vertex with color number: 12 to node: 2
number of alive: 169
number of alive: 169
adding vertex with color number: 1 to node: 2
number of alive: 96
adding vertex with color number: 4 to node: 2
number of alive: 31
adding vertex with color number: 5 to node: 1
number of alive: 17
number of alive: 17
adding vertex with color number: 0 to node: 6
number of alive: 14
adding vertex with color number: 0 to node: 1
number of alive: 10
adding vertex with color number: 0 to node: 4
number of alive: 9
number of alive: 9
adding vertex with color number: 10 to node: 2
Time taken: 0.702967 seconds

Pattern appears in 2 graphs:
S[216] -> S_293.json
S[863] -> S_876.json
Pattern written to pattern.json
