first_color: 0
number of alive: 1000
adding vertex with color number: 18 to node: 0
number of alive: 996
adding vertex with color number: 3 to node: 1
number of alive: 905
adding vertex with color number: 7 to node: 1
number of alive: 330
number of alive: 330
adding vertex with color number: 8 to node: 0
number of alive: 89
adding vertex with color number: 1 to node: 0
number of alive: 61
number of alive: 61
adding vertex with color number: 2 to node: 5
number of alive: 45
number of alive: 45
adding vertex with color number: 3 to node: 3
number of alive: 19
adding vertex with color number: 5 to node: 2
Time taken: 0.312777 seconds

Pattern appears in 5 graphs:
S[178] -> S_259.json
S[283] -> S_353.json
S[405] -> S_463.json
S[419] -> S_476.json
S[507] -> S_555.json
Pattern written to pattern.json
