first_color: 0
number of alive: 1000
adding vertex with color number: 18 to node: 0
number of alive: 996
adding vertex with color number: 6 to node: 1
number of alive: 680
adding vertex with color number: 2 to node: 1
number of alive: 438
adding vertex with color number: 11 to node: 2
number of alive: 26
adding vertex with color number: 2 to node: 0
number of alive: 17
adding vertex with color number: 2 to node: 5
number of alive: 9
adding vertex with color number: 3 to node: 6
number of alive: 6
number of alive: 6
adding vertex with color number: 7 to node: 5
Time taken: 0.30782 seconds

Pattern appears in 3 graphs:
S[475] -> S_526.json
S[487] -> S_537.json
S[504] -> S_552.json
Pattern written to pattern.json
