first_color: 0
number of alive: 1000
adding vertex with color number: 4 to node: 0
number of alive: 1000
adding vertex with color number: 2 to node: 1
number of alive: 1000
adding vertex with color number: 11 to node: 2
number of alive: 944
adding vertex with color number: 4 to node: 1
number of alive: 716
adding vertex with color number: 4 to node: 3
number of alive: 404
adding vertex with color number: 8 to node: 5
number of alive: 86
adding vertex with color number: 2 to node: 2
number of alive: 47
number of alive: 47
adding vertex with color number: 5 to node: 4
number of alive: 18
adding vertex with color number: 9 to node: 3
Time taken: 0.766057 seconds

Pattern appears in 3 graphs:
S[399] -> S_458.json
S[659] -> S_692.json
S[746] -> S_770.json
Pattern written to pattern.json
