first_color: 0
number of alive: 1000
adding vertex with color number: 15 to node: 0
number of alive: 995
adding vertex with color number: 2 to node: 1
number of alive: 935
adding vertex with color number: 0 to node: 1
number of alive: 677
adding vertex with color number: 7 to node: 3
number of alive: 355
adding vertex with color number: 3 to node: 3
number of alive: 193
number of alive: 193
adding vertex with color number: 0 to node: 4
number of alive: 130
adding vertex with color number: 1 to node: 1
number of alive: 86
adding vertex with color number: 5 to node: 5
number of alive: 21
number of alive: 21
adding vertex with color number: 1 to node: 6
number of alive: 15
adding vertex with color number: 0 to node: 8
number of alive: 10
adding vertex with color number: 0 to node: 2
number of alive: 7
adding vertex with color number: 7 to node: 0
Time taken: 0.333398 seconds

Pattern appears in 3 graphs:
S[132] -> S_217.json
S[686] -> S_716.json
S[746] -> S_770.json
Pattern written to pattern.json
