first_color: 0
number of alive: 1000
adding vertex with color number: 9 to node: 0
number of alive: 1000
number of alive: 1000
adding vertex with color number: 8 to node: 0
number of alive: 976
adding vertex with color number: 4 to node: 0
number of alive: 784
adding vertex with color number: 2 to node: 2
number of alive: 567
Added edge (3, 4) with score 6
number of alive: 6
adding vertex with color number: 4 to node: 2
Time taken: 0.363476 seconds

Pattern appears in 3 graphs:
S[98] -> S_187.json
S[311] -> S_379.json
S[583] -> S_623.json
Pattern written to pattern.json
