first_color: 0
number of alive: 1000
adding vertex with color number: 1 to node: 0
number of alive: 1000
adding vertex with color number: 8 to node: 0
number of alive: 1000
Added edge (1, 2) with score 121
number of alive: 121
adding vertex with color number: 5 to node: 2
number of alive: 35
number of alive: 35
adding vertex with color number: 0 to node: 2
number of alive: 24
number of alive: 24
adding vertex with color number: 2 to node: 4
number of alive: 18
adding vertex with color number: 3 to node: 4
number of alive: 9
number of alive: 9
adding vertex with color number: 6 to node: 0
Time taken: 0.761193 seconds

Pattern appears in 2 graphs:
S[45] -> S_139.json
S[947] -> S_951.json
Pattern written to pattern.json
