first_color: 0
number of alive: 1000
adding vertex with color number: 7 to node: 0
number of alive: 1000
adding vertex with color number: 9 to node: 0
number of alive: 992
adding vertex with color number: 19 to node: 1
number of alive: 124
adding vertex with color number: 5 to node: 2
number of alive: 45
number of alive: 45
adding vertex with color number: 5 to node: 1
number of alive: 10
adding vertex with color number: 0 to node: 5
number of alive: 8
number of alive: 8
adding vertex with color number: 7 to node: 6
Time taken: 0.396399 seconds

Pattern appears in 1 graphs:
S[374] -> S_435.json
Pattern written to pattern.json
