first_color: 0
number of alive: 1000
adding vertex with color number: 5 to node: 0
number of alive: 1000
adding vertex with color number: 4 to node: 0
number of alive: 1000
Added edge (1, 2) with score 142
number of alive: 142
number of alive: 142
adding vertex with color number: 9 to node: 0
number of alive: 15
adding vertex with color number: 4 to node: 3
number of alive: 6
adding vertex with color number: 1 to node: 1
Time taken: 0.510303 seconds

Pattern appears in 5 graphs:
S[319] -> S_386.json
S[324] -> S_390.json
S[336] -> S_400.json
S[623] -> S_66.json
S[881] -> S_892.json
Pattern written to pattern.json
