first_color: 0
number of alive: 1000
adding vertex with color number: 19 to node: 0
number of alive: 993
number of alive: 993
adding vertex with color number: 0 to node: 0
number of alive: 969
adding vertex with color number: 9 to node: 0
number of alive: 357
number of alive: 357
adding vertex with color number: 2 to node: 2
number of alive: 265
adding vertex with color number: 0 to node: 1
number of alive: 175
adding vertex with color number: 2 to node: 0
number of alive: 93
number of alive: 93
adding vertex with color number: 0 to node: 2
number of alive: 63
adding vertex with color number: 2 to node: 7
number of alive: 44
number of alive: 44
adding vertex with color number: 0 to node: 8
number of alive: 39
adding vertex with color number: 5 to node: 2
number of alive: 6
number of alive: 6
adding vertex with color number: 1 to node: 5
Time taken: 0.326037 seconds

Pattern appears in 5 graphs:
S[364] -> S_426.json
S[694] -> S_723.json
S[761] -> S_784.json
S[833] -> S_849.json
S[979] -> S_980.json
Pattern written to pattern.json
