first_color: 0
number of alive: 1000
adding vertex with color number: 15 to node: 0
number of alive: 995
adding vertex with color number: 9 to node: 0
number of alive: 521
adding vertex with color number: 3 to node: 0
number of alive: 296
adding vertex with color number: 4 to node: 2
number of alive: 138
number of alive: 138
adding vertex with color number: 8 to node: 4
number of alive: 24
adding vertex with color number: 1 to node: 1
number of alive: 13
adding vertex with color number: 2 to node: 6
number of alive: 7
adding vertex with color number: 7 to node: 0
Time taken: 0.303982 seconds

Pattern appears in 1 graphs:
S[211] -> S_289.json
Pattern written to pattern.json
