first_color: 0
number of alive: 1000
adding vertex with color number: 19 to node: 0
number of alive: 993
number of alive: 993
adding vertex with color number: 6 to node: 0
number of alive: 790
adding vertex with color number: 5 to node: 2
number of alive: 393
number of alive: 393
adding vertex with color number: 8 to node: 2
number of alive: 81
adding vertex with color number: 12 to node: 2
Time taken: 0.304393 seconds

Pattern appears in 4 graphs:
S[2] -> S_100.json
S[33] -> S_128.json
S[439] -> S_494.json
S[978] -> S_98.json
Pattern written to pattern.json
