first_color: 0
number of alive: 1000
adding vertex with color number: 9 to node: 0
number of alive: 1000
number of alive: 1000
adding vertex with color number: 10 to node: 0
number of alive: 758
number of alive: 758
adding vertex with color number: 5 to node: 1
number of alive: 324
number of alive: 324
adding vertex with color number: 4 to node: 0
number of alive: 145
adding vertex with color number: 3 to node: 0
number of alive: 72
adding vertex with color number: 2 to node: 5
number of alive: 47
number of alive: 47
adding vertex with color number: 4 to node: 1
number of alive: 20
adding vertex with color number: 4 to node: 6
number of alive: 12
number of alive: 12
adding vertex with color number: 3 to node: 3
number of alive: 7
number of alive: 7
adding vertex with color number: 6 to node: 9
Time taken: 0.34496 seconds

Pattern appears in 1 graphs:
S[933] -> S_939.json
Pattern written to pattern.json
