first_color: 0
number of alive: 1000
adding vertex with color number: 15 to node: 0
number of alive: 995
number of alive: 995
adding vertex with color number: 7 to node: 0
number of alive: 753
adding vertex with color number: 2 to node: 2
number of alive: 553
adding vertex with color number: 6 to node: 0
number of alive: 183
adding vertex with color number: 0 to node: 2
number of alive: 120
number of alive: 120
adding vertex with color number: 2 to node: 4
number of alive: 65
adding vertex with color number: 1 to node: 4
number of alive: 43
adding vertex with color number: 1 to node: 0
number of alive: 29
number of alive: 29
adding vertex with color number: 17 to node: 5
Time taken: 0.308391 seconds

Pattern appears in 1 graphs:
S[613] -> S_650.json
Pattern written to pattern.json
