first_color: 0
number of alive: 1000
adding vertex with color number: 19 to node: 0
number of alive: 993
adding vertex with color number: 0 to node: 0
number of alive: 969
adding vertex with color number: 14 to node: 0
number of alive: 203
adding vertex with color number: 2 to node: 3
number of alive: 110
adding vertex with color number: 2 to node: 4
number of alive: 62
number of alive: 62
adding vertex with color number: 3 to node: 4
number of alive: 34
number of alive: 34
adding vertex with color number: 4 to node: 2
number of alive: 20
number of alive: 20
adding vertex with color number: 1 to node: 6
number of alive: 17
number of alive: 17
adding vertex with color number: 1 to node: 0
number of alive: 9
number of alive: 9
adding vertex with color number: 2 to node: 2
number of alive: 7
adding vertex with color number: 6 to node: 7
Time taken: 0.320596 seconds

Pattern appears in 4 graphs:
S[38] -> S_132.json
S[316] -> S_383.json
S[553] -> S_597.json
S[908] -> S_916.json
Pattern written to pattern.json
