first_color: 0
number of alive: 1000
adding vertex with color number: 11 to node: 0
number of alive: 1000
number of alive: 1000
adding vertex with color number: 2 to node: 1
number of alive: 991
Added edge (0, 2) with score 30
number of alive: 30
adding vertex with color number: 2 to node: 2
number of alive: 15
adding vertex with color number: 5 to node: 1
Time taken: 0.326933 seconds

Pattern appears in 5 graphs:
S[697] -> S_726.json
S[700] -> S_729.json
S[784] -> S_804.json
S[797] -> S_816.json
S[802] -> S_820.json
Pattern written to pattern.json
