first_color: 0
number of alive: 1000
adding vertex with color number: 14 to node: 0
number of alive: 1000
adding vertex with color number: 8 to node: 0
number of alive: 869
adding vertex with color number: 4 to node: 1
number of alive: 538
adding vertex with color number: 5 to node: 0
number of alive: 218
adding vertex with color number: 2 to node: 0
number of alive: 118
number of alive: 118
adding vertex with color number: 3 to node: 4
number of alive: 56
number of alive: 56
adding vertex with color number: 0 to node: 4
number of alive: 34
adding vertex with color number: 1 to node: 2
number of alive: 21
number of alive: 21
adding vertex with color number: 5 to node: 5
Time taken: 0.324623 seconds

Pattern appears in 5 graphs:
S[25] -> S_120.json
S[365] -> S_427.json
S[698] -> S_727.json
S[836] -> S_851.json
S[986] -> S_987.json
Pattern written to pattern.json
