first_color: 0
number of alive: 1000
adding vertex with color number: 8 to node: 0
number of alive: 1000
number of alive: 1000
adding vertex with color number: 14 to node: 0
number of alive: 869
adding vertex with color number: 11 to node: 1
number of alive: 105
number of alive: 105
adding vertex with color number: 0 to node: 1
number of alive: 70
adding vertex with color number: 7 to node: 3
number of alive: 16
number of alive: 16
adding vertex with color number: 8 to node: 5
Time taken: 0.373497 seconds

Pattern appears in 1 graphs:
S[824] -> S_840.json
Pattern written to pattern.json
