first_color: 0
number of alive: 1000
adding vertex with color number: 2 to node: 0
number of alive: 1000
adding vertex with color number: 13 to node: 0
number of alive: 999
Added edge (1, 2) with score 36
number of alive: 36
adding vertex with color number: 0 to node: 2
number of alive: 26
number of alive: 26
adding vertex with color number: 5 to node: 0
number of alive: 8
adding vertex with color number: 5 to node: 1
Time taken: 0.635619 seconds

Pattern appears in 4 graphs:
S[47] -> S_140.json
S[123] -> S_209.json
S[137] -> S_221.json
S[174] -> S_255.json
Pattern written to pattern.json
