first_color: 0
number of alive: 1000
adding vertex with color number: 0 to node: 0
number of alive: 1000
number of alive: 1000
adding vertex with color number: 8 to node: 0
number of alive: 1000
adding vertex with color number: 3 to node: 0
number of alive: 1000
adding vertex with color number: 5 to node: 0
number of alive: 953
Added edge (1, 4) with score 20
number of alive: 20
adding vertex with color number: 2 to node: 2
number of alive: 8
number of alive: 8
adding vertex with color number: 2 to node: 1
number of alive: 6
adding vertex with color number: 4 to node: 2
Time taken: 0.918087 seconds

Pattern appears in 4 graphs:
S[15] -> S_111.json
S[287] -> S_357.json
S[505] -> S_553.json
S[755] -> S_779.json
Pattern written to pattern.json
