first_color: 0
number of alive: 1000
adding vertex with color number: 10 to node: 0
number of alive: 1000
adding vertex with color number: 9 to node: 0
number of alive: 758
adding vertex with color number: 6 to node: 1
number of alive: 258
number of alive: 258
adding vertex with color number: 4 to node: 0
number of alive: 105
adding vertex with color number: 0 to node: 3
number of alive: 69
adding vertex with color number: 1 to node: 4
number of alive: 52
number of alive: 52
adding vertex with color number: 2 to node: 2
number of alive: 24
number of alive: 24
adding vertex with color number: 4 to node: 1
number of alive: 13
adding vertex with color number: 1 to node: 6
number of alive: 11
number of alive: 11
adding vertex with color number: 0 to node: 9
number of alive: 9
number of alive: 9
adding vertex with color number: 8 to node: 4
Time taken: 0.325483 seconds

Pattern appears in 3 graphs:
S[111] -> S_199.json
S[302] -> S_370.json
S[440] -> S_495.json
Pattern written to pattern.json
