Run 1:
Time taken: 0.525637 seconds
Pattern appears in 2 graphs:
---
Run 2:
Time taken: 0.28091 seconds
Pattern appears in 5 graphs:
---
Run 3:
Time taken: 0.355222 seconds
Pattern appears in 4 graphs:
---
Run 4:
Time taken: 0.295813 seconds
Pattern appears in 3 graphs:
---
Run 5:
Time taken: 0.282144 seconds
Pattern appears in 4 graphs:
---
Run 6:
Time taken: 0.282515 seconds
Pattern appears in 5 graphs:
---
Run 7:
Time taken: 0.280469 seconds
Pattern appears in 1 graphs:
---
Run 8:
Time taken: 0.299865 seconds
Pattern appears in 1 graphs:
---
Run 9:
Time taken: 0.315672 seconds
Pattern appears in 1 graphs:
---
Run 10:
Time taken: 0.290371 seconds
Pattern appears in 5 graphs:
---
Run 11:
Time taken: 0.280363 seconds
Pattern appears in 2 graphs:
---
Run 12:
Time taken: 0.343178 seconds
Pattern appears in 1 graphs:
---
Run 13:
Time taken: 0.350997 seconds
Pattern appears in 2 graphs:
---
Run 14:
Time taken: 0.399 seconds
Pattern appears in 4 graphs:
---
Run 15:
Time taken: 0.318703 seconds
Pattern appears in 1 graphs:
---
Run 16:
Time taken: 0.360361 seconds
Pattern appears in 1 graphs:
---
Run 17:
Time taken: 0.500023 seconds
Pattern appears in 2 graphs:
---
Run 18:
Time taken: 0.319945 seconds
Pattern appears in 1 graphs:
---
Run 19:
Time taken: 0.275517 seconds
Pattern appears in 1 graphs:
---
Run 20:
Time taken: 0.291032 seconds
Pattern appears in 3 graphs:
---
Run 21:
Time taken: 0.554438 seconds
Pattern appears in 4 graphs:
---
Run 22:
Time taken: 0.34445 seconds
Pattern appears in 2 graphs:
---
Run 23:
Time taken: 0.353412 seconds
Pattern appears in 2 graphs:
---
Run 24:
Time taken: 0.413295 seconds
Pattern appears in 2 graphs:
---
Run 25:
Time taken: 0.269154 seconds
Pattern appears in 2 graphs:
---
Run 26:
Time taken: 0.280204 seconds
Pattern appears in 3 graphs:
---
Run 27:
Time taken: 0.286599 seconds
Pattern appears in 2 graphs:
---
Run 28:
Time taken: 0.281578 seconds
Pattern appears in 4 graphs:
---
Run 29:
Time taken: 0.279535 seconds
Pattern appears in 3 graphs:
---
Run 30:
Time taken: 0.29117 seconds
Pattern appears in 2 graphs:
---
Run 31:
Time taken: 0.476834 seconds
Pattern appears in 2 graphs:
---
Run 32:
Time taken: 0.280917 seconds
Pattern appears in 5 graphs:
---
Run 33:
Time taken: 0.500811 seconds
Pattern appears in 4 graphs:
---
Run 34:
Time taken: 0.33385 seconds
Pattern appears in 3 graphs:
---
Run 35:
Time taken: 0.351385 seconds
Pattern appears in 5 graphs:
---
Run 36:
Time taken: 0.519128 seconds
Pattern appears in 3 graphs:
---
Run 37:
Time taken: 0.420383 seconds
Pattern appears in 3 graphs:
---
Run 38:
Time taken: 0.361924 seconds
Pattern appears in 4 graphs:
---
Run 39:
Time taken: 0.273506 seconds
Pattern appears in 3 graphs:
---
Run 40:
Time taken: 0.430002 seconds
Pattern appears in 5 graphs:
---
Run 41:
Time taken: 0.276573 seconds
Pattern appears in 4 graphs:
---
Run 42:
Time taken: 0.566231 seconds
Pattern appears in 4 graphs:
---
Run 43:
Time taken: 0.289704 seconds
Pattern appears in 3 graphs:
---
Run 44:
Time taken: 0.300962 seconds
Pattern appears in 3 graphs:
---
Run 45:
Time taken: 0.332264 seconds
Pattern appears in 5 graphs:
---
Run 46:
Time taken: 0.284174 seconds
Pattern appears in 2 graphs:
---
Run 47:
Time taken: 0.344896 seconds
Pattern appears in 3 graphs:
---
Run 48:
Time taken: 0.300654 seconds
Pattern appears in 5 graphs:
---
Run 49:
Time taken: 0.289406 seconds
Pattern appears in 1 graphs:
---
Run 50:
Time taken: 0.344388 seconds
Pattern appears in 2 graphs:
---
Run 51:
Time taken: 0.620879 seconds
Pattern appears in 5 graphs:
---
Run 52:
Time taken: 0.281545 seconds
Pattern appears in 2 graphs:
---
Run 53:
Time taken: 0.272439 seconds
Pattern appears in 2 graphs:
---
Run 54:
Time taken: 0.289658 seconds
Pattern appears in 1 graphs:
---
Run 55:
Time taken: 0.467571 seconds
Pattern appears in 4 graphs:
---
Run 56:
Time taken: 0.281012 seconds
Pattern appears in 5 graphs:
---
Run 57:
Time taken: 0.280197 seconds
Pattern appears in 5 graphs:
---
Run 58:
Time taken: 0.469557 seconds
Pattern appears in 3 graphs:
---
Run 59:
Time taken: 0.431548 seconds
Pattern appears in 1 graphs:
---
Run 60:
Time taken: 0.274583 seconds
Pattern appears in 3 graphs:
---
Run 61:
Time taken: 0.560005 seconds
Pattern appears in 1 graphs:
---
Run 62:
Time taken: 0.306805 seconds
Pattern appears in 4 graphs:
---
Run 63:
Time taken: 0.309561 seconds
Pattern appears in 5 graphs:
---
Run 64:
Time taken: 0.422215 seconds
Pattern appears in 2 graphs:
---
Run 65:
Time taken: 0.339329 seconds
Pattern appears in 3 graphs:
---
Run 66:
Time taken: 0.26714 seconds
Pattern appears in 3 graphs:
---
Run 67:
Time taken: 0.315052 seconds
Pattern appears in 2 graphs:
---
Run 68:
Time taken: 0.283193 seconds
Pattern appears in 2 graphs:
---
Run 69:
Time taken: 0.268791 seconds
Pattern appears in 2 graphs:
---
Run 70:
Time taken: 0.281126 seconds
Pattern appears in 3 graphs:
---
Run 71:
Time taken: 0.276385 seconds
Pattern appears in 4 graphs:
---
Run 72:
Time taken: 0.435862 seconds
Pattern appears in 5 graphs:
---
Run 73:
Time taken: 0.348615 seconds
Pattern appears in 2 graphs:
---
Run 74:
Time taken: 0.516149 seconds
Pattern appears in 1 graphs:
---
Run 75:
Time taken: 0.331981 seconds
Pattern appears in 3 graphs:
---
Run 76:
Time taken: 0.393324 seconds
Pattern appears in 1 graphs:
---
Run 77:
Time taken: 0.2816 seconds
Pattern appears in 1 graphs:
---
Run 78:
Time taken: 0.32771 seconds
Pattern appears in 1 graphs:
---
Run 79:
Time taken: 0.520809 seconds
Pattern appears in 2 graphs:
---
Run 80:
Time taken: 0.443886 seconds
Pattern appears in 5 graphs:
---
Run 81:
Time taken: 0.323743 seconds
Pattern appears in 1 graphs:
---
Run 82:
Time taken: 0.310697 seconds
Pattern appears in 4 graphs:
---
Run 83:
Time taken: 0.325074 seconds
Pattern appears in 5 graphs:
---
Run 84:
Time taken: 0.341368 seconds
Pattern appears in 4 graphs:
---
Run 85:
Time taken: 0.352593 seconds
Pattern appears in 3 graphs:
---
Run 86:
Time taken: 0.271763 seconds
Pattern appears in 5 graphs:
---
Run 87:
Time taken: 0.553335 seconds
Pattern appears in 2 graphs:
---
Run 88:
Time taken: 0.420872 seconds
Pattern appears in 2 graphs:
---
Run 89:
Time taken: 0.425216 seconds
Pattern appears in 2 graphs:
---
Run 90:
Time taken: 0.26873 seconds
Pattern appears in 5 graphs:
---
Run 91:
Time taken: 0.275268 seconds
Pattern appears in 5 graphs:
---
Run 92:
Time taken: 0.440201 seconds
Pattern appears in 2 graphs:
---
Run 93:
Time taken: 0.277682 seconds
Pattern appears in 5 graphs:
---
Run 94:
Time taken: 0.361489 seconds
Pattern appears in 2 graphs:
---
Run 95:
Time taken: 0.272668 seconds
Pattern appears in 4 graphs:
---
Run 96:
Time taken: 0.272414 seconds
Pattern appears in 3 graphs:
---
Run 97:
Time taken: 0.284789 seconds
Pattern appears in 2 graphs:
---
Run 98:
Time taken: 0.293324 seconds
Pattern appears in 1 graphs:
---
Run 99:
Time taken: 0.511994 seconds
Pattern appears in 2 graphs:
---
Run 100:
Time taken: 0.352372 seconds
Pattern appears in 2 graphs:
---
Run 101:
Time taken: 0.346355 seconds
Pattern appears in 1 graphs:
---
Run 102:
Time taken: 0.505818 seconds
Pattern appears in 1 graphs:
---
Run 103:
Time taken: 0.533043 seconds
Pattern appears in 5 graphs:
---
Run 104:
Time taken: 0.279166 seconds
Pattern appears in 3 graphs:
---
Run 105:
Time taken: 0.275981 seconds
Pattern appears in 5 graphs:
---
Run 106:
Time taken: 0.275243 seconds
Pattern appears in 4 graphs:
---
Run 107:
Time taken: 0.362418 seconds
Pattern appears in 5 graphs:
---
Run 108:
Time taken: 0.388577 seconds
Pattern appears in 1 graphs:
---
Run 109:
Time taken: 0.29196 seconds
Pattern appears in 2 graphs:
---
Run 110:
Time taken: 0.467545 seconds
Pattern appears in 1 graphs:
---
Run 111:
Time taken: 0.294771 seconds
Pattern appears in 1 graphs:
---
Run 112:
Time taken: 0.298292 seconds
Pattern appears in 1 graphs:
---
Run 113:
Time taken: 0.290591 seconds
Pattern appears in 1 graphs:
---
Run 114:
Time taken: 0.27581 seconds
Pattern appears in 2 graphs:
---
Run 115:
Time taken: 0.432759 seconds
Pattern appears in 1 graphs:
---
Run 116:
Time taken: 0.47954 seconds
Pattern appears in 2 graphs:
---
Run 117:
Time taken: 0.369335 seconds
Pattern appears in 1 graphs:
---
Run 118:
Time taken: 0.403073 seconds
Pattern appears in 3 graphs:
---
Run 119:
Time taken: 0.274652 seconds
Pattern appears in 2 graphs:
---
Run 120:
Time taken: 0.290439 seconds
Pattern appears in 1 graphs:
---
Run 121:
Time taken: 0.310749 seconds
Pattern appears in 3 graphs:
---
Run 122:
Time taken: 0.434243 seconds
Pattern appears in 1 graphs:
---
Run 123:
Time taken: 0.504532 seconds
Pattern appears in 1 graphs:
---
Run 124:
Time taken: 0.420895 seconds
Pattern appears in 5 graphs:
---
Run 125:
Time taken: 0.559942 seconds
Pattern appears in 5 graphs:
---
Run 126:
Time taken: 0.35377 seconds
Pattern appears in 5 graphs:
---
Run 127:
Time taken: 0.351726 seconds
Pattern appears in 3 graphs:
---
Run 128:
Time taken: 0.335368 seconds
Pattern appears in 2 graphs:
---
Run 129:
Time taken: 0.278364 seconds
Pattern appears in 3 graphs:
---
Run 130:
Time taken: 0.39571 seconds
Pattern appears in 3 graphs:
---
Run 131:
Time taken: 0.275671 seconds
Pattern appears in 1 graphs:
---
Run 132:
Time taken: 0.289314 seconds
Pattern appears in 2 graphs:
---
Run 133:
Time taken: 0.349005 seconds
Pattern appears in 5 graphs:
---
Run 134:
Time taken: 0.472407 seconds
Pattern appears in 1 graphs:
---
Run 135:
Time taken: 0.271796 seconds
Pattern appears in 5 graphs:
---
Run 136:
Time taken: 0.279604 seconds
Pattern appears in 1 graphs:
---
Run 137:
Time taken: 0.284395 seconds
Pattern appears in 3 graphs:
---
Run 138:
Time taken: 0.386175 seconds
Pattern appears in 3 graphs:
---
Run 139:
Time taken: 0.290707 seconds
Pattern appears in 1 graphs:
---
Run 140:
Time taken: 0.271493 seconds
Pattern appears in 5 graphs:
---
Run 141:
Time taken: 0.289966 seconds
Pattern appears in 3 graphs:
---
Run 142:
Time taken: 0.415738 seconds
Pattern appears in 4 graphs:
---
Run 143:
Time taken: 0.567279 seconds
Pattern appears in 5 graphs:
---
Run 144:
Time taken: 0.280448 seconds
Pattern appears in 3 graphs:
---
Run 145:
Time taken: 0.296973 seconds
Pattern appears in 3 graphs:
---
Run 146:
Time taken: 0.296677 seconds
Pattern appears in 1 graphs:
---
Run 147:
Time taken: 0.320972 seconds
Pattern appears in 5 graphs:
---
Run 148:
Time taken: 0.295369 seconds
Pattern appears in 3 graphs:
---
Run 149:
Time taken: 0.279721 seconds
Pattern appears in 2 graphs:
---
Run 150:
Time taken: 0.358242 seconds
Pattern appears in 4 graphs:
---
Run 151:
Time taken: 0.317686 seconds
Pattern appears in 2 graphs:
---
Run 152:
Time taken: 0.328098 seconds
Pattern appears in 5 graphs:
---
Run 153:
Time taken: 0.290148 seconds
Pattern appears in 2 graphs:
---
Run 154:
Time taken: 0.293983 seconds
Pattern appears in 2 graphs:
---
Run 155:
Time taken: 0.392676 seconds
Pattern appears in 3 graphs:
---
Run 156:
Time taken: 0.334257 seconds
Pattern appears in 1 graphs:
---
Run 157:
Time taken: 0.282944 seconds
Pattern appears in 4 graphs:
---
Run 158:
Time taken: 0.297458 seconds
Pattern appears in 3 graphs:
---
Run 159:
Time taken: 0.348027 seconds
Pattern appears in 3 graphs:
---
Run 160:
Time taken: 0.365763 seconds
Pattern appears in 5 graphs:
---
Run 161:
Time taken: 0.299516 seconds
Pattern appears in 4 graphs:
---
Run 162:
Time taken: 0.367422 seconds
Pattern appears in 4 graphs:
---
Run 163:
Time taken: 0.537694 seconds
Pattern appears in 5 graphs:
---
Run 164:
Time taken: 0.278864 seconds
Pattern appears in 2 graphs:
---
Run 165:
Time taken: 0.642822 seconds
Pattern appears in 2 graphs:
---
Run 166:
Time taken: 0.281846 seconds
Pattern appears in 1 graphs:
---
Run 167:
Time taken: 0.378841 seconds
Pattern appears in 2 graphs:
---
Run 168:
Time taken: 0.288533 seconds
Pattern appears in 4 graphs:
---
Run 169:
Time taken: 0.343674 seconds
Pattern appears in 5 graphs:
---
Run 170:
Time taken: 0.314811 seconds
Pattern appears in 2 graphs:
---
Run 171:
Time taken: 0.501262 seconds
Pattern appears in 5 graphs:
---
Run 172:
Time taken: 0.289696 seconds
Pattern appears in 4 graphs:
---
Run 173:
Time taken: 0.295976 seconds
Pattern appears in 2 graphs:
---
Run 174:
Time taken: 0.284209 seconds
Pattern appears in 5 graphs:
---
Run 175:
Time taken: 0.282804 seconds
Pattern appears in 4 graphs:
---
Run 176:
Time taken: 0.666725 seconds
Pattern appears in 4 graphs:
---
Run 177:
Time taken: 0.272037 seconds
Pattern appears in 3 graphs:
---
Run 178:
Time taken: 0.325688 seconds
Pattern appears in 2 graphs:
---
Run 179:
Time taken: 0.276357 seconds
Pattern appears in 4 graphs:
---
Run 180:
Time taken: 0.528544 seconds
Pattern appears in 2 graphs:
---
Run 181:
Time taken: 0.30067 seconds
Pattern appears in 2 graphs:
---
Run 182:
Time taken: 0.296864 seconds
Pattern appears in 1 graphs:
---
Run 183:
Time taken: 0.303187 seconds
Pattern appears in 2 graphs:
---
Run 184:
Time taken: 0.284976 seconds
Pattern appears in 1 graphs:
---
Run 185:
Time taken: 0.304603 seconds
Pattern appears in 3 graphs:
---
Run 186:
Time taken: 0.353062 seconds
Pattern appears in 3 graphs:
---
Run 187:
Time taken: 0.396022 seconds
Pattern appears in 3 graphs:
---
Run 188:
Time taken: 0.439405 seconds
Pattern appears in 1 graphs:
---
Run 189:
Time taken: 0.297152 seconds
Pattern appears in 5 graphs:
---
Run 190:
Time taken: 0.308942 seconds
Pattern appears in 2 graphs:
---
Run 191:
Time taken: 0.341713 seconds
Pattern appears in 4 graphs:
---
Run 192:
Time taken: 0.363869 seconds
Pattern appears in 4 graphs:
---
Run 193:
Time taken: 0.421096 seconds
Pattern appears in 2 graphs:
---
Run 194:
Time taken: 0.281955 seconds
Pattern appears in 4 graphs:
---
Run 195:
Time taken: 0.474654 seconds
Pattern appears in 1 graphs:
---
Run 196:
Time taken: 0.277818 seconds
Pattern appears in 1 graphs:
---
Run 197:
Time taken: 0.325234 seconds
Pattern appears in 4 graphs:
---
Run 198:
Time taken: 0.268442 seconds
Pattern appears in 5 graphs:
---
Run 199:
Time taken: 0.316504 seconds
Pattern appears in 1 graphs:
---
Run 200:
Time taken: 0.321745 seconds
Pattern appears in 3 graphs:
---
Run 201:
Time taken: 0.317409 seconds
Pattern appears in 3 graphs:
---
Run 202:
Time taken: 0.288793 seconds
Pattern appears in 5 graphs:
---
Run 203:
Time taken: 0.471255 seconds
Pattern appears in 3 graphs:
---
Run 204:
Time taken: 0.288008 seconds
Pattern appears in 3 graphs:
---
Run 205:
Time taken: 0.504487 seconds
Pattern appears in 2 graphs:
---
Run 206:
Time taken: 0.417492 seconds
Pattern appears in 2 graphs:
---
Run 207:
Time taken: 0.284364 seconds
Pattern appears in 1 graphs:
---
Run 208:
Time taken: 0.476226 seconds
Pattern appears in 1 graphs:
---
Run 209:
Time taken: 0.454288 seconds
Pattern appears in 3 graphs:
---
Run 210:
Time taken: 0.275987 seconds
Pattern appears in 4 graphs:
---
Run 211:
Time taken: 0.281625 seconds
Pattern appears in 2 graphs:
---
Run 212:
Time taken: 0.303585 seconds
Pattern appears in 3 graphs:
---
Run 213:
Time taken: 0.271456 seconds
Pattern appears in 1 graphs:
---
Run 214:
Time taken: 0.500556 seconds
Pattern appears in 1 graphs:
---
Run 215:
Time taken: 0.471229 seconds
Pattern appears in 3 graphs:
---
Run 216:
Time taken: 0.460561 seconds
Pattern appears in 2 graphs:
---
Run 217:
Time taken: 0.494872 seconds
Pattern appears in 3 graphs:
---
Run 218:
Time taken: 0.282027 seconds
Pattern appears in 3 graphs:
---
Run 219:
Time taken: 0.27576 seconds
Pattern appears in 1 graphs:
---
Run 220:
Time taken: 0.270484 seconds
Pattern appears in 5 graphs:
---
Run 221:
Time taken: 0.286025 seconds
Pattern appears in 5 graphs:
---
Run 222:
Time taken: 0.515986 seconds
Pattern appears in 3 graphs:
---
Run 223:
Time taken: 0.33074 seconds
Pattern appears in 3 graphs:
---
Run 224:
Time taken: 0.357874 seconds
Pattern appears in 5 graphs:
---
Run 225:
Time taken: 0.544502 seconds
Pattern appears in 1 graphs:
---
Run 226:
Time taken: 0.41905 seconds
Pattern appears in 2 graphs:
---
Run 227:
Time taken: 0.275313 seconds
Pattern appears in 1 graphs:
---
Run 228:
Time taken: 0.288766 seconds
Pattern appears in 2 graphs:
---
Run 229:
Time taken: 0.385054 seconds
Pattern appears in 4 graphs:
---
Run 230:
Time taken: 0.276746 seconds
Pattern appears in 2 graphs:
---
Run 231:
Time taken: 0.331062 seconds
Pattern appears in 4 graphs:
---
Run 232:
Time taken: 0.52581 seconds
Pattern appears in 3 graphs:
---
Run 233:
Time taken: 0.34913 seconds
Pattern appears in 3 graphs:
---
Run 234:
Time taken: 0.283681 seconds
Pattern appears in 2 graphs:
---
Run 235:
Time taken: 0.289753 seconds
Pattern appears in 3 graphs:
---
Run 236:
Time taken: 0.283782 seconds
Pattern appears in 3 graphs:
---
Run 237:
Time taken: 0.300289 seconds
Pattern appears in 1 graphs:
---
Run 238:
Time taken: 0.28051 seconds
Pattern appears in 5 graphs:
---
Run 239:
Time taken: 0.291153 seconds
Pattern appears in 4 graphs:
---
Run 240:
Time taken: 0.301979 seconds
Pattern appears in 5 graphs:
---
Run 241:
Time taken: 0.385571 seconds
Pattern appears in 2 graphs:
---
Run 242:
Time taken: 0.340751 seconds
Pattern appears in 5 graphs:
---
Run 243:
Time taken: 0.445265 seconds
Pattern appears in 3 graphs:
---
Run 244:
Time taken: 0.277989 seconds
Pattern appears in 3 graphs:
---
Run 245:
Time taken: 0.281621 seconds
Pattern appears in 5 graphs:
---
Run 246:
Time taken: 0.408155 seconds
Pattern appears in 4 graphs:
---
Run 247:
Time taken: 0.343434 seconds
Pattern appears in 3 graphs:
---
Run 248:
Time taken: 0.285703 seconds
Pattern appears in 1 graphs:
---
Run 249:
Time taken: 0.628291 seconds
Pattern appears in 2 graphs:
---
Run 250:
Time taken: 0.285288 seconds
Pattern appears in 4 graphs:
---
Run 251:
Time taken: 0.310015 seconds
Pattern appears in 4 graphs:
---
Run 252:
Time taken: 0.431125 seconds
Pattern appears in 4 graphs:
---
Run 253:
Time taken: 0.298011 seconds
Pattern appears in 2 graphs:
---
Run 254:
Time taken: 0.290034 seconds
Pattern appears in 1 graphs:
---
Run 255:
Time taken: 0.469763 seconds
Pattern appears in 4 graphs:
---
Run 256:
Time taken: 0.271884 seconds
Pattern appears in 1 graphs:
---
Run 257:
Time taken: 0.28411 seconds
Pattern appears in 3 graphs:
---
Run 258:
Time taken: 0.363938 seconds
Pattern appears in 4 graphs:
---
Run 259:
Time taken: 0.30013 seconds
Pattern appears in 3 graphs:
---
Run 260:
Time taken: 0.271925 seconds
Pattern appears in 1 graphs:
---
Run 261:
Time taken: 0.295441 seconds
Pattern appears in 2 graphs:
---
Run 262:
Time taken: 0.299069 seconds
Pattern appears in 1 graphs:
---
Run 263:
Time taken: 0.285008 seconds
Pattern appears in 3 graphs:
---
Run 264:
Time taken: 0.400195 seconds
Pattern appears in 1 graphs:
---
Run 265:
Time taken: 0.279883 seconds
Pattern appears in 1 graphs:
---
Run 266:
Time taken: 0.310445 seconds
Pattern appears in 1 graphs:
---
Run 267:
Time taken: 0.45508 seconds
Pattern appears in 4 graphs:
---
Run 268:
Time taken: 0.513389 seconds
Pattern appears in 1 graphs:
---
Run 269:
Time taken: 0.282189 seconds
Pattern appears in 4 graphs:
---
Run 270:
Time taken: 0.320322 seconds
Pattern appears in 2 graphs:
---
Run 271:
Time taken: 0.497974 seconds
Pattern appears in 2 graphs:
---
Run 272:
Time taken: 0.280064 seconds
Pattern appears in 4 graphs:
---
Run 273:
Time taken: 0.282493 seconds
Pattern appears in 2 graphs:
---
Run 274:
Time taken: 0.451602 seconds
Pattern appears in 2 graphs:
---
Run 275:
Time taken: 0.527887 seconds
Pattern appears in 4 graphs:
---
Run 276:
Time taken: 0.343568 seconds
Pattern appears in 1 graphs:
---
Run 277:
Time taken: 0.276985 seconds
Pattern appears in 2 graphs:
---
Run 278:
Time taken: 0.268556 seconds
Pattern appears in 1 graphs:
---
Run 279:
Time taken: 0.343474 seconds
Pattern appears in 4 graphs:
---
Run 280:
Time taken: 0.29835 seconds
Pattern appears in 4 graphs:
---
Run 281:
Time taken: 0.292364 seconds
Pattern appears in 3 graphs:
---
Run 282:
Time taken: 0.421016 seconds
Pattern appears in 1 graphs:
---
Run 283:
Time taken: 0.34582 seconds
Pattern appears in 4 graphs:
---
Run 284:
Time taken: 0.412287 seconds
Pattern appears in 1 graphs:
---
Run 285:
Time taken: 0.485803 seconds
Pattern appears in 3 graphs:
---
Run 286:
Time taken: 0.391451 seconds
Pattern appears in 3 graphs:
---
Run 287:
Time taken: 0.333046 seconds
Pattern appears in 1 graphs:
---
Run 288:
Time taken: 0.275819 seconds
Pattern appears in 5 graphs:
---
Run 289:
Time taken: 0.362859 seconds
Pattern appears in 4 graphs:
---
Run 290:
Time taken: 0.274129 seconds
Pattern appears in 2 graphs:
---
Run 291:
Time taken: 0.316898 seconds
Pattern appears in 3 graphs:
---
Run 292:
Time taken: 0.275008 seconds
Pattern appears in 2 graphs:
---
Run 293:
Time taken: 0.285718 seconds
Pattern appears in 1 graphs:
---
Run 294:
Time taken: 0.278197 seconds
Pattern appears in 2 graphs:
---
Run 295:
Time taken: 0.295678 seconds
Pattern appears in 2 graphs:
---
Run 296:
Time taken: 0.318438 seconds
Pattern appears in 1 graphs:
---
Run 297:
Time taken: 0.293476 seconds
Pattern appears in 5 graphs:
---
Run 298:
Time taken: 0.399807 seconds
Pattern appears in 3 graphs:
---
Run 299:
Time taken: 0.283152 seconds
Pattern appears in 5 graphs:
---
Run 300:
Time taken: 0.814701 seconds
Pattern appears in 2 graphs:
---

FINAL RESULTS
========================================
Total pattern finding time: 3389.806719664 seconds
Total subgraph testing time: 77.462981230 seconds
Combined total time: 3467.269700894 seconds
Average time per pattern: 11.299355 seconds
Average time per subgraph test: .239821 seconds
