Run 1: SUCCESS (45.471174600s) - Pattern appears in 2 graphs:
Run 2: SUCCESS (36.339324409s) - Pattern appears in 5 graphs:
Run 3: SUCCESS (36.703513949s) - Pattern appears in 5 graphs:
Run 4: SUCCESS (37.005759770s) - Pattern appears in 4 graphs:
Run 5: SUCCESS (36.898010107s) - Pattern appears in 5 graphs:
Run 6: SUCCESS (36.797227790s) - Pattern appears in 2 graphs:
Run 7: SUCCESS (37.126753717s) - Pattern appears in 4 graphs:
Run 8: SUCCESS (37.175219828s) - Pattern appears in 4 graphs:
Run 9: SUCCESS (37.102456920s) - Pattern appears in 5 graphs:
Run 10: SUCCESS (36.776316506s) - Pattern appears in 5 graphs:
Run 11: SUCCESS (37.311591919s) - Pattern appears in 3 graphs:
Run 12: SUCCESS (37.324218545s) - Pattern appears in 3 graphs:
Run 13: SUCCESS (36.661996998s) - Pattern appears in 5 graphs:
Run 14: SUCCESS (36.584558172s) - Pattern appears in 5 graphs:
Run 15: SUCCESS (36.985807948s) - Pattern appears in 5 graphs:
Run 16: SUCCESS (37.165280057s) - Pattern appears in 4 graphs:
Run 17: SUCCESS (36.955527393s) - Pattern appears in 2 graphs:
Run 18: SUCCESS (37.225249608s) - Pattern appears in 4 graphs:
Run 19: SUCCESS (37.570975209s) - Pattern appears in 5 graphs:
Run 20: SUCCESS (37.637453623s) - Pattern appears in 5 graphs:
Run 21: SUCCESS (37.620194601s) - Pattern appears in 5 graphs:
Run 22: SUCCESS (38.110715135s) - Pattern appears in 5 graphs:
Run 23: SUCCESS (37.369891948s) - Pattern appears in 5 graphs:
Run 24: SUCCESS (37.288696665s) - Pattern appears in 5 graphs:
Run 25: SUCCESS (37.787445642s) - Pattern appears in 5 graphs:
Run 26: SUCCESS (37.989333578s) - Pattern appears in 4 graphs:
Run 27: SUCCESS (37.629423912s) - Pattern appears in 4 graphs:
Run 28: SUCCESS (37.544863213s) - Pattern appears in 5 graphs:
Run 29: SUCCESS (37.486378016s) - Pattern appears in 4 graphs:
Run 30: SUCCESS (37.721298943s) - Pattern appears in 5 graphs:
Run 31: SUCCESS (36.719744597s) - Pattern appears in 4 graphs:
Run 32: SUCCESS (37.204122727s) - Pattern appears in 5 graphs:
Run 33: SUCCESS (37.585321044s) - Pattern appears in 4 graphs:
Run 34: SUCCESS (37.264703696s) - Pattern appears in 4 graphs:
Run 35: SUCCESS (36.523350313s) - Pattern appears in 5 graphs:
Run 36: SUCCESS (37.114306721s) - Pattern appears in 5 graphs:
Run 37: SUCCESS (36.534956066s) - Pattern appears in 3 graphs:
Run 38: SUCCESS (37.043002740s) - Pattern appears in 5 graphs:
Run 39: SUCCESS (37.060150104s) - Pattern appears in 5 graphs:
Run 40: SUCCESS (37.948125111s) - Pattern appears in 2 graphs:
Run 41: SUCCESS (37.606399938s) - Pattern appears in 3 graphs:
Run 42: SUCCESS (38.031517539s) - Pattern appears in 5 graphs:
Run 43: SUCCESS (38.692157507s) - Pattern appears in 5 graphs:
Run 44: SUCCESS (37.938097644s) - Pattern appears in 5 graphs:
Run 45: SUCCESS (37.914659325s) - Pattern appears in 3 graphs:
Run 46: SUCCESS (37.587980129s) - Pattern appears in 5 graphs:
Run 47: SUCCESS (37.437742899s) - Pattern appears in 3 graphs:
Run 48: SUCCESS (37.604990130s) - Pattern appears in 2 graphs:
Run 49: SUCCESS (37.460382277s) - Pattern appears in 4 graphs:
Run 50: SUCCESS (37.464929305s) - Pattern appears in 5 graphs:
Run 51: SUCCESS (36.929093759s) - Pattern appears in 5 graphs:
Run 52: SUCCESS (37.154054250s) - Pattern appears in 4 graphs:
Run 53: SUCCESS (37.205103489s) - Pattern appears in 4 graphs:
Run 54: SUCCESS (37.104189344s) - Pattern appears in 4 graphs:
Run 55: SUCCESS (37.570367892s) - Pattern appears in 4 graphs:
Run 56: SUCCESS (36.426516902s) - Pattern appears in 4 graphs:
Run 57: SUCCESS (36.722942404s) - Pattern appears in 5 graphs:
Run 58: SUCCESS (37.233540363s) - Pattern appears in 5 graphs:
Run 59: SUCCESS (36.662846567s) - Pattern appears in 3 graphs:
Run 60: SUCCESS (36.498713478s) - Pattern appears in 5 graphs:
Run 61: SUCCESS (36.864177250s) - Pattern appears in 4 graphs:
Run 62: SUCCESS (36.583927308s) - Pattern appears in 2 graphs:
Run 63: SUCCESS (36.677839950s) - Pattern appears in 5 graphs:
Run 64: SUCCESS (36.578259263s) - Pattern appears in 5 graphs:
Run 65: SUCCESS (36.398605286s) - Pattern appears in 3 graphs:
Run 66: SUCCESS (36.753278110s) - Pattern appears in 5 graphs:
Run 67: SUCCESS (36.424800726s) - Pattern appears in 4 graphs:
Run 68: SUCCESS (36.855269859s) - Pattern appears in 5 graphs:
Run 69: SUCCESS (36.883082516s) - Pattern appears in 4 graphs:
Run 70: SUCCESS (36.375538609s) - Pattern appears in 5 graphs:
Run 71: SUCCESS (36.488830443s) - Pattern appears in 5 graphs:
Run 72: SUCCESS (37.124093304s) - Pattern appears in 4 graphs:
Run 73: SUCCESS (36.814363304s) - Pattern appears in 3 graphs:
Run 74: SUCCESS (37.176941056s) - Pattern appears in 4 graphs:
Run 75: SUCCESS (37.960340906s) - Pattern appears in 5 graphs:
Run 76: SUCCESS (37.836843213s) - Pattern appears in 5 graphs:
Run 77: SUCCESS (36.772607979s) - Pattern appears in 4 graphs:
Run 78: SUCCESS (36.363281940s) - Pattern appears in 2 graphs:
Run 79: SUCCESS (36.354224683s) - Pattern appears in 5 graphs:
Run 80: SUCCESS (36.344455991s) - Pattern appears in 3 graphs:
Run 81: SUCCESS (36.341917491s) - Pattern appears in 4 graphs:
Run 82: SUCCESS (36.847704672s) - Pattern appears in 5 graphs:
Run 83: SUCCESS (36.673534944s) - Pattern appears in 5 graphs:
Run 84: SUCCESS (36.476786883s) - Pattern appears in 5 graphs:
Run 85: SUCCESS (36.729440801s) - Pattern appears in 5 graphs:
Run 86: SUCCESS (36.671397602s) - Pattern appears in 5 graphs:
Run 87: SUCCESS (36.284832710s) - Pattern appears in 3 graphs:
Run 88: SUCCESS (36.574910108s) - Pattern appears in 3 graphs:
Run 89: SUCCESS (36.639379129s) - Pattern appears in 5 graphs:
Run 90: SUCCESS (36.443195220s) - Pattern appears in 4 graphs:
Run 91: SUCCESS (36.371775561s) - Pattern appears in 2 graphs:
Run 92: SUCCESS (36.315966373s) - Pattern appears in 5 graphs:
Run 93: SUCCESS (37.034728813s) - Pattern appears in 4 graphs:
Run 94: SUCCESS (36.238752258s) - Pattern appears in 4 graphs:
Run 95: SUCCESS (36.475447146s) - Pattern appears in 4 graphs:
Run 96: SUCCESS (36.218842637s) - Pattern appears in 4 graphs:
Run 97: SUCCESS (36.312754524s) - Pattern appears in 4 graphs:
Run 98: SUCCESS (36.076869047s) - Pattern appears in 4 graphs:
Run 99: SUCCESS (36.648259778s) - Pattern appears in 4 graphs:
Run 100: SUCCESS (36.347165759s) - Pattern appears in 5 graphs:
Run 101: SUCCESS (36.201324895s) - Pattern appears in 2 graphs:
Run 102: SUCCESS (36.026244672s) - Pattern appears in 5 graphs:
Run 103: SUCCESS (36.532902740s) - Pattern appears in 4 graphs:
Run 104: SUCCESS (36.080553717s) - Pattern appears in 3 graphs:
Run 105: SUCCESS (36.101894140s) - Pattern appears in 5 graphs:
Run 106: SUCCESS (36.348385540s) - Pattern appears in 5 graphs:
Run 107: SUCCESS (37.533207751s) - Pattern appears in 5 graphs:
Run 108: SUCCESS (36.675098444s) - Pattern appears in 5 graphs:
Run 109: SUCCESS (36.594092643s) - Pattern appears in 4 graphs:
Run 110: SUCCESS (36.176389116s) - Pattern appears in 3 graphs:
Run 111: SUCCESS (36.368581591s) - Pattern appears in 4 graphs:
Run 112: SUCCESS (36.695082624s) - Pattern appears in 3 graphs:
Run 113: SUCCESS (36.577774792s) - Pattern appears in 4 graphs:
Run 114: SUCCESS (36.975527685s) - Pattern appears in 5 graphs:
Run 115: SUCCESS (36.366929234s) - Pattern appears in 3 graphs:
Run 116: SUCCESS (36.663304766s) - Pattern appears in 2 graphs:
Run 117: SUCCESS (36.782020596s) - Pattern appears in 5 graphs:
Run 118: SUCCESS (36.824627847s) - Pattern appears in 5 graphs:
Run 119: SUCCESS (36.332316967s) - Pattern appears in 5 graphs:
Run 120: SUCCESS (36.215271202s) - Pattern appears in 5 graphs:
Run 121: SUCCESS (36.397304091s) - Pattern appears in 3 graphs:
Run 122: SUCCESS (36.758970773s) - Pattern appears in 5 graphs:
Run 123: SUCCESS (36.402536293s) - Pattern appears in 4 graphs:
Run 124: SUCCESS (36.629755016s) - Pattern appears in 2 graphs:
Run 125: SUCCESS (36.782686654s) - Pattern appears in 5 graphs:
Run 126: SUCCESS (36.253070525s) - Pattern appears in 5 graphs:
Run 127: SUCCESS (36.368848446s) - Pattern appears in 4 graphs:
Run 128: SUCCESS (36.043401090s) - Pattern appears in 4 graphs:
Run 129: SUCCESS (36.309004884s) - Pattern appears in 2 graphs:
Run 130: SUCCESS (36.355979388s) - Pattern appears in 5 graphs:
Run 131: SUCCESS (36.024300891s) - Pattern appears in 4 graphs:
Run 132: SUCCESS (36.513834977s) - Pattern appears in 5 graphs:
Run 133: SUCCESS (36.882109242s) - Pattern appears in 5 graphs:
Run 134: SUCCESS (36.339868967s) - Pattern appears in 5 graphs:
Run 135: SUCCESS (36.304907499s) - Pattern appears in 5 graphs:
Run 136: SUCCESS (36.506974001s) - Pattern appears in 5 graphs:
Run 137: SUCCESS (36.761099173s) - Pattern appears in 3 graphs:
Run 138: SUCCESS (36.532403206s) - Pattern appears in 5 graphs:
Run 139: SUCCESS (36.576910864s) - Pattern appears in 5 graphs:
Run 140: SUCCESS (36.613278757s) - Pattern appears in 3 graphs:
Run 141: SUCCESS (36.665244167s) - Pattern appears in 4 graphs:
Run 142: SUCCESS (36.734446107s) - Pattern appears in 4 graphs:
Run 143: SUCCESS (36.558590979s) - Pattern appears in 5 graphs:
Run 144: SUCCESS (36.972827213s) - Pattern appears in 4 graphs:
Run 145: SUCCESS (37.112718033s) - Pattern appears in 5 graphs:
Run 146: SUCCESS (36.579815119s) - Pattern appears in 5 graphs:
Run 147: SUCCESS (36.529748897s) - Pattern appears in 2 graphs:
Run 148: SUCCESS (36.622141775s) - Pattern appears in 5 graphs:
Run 149: SUCCESS (36.576344470s) - Pattern appears in 4 graphs:
Run 150: SUCCESS (36.792703185s) - Pattern appears in 4 graphs:
Run 151: SUCCESS (37.150943028s) - Pattern appears in 5 graphs:
Run 152: SUCCESS (36.682501449s) - Pattern appears in 5 graphs:
Run 153: SUCCESS (36.799584370s) - Pattern appears in 5 graphs:
Run 154: SUCCESS (36.422973284s) - Pattern appears in 5 graphs:
Run 155: SUCCESS (36.429512540s) - Pattern appears in 5 graphs:
Run 156: SUCCESS (36.372543682s) - Pattern appears in 5 graphs:
Run 157: SUCCESS (36.586336846s) - Pattern appears in 2 graphs:
Run 158: SUCCESS (36.849496934s) - Pattern appears in 4 graphs:
Run 159: SUCCESS (36.457594597s) - Pattern appears in 5 graphs:
Run 160: SUCCESS (36.713584645s) - Pattern appears in 3 graphs:
Run 161: SUCCESS (36.533613638s) - Pattern appears in 4 graphs:
Run 162: SUCCESS (36.640815042s) - Pattern appears in 5 graphs:
Run 163: SUCCESS (36.553748308s) - Pattern appears in 5 graphs:
Run 164: SUCCESS (36.833965889s) - Pattern appears in 4 graphs:
Run 165: SUCCESS (36.692389914s) - Pattern appears in 4 graphs:
Run 166: SUCCESS (36.367348115s) - Pattern appears in 5 graphs:
Run 167: SUCCESS (36.674245204s) - Pattern appears in 4 graphs:
Run 168: SUCCESS (36.578846609s) - Pattern appears in 4 graphs:
Run 169: SUCCESS (36.566767583s) - Pattern appears in 4 graphs:
Run 170: SUCCESS (36.829372056s) - Pattern appears in 4 graphs:
Run 171: SUCCESS (36.828938186s) - Pattern appears in 2 graphs:
Run 172: SUCCESS (36.605429516s) - Pattern appears in 3 graphs:
Run 173: SUCCESS (36.626611786s) - Pattern appears in 4 graphs:
Run 174: SUCCESS (36.627219035s) - Pattern appears in 4 graphs:
Run 175: SUCCESS (36.742585318s) - Pattern appears in 5 graphs:
Run 176: SUCCESS (36.732470737s) - Pattern appears in 4 graphs:
Run 177: SUCCESS (36.447476308s) - Pattern appears in 4 graphs:
Run 178: SUCCESS (36.819670070s) - Pattern appears in 5 graphs:
Run 179: SUCCESS (36.553307736s) - Pattern appears in 5 graphs:
Run 180: SUCCESS (36.677283061s) - Pattern appears in 3 graphs:
Run 181: SUCCESS (36.465392265s) - Pattern appears in 4 graphs:
Run 182: SUCCESS (37.126320189s) - Pattern appears in 5 graphs:
Run 183: SUCCESS (37.341499089s) - Pattern appears in 5 graphs:
Run 184: SUCCESS (36.555083379s) - Pattern appears in 3 graphs:
Run 185: SUCCESS (37.102416379s) - Pattern appears in 4 graphs:
Run 186: SUCCESS (36.639703551s) - Pattern appears in 5 graphs:
Run 187: SUCCESS (36.391150838s) - Pattern appears in 4 graphs:
Run 188: SUCCESS (37.396166458s) - Pattern appears in 5 graphs:
Run 189: SUCCESS (37.709459882s) - Pattern appears in 5 graphs:
Run 190: SUCCESS (36.792269582s) - Pattern appears in 2 graphs:
Run 191: SUCCESS (36.744881933s) - Pattern appears in 5 graphs:
Run 192: SUCCESS (36.887651240s) - Pattern appears in 3 graphs:
Run 193: SUCCESS (36.568144315s) - Pattern appears in 2 graphs:
Run 194: SUCCESS (36.503454891s) - Pattern appears in 5 graphs:
Run 195: SUCCESS (36.724977693s) - Pattern appears in 2 graphs:
Run 196: SUCCESS (37.775191992s) - Pattern appears in 3 graphs:
Run 197: SUCCESS (36.566489554s) - Pattern appears in 2 graphs:
Run 198: SUCCESS (36.780073372s) - Pattern appears in 5 graphs:
Run 199: SUCCESS (36.501792397s) - Pattern appears in 4 graphs:
Run 200: SUCCESS (36.493823203s) - Pattern appears in 5 graphs:
Run 201: SUCCESS (36.777523512s) - Pattern appears in 5 graphs:
Run 202: SUCCESS (36.737566762s) - Pattern appears in 3 graphs:
Run 203: SUCCESS (36.712578112s) - Pattern appears in 5 graphs:
Run 204: SUCCESS (36.276936030s) - Pattern appears in 5 graphs:
Run 205: SUCCESS (36.524210008s) - Pattern appears in 5 graphs:
Run 206: SUCCESS (36.632792368s) - Pattern appears in 2 graphs:
Run 207: SUCCESS (36.439743826s) - Pattern appears in 2 graphs:
Run 208: SUCCESS (36.683949445s) - Pattern appears in 5 graphs:
Run 209: SUCCESS (36.816446540s) - Pattern appears in 4 graphs:
Run 210: SUCCESS (36.834200890s) - Pattern appears in 3 graphs:
Run 211: SUCCESS (36.790141440s) - Pattern appears in 5 graphs:
Run 212: SUCCESS (36.307008944s) - Pattern appears in 5 graphs:
Run 213: SUCCESS (37.223558229s) - Pattern appears in 3 graphs:
Run 214: SUCCESS (36.400096532s) - Pattern appears in 3 graphs:
Run 215: SUCCESS (36.828161464s) - Pattern appears in 3 graphs:
Run 216: SUCCESS (36.507497125s) - Pattern appears in 4 graphs:
Run 217: SUCCESS (36.922844492s) - Pattern appears in 5 graphs:
Run 218: SUCCESS (36.568209263s) - Pattern appears in 5 graphs:
Run 219: SUCCESS (36.453350999s) - Pattern appears in 5 graphs:
Run 220: SUCCESS (36.294861854s) - Pattern appears in 5 graphs:
Run 221: SUCCESS (36.412278918s) - Pattern appears in 5 graphs:
Run 222: SUCCESS (36.741043895s) - Pattern appears in 5 graphs:
Run 223: SUCCESS (36.433085771s) - Pattern appears in 2 graphs:
Run 224: SUCCESS (36.605562353s) - Pattern appears in 5 graphs:
Run 225: SUCCESS (36.812860932s) - Pattern appears in 4 graphs:
Run 226: SUCCESS (36.756099299s) - Pattern appears in 5 graphs:
Run 227: SUCCESS (36.699159787s) - Pattern appears in 4 graphs:
Run 228: SUCCESS (36.464753790s) - Pattern appears in 5 graphs:
Run 229: SUCCESS (36.400178805s) - Pattern appears in 3 graphs:
Run 230: SUCCESS (36.391134219s) - Pattern appears in 4 graphs:
Run 231: SUCCESS (36.714518939s) - Pattern appears in 5 graphs:
Run 232: SUCCESS (36.505585535s) - Pattern appears in 5 graphs:
Run 233: SUCCESS (36.397032425s) - Pattern appears in 4 graphs:
Run 234: SUCCESS (36.536402806s) - Pattern appears in 5 graphs:
Run 235: SUCCESS (36.334014671s) - Pattern appears in 4 graphs:
Run 236: SUCCESS (36.488758240s) - Pattern appears in 4 graphs:
Run 237: SUCCESS (37.262050760s) - Pattern appears in 3 graphs:
Run 238: SUCCESS (36.623322458s) - Pattern appears in 3 graphs:
Run 239: SUCCESS (36.577923808s) - Pattern appears in 3 graphs:
Run 240: SUCCESS (36.490485852s) - Pattern appears in 5 graphs:
Run 241: SUCCESS (36.462625079s) - Pattern appears in 5 graphs:
Run 242: SUCCESS (36.908647684s) - Pattern appears in 2 graphs:
Run 243: SUCCESS (37.748268433s) - Pattern appears in 4 graphs:
Run 244: SUCCESS (36.784864714s) - Pattern appears in 5 graphs:
Run 245: SUCCESS (36.579155889s) - Pattern appears in 4 graphs:
Run 246: SUCCESS (36.515478209s) - Pattern appears in 3 graphs:
Run 247: SUCCESS (38.060814607s) - Pattern appears in 5 graphs:
Run 248: SUCCESS (37.326709205s) - Pattern appears in 5 graphs:
Run 249: SUCCESS (36.927778537s) - Pattern appears in 5 graphs:
Run 250: SUCCESS (36.567740224s) - Pattern appears in 5 graphs:
Run 251: SUCCESS (37.117682730s) - Pattern appears in 4 graphs:
Run 252: SUCCESS (36.537615965s) - Pattern appears in 3 graphs:
Run 253: SUCCESS (36.668513250s) - Pattern appears in 5 graphs:
Run 254: SUCCESS (36.937147871s) - Pattern appears in 2 graphs:
Run 255: SUCCESS (37.553921898s) - Pattern appears in 5 graphs:
Run 256: SUCCESS (37.394549637s) - Pattern appears in 4 graphs:
Run 257: SUCCESS (37.620721046s) - Pattern appears in 3 graphs:
Run 258: SUCCESS (37.506821280s) - Pattern appears in 3 graphs:
Run 259: SUCCESS (37.858335345s) - Pattern appears in 5 graphs:
Run 260: SUCCESS (36.949236633s) - Pattern appears in 5 graphs:
Run 261: SUCCESS (37.112357188s) - Pattern appears in 5 graphs:
Run 262: SUCCESS (37.752084234s) - Pattern appears in 4 graphs:
Run 263: SUCCESS (37.290397747s) - Pattern appears in 5 graphs:
Run 264: SUCCESS (37.571973151s) - Pattern appears in 3 graphs:
Run 265: SUCCESS (38.219778360s) - Pattern appears in 4 graphs:
Run 266: SUCCESS (38.206460996s) - Pattern appears in 3 graphs:
Run 267: SUCCESS (36.533349120s) - Pattern appears in 5 graphs:
Run 268: SUCCESS (37.914881731s) - Pattern appears in 3 graphs:
Run 269: SUCCESS (37.056958612s) - Pattern appears in 5 graphs:
Run 270: SUCCESS (36.469242125s) - Pattern appears in 4 graphs:
Run 271: SUCCESS (37.017274804s) - Pattern appears in 5 graphs:
Run 272: SUCCESS (36.808107620s) - Pattern appears in 4 graphs:
Run 273: SUCCESS (36.400892294s) - Pattern appears in 5 graphs:
Run 274: SUCCESS (36.440878449s) - Pattern appears in 5 graphs:
Run 275: SUCCESS (36.280998498s) - Pattern appears in 4 graphs:
Run 276: SUCCESS (36.567102711s) - Pattern appears in 3 graphs:
Run 277: SUCCESS (36.298258718s) - Pattern appears in 3 graphs:
Run 278: SUCCESS (36.433729969s) - Pattern appears in 4 graphs:
Run 279: SUCCESS (36.426247844s) - Pattern appears in 5 graphs:
Run 280: SUCCESS (36.464377343s) - Pattern appears in 5 graphs:
Run 281: SUCCESS (36.769131733s) - Pattern appears in 5 graphs:
Run 282: SUCCESS (36.597231696s) - Pattern appears in 5 graphs:
Run 283: SUCCESS (39.571767834s) - Pattern appears in 5 graphs:
Run 284: SUCCESS (39.166286412s) - Pattern appears in 2 graphs:
Run 285: SUCCESS (39.343415246s) - Pattern appears in 2 graphs:
Run 286: SUCCESS (36.767010849s) - Pattern appears in 5 graphs:
Run 287: SUCCESS (36.859286714s) - Pattern appears in 3 graphs:
Run 288: SUCCESS (36.761248685s) - Pattern appears in 4 graphs:
Run 289: SUCCESS (38.932396902s) - Pattern appears in 3 graphs:
Run 290: SUCCESS (38.958996493s) - Pattern appears in 4 graphs:
Run 291: SUCCESS (38.614330966s) - Pattern appears in 3 graphs:
Run 292: SUCCESS (39.084947265s) - Pattern appears in 4 graphs:
Run 293: SUCCESS (39.075457030s) - Pattern appears in 3 graphs:
Run 294: SUCCESS (39.040698772s) - Pattern appears in 4 graphs:
Run 295: SUCCESS (38.941896097s) - Pattern appears in 4 graphs:
Run 296: SUCCESS (39.012791581s) - Pattern appears in 5 graphs:
Run 297: SUCCESS (39.686707861s) - Pattern appears in 4 graphs:
Run 298: SUCCESS (39.521201088s) - Pattern appears in 4 graphs:
Run 299: SUCCESS (36.461859813s) - Pattern appears in 4 graphs:
Run 300: SUCCESS (36.724314181s) - Pattern appears in 3 graphs:
Run 301: SUCCESS (37.265115283s) - Pattern appears in 4 graphs:
Run 302: SUCCESS (37.547438583s) - Pattern appears in 3 graphs:
Run 303: SUCCESS (39.797460718s) - Pattern appears in 5 graphs:
Run 304: SUCCESS (39.237520767s) - Pattern appears in 2 graphs:
Run 305: SUCCESS (38.591662722s) - Pattern appears in 5 graphs:
Run 306: SUCCESS (38.689915201s) - Pattern appears in 3 graphs:
Run 307: SUCCESS (37.721039554s) - Pattern appears in 4 graphs:
Run 308: SUCCESS (37.779169956s) - Pattern appears in 4 graphs:
Run 309: SUCCESS (37.310249521s) - Pattern appears in 5 graphs:
Run 310: SUCCESS (37.331321706s) - Pattern appears in 5 graphs:
Run 311: SUCCESS (37.528299608s) - Pattern appears in 5 graphs:
Run 312: SUCCESS (37.910782480s) - Pattern appears in 5 graphs:
Run 313: SUCCESS (37.716615967s) - Pattern appears in 5 graphs:
Run 314: SUCCESS (37.396900915s) - Pattern appears in 4 graphs:
Run 315: SUCCESS (37.570717700s) - Pattern appears in 5 graphs:
Run 316: SUCCESS (37.623609660s) - Pattern appears in 3 graphs:
Run 317: SUCCESS (37.423977690s) - Pattern appears in 5 graphs:
Run 318: SUCCESS (37.697508320s) - Pattern appears in 5 graphs:
Run 319: SUCCESS (37.632963995s) - Pattern appears in 4 graphs:
Run 320: SUCCESS (38.381888033s) - Pattern appears in 4 graphs:
Run 321: SUCCESS (38.468619123s) - Pattern appears in 4 graphs:
Run 322: SUCCESS (38.407311662s) - Pattern appears in 4 graphs:
Run 323: SUCCESS (39.346823368s) - Pattern appears in 5 graphs:
Run 324: SUCCESS (39.232668596s) - Pattern appears in 5 graphs:
Run 325: SUCCESS (39.310982027s) - Pattern appears in 2 graphs:
Run 326: SUCCESS (38.664483152s) - Pattern appears in 4 graphs:
Run 327: SUCCESS (39.468334650s) - Pattern appears in 3 graphs:
Run 328: SUCCESS (39.575455505s) - Pattern appears in 3 graphs:
Run 329: SUCCESS (38.823662695s) - Pattern appears in 5 graphs:
Run 330: SUCCESS (39.511508249s) - Pattern appears in 4 graphs:
Run 331: SUCCESS (38.319706956s) - Pattern appears in 5 graphs:
Run 332: SUCCESS (37.921738718s) - Pattern appears in 5 graphs:
Run 333: SUCCESS (37.362101114s) - Pattern appears in 3 graphs:
Run 334: SUCCESS (37.358702850s) - Pattern appears in 4 graphs:
Run 335: SUCCESS (37.192460593s) - Pattern appears in 5 graphs:
Run 336: SUCCESS (37.436557226s) - Pattern appears in 4 graphs:
Run 337: SUCCESS (37.313216763s) - Pattern appears in 5 graphs:
Run 338: SUCCESS (36.887662633s) - Pattern appears in 5 graphs:
Run 339: SUCCESS (37.514382805s) - Pattern appears in 5 graphs:
Run 340: SUCCESS (36.343398088s) - Pattern appears in 5 graphs:
Run 341: SUCCESS (36.414026849s) - Pattern appears in 5 graphs:
Run 342: SUCCESS (36.300590969s) - Pattern appears in 3 graphs:
Run 343: SUCCESS (36.311594583s) - Pattern appears in 5 graphs:
Run 344: SUCCESS (36.580396749s) - Pattern appears in 4 graphs:
Run 345: SUCCESS (36.278879644s) - Pattern appears in 4 graphs:
Run 346: SUCCESS (36.521046430s) - Pattern appears in 5 graphs:
Run 347: SUCCESS (36.947443138s) - Pattern appears in 4 graphs:
Run 348: SUCCESS (36.661779741s) - Pattern appears in 3 graphs:
Run 349: SUCCESS (36.695488175s) - Pattern appears in 5 graphs:
Run 350: SUCCESS (36.428708728s) - Pattern appears in 5 graphs:

FINAL RESULTS for input_color_uniform_deg_15
========================================
Total pattern finding time: 12976.620766053 seconds
Average time per pattern: 37.076059 seconds
