Total number of S not in G: 640

Total subgraph testing time: 205.076798642 seconds

S numbers not in G (sorted):
12
13
14
17
18
19
21
22
23
26
27
28
29
30
31
34
36
37
38
39
40
41
42
44
45
46
47
48
51
52
53
54
55
56
59
61
63
64
65
67
70
71
73
77
78
79
80
81
82
85
86
90
92
94
96
97
98
100
102
103
106
107
108
110
112
113
114
115
116
118
120
121
123
124
125
127
130
133
134
136
137
138
139
140
141
142
143
144
147
148
150
151
152
155
156
157
158
159
162
163
164
166
167
168
170
171
172
173
174
175
177
178
179
180
181
184
186
187
189
190
191
192
193
194
195
197
200
201
202
203
205
206
207
209
210
213
215
216
219
220
222
223
224
225
226
227
228
229
230
231
232
233
239
242
243
244
245
246
254
255
257
259
261
263
264
265
266
267
268
269
270
271
272
273
274
276
277
278
282
283
285
286
287
288
289
290
291
295
296
297
298
299
304
308
309
310
313
314
315
316
318
319
320
322
323
324
325
326
327
328
329
331
332
335
336
337
338
339
341
342
345
346
349
351
353
354
355
356
357
359
361
363
364
365
366
367
370
373
374
376
377
378
380
381
382
384
385
386
387
388
390
394
395
399
400
401
402
405
407
408
409
410
411
412
413
414
415
416
417
418
419
420
421
423
424
428
429
430
431
432
433
434
435
436
437
439
441
442
443
444
446
447
449
450
451
452
454
455
457
458
459
460
461
463
464
467
469
470
471
472
474
476
477
478
481
482
484
485
486
487
488
489
490
492
493
494
496
497
499
500
504
506
508
510
511
513
516
517
518
520
521
522
523
525
527
528
529
530
531
532
535
539
543
544
550
553
554
555
557
558
560
561
562
564
566
567
568
569
570
571
573
575
576
578
580
581
582
584
585
587
588
591
592
594
595
596
598
599
603
605
606
609
610
611
613
616
618
621
622
623
624
625
628
629
633
634
636
643
644
645
646
647
648
651
654
655
657
660
661
663
664
665
667
668
669
670
671
673
675
676
681
682
684
686
687
689
690
691
692
693
694
696
697
698
700
704
706
707
709
711
712
713
715
717
718
719
720
721
724
725
726
727
730
731
732
733
734
735
737
739
741
742
744
745
746
747
748
749
750
752
756
758
759
760
761
763
765
767
768
769
772
773
774
776
777
778
782
783
784
785
788
789
792
793
795
796
797
798
799
801
802
804
805
806
807
810
811
812
814
815
816
821
823
824
825
826
827
828
829
831
832
833
834
836
837
839
841
842
844
845
846
849
850
852
854
855
857
858
861
863
864
865
866
867
869
871
873
874
875
878
879
880
881
883
884
886
887
889
892
894
895
896
901
902
905
906
907
908
910
911
912
913
914
915
917
918
919
921
922
923
924
925
926
928
929
930
932
933
934
935
937
938
940
942
943
944
945
946
947
949
950
951
952
954
957
959
960
964
968
971
973
974
975
976
977
978
979
983
984
985
986
987
988
991
992
993
995
996
997
998
