Run 1: SUCCESS (14.703291256s) - Pattern appears in 1 graphs:
Run 2: SUCCESS (14.777543564s) - Pattern appears in 2 graphs:
Run 3: SUCCESS (15.048983582s) - Pattern appears in 5 graphs:
Run 4: SUCCESS (14.940789070s) - Pattern appears in 3 graphs:
Run 5: SUCCESS (14.729787510s) - Pattern appears in 3 graphs:
Run 6: SUCCESS (14.976975571s) - Pattern appears in 3 graphs:
Run 7: SUCCESS (14.767631501s) - Pattern appears in 5 graphs:
Run 8: SUCCESS (15.025845965s) - Pattern appears in 4 graphs:
Run 9: SUCCESS (14.903131345s) - Pattern appears in 3 graphs:
Run 10: SUCCESS (15.097677766s) - Pattern appears in 3 graphs:
Run 11: SUCCESS (14.733205819s) - Pattern appears in 2 graphs:
Run 12: SUCCESS (14.708871191s) - Pattern appears in 2 graphs:
Run 13: SUCCESS (14.852133063s) - Pattern appears in 4 graphs:
Run 14: SUCCESS (14.961634952s) - Pattern appears in 5 graphs:
Run 15: SUCCESS (14.792986019s) - Pattern appears in 5 graphs:
Run 16: SUCCESS (15.045637860s) - Pattern appears in 3 graphs:
Run 17: SUCCESS (14.991368496s) - Pattern appears in 3 graphs:
Run 18: SUCCESS (14.796293599s) - Pattern appears in 5 graphs:
Run 19: SUCCESS (14.894638136s) - Pattern appears in 4 graphs:
Run 20: SUCCESS (14.798305073s) - Pattern appears in 4 graphs:
Run 21: SUCCESS (14.958840826s) - Pattern appears in 5 graphs:
Run 22: SUCCESS (14.780084796s) - Pattern appears in 1 graphs:
Run 23: SUCCESS (14.921217911s) - Pattern appears in 3 graphs:
Run 24: SUCCESS (14.798949834s) - Pattern appears in 5 graphs:
Run 25: SUCCESS (14.797521024s) - Pattern appears in 2 graphs:
Run 26: SUCCESS (14.922074284s) - Pattern appears in 4 graphs:
Run 27: SUCCESS (14.724120301s) - Pattern appears in 3 graphs:
Run 28: SUCCESS (15.490398700s) - Pattern appears in 3 graphs:
Run 29: SUCCESS (15.136204326s) - Pattern appears in 2 graphs:
Run 30: SUCCESS (15.226106819s) - Pattern appears in 2 graphs:
Run 31: SUCCESS (15.319397303s) - Pattern appears in 4 graphs:
Run 32: SUCCESS (15.196669764s) - Pattern appears in 5 graphs:
Run 33: SUCCESS (15.075181457s) - Pattern appears in 5 graphs:
Run 34: SUCCESS (15.194351694s) - Pattern appears in 3 graphs:
Run 35: SUCCESS (14.925956628s) - Pattern appears in 5 graphs:
Run 36: SUCCESS (14.982008070s) - Pattern appears in 2 graphs:
Run 37: SUCCESS (14.766424923s) - Pattern appears in 3 graphs:
Run 38: SUCCESS (14.694948377s) - Pattern appears in 4 graphs:
Run 39: SUCCESS (14.885810200s) - Pattern appears in 1 graphs:
Run 40: SUCCESS (14.767402121s) - Pattern appears in 1 graphs:
Run 41: SUCCESS (14.813259469s) - Pattern appears in 5 graphs:
Run 42: SUCCESS (14.768891337s) - Pattern appears in 2 graphs:
Run 43: SUCCESS (14.786097579s) - Pattern appears in 3 graphs:
Run 44: SUCCESS (14.885812128s) - Pattern appears in 4 graphs:
Run 45: SUCCESS (14.902553645s) - Pattern appears in 1 graphs:
Run 46: SUCCESS (14.881636468s) - Pattern appears in 3 graphs:
Run 47: SUCCESS (14.741543174s) - Pattern appears in 1 graphs:
Run 48: SUCCESS (14.973013179s) - Pattern appears in 2 graphs:
Run 49: SUCCESS (14.721742823s) - Pattern appears in 5 graphs:
Run 50: SUCCESS (15.216115440s) - Pattern appears in 4 graphs:
Run 51: SUCCESS (14.892576317s) - Pattern appears in 3 graphs:
Run 52: SUCCESS (15.197049295s) - Pattern appears in 3 graphs:
Run 53: SUCCESS (14.797344063s) - Pattern appears in 4 graphs:
Run 54: SUCCESS (15.098848751s) - Pattern appears in 3 graphs:
Run 55: SUCCESS (14.783230110s) - Pattern appears in 4 graphs:
Run 56: SUCCESS (14.815988248s) - Pattern appears in 4 graphs:
Run 57: SUCCESS (14.925676357s) - Pattern appears in 2 graphs:
Run 58: SUCCESS (14.753241440s) - Pattern appears in 4 graphs:
Run 59: SUCCESS (14.769072370s) - Pattern appears in 3 graphs:
Run 60: SUCCESS (14.743924247s) - Pattern appears in 5 graphs:
Run 61: SUCCESS (14.704580320s) - Pattern appears in 2 graphs:
Run 62: SUCCESS (14.698511701s) - Pattern appears in 4 graphs:
Run 63: SUCCESS (14.711096170s) - Pattern appears in 3 graphs:
Run 64: SUCCESS (14.784752291s) - Pattern appears in 2 graphs:
Run 65: SUCCESS (14.714610977s) - Pattern appears in 3 graphs:
Run 66: SUCCESS (14.701496836s) - Pattern appears in 2 graphs:
Run 67: SUCCESS (14.943541662s) - Pattern appears in 5 graphs:
Run 68: SUCCESS (14.724811607s) - Pattern appears in 5 graphs:
Run 69: SUCCESS (14.850697936s) - Pattern appears in 5 graphs:
Run 70: SUCCESS (14.837645794s) - Pattern appears in 2 graphs:
Run 71: SUCCESS (15.052438042s) - Pattern appears in 4 graphs:
Run 72: SUCCESS (14.866405197s) - Pattern appears in 2 graphs:
Run 73: SUCCESS (15.220861471s) - Pattern appears in 2 graphs:
Run 74: SUCCESS (14.994692589s) - Pattern appears in 3 graphs:
Run 75: SUCCESS (15.057554680s) - Pattern appears in 2 graphs:
Run 76: SUCCESS (16.857011988s) - Pattern appears in 4 graphs:
Run 77: SUCCESS (14.852636291s) - Pattern appears in 5 graphs:
Run 78: SUCCESS (14.919201805s) - Pattern appears in 2 graphs:
Run 79: SUCCESS (14.930641221s) - Pattern appears in 4 graphs:
Run 80: SUCCESS (14.874731350s) - Pattern appears in 5 graphs:
Run 81: SUCCESS (14.852292407s) - Pattern appears in 5 graphs:
Run 82: SUCCESS (14.990625052s) - Pattern appears in 5 graphs:
Run 83: SUCCESS (14.919460467s) - Pattern appears in 5 graphs:
Run 84: SUCCESS (14.970821728s) - Pattern appears in 5 graphs:
Run 85: SUCCESS (14.927616733s) - Pattern appears in 1 graphs:
Run 86: SUCCESS (14.958349691s) - Pattern appears in 4 graphs:
Run 87: SUCCESS (14.911117938s) - Pattern appears in 1 graphs:
Run 88: SUCCESS (15.056689555s) - Pattern appears in 2 graphs:
Run 89: SUCCESS (14.935339912s) - Pattern appears in 1 graphs:
Run 90: SUCCESS (15.184303731s) - Pattern appears in 2 graphs:
Run 91: SUCCESS (14.763401389s) - Pattern appears in 4 graphs:
Run 92: SUCCESS (15.176857448s) - Pattern appears in 3 graphs:
Run 93: SUCCESS (15.120129049s) - Pattern appears in 2 graphs:
Run 94: SUCCESS (15.139063281s) - Pattern appears in 4 graphs:
Run 95: SUCCESS (15.231590663s) - Pattern appears in 2 graphs:
Run 96: SUCCESS (15.021921858s) - Pattern appears in 2 graphs:
Run 97: SUCCESS (14.927010708s) - Pattern appears in 5 graphs:
Run 98: SUCCESS (14.921205406s) - Pattern appears in 2 graphs:
Run 99: SUCCESS (15.051126230s) - Pattern appears in 5 graphs:
Run 100: SUCCESS (15.028637316s) - Pattern appears in 3 graphs:
Run 101: SUCCESS (14.699507613s) - Pattern appears in 3 graphs:
Run 102: SUCCESS (14.895557136s) - Pattern appears in 3 graphs:
Run 103: SUCCESS (14.682286942s) - Pattern appears in 2 graphs:
Run 104: SUCCESS (14.774410210s) - Pattern appears in 2 graphs:
Run 105: SUCCESS (14.753026933s) - Pattern appears in 3 graphs:
Run 106: SUCCESS (14.885699155s) - Pattern appears in 4 graphs:
Run 107: SUCCESS (14.778287390s) - Pattern appears in 2 graphs:
Run 108: SUCCESS (14.769261696s) - Pattern appears in 3 graphs:
Run 109: SUCCESS (14.860666394s) - Pattern appears in 4 graphs:
Run 110: SUCCESS (14.788487869s) - Pattern appears in 3 graphs:
Run 111: SUCCESS (14.792426043s) - Pattern appears in 2 graphs:
Run 112: SUCCESS (14.741159958s) - Pattern appears in 4 graphs:
Run 113: SUCCESS (14.906223462s) - Pattern appears in 2 graphs:
Run 114: SUCCESS (14.817398550s) - Pattern appears in 2 graphs:
Run 115: SUCCESS (14.906768242s) - Pattern appears in 5 graphs:
Run 116: SUCCESS (14.840046223s) - Pattern appears in 3 graphs:
Run 117: SUCCESS (14.932419693s) - Pattern appears in 2 graphs:
Run 118: SUCCESS (14.762166549s) - Pattern appears in 2 graphs:
Run 119: SUCCESS (14.733912175s) - Pattern appears in 2 graphs:
Run 120: SUCCESS (14.669210618s) - Pattern appears in 4 graphs:
Run 121: SUCCESS (14.741935865s) - Pattern appears in 2 graphs:
Run 122: SUCCESS (14.650161027s) - Pattern appears in 5 graphs:
Run 123: SUCCESS (14.779925690s) - Pattern appears in 4 graphs:
Run 124: SUCCESS (14.969571714s) - Pattern appears in 4 graphs:
Run 125: SUCCESS (14.806518670s) - Pattern appears in 1 graphs:
Run 126: SUCCESS (14.696668520s) - Pattern appears in 5 graphs:
Run 127: SUCCESS (14.808522437s) - Pattern appears in 2 graphs:
Run 128: SUCCESS (14.777753614s) - Pattern appears in 2 graphs:
Run 129: SUCCESS (14.749057397s) - Pattern appears in 4 graphs:
Run 130: SUCCESS (14.841402233s) - Pattern appears in 5 graphs:
Run 131: SUCCESS (14.728269737s) - Pattern appears in 4 graphs:
Run 132: SUCCESS (14.815032096s) - Pattern appears in 5 graphs:
Run 133: SUCCESS (14.884324507s) - Pattern appears in 5 graphs:
Run 134: SUCCESS (15.001058550s) - Pattern appears in 5 graphs:
Run 135: SUCCESS (14.719909253s) - Pattern appears in 4 graphs:
Run 136: SUCCESS (14.784201986s) - Pattern appears in 5 graphs:
Run 137: SUCCESS (14.745827539s) - Pattern appears in 3 graphs:
Run 138: SUCCESS (14.813065536s) - Pattern appears in 4 graphs:
Run 139: SUCCESS (14.769904868s) - Pattern appears in 4 graphs:
Run 140: SUCCESS (14.861726771s) - Pattern appears in 5 graphs:
Run 141: SUCCESS (14.761496421s) - Pattern appears in 5 graphs:
Run 142: SUCCESS (14.985288537s) - Pattern appears in 4 graphs:
Run 143: SUCCESS (14.881953012s) - Pattern appears in 5 graphs:
Run 144: SUCCESS (14.856408645s) - Pattern appears in 4 graphs:
Run 145: SUCCESS (14.829860744s) - Pattern appears in 4 graphs:
Run 146: SUCCESS (14.896136471s) - Pattern appears in 3 graphs:
Run 147: SUCCESS (14.951348646s) - Pattern appears in 5 graphs:
Run 148: SUCCESS (14.875949632s) - Pattern appears in 3 graphs:
Run 149: SUCCESS (14.782973328s) - Pattern appears in 5 graphs:
Run 150: SUCCESS (14.770905843s) - Pattern appears in 4 graphs:
Run 151: SUCCESS (14.861947693s) - Pattern appears in 3 graphs:
Run 152: SUCCESS (14.792041478s) - Pattern appears in 2 graphs:
Run 153: SUCCESS (14.802503821s) - Pattern appears in 1 graphs:
Run 154: SUCCESS (14.784811302s) - Pattern appears in 4 graphs:
Run 155: SUCCESS (14.810085181s) - Pattern appears in 3 graphs:
Run 156: SUCCESS (14.785022422s) - Pattern appears in 4 graphs:
Run 157: SUCCESS (14.805409820s) - Pattern appears in 2 graphs:
Run 158: SUCCESS (14.824083263s) - Pattern appears in 1 graphs:
Run 159: SUCCESS (14.713823555s) - Pattern appears in 3 graphs:
Run 160: SUCCESS (14.785603185s) - Pattern appears in 5 graphs:
Run 161: SUCCESS (15.093330452s) - Pattern appears in 2 graphs:
Run 162: SUCCESS (14.886501569s) - Pattern appears in 4 graphs:
Run 163: SUCCESS (15.014789027s) - Pattern appears in 1 graphs:
Run 164: SUCCESS (14.923317807s) - Pattern appears in 4 graphs:
Run 165: SUCCESS (14.932696195s) - Pattern appears in 3 graphs:
Run 166: SUCCESS (14.907455213s) - Pattern appears in 2 graphs:
Run 167: SUCCESS (14.876549610s) - Pattern appears in 5 graphs:
Run 168: SUCCESS (15.093826600s) - Pattern appears in 1 graphs:
Run 169: SUCCESS (14.988589680s) - Pattern appears in 4 graphs:
Run 170: SUCCESS (14.886617428s) - Pattern appears in 1 graphs:
Run 171: SUCCESS (14.866287246s) - Pattern appears in 5 graphs:
Run 172: SUCCESS (14.975128112s) - Pattern appears in 2 graphs:
Run 173: SUCCESS (14.886067437s) - Pattern appears in 2 graphs:
Run 174: SUCCESS (14.985701830s) - Pattern appears in 4 graphs:
Run 175: SUCCESS (15.022049894s) - Pattern appears in 2 graphs:
Run 176: SUCCESS (14.810987951s) - Pattern appears in 2 graphs:
Run 177: SUCCESS (15.067514414s) - Pattern appears in 2 graphs:
Run 178: SUCCESS (14.986551789s) - Pattern appears in 2 graphs:
Run 179: SUCCESS (15.028747409s) - Pattern appears in 4 graphs:
Run 180: SUCCESS (14.793471552s) - Pattern appears in 3 graphs:
Run 181: SUCCESS (14.877008223s) - Pattern appears in 1 graphs:
Run 182: SUCCESS (15.081445678s) - Pattern appears in 4 graphs:
Run 183: SUCCESS (15.050506782s) - Pattern appears in 4 graphs:
Run 184: SUCCESS (15.199822086s) - Pattern appears in 2 graphs:
Run 185: SUCCESS (14.886616633s) - Pattern appears in 3 graphs:
Run 186: SUCCESS (14.970455425s) - Pattern appears in 5 graphs:
Run 187: SUCCESS (14.921961410s) - Pattern appears in 4 graphs:
Run 188: SUCCESS (14.919575635s) - Pattern appears in 4 graphs:
Run 189: SUCCESS (14.786623059s) - Pattern appears in 3 graphs:
Run 190: SUCCESS (14.984894105s) - Pattern appears in 3 graphs:
Run 191: SUCCESS (14.983929172s) - Pattern appears in 3 graphs:
Run 192: SUCCESS (14.979120758s) - Pattern appears in 2 graphs:
Run 193: SUCCESS (14.950718244s) - Pattern appears in 3 graphs:
Run 194: SUCCESS (14.808576715s) - Pattern appears in 5 graphs:
Run 195: SUCCESS (15.165951199s) - Pattern appears in 5 graphs:
Run 196: SUCCESS (14.920232908s) - Pattern appears in 5 graphs:
Run 197: SUCCESS (14.814614809s) - Pattern appears in 1 graphs:
Run 198: SUCCESS (15.066234214s) - Pattern appears in 2 graphs:
Run 199: SUCCESS (14.915299694s) - Pattern appears in 2 graphs:
Run 200: SUCCESS (14.831256762s) - Pattern appears in 4 graphs:
Run 201: SUCCESS (14.960411997s) - Pattern appears in 5 graphs:
Run 202: SUCCESS (14.928388637s) - Pattern appears in 5 graphs:
Run 203: SUCCESS (14.755975505s) - Pattern appears in 2 graphs:
Run 204: SUCCESS (14.756825874s) - Pattern appears in 5 graphs:
Run 205: SUCCESS (14.839718492s) - Pattern appears in 5 graphs:
Run 206: SUCCESS (14.728670499s) - Pattern appears in 5 graphs:
Run 207: SUCCESS (14.895765319s) - Pattern appears in 1 graphs:
Run 208: SUCCESS (15.093391340s) - Pattern appears in 4 graphs:
Run 209: SUCCESS (15.325327562s) - Pattern appears in 2 graphs:
Run 210: SUCCESS (15.149504483s) - Pattern appears in 2 graphs:
Run 211: SUCCESS (15.021107123s) - Pattern appears in 4 graphs:
Run 212: SUCCESS (14.867532439s) - Pattern appears in 5 graphs:
Run 213: SUCCESS (14.734109702s) - Pattern appears in 2 graphs:
Run 214: SUCCESS (14.908718812s) - Pattern appears in 4 graphs:
Run 215: SUCCESS (14.904657124s) - Pattern appears in 1 graphs:
Run 216: SUCCESS (14.981856270s) - Pattern appears in 5 graphs:
Run 217: SUCCESS (15.078733356s) - Pattern appears in 5 graphs:
Run 218: SUCCESS (14.749665166s) - Pattern appears in 5 graphs:
Run 219: SUCCESS (14.730669775s) - Pattern appears in 3 graphs:
Run 220: SUCCESS (15.040805829s) - Pattern appears in 1 graphs:
Run 221: SUCCESS (14.992009038s) - Pattern appears in 4 graphs:
Run 222: SUCCESS (14.975115851s) - Pattern appears in 2 graphs:
Run 223: SUCCESS (14.880457069s) - Pattern appears in 2 graphs:
Run 224: SUCCESS (15.043531856s) - Pattern appears in 2 graphs:
Run 225: SUCCESS (15.008020919s) - Pattern appears in 1 graphs:
Run 226: SUCCESS (14.834039393s) - Pattern appears in 4 graphs:
Run 227: SUCCESS (14.923916081s) - Pattern appears in 2 graphs:
Run 228: SUCCESS (14.799322692s) - Pattern appears in 5 graphs:
Run 229: SUCCESS (14.955098944s) - Pattern appears in 4 graphs:
Run 230: SUCCESS (14.856551984s) - Pattern appears in 2 graphs:
Run 231: SUCCESS (14.751729350s) - Pattern appears in 2 graphs:
Run 232: SUCCESS (15.075806471s) - Pattern appears in 1 graphs:
Run 233: SUCCESS (14.928206698s) - Pattern appears in 3 graphs:
Run 234: SUCCESS (15.074998196s) - Pattern appears in 4 graphs:
Run 235: SUCCESS (14.778623096s) - Pattern appears in 5 graphs:
Run 236: SUCCESS (15.102996317s) - Pattern appears in 5 graphs:
Run 237: SUCCESS (14.966800229s) - Pattern appears in 3 graphs:
Run 238: SUCCESS (14.851715851s) - Pattern appears in 5 graphs:
Run 239: SUCCESS (14.918327393s) - Pattern appears in 3 graphs:
Run 240: SUCCESS (15.075166434s) - Pattern appears in 1 graphs:
Run 241: SUCCESS (14.755568434s) - Pattern appears in 2 graphs:
Run 242: SUCCESS (15.101410769s) - Pattern appears in 5 graphs:
Run 243: SUCCESS (14.752317473s) - Pattern appears in 4 graphs:
Run 244: SUCCESS (15.088114917s) - Pattern appears in 4 graphs:
Run 245: SUCCESS (14.855794889s) - Pattern appears in 3 graphs:
Run 246: SUCCESS (14.776108700s) - Pattern appears in 4 graphs:
Run 247: SUCCESS (15.022206056s) - Pattern appears in 4 graphs:
Run 248: SUCCESS (14.795628972s) - Pattern appears in 2 graphs:
Run 249: SUCCESS (14.754146350s) - Pattern appears in 3 graphs:
Run 250: SUCCESS (14.688491723s) - Pattern appears in 4 graphs:
Run 251: SUCCESS (14.815049750s) - Pattern appears in 3 graphs:
Run 252: SUCCESS (14.748491413s) - Pattern appears in 3 graphs:
Run 253: SUCCESS (14.740380587s) - Pattern appears in 5 graphs:
Run 254: SUCCESS (14.765595443s) - Pattern appears in 3 graphs:
Run 255: SUCCESS (14.828575817s) - Pattern appears in 1 graphs:
Run 256: SUCCESS (14.779947331s) - Pattern appears in 3 graphs:
Run 257: SUCCESS (14.771775010s) - Pattern appears in 4 graphs:
Run 258: SUCCESS (14.814777138s) - Pattern appears in 5 graphs:
Run 259: SUCCESS (14.820020802s) - Pattern appears in 3 graphs:
Run 260: SUCCESS (14.793398962s) - Pattern appears in 5 graphs:
Run 261: SUCCESS (14.778701373s) - Pattern appears in 3 graphs:
Run 262: SUCCESS (14.847038857s) - Pattern appears in 5 graphs:
Run 263: SUCCESS (14.993701769s) - Pattern appears in 4 graphs:
Run 264: SUCCESS (15.034148907s) - Pattern appears in 2 graphs:
Run 265: SUCCESS (14.791287632s) - Pattern appears in 5 graphs:
Run 266: SUCCESS (14.921344754s) - Pattern appears in 3 graphs:
Run 267: SUCCESS (14.847995869s) - Pattern appears in 5 graphs:
Run 268: SUCCESS (14.725851247s) - Pattern appears in 3 graphs:
Run 269: SUCCESS (14.807880073s) - Pattern appears in 3 graphs:
Run 270: SUCCESS (14.860048963s) - Pattern appears in 1 graphs:
Run 271: SUCCESS (14.740994988s) - Pattern appears in 5 graphs:
Run 272: SUCCESS (14.776361210s) - Pattern appears in 3 graphs:
Run 273: SUCCESS (14.757172001s) - Pattern appears in 1 graphs:
Run 274: SUCCESS (14.809484186s) - Pattern appears in 3 graphs:
Run 275: SUCCESS (14.988546808s) - Pattern appears in 5 graphs:
Run 276: SUCCESS (15.008645035s) - Pattern appears in 5 graphs:
Run 277: SUCCESS (15.083331921s) - Pattern appears in 3 graphs:
Run 278: SUCCESS (14.801215288s) - Pattern appears in 3 graphs:
Run 279: SUCCESS (14.680577171s) - Pattern appears in 5 graphs:
Run 280: SUCCESS (14.940192640s) - Pattern appears in 3 graphs:
Run 281: SUCCESS (15.111146988s) - Pattern appears in 4 graphs:
Run 282: SUCCESS (14.975485392s) - Pattern appears in 4 graphs:
Run 283: SUCCESS (15.171025759s) - Pattern appears in 4 graphs:
Run 284: SUCCESS (16.974851282s) - Pattern appears in 5 graphs:
Run 285: SUCCESS (14.880394544s) - Pattern appears in 1 graphs:
Run 286: SUCCESS (14.985522713s) - Pattern appears in 4 graphs:
Run 287: SUCCESS (14.840387268s) - Pattern appears in 2 graphs:
Run 288: SUCCESS (14.755012751s) - Pattern appears in 2 graphs:
Run 289: SUCCESS (15.015939397s) - Pattern appears in 2 graphs:
Run 290: SUCCESS (14.776154955s) - Pattern appears in 5 graphs:
Run 291: SUCCESS (14.955463676s) - Pattern appears in 3 graphs:
Run 292: SUCCESS (14.803435960s) - Pattern appears in 4 graphs:
Run 293: SUCCESS (14.788772639s) - Pattern appears in 2 graphs:
Run 294: SUCCESS (14.800419643s) - Pattern appears in 2 graphs:
Run 295: SUCCESS (14.955526005s) - Pattern appears in 5 graphs:
Run 296: SUCCESS (14.762387995s) - Pattern appears in 5 graphs:
Run 297: SUCCESS (14.800630162s) - Pattern appears in 5 graphs:
Run 298: SUCCESS (14.763571465s) - Pattern appears in 2 graphs:
Run 299: SUCCESS (14.851219324s) - Pattern appears in 5 graphs:
Run 300: SUCCESS (15.013162743s) - Pattern appears in 5 graphs:
Run 301: SUCCESS (14.980896818s) - Pattern appears in 5 graphs:
Run 302: SUCCESS (14.945319488s) - Pattern appears in 3 graphs:
Run 303: SUCCESS (15.066398639s) - Pattern appears in 5 graphs:
Run 304: SUCCESS (14.848672467s) - Pattern appears in 1 graphs:
Run 305: SUCCESS (15.027423777s) - Pattern appears in 4 graphs:
Run 306: SUCCESS (15.033132277s) - Pattern appears in 3 graphs:
Run 307: SUCCESS (15.108484534s) - Pattern appears in 3 graphs:
Run 308: SUCCESS (15.148890119s) - Pattern appears in 2 graphs:
Run 309: SUCCESS (14.788562484s) - Pattern appears in 1 graphs:
Run 310: SUCCESS (15.185068160s) - Pattern appears in 4 graphs:
Run 311: SUCCESS (14.785671535s) - Pattern appears in 3 graphs:
Run 312: SUCCESS (14.937707551s) - Pattern appears in 5 graphs:
Run 313: SUCCESS (14.815210636s) - Pattern appears in 4 graphs:
Run 314: SUCCESS (14.794830313s) - Pattern appears in 5 graphs:
Run 315: SUCCESS (14.840755518s) - Pattern appears in 4 graphs:
Run 316: SUCCESS (15.063731085s) - Pattern appears in 3 graphs:
Run 317: SUCCESS (14.838991779s) - Pattern appears in 4 graphs:
Run 318: SUCCESS (15.057058883s) - Pattern appears in 5 graphs:
Run 319: SUCCESS (14.702715617s) - Pattern appears in 2 graphs:
Run 320: SUCCESS (14.928551514s) - Pattern appears in 5 graphs:
Run 321: SUCCESS (14.752022479s) - Pattern appears in 5 graphs:
Run 322: SUCCESS (14.797136333s) - Pattern appears in 4 graphs:
Run 323: SUCCESS (14.975940784s) - Pattern appears in 5 graphs:
Run 324: SUCCESS (14.891180030s) - Pattern appears in 5 graphs:
Run 325: SUCCESS (14.984295863s) - Pattern appears in 5 graphs:
Run 326: SUCCESS (14.920587011s) - Pattern appears in 5 graphs:
Run 327: SUCCESS (15.061317442s) - Pattern appears in 1 graphs:
Run 328: SUCCESS (14.945038286s) - Pattern appears in 3 graphs:
Run 329: SUCCESS (15.078777983s) - Pattern appears in 4 graphs:
Run 330: SUCCESS (14.870765131s) - Pattern appears in 5 graphs:
Run 331: SUCCESS (15.204936350s) - Pattern appears in 2 graphs:
Run 332: SUCCESS (14.870398297s) - Pattern appears in 2 graphs:
Run 333: SUCCESS (14.855281751s) - Pattern appears in 3 graphs:
Run 334: SUCCESS (15.083599970s) - Pattern appears in 2 graphs:
Run 335: SUCCESS (15.048368247s) - Pattern appears in 2 graphs:
Run 336: SUCCESS (14.825379603s) - Pattern appears in 1 graphs:
Run 337: SUCCESS (14.834269262s) - Pattern appears in 5 graphs:
Run 338: SUCCESS (14.996585813s) - Pattern appears in 2 graphs:
Run 339: SUCCESS (14.989028987s) - Pattern appears in 4 graphs:
Run 340: SUCCESS (14.952977710s) - Pattern appears in 3 graphs:
Run 341: SUCCESS (15.074634621s) - Pattern appears in 4 graphs:
Run 342: SUCCESS (15.077355351s) - Pattern appears in 4 graphs:
Run 343: SUCCESS (14.802044219s) - Pattern appears in 5 graphs:
Run 344: SUCCESS (14.899345267s) - Pattern appears in 3 graphs:
Run 345: SUCCESS (15.129609059s) - Pattern appears in 3 graphs:
Run 346: SUCCESS (14.857590468s) - Pattern appears in 3 graphs:
Run 347: SUCCESS (15.258482541s) - Pattern appears in 4 graphs:
Run 348: SUCCESS (15.229452724s) - Pattern appears in 3 graphs:
Run 349: SUCCESS (15.238687578s) - Pattern appears in 4 graphs:
Run 350: SUCCESS (15.297033367s) - Pattern appears in 2 graphs:

FINAL RESULTS for input_color_uniform_deg_5
========================================
Total pattern finding time: 5226.907889233 seconds
Average time per pattern: 14.934022 seconds
