first_color: 0
number of alive: 1000
adding vertex with color number: 16 to node: 0
number of alive: 814
adding vertex with color number: 8 to node: 1
number of alive: 452
Added edge (0, 2) with score 26
number of alive: 26
number of alive: 26
adding vertex with color number: 3 to node: 0
number of alive: 26
adding vertex with color number: 7 to node: 0
number of alive: 13
adding vertex with color number: 1 to node: 1
number of alive: 11
number of alive: 11
adding vertex with color number: 5 to node: 3
number of alive: 8
number of alive: 8
adding vertex with color number: 8 to node: 3
number of alive: 6
adding vertex with color number: 6 to node: 7
number of alive: 6
adding vertex with color number: 4 to node: 5
number of alive: 6
number of alive: 6
adding vertex with color number: 2 to node: 5
number of alive: 6
adding vertex with color number: 4 to node: 7
number of alive: 6
number of alive: 6
adding vertex with color number: 14 to node: 9
Time taken: 0.470575 seconds

Pattern appears in 1 graphs:
S[675] -> S_706.json
Pattern written to pattern.json
