first_color: 0
number of alive: 1000
adding vertex with color number: 12 to node: 0
number of alive: 847
adding vertex with color number: 4 to node: 0
number of alive: 835
adding vertex with color number: 6 to node: 2
number of alive: 812
adding vertex with color number: 1 to node: 2
number of alive: 809
Added edge (3, 4) with score 164
number of alive: 164
number of alive: 164
adding vertex with color number: 9 to node: 1
number of alive: 64
number of alive: 64
adding vertex with color number: 5 to node: 4
number of alive: 41
adding vertex with color number: 0 to node: 4
number of alive: 40
number of alive: 40
adding vertex with color number: 4 to node: 3
number of alive: 31
number of alive: 31
adding vertex with color number: 9 to node: 3
number of alive: 7
number of alive: 7
adding vertex with color number: 5 to node: 6
number of alive: 6
number of alive: 6
adding vertex with color number: 2 to node: 2
Time taken: 0.591752 seconds

Pattern appears in 4 graphs:
S[124] -> S_21.json
S[546] -> S_590.json
S[718] -> S_745.json
S[900] -> S_909.json
Pattern written to pattern.json
