first_color: 0
number of alive: 1000
adding vertex with color number: 10 to node: 0
number of alive: 814
adding vertex with color number: 6 to node: 0
number of alive: 777
adding vertex with color number: 7 to node: 2
number of alive: 693
adding vertex with color number: 0 to node: 0
number of alive: 689
Added edge (3, 4) with score 105
number of alive: 105
adding vertex with color number: 5 to node: 4
number of alive: 53
number of alive: 53
adding vertex with color number: 5 to node: 3
number of alive: 28
adding vertex with color number: 1 to node: 2
number of alive: 26
adding vertex with color number: 4 to node: 6
number of alive: 21
number of alive: 21
adding vertex with color number: 2 to node: 0
number of alive: 20
number of alive: 20
adding vertex with color number: 8 to node: 9
number of alive: 10
number of alive: 10
adding vertex with color number: 1 to node: 0
number of alive: 9
adding vertex with color number: 2 to node: 10
number of alive: 9
number of alive: 9
adding vertex with color number: 5 to node: 2
number of alive: 7
number of alive: 7
adding vertex with color number: 1 to node: 9
number of alive: 7
number of alive: 7
adding vertex with color number: 6 to node: 10
Time taken: 0.546653 seconds

Pattern appears in 4 graphs:
S[8] -> S_105.json
S[47] -> S_140.json
S[126] -> S_211.json
S[312] -> S_38.json
Pattern written to pattern.json
