first_color: 0
number of alive: 1000
adding vertex with color number: 7 to node: 0
number of alive: 1000
adding vertex with color number: 10 to node: 1
number of alive: 540
adding vertex with color number: 2 to node: 1
number of alive: 511
Added edge (0, 3) with score 66
number of alive: 66
adding vertex with color number: 9 to node: 3
number of alive: 19
number of alive: 19
adding vertex with color number: 2 to node: 3
number of alive: 17
adding vertex with color number: 4 to node: 4
number of alive: 16
number of alive: 16
adding vertex with color number: 1 to node: 3
number of alive: 14
number of alive: 14
adding vertex with color number: 4 to node: 5
number of alive: 14
number of alive: 14
adding vertex with color number: 6 to node: 5
number of alive: 12
number of alive: 12
adding vertex with color number: 1 to node: 6
number of alive: 12
number of alive: 12
adding vertex with color number: 1 to node: 5
number of alive: 11
adding vertex with color number: 8 to node: 4
Time taken: 1.03742 seconds

Pattern appears in 5 graphs:
S[272] -> S_343.json
S[511] -> S_559.json
S[704] -> S_732.json
S[714] -> S_741.json
S[812] -> S_83.json
Pattern written to pattern.json
