first_color: 0
number of alive: 1000
adding vertex with color number: 12 to node: 0
number of alive: 847
number of alive: 847
adding vertex with color number: 5 to node: 1
number of alive: 648
adding vertex with color number: 6 to node: 2
number of alive: 477
Added edge (0, 3) with score 40
number of alive: 40
number of alive: 40
adding vertex with color number: 5 to node: 2
number of alive: 19
number of alive: 19
adding vertex with color number: 0 to node: 3
number of alive: 19
adding vertex with color number: 1 to node: 5
number of alive: 19
number of alive: 19
adding vertex with color number: 3 to node: 5
number of alive: 19
adding vertex with color number: 2 to node: 0
number of alive: 19
Added edge (7, 8) with score 5
Time taken: 0.493395 seconds

Pattern appears in 5 graphs:
S[233] -> S_308.json
S[332] -> S_398.json
S[773] -> S_795.json
S[790] -> S_81.json
S[846] -> S_860.json
Pattern written to pattern.json
