first_color: 0
number of alive: 1000
adding vertex with color number: 17 to node: 0
number of alive: 828
adding vertex with color number: 0 to node: 0
number of alive: 828
adding vertex with color number: 3 to node: 2
number of alive: 828
Added edge (0, 3) with score 306
number of alive: 306
adding vertex with color number: 4 to node: 2
number of alive: 267
Added edge (3, 4) with score 6
number of alive: 6
adding vertex with color number: 3 to node: 0
number of alive: 6
adding vertex with color number: 1 to node: 2
Time taken: 0.663718 seconds

Pattern appears in 5 graphs:
S[0] -> S_1.json
S[178] -> S_259.json
S[542] -> S_587.json
S[658] -> S_691.json
S[859] -> S_872.json
Pattern written to pattern.json
