first_color: 0
number of alive: 1000
adding vertex with color number: 9 to node: 0
number of alive: 1000
adding vertex with color number: 2 to node: 1
number of alive: 1000
Added edge (0, 2) with score 889
number of alive: 889
adding vertex with color number: 9 to node: 1
number of alive: 444
adding vertex with color number: 1 to node: 0
number of alive: 413
adding vertex with color number: 4 to node: 2
number of alive: 352
adding vertex with color number: 5 to node: 5
number of alive: 263
Added edge (4, 6) with score 18
number of alive: 18
adding vertex with color number: 1 to node: 2
number of alive: 14
adding vertex with color number: 8 to node: 2
number of alive: 7
number of alive: 7
adding vertex with color number: 7 to node: 0
Time taken: 1.33974 seconds

Pattern appears in 4 graphs:
S[15] -> S_111.json
S[255] -> S_328.json
S[646] -> S_680.json
S[884] -> S_895.json
Pattern written to pattern.json
