first_color: 0
number of alive: 1000
adding vertex with color number: 8 to node: 0
number of alive: 1000
adding vertex with color number: 13 to node: 1
number of alive: 482
adding vertex with color number: 1 to node: 0
number of alive: 478
Added edge (2, 3) with score 70
number of alive: 70
number of alive: 70
adding vertex with color number: 1 to node: 3
number of alive: 58
adding vertex with color number: 7 to node: 1
number of alive: 31
adding vertex with color number: 0 to node: 0
number of alive: 30
adding vertex with color number: 4 to node: 1
number of alive: 22
number of alive: 22
adding vertex with color number: 5 to node: 5
number of alive: 15
adding vertex with color number: 3 to node: 4
number of alive: 15
adding vertex with color number: 0 to node: 6
number of alive: 15
Added edge (6, 9) with score 6
number of alive: 6
adding vertex with color number: 7 to node: 6
Time taken: 0.933046 seconds

Pattern appears in 5 graphs:
S[121] -> S_207.json
S[672] -> S_703.json
S[710] -> S_738.json
S[753] -> S_777.json
S[825] -> S_841.json
Pattern written to pattern.json
