first_color: 0
number of alive: 1000
adding vertex with color number: 13 to node: 0
number of alive: 844
adding vertex with color number: 2 to node: 0
number of alive: 842
Added edge (1, 2) with score 104
number of alive: 104
adding vertex with color number: 5 to node: 1
number of alive: 52
adding vertex with color number: 4 to node: 2
number of alive: 44
adding vertex with color number: 8 to node: 1
number of alive: 20
number of alive: 20
adding vertex with color number: 3 to node: 2
number of alive: 17
adding vertex with color number: 4 to node: 0
number of alive: 15
number of alive: 15
adding vertex with color number: 2 to node: 1
number of alive: 12
number of alive: 12
adding vertex with color number: 4 to node: 1
number of alive: 10
number of alive: 10
adding vertex with color number: 0 to node: 3
number of alive: 10
number of alive: 10
adding vertex with color number: 4 to node: 10
number of alive: 10
adding vertex with color number: 2 to node: 2
number of alive: 8
adding vertex with color number: 5 to node: 8
number of alive: 6
number of alive: 6
adding vertex with color number: 6 to node: 6
Time taken: 0.619883 seconds

Pattern appears in 5 graphs:
S[76] -> S_167.json
S[578] -> S_619.json
S[583] -> S_623.json
S[797] -> S_816.json
S[910] -> S_918.json
Pattern written to pattern.json
