first_color: 0
number of alive: 1000
adding vertex with color number: 13 to node: 0
number of alive: 844
adding vertex with color number: 1 to node: 0
number of alive: 842
Added edge (1, 2) with score 128
number of alive: 128
number of alive: 128
adding vertex with color number: 6 to node: 0
number of alive: 78
number of alive: 78
adding vertex with color number: 9 to node: 1
number of alive: 17
adding vertex with color number: 4 to node: 3
number of alive: 16
adding vertex with color number: 2 to node: 1
number of alive: 16
number of alive: 16
adding vertex with color number: 7 to node: 0
Time taken: 0.506964 seconds

Pattern appears in 5 graphs:
S[36] -> S_130.json
S[67] -> S_159.json
S[164] -> S_246.json
S[257] -> S_33.json
S[814] -> S_831.json
Pattern written to pattern.json
