first_color: 0
number of alive: 1000
adding vertex with color number: 1 to node: 0
number of alive: 1000
number of alive: 1000
adding vertex with color number: 17 to node: 0
number of alive: 825
adding vertex with color number: 6 to node: 1
number of alive: 815
adding vertex with color number: 19 to node: 0
number of alive: 90
adding vertex with color number: 0 to node: 1
number of alive: 89
adding vertex with color number: 9 to node: 4
number of alive: 27
adding vertex with color number: 3 to node: 0
number of alive: 23
number of alive: 23
adding vertex with color number: 0 to node: 4
number of alive: 23
Added edge (5, 8) with score 6
number of alive: 6
adding vertex with color number: 5 to node: 0
Time taken: 2.37207 seconds

Pattern appears in 3 graphs:
S[42] -> S_136.json
S[432] -> S_488.json
S[518] -> S_565.json
Pattern written to pattern.json
