first_color: 0
number of alive: 1000
adding vertex with color number: 12 to node: 0
number of alive: 847
adding vertex with color number: 5 to node: 1
number of alive: 648
adding vertex with color number: 2 to node: 0
number of alive: 646
adding vertex with color number: 9 to node: 3
number of alive: 575
adding vertex with color number: 2 to node: 4
number of alive: 561
Added edge (2, 5) with score 69
number of alive: 69
adding vertex with color number: 2 to node: 2
number of alive: 59
number of alive: 59
adding vertex with color number: 3 to node: 1
number of alive: 52
Added edge (6, 7) with score 5
Time taken: 0.562916 seconds

Pattern appears in 5 graphs:
S[145] -> S_229.json
S[649] -> S_683.json
S[708] -> S_736.json
S[877] -> S_889.json
S[933] -> S_939.json
Pattern written to pattern.json
