first_color: 0
number of alive: 1000
adding vertex with color number: 18 to node: 0
number of alive: 821
number of alive: 821
adding vertex with color number: 0 to node: 1
number of alive: 796
Added edge (0, 2) with score 95
number of alive: 95
adding vertex with color number: 4 to node: 0
number of alive: 90
adding vertex with color number: 6 to node: 0
number of alive: 69
adding vertex with color number: 4 to node: 2
number of alive: 46
adding vertex with color number: 1 to node: 3
number of alive: 46
Added edge (4, 6) with score 6
number of alive: 6
adding vertex with color number: 5 to node: 0
Time taken: 0.516208 seconds

Pattern appears in 4 graphs:
S[314] -> S_381.json
S[377] -> S_438.json
S[600] -> S_639.json
S[918] -> S_925.json
Pattern written to pattern.json
