first_color: 0
number of alive: 1000
adding vertex with color number: 5 to node: 0
number of alive: 1000
adding vertex with color number: 18 to node: 1
number of alive: 626
Added edge (0, 2) with score 43
number of alive: 43
number of alive: 43
adding vertex with color number: 3 to node: 0
number of alive: 39
adding vertex with color number: 2 to node: 2
number of alive: 34
number of alive: 34
adding vertex with color number: 6 to node: 3
number of alive: 25
number of alive: 25
adding vertex with color number: 4 to node: 4
number of alive: 21
adding vertex with color number: 2 to node: 0
number of alive: 18
adding vertex with color number: 4 to node: 7
number of alive: 17
adding vertex with color number: 3 to node: 3
number of alive: 14
adding vertex with color number: 4 to node: 3
number of alive: 14
adding vertex with color number: 9 to node: 9
number of alive: 10
adding vertex with color number: 0 to node: 3
number of alive: 10
number of alive: 10
adding vertex with color number: 5 to node: 12
number of alive: 10
number of alive: 10
adding vertex with color number: 13 to node: 10
Time taken: 1.11869 seconds

Pattern appears in 2 graphs:
S[343] -> S_407.json
S[808] -> S_826.json
Pattern written to pattern.json
