first_color: 0
number of alive: 1000
adding vertex with color number: 18 to node: 0
number of alive: 821
adding vertex with color number: 7 to node: 1
number of alive: 554
Added edge (0, 2) with score 39
number of alive: 39
adding vertex with color number: 1 to node: 2
number of alive: 38
adding vertex with color number: 3 to node: 3
number of alive: 36
adding vertex with color number: 4 to node: 2
number of alive: 32
number of alive: 32
adding vertex with color number: 3 to node: 0
number of alive: 26
adding vertex with color number: 1 to node: 6
number of alive: 25
Added edge (4, 7) with score 5
Time taken: 0.478153 seconds

Pattern appears in 5 graphs:
S[73] -> S_164.json
S[84] -> S_174.json
S[156] -> S_239.json
S[326] -> S_392.json
S[932] -> S_938.json
Pattern written to pattern.json
