first_color: 0
number of alive: 1000
adding vertex with color number: 19 to node: 0
number of alive: 830
adding vertex with color number: 1 to node: 0
number of alive: 829
Added edge (1, 2) with score 136
number of alive: 136
number of alive: 136
adding vertex with color number: 3 to node: 0
number of alive: 118
number of alive: 118
adding vertex with color number: 0 to node: 0
number of alive: 117
Added edge (1, 4) with score 5
Time taken: 0.509647 seconds

Pattern appears in 5 graphs:
S[25] -> S_120.json
S[361] -> S_423.json
S[362] -> S_424.json
S[778] -> S_8.json
S[793] -> S_812.json
Pattern written to pattern.json
