first_color: 0
number of alive: 1000
adding vertex with color number: 12 to node: 0
number of alive: 847
adding vertex with color number: 4 to node: 0
number of alive: 835
adding vertex with color number: 10 to node: 2
number of alive: 123
adding vertex with color number: 9 to node: 2
number of alive: 38
adding vertex with color number: 2 to node: 4
number of alive: 35
adding vertex with color number: 1 to node: 1
number of alive: 32
number of alive: 32
adding vertex with color number: 1 to node: 2
number of alive: 31
adding vertex with color number: 3 to node: 3
number of alive: 27
Added edge (6, 7) with score 6
number of alive: 6
number of alive: 6
adding vertex with color number: 0 to node: 0
number of alive: 6
adding vertex with color number: 2 to node: 3
number of alive: 6
number of alive: 6
adding vertex with color number: 5 to node: 10
Time taken: 0.497499 seconds

Pattern appears in 2 graphs:
S[236] -> S_310.json
S[769] -> S_791.json
Pattern written to pattern.json
