first_color: 0
number of alive: 1000
adding vertex with color number: 0 to node: 0
number of alive: 1000
adding vertex with color number: 5 to node: 1
number of alive: 1000
adding vertex with color number: 14 to node: 0
number of alive: 830
Added edge (0, 2) with score 144
number of alive: 144
number of alive: 144
adding vertex with color number: 3 to node: 2
number of alive: 126
adding vertex with color number: 4 to node: 4
number of alive: 119
adding vertex with color number: 2 to node: 3
number of alive: 108
Added edge (5, 6) with score 10
number of alive: 10
adding vertex with color number: 7 to node: 4
number of alive: 7
number of alive: 7
adding vertex with color number: 3 to node: 6
number of alive: 6
number of alive: 6
adding vertex with color number: 0 to node: 5
Time taken: 5.88948 seconds

Pattern appears in 5 graphs:
S[409] -> S_467.json
S[769] -> S_791.json
S[817] -> S_834.json
S[836] -> S_851.json
S[958] -> S_961.json
Pattern written to pattern.json
