first_color: 0
number of alive: 1000
adding vertex with color number: 11 to node: 0
number of alive: 831
adding vertex with color number: 1 to node: 1
number of alive: 812
adding vertex with color number: 7 to node: 1
number of alive: 550
Added edge (0, 2) with score 50
number of alive: 50
number of alive: 50
adding vertex with color number: 3 to node: 0
number of alive: 44
adding vertex with color number: 3 to node: 2
number of alive: 35
number of alive: 35
adding vertex with color number: 3 to node: 5
number of alive: 33
number of alive: 33
adding vertex with color number: 4 to node: 0
number of alive: 28
adding vertex with color number: 15 to node: 7
Time taken: 0.529435 seconds

Pattern appears in 1 graphs:
S[941] -> S_946.json
Pattern written to pattern.json
