first_color: 0
number of alive: 1000
adding vertex with color number: 12 to node: 0
number of alive: 847
number of alive: 847
adding vertex with color number: 13 to node: 1
number of alive: 27
number of alive: 27
adding vertex with color number: 3 to node: 1
number of alive: 20
adding vertex with color number: 1 to node: 1
number of alive: 19
number of alive: 19
adding vertex with color number: 3 to node: 3
number of alive: 18
adding vertex with color number: 4 to node: 5
number of alive: 15
adding vertex with color number: 2 to node: 6
number of alive: 14
adding vertex with color number: 0 to node: 4
number of alive: 14
Added edge (7, 8) with score 8
number of alive: 8
adding vertex with color number: 3 to node: 6
number of alive: 7
adding vertex with color number: 4 to node: 0
number of alive: 7
number of alive: 7
adding vertex with color number: 1 to node: 7
number of alive: 6
number of alive: 6
adding vertex with color number: 6 to node: 9
Time taken: 0.506506 seconds

Pattern appears in 5 graphs:
S[58] -> S_150.json
S[378] -> S_439.json
S[385] -> S_445.json
S[527] -> S_573.json
S[583] -> S_623.json
Pattern written to pattern.json
