first_color: 0
number of alive: 1000
adding vertex with color number: 15 to node: 0
number of alive: 822
number of alive: 822
adding vertex with color number: 1 to node: 0
number of alive: 820
Added edge (1, 2) with score 126
number of alive: 126
adding vertex with color number: 4 to node: 0
number of alive: 103
adding vertex with color number: 6 to node: 3
number of alive: 70
adding vertex with color number: 5 to node: 4
number of alive: 53
number of alive: 53
adding vertex with color number: 2 to node: 4
number of alive: 50
number of alive: 50
adding vertex with color number: 0 to node: 1
number of alive: 50
Added edge (6, 7) with score 6
number of alive: 6
adding vertex with color number: 1 to node: 3
Time taken: 0.507336 seconds

Pattern appears in 5 graphs:
S[106] -> S_194.json
S[321] -> S_388.json
S[372] -> S_433.json
S[472] -> S_523.json
S[860] -> S_873.json
Pattern written to pattern.json
