first_color: 0
number of alive: 1000
adding vertex with color number: 16 to node: 0
number of alive: 814
number of alive: 814
adding vertex with color number: 9 to node: 0
number of alive: 672
adding vertex with color number: 8 to node: 0
number of alive: 430
adding vertex with color number: 4 to node: 1
number of alive: 359
adding vertex with color number: 2 to node: 4
number of alive: 339
Added edge (3, 5) with score 29
number of alive: 29
number of alive: 29
adding vertex with color number: 8 to node: 2
number of alive: 11
adding vertex with color number: 0 to node: 3
number of alive: 11
number of alive: 11
adding vertex with color number: 2 to node: 1
number of alive: 10
number of alive: 10
adding vertex with color number: 2 to node: 0
number of alive: 6
adding vertex with color number: 5 to node: 5
Time taken: 0.490316 seconds

Pattern appears in 3 graphs:
S[214] -> S_291.json
S[606] -> S_644.json
S[732] -> S_758.json
Pattern written to pattern.json
