first_color: 0
number of alive: 1000
adding vertex with color number: 13 to node: 0
number of alive: 844
adding vertex with color number: 4 to node: 0
number of alive: 837
adding vertex with color number: 1 to node: 2
number of alive: 835
adding vertex with color number: 9 to node: 3
number of alive: 804
adding vertex with color number: 3 to node: 3
number of alive: 796
adding vertex with color number: 8 to node: 1
number of alive: 437
Added edge (5, 6) with score 51
number of alive: 51
adding vertex with color number: 0 to node: 3
number of alive: 50
adding vertex with color number: 3 to node: 1
number of alive: 44
number of alive: 44
adding vertex with color number: 2 to node: 3
number of alive: 41
adding vertex with color number: 9 to node: 4
number of alive: 14
adding vertex with color number: 2 to node: 2
number of alive: 12
number of alive: 12
adding vertex with color number: 5 to node: 6
number of alive: 8
adding vertex with color number: 1 to node: 4
number of alive: 8
number of alive: 8
adding vertex with color number: 1 to node: 1
number of alive: 6
number of alive: 6
adding vertex with color number: 7 to node: 8
Time taken: 0.877265 seconds

Pattern appears in 5 graphs:
S[13] -> S_11.json
S[194] -> S_273.json
S[487] -> S_537.json
S[586] -> S_626.json
S[971] -> S_973.json
Pattern written to pattern.json
