first_color: 0
number of alive: 1000
adding vertex with color number: 5 to node: 0
number of alive: 1000
adding vertex with color number: 7 to node: 0
number of alive: 1000
adding vertex with color number: 18 to node: 2
number of alive: 519
Added edge (1, 3) with score 23
number of alive: 23
adding vertex with color number: 0 to node: 0
number of alive: 23
adding vertex with color number: 1 to node: 4
number of alive: 23
number of alive: 23
adding vertex with color number: 1 to node: 3
number of alive: 22
adding vertex with color number: 4 to node: 5
number of alive: 22
Added edge (6, 7) with score 8
number of alive: 8
number of alive: 8
adding vertex with color number: 4 to node: 6
number of alive: 8
adding vertex with color number: 6 to node: 2
Time taken: 1.54088 seconds

Pattern appears in 4 graphs:
S[536] -> S_581.json
S[622] -> S_659.json
S[729] -> S_755.json
S[778] -> S_8.json
Pattern written to pattern.json
