first_color: 0
number of alive: 1000
adding vertex with color number: 6 to node: 0
number of alive: 1000
number of alive: 1000
adding vertex with color number: 4 to node: 1
number of alive: 1000
adding vertex with color number: 0 to node: 2
number of alive: 1000
adding vertex with color number: 9 to node: 0
number of alive: 1000
adding vertex with color number: 17 to node: 3
number of alive: 773
adding vertex with color number: 0 to node: 0
number of alive: 771
adding vertex with color number: 6 to node: 2
number of alive: 644
Added edge (6, 7) with score 149
number of alive: 149
number of alive: 149
adding vertex with color number: 8 to node: 0
number of alive: 62
adding vertex with color number: 6 to node: 7
number of alive: 28
adding vertex with color number: 2 to node: 5
number of alive: 26
adding vertex with color number: 1 to node: 5
number of alive: 24
number of alive: 24
adding vertex with color number: 12 to node: 8
Time taken: 8.42179 seconds

Pattern appears in 1 graphs:
S[584] -> S_624.json
Pattern written to pattern.json
