first_color: 0
number of alive: 1000
adding vertex with color number: 1 to node: 0
number of alive: 1000
adding vertex with color number: 19 to node: 1
number of alive: 807
Added edge (0, 2) with score 136
number of alive: 136
adding vertex with color number: 0 to node: 2
number of alive: 133
Added edge (0, 3) with score 7
number of alive: 7
adding vertex with color number: 2 to node: 1
number of alive: 7
number of alive: 7
adding vertex with color number: 4 to node: 2
number of alive: 6
adding vertex with color number: 8 to node: 2
Time taken: 2.30576 seconds

Pattern appears in 4 graphs:
S[25] -> S_120.json
S[83] -> S_173.json
S[548] -> S_592.json
S[778] -> S_8.json
Pattern written to pattern.json
