first_color: 0
number of alive: 1000
adding vertex with color number: 5 to node: 0
number of alive: 1000
adding vertex with color number: 2 to node: 0
number of alive: 1000
adding vertex with color number: 12 to node: 0
number of alive: 803
adding vertex with color number: 9 to node: 3
number of alive: 352
Added edge (1, 2) with score 26
number of alive: 26
adding vertex with color number: 2 to node: 2
number of alive: 20
number of alive: 20
adding vertex with color number: 9 to node: 4
number of alive: 6
number of alive: 6
adding vertex with color number: 5 to node: 2
Time taken: 2.6209 seconds

Pattern appears in 5 graphs:
S[123] -> S_209.json
S[578] -> S_619.json
S[613] -> S_650.json
S[669] -> S_700.json
S[801] -> S_82.json
Pattern written to pattern.json
