first_color: 0
number of alive: 1000
adding vertex with color number: 16 to node: 0
number of alive: 814
number of alive: 814
adding vertex with color number: 3 to node: 0
number of alive: 807
adding vertex with color number: 8 to node: 0
number of alive: 707
adding vertex with color number: 6 to node: 1
number of alive: 485
adding vertex with color number: 4 to node: 1
number of alive: 416
Added edge (2, 5) with score 26
number of alive: 26
adding vertex with color number: 2 to node: 2
number of alive: 24
adding vertex with color number: 5 to node: 5
number of alive: 16
number of alive: 16
adding vertex with color number: 2 to node: 7
number of alive: 14
number of alive: 14
adding vertex with color number: 4 to node: 4
number of alive: 11
adding vertex with color number: 2 to node: 3
number of alive: 10
number of alive: 10
adding vertex with color number: 7 to node: 10
number of alive: 8
number of alive: 8
adding vertex with color number: 7 to node: 0
Time taken: 0.558439 seconds

Pattern appears in 5 graphs:
S[48] -> S_141.json
S[257] -> S_33.json
S[301] -> S_37.json
S[330] -> S_396.json
S[348] -> S_411.json
Pattern written to pattern.json
