first_color: 0
number of alive: 1000
adding vertex with color number: 1 to node: 0
number of alive: 1000
number of alive: 1000
adding vertex with color number: 18 to node: 1
number of alive: 802
adding vertex with color number: 3 to node: 2
number of alive: 742
Added edge (0, 3) with score 212
number of alive: 212
number of alive: 212
adding vertex with color number: 3 to node: 0
number of alive: 189
adding vertex with color number: 6 to node: 1
number of alive: 117
number of alive: 117
adding vertex with color number: 17 to node: 0
Time taken: 2.39779 seconds

Pattern appears in 1 graphs:
S[695] -> S_724.json
Pattern written to pattern.json
