first_color: 0
number of alive: 1000
adding vertex with color number: 5 to node: 0
number of alive: 1000
adding vertex with color number: 10 to node: 1
number of alive: 594
Added edge (0, 2) with score 36
number of alive: 36
adding vertex with color number: 4 to node: 0
number of alive: 28
adding vertex with color number: 2 to node: 2
number of alive: 25
adding vertex with color number: 2 to node: 0
number of alive: 22
adding vertex with color number: 2 to node: 5
number of alive: 22
adding vertex with color number: 2 to node: 1
number of alive: 19
number of alive: 19
adding vertex with color number: 5 to node: 4
number of alive: 17
adding vertex with color number: 1 to node: 3
number of alive: 16
Added edge (6, 9) with score 5
Time taken: 1.09427 seconds

Pattern appears in 5 graphs:
S[178] -> S_259.json
S[519] -> S_566.json
S[662] -> S_695.json
S[753] -> S_777.json
S[962] -> S_965.json
Pattern written to pattern.json
