first_color: 0
number of alive: 1000
adding vertex with color number: 18 to node: 0
number of alive: 821
adding vertex with color number: 2 to node: 1
number of alive: 780
adding vertex with color number: 19 to node: 0
number of alive: 97
adding vertex with color number: 3 to node: 1
number of alive: 87
adding vertex with color number: 3 to node: 0
number of alive: 75
Added edge (2, 4) with score 7
number of alive: 7
adding vertex with color number: 1 to node: 0
number of alive: 7
adding vertex with color number: 7 to node: 2
number of alive: 6
number of alive: 6
adding vertex with color number: 1 to node: 1
number of alive: 6
adding vertex with color number: 0 to node: 4
number of alive: 6
number of alive: 6
adding vertex with color number: 7 to node: 7
Time taken: 0.497089 seconds

Pattern appears in 3 graphs:
S[402] -> S_460.json
S[479] -> S_53.json
S[747] -> S_771.json
Pattern written to pattern.json
