first_color: 0
number of alive: 1000
adding vertex with color number: 4 to node: 0
number of alive: 1000
adding vertex with color number: 17 to node: 0
number of alive: 820
adding vertex with color number: 1 to node: 0
number of alive: 817
adding vertex with color number: 13 to node: 3
number of alive: 160
number of alive: 160
adding vertex with color number: 3 to node: 3
number of alive: 147
adding vertex with color number: 8 to node: 1
number of alive: 84
adding vertex with color number: 1 to node: 5
number of alive: 83
Added edge (1, 7) with score 10
number of alive: 10
adding vertex with color number: 8 to node: 6
number of alive: 6
number of alive: 6
adding vertex with color number: 8 to node: 0
Time taken: 1.73754 seconds

Pattern appears in 3 graphs:
S[190] -> S_27.json
S[559] -> S_601.json
S[699] -> S_728.json
Pattern written to pattern.json
