first_color: 0
number of alive: 1000
adding vertex with color number: 13 to node: 0
number of alive: 844
adding vertex with color number: 7 to node: 0
number of alive: 803
adding vertex with color number: 5 to node: 0
number of alive: 707
adding vertex with color number: 0 to node: 1
number of alive: 695
Added edge (3, 4) with score 65
number of alive: 65
adding vertex with color number: 3 to node: 3
number of alive: 55
adding vertex with color number: 0 to node: 0
number of alive: 53
adding vertex with color number: 1 to node: 5
number of alive: 53
Added edge (6, 7) with score 10
number of alive: 10
adding vertex with color number: 7 to node: 4
Time taken: 0.549306 seconds

Pattern appears in 3 graphs:
S[115] -> S_201.json
S[261] -> S_333.json
S[835] -> S_850.json
Pattern written to pattern.json
