first_color: 0
number of alive: 1000
adding vertex with color number: 10 to node: 0
number of alive: 814
number of alive: 814
adding vertex with color number: 12 to node: 0
number of alive: 92
adding vertex with color number: 9 to node: 1
number of alive: 21
number of alive: 21
adding vertex with color number: 3 to node: 1
number of alive: 19
adding vertex with color number: 3 to node: 4
number of alive: 17
adding vertex with color number: 6 to node: 0
number of alive: 9
adding vertex with color number: 8 to node: 6
Time taken: 0.457192 seconds

Pattern appears in 2 graphs:
S[285] -> S_355.json
S[604] -> S_642.json
Pattern written to pattern.json
