first_color: 0
number of alive: 1000
adding vertex with color number: 8 to node: 0
number of alive: 1000
adding vertex with color number: 19 to node: 0
number of alive: 746
adding vertex with color number: 6 to node: 2
number of alive: 542
adding vertex with color number: 17 to node: 1
number of alive: 25
number of alive: 25
adding vertex with color number: 0 to node: 0
number of alive: 24
number of alive: 24
adding vertex with color number: 7 to node: 5
number of alive: 16
number of alive: 16
adding vertex with color number: 6 to node: 6
number of alive: 13
adding vertex with color number: 2 to node: 1
number of alive: 12
number of alive: 12
adding vertex with color number: 6 to node: 4
number of alive: 7
number of alive: 7
adding vertex with color number: 2 to node: 0
number of alive: 6
adding vertex with color number: 0 to node: 6
number of alive: 6
number of alive: 6
adding vertex with color number: 0 to node: 1
number of alive: 6
adding vertex with color number: 1 to node: 4
Time taken: 0.86253 seconds

Pattern appears in 5 graphs:
S[303] -> S_371.json
S[684] -> S_714.json
S[753] -> S_777.json
S[841] -> S_856.json
S[886] -> S_897.json
Pattern written to pattern.json
