first_color: 0
number of alive: 1000
adding vertex with color number: 6 to node: 0
number of alive: 1000
adding vertex with color number: 9 to node: 0
number of alive: 1000
adding vertex with color number: 9 to node: 1
number of alive: 1000
adding vertex with color number: 2 to node: 2
number of alive: 1000
adding vertex with color number: 5 to node: 4
number of alive: 999
adding vertex with color number: 8 to node: 3
number of alive: 974
Added edge (5, 6) with score 171
number of alive: 171
adding vertex with color number: 17 to node: 3
Time taken: 2.06257 seconds

Pattern appears in 2 graphs:
S[461] -> S_513.json
S[630] -> S_666.json
Pattern written to pattern.json
