first_color: 0
number of alive: 1000
adding vertex with color number: 19 to node: 0
number of alive: 830
adding vertex with color number: 4 to node: 1
number of alive: 770
Added edge (0, 2) with score 93
number of alive: 93
adding vertex with color number: 0 to node: 2
number of alive: 92
Added edge (0, 3) with score 8
number of alive: 8
number of alive: 8
adding vertex with color number: 2 to node: 2
number of alive: 8
adding vertex with color number: 4 to node: 4
number of alive: 7
adding vertex with color number: 4 to node: 0
Time taken: 0.484039 seconds

Pattern appears in 5 graphs:
S[2] -> S_100.json
S[528] -> S_574.json
S[655] -> S_689.json
S[720] -> S_747.json
S[841] -> S_856.json
Pattern written to pattern.json
