first_color: 0
number of alive: 1000
adding vertex with color number: 1 to node: 0
number of alive: 1000
adding vertex with color number: 7 to node: 0
number of alive: 1000
adding vertex with color number: 3 to node: 1
number of alive: 1000
adding vertex with color number: 7 to node: 3
number of alive: 1000
Added edge (2, 4) with score 991
number of alive: 991
Added edge (1, 2) with score 65
number of alive: 65
adding vertex with color number: 4 to node: 0
number of alive: 48
adding vertex with color number: 8 to node: 2
number of alive: 18
adding vertex with color number: 4 to node: 3
number of alive: 16
adding vertex with color number: 0 to node: 3
number of alive: 16
adding vertex with color number: 17 to node: 1
Time taken: 8.84373 seconds

Pattern appears in 3 graphs:
S[17] -> S_113.json
S[492] -> S_541.json
S[993] -> S_993.json
Pattern written to pattern.json
