first_color: 0
number of alive: 1000
adding vertex with color number: 8 to node: 0
number of alive: 1000
adding vertex with color number: 16 to node: 0
number of alive: 732
adding vertex with color number: 3 to node: 2
number of alive: 681
adding vertex with color number: 1 to node: 2
number of alive: 651
Added edge (1, 4) with score 58
number of alive: 58
adding vertex with color number: 4 to node: 4
number of alive: 42
adding vertex with color number: 1 to node: 0
number of alive: 39
adding vertex with color number: 4 to node: 2
number of alive: 34
adding vertex with color number: 9 to node: 0
number of alive: 9
number of alive: 9
adding vertex with color number: 7 to node: 7
number of alive: 6
number of alive: 6
adding vertex with color number: 0 to node: 2
number of alive: 6
adding vertex with color number: 6 to node: 10
number of alive: 6
adding vertex with color number: 9 to node: 5
Time taken: 0.906837 seconds

Pattern appears in 1 graphs:
S[58] -> S_150.json
Pattern written to pattern.json
