first_color: 0
number of alive: 1000
adding vertex with color number: 9 to node: 0
number of alive: 1000
number of alive: 1000
adding vertex with color number: 18 to node: 0
number of alive: 674
Added edge (1, 2) with score 14
number of alive: 14
adding vertex with color number: 1 to node: 2
number of alive: 12
number of alive: 12
adding vertex with color number: 3 to node: 0
number of alive: 11
number of alive: 11
adding vertex with color number: 8 to node: 1
Time taken: 0.727766 seconds

Pattern appears in 2 graphs:
S[49] -> S_142.json
S[612] -> S_65.json
Pattern written to pattern.json
