first_color: 0
number of alive: 1000
adding vertex with color number: 12 to node: 0
number of alive: 847
adding vertex with color number: 9 to node: 0
number of alive: 717
adding vertex with color number: 2 to node: 0
number of alive: 698
adding vertex with color number: 2 to node: 1
number of alive: 661
adding vertex with color number: 3 to node: 2
number of alive: 629
Added edge (4, 5) with score 77
number of alive: 77
number of alive: 77
adding vertex with color number: 5 to node: 2
number of alive: 45
adding vertex with color number: 4 to node: 4
number of alive: 36
adding vertex with color number: 1 to node: 1
number of alive: 31
adding vertex with color number: 1 to node: 0
number of alive: 28
adding vertex with color number: 0 to node: 9
number of alive: 28
adding vertex with color number: 0 to node: 6
number of alive: 26
Added edge (10, 11) with score 7
number of alive: 7
adding vertex with color number: 7 to node: 0
Time taken: 0.725049 seconds

Pattern appears in 3 graphs:
S[101] -> S_19.json
S[121] -> S_207.json
S[276] -> S_347.json
Pattern written to pattern.json
