first_color: 0
number of alive: 1000
adding vertex with color number: 16 to node: 0
number of alive: 814
number of alive: 814
adding vertex with color number: 3 to node: 1
number of alive: 764
Added edge (0, 2) with score 87
number of alive: 87
adding vertex with color number: 5 to node: 2
number of alive: 46
adding vertex with color number: 7 to node: 3
number of alive: 23
adding vertex with color number: 4 to node: 4
number of alive: 22
adding vertex with color number: 0 to node: 1
number of alive: 22
adding vertex with color number: 4 to node: 3
number of alive: 16
number of alive: 16
adding vertex with color number: 12 to node: 6
Time taken: 0.48527 seconds

Pattern appears in 2 graphs:
S[149] -> S_232.json
S[856] -> S_87.json
Pattern written to pattern.json
