first_color: 0
number of alive: 1000
adding vertex with color number: 10 to node: 0
number of alive: 814
adding vertex with color number: 0 to node: 1
number of alive: 782
Added edge (0, 2) with score 76
number of alive: 76
adding vertex with color number: 3 to node: 2
number of alive: 76
adding vertex with color number: 5 to node: 3
number of alive: 71
number of alive: 71
adding vertex with color number: 1 to node: 4
number of alive: 71
Added edge (3, 5) with score 6
number of alive: 6
adding vertex with color number: 6 to node: 5
Time taken: 0.511187 seconds

Pattern appears in 2 graphs:
S[178] -> S_259.json
S[918] -> S_925.json
Pattern written to pattern.json
