first_color: 0
number of alive: 1000
adding vertex with color number: 6 to node: 0
number of alive: 1000
adding vertex with color number: 14 to node: 1
number of alive: 630
adding vertex with color number: 4 to node: 1
number of alive: 568
adding vertex with color number: 3 to node: 0
number of alive: 567
Added edge (3, 4) with score 112
number of alive: 112
adding vertex with color number: 5 to node: 2
number of alive: 63
number of alive: 63
adding vertex with color number: 0 to node: 3
number of alive: 61
number of alive: 61
adding vertex with color number: 2 to node: 3
number of alive: 53
number of alive: 53
adding vertex with color number: 3 to node: 4
number of alive: 47
adding vertex with color number: 3 to node: 5
number of alive: 44
Added edge (7, 8) with score 5
Time taken: 1.18856 seconds

Pattern appears in 5 graphs:
S[21] -> S_117.json
S[163] -> S_245.json
S[202] -> S_280.json
S[351] -> S_414.json
S[352] -> S_415.json
Pattern written to pattern.json
