first_color: 0
number of alive: 1000
adding vertex with color number: 18 to node: 0
number of alive: 821
number of alive: 821
adding vertex with color number: 14 to node: 1
number of alive: 36
adding vertex with color number: 4 to node: 2
number of alive: 28
number of alive: 28
adding vertex with color number: 5 to node: 1
number of alive: 18
adding vertex with color number: 5 to node: 2
Time taken: 0.457807 seconds

Pattern appears in 5 graphs:
S[446] -> S_50.json
S[565] -> S_607.json
S[594] -> S_633.json
S[704] -> S_732.json
S[798] -> S_817.json
Pattern written to pattern.json
