first_color: 0
number of alive: 1000
adding vertex with color number: 2 to node: 0
number of alive: 1000
adding vertex with color number: 4 to node: 0
number of alive: 1000
adding vertex with color number: 17 to node: 2
number of alive: 766
adding vertex with color number: 0 to node: 0
number of alive: 766
Added edge (1, 4) with score 428
number of alive: 428
adding vertex with color number: 6 to node: 0
number of alive: 294
Added edge (1, 5) with score 6
number of alive: 6
adding vertex with color number: 1 to node: 3
Time taken: 5.18295 seconds

Pattern appears in 5 graphs:
S[85] -> S_175.json
S[432] -> S_488.json
S[579] -> S_62.json
S[713] -> S_740.json
S[950] -> S_954.json
Pattern written to pattern.json
