first_color: 0
number of alive: 1000
adding vertex with color number: 5 to node: 0
number of alive: 1000
adding vertex with color number: 17 to node: 1
number of alive: 657
adding vertex with color number: 1 to node: 0
number of alive: 655
Added edge (1, 3) with score 111
number of alive: 111
number of alive: 111
adding vertex with color number: 7 to node: 1
number of alive: 52
adding vertex with color number: 2 to node: 0
number of alive: 45
number of alive: 45
adding vertex with color number: 0 to node: 4
number of alive: 45
number of alive: 45
adding vertex with color number: 2 to node: 2
number of alive: 40
adding vertex with color number: 0 to node: 5
number of alive: 40
Added edge (6, 8) with score 11
number of alive: 11
number of alive: 11
adding vertex with color number: 7 to node: 6
Time taken: 1.15695 seconds

Pattern appears in 4 graphs:
S[269] -> S_340.json
S[615] -> S_652.json
S[791] -> S_810.json
S[840] -> S_855.json
Pattern written to pattern.json
