first_color: 0
number of alive: 1000
adding vertex with color number: 0 to node: 0
number of alive: 1000
adding vertex with color number: 5 to node: 0
number of alive: 1000
Added edge (1, 2) with score 995
number of alive: 995
adding vertex with color number: 1 to node: 1
number of alive: 995
Added edge (2, 3) with score 210
number of alive: 210
adding vertex with color number: 2 to node: 3
number of alive: 193
Added edge (1, 4) with score 6
number of alive: 6
adding vertex with color number: 0 to node: 2
number of alive: 6
adding vertex with color number: 3 to node: 2
number of alive: 6
number of alive: 6
adding vertex with color number: 3 to node: 1
Time taken: 5.5372 seconds

Pattern appears in 4 graphs:
S[110] -> S_198.json
S[389] -> S_449.json
S[701] -> S_73.json
S[746] -> S_770.json
Pattern written to pattern.json
