first_color: 0
number of alive: 1000
adding vertex with color number: 8 to node: 0
number of alive: 1000
adding vertex with color number: 6 to node: 1
number of alive: 1000
adding vertex with color number: 13 to node: 0
number of alive: 678
adding vertex with color number: 4 to node: 0
number of alive: 607
Added edge (2, 4) with score 37
number of alive: 37
adding vertex with color number: 7 to node: 4
number of alive: 18
number of alive: 18
adding vertex with color number: 3 to node: 3
number of alive: 17
adding vertex with color number: 1 to node: 1
number of alive: 17
number of alive: 17
adding vertex with color number: 5 to node: 7
number of alive: 13
number of alive: 13
adding vertex with color number: 8 to node: 6
number of alive: 9
adding vertex with color number: 2 to node: 2
number of alive: 8
adding vertex with color number: 3 to node: 10
number of alive: 8
adding vertex with color number: 4 to node: 9
number of alive: 7
adding vertex with color number: 9 to node: 7
Time taken: 1.22609 seconds

Pattern appears in 4 graphs:
S[10] -> S_107.json
S[164] -> S_246.json
S[704] -> S_732.json
S[742] -> S_767.json
Pattern written to pattern.json
