first_color: 0
number of alive: 1000
adding vertex with color number: 5 to node: 0
number of alive: 1000
adding vertex with color number: 12 to node: 1
number of alive: 646
adding vertex with color number: 4 to node: 2
number of alive: 537
adding vertex with color number: 14 to node: 1
number of alive: 21
adding vertex with color number: 0 to node: 4
number of alive: 21
adding vertex with color number: 0 to node: 0
number of alive: 21
adding vertex with color number: 4 to node: 5
number of alive: 21
adding vertex with color number: 9 to node: 1
number of alive: 9
adding vertex with color number: 9 to node: 6
number of alive: 9
number of alive: 9
adding vertex with color number: 4 to node: 3
number of alive: 6
number of alive: 6
adding vertex with color number: 0 to node: 6
number of alive: 6
number of alive: 6
adding vertex with color number: 5 to node: 11
number of alive: 6
adding vertex with color number: 4 to node: 7
number of alive: 6
adding vertex with color number: 8 to node: 6
Time taken: 1.14788 seconds

Pattern appears in 3 graphs:
S[185] -> S_265.json
S[636] -> S_671.json
S[681] -> S_711.json
Pattern written to pattern.json
