first_color: 0
number of alive: 1000
adding vertex with color number: 4 to node: 0
number of alive: 1000
adding vertex with color number: 16 to node: 0
number of alive: 807
adding vertex with color number: 3 to node: 1
number of alive: 799
adding vertex with color number: 8 to node: 1
number of alive: 732
Added edge (3, 4) with score 72
number of alive: 72
adding vertex with color number: 6 to node: 0
number of alive: 39
adding vertex with color number: 9 to node: 4
number of alive: 7
adding vertex with color number: 3 to node: 0
number of alive: 7
adding vertex with color number: 0 to node: 4
number of alive: 6
number of alive: 6
adding vertex with color number: 2 to node: 6
Time taken: 1.73959 seconds

Pattern appears in 5 graphs:
S[186] -> S_266.json
S[240] -> S_314.json
S[289] -> S_359.json
S[651] -> S_685.json
S[852] -> S_866.json
Pattern written to pattern.json
