first_color: 0
number of alive: 1000
adding vertex with color number: 1 to node: 0
number of alive: 1000
number of alive: 1000
adding vertex with color number: 17 to node: 1
number of alive: 806
adding vertex with color number: 8 to node: 2
number of alive: 465
adding vertex with color number: 0 to node: 1
number of alive: 449
adding vertex with color number: 9 to node: 3
number of alive: 165
Added edge (0, 2) with score 23
number of alive: 23
adding vertex with color number: 5 to node: 1
number of alive: 14
number of alive: 14
adding vertex with color number: 2 to node: 6
number of alive: 13
adding vertex with color number: 0 to node: 7
number of alive: 13
adding vertex with color number: 8 to node: 8
number of alive: 13
adding vertex with color number: 2 to node: 1
number of alive: 10
number of alive: 10
adding vertex with color number: 3 to node: 8
number of alive: 10
adding vertex with color number: 0 to node: 2
number of alive: 10
adding vertex with color number: 10 to node: 10
Time taken: 2.51353 seconds

Pattern appears in 1 graphs:
S[104] -> S_192.json
Pattern written to pattern.json
