first_color: 0
number of alive: 1000
adding vertex with color number: 1 to node: 0
number of alive: 1000
adding vertex with color number: 15 to node: 1
number of alive: 796
adding vertex with color number: 4 to node: 0
number of alive: 795
adding vertex with color number: 5 to node: 0
number of alive: 781
adding vertex with color number: 2 to node: 1
number of alive: 770
Added edge (3, 5) with score 200
number of alive: 200
adding vertex with color number: 6 to node: 3
number of alive: 127
adding vertex with color number: 7 to node: 1
number of alive: 64
number of alive: 64
adding vertex with color number: 8 to node: 5
number of alive: 30
adding vertex with color number: 1 to node: 2
number of alive: 29
number of alive: 29
adding vertex with color number: 1 to node: 4
number of alive: 28
number of alive: 28
adding vertex with color number: 4 to node: 5
number of alive: 20
adding vertex with color number: 4 to node: 2
number of alive: 17
adding vertex with color number: 4 to node: 10
number of alive: 15
number of alive: 15
adding vertex with color number: 0 to node: 13
number of alive: 15
adding vertex with color number: 6 to node: 10
number of alive: 14
adding vertex with color number: 18 to node: 14
Time taken: 2.75006 seconds

Pattern appears in 4 graphs:
S[18] -> S_114.json
S[321] -> S_388.json
S[474] -> S_525.json
S[807] -> S_825.json
Pattern written to pattern.json
