first_color: 0
number of alive: 1000
adding vertex with color number: 10 to node: 0
number of alive: 814
adding vertex with color number: 13 to node: 0
number of alive: 91
number of alive: 91
adding vertex with color number: 0 to node: 2
number of alive: 89
adding vertex with color number: 3 to node: 1
number of alive: 78
adding vertex with color number: 4 to node: 3
number of alive: 76
adding vertex with color number: 8 to node: 2
number of alive: 33
adding vertex with color number: 8 to node: 1
number of alive: 15
adding vertex with color number: 4 to node: 5
number of alive: 15
number of alive: 15
adding vertex with color number: 6 to node: 6
number of alive: 12
adding vertex with color number: 5 to node: 2
number of alive: 11
adding vertex with color number: 1 to node: 10
number of alive: 10
number of alive: 10
adding vertex with color number: 6 to node: 3
number of alive: 9
number of alive: 9
adding vertex with color number: 9 to node: 5
number of alive: 6
number of alive: 6
adding vertex with color number: 0 to node: 12
number of alive: 6
number of alive: 6
adding vertex with color number: 4 to node: 11
number of alive: 6
adding vertex with color number: 3 to node: 5
number of alive: 6
adding vertex with color number: 0 to node: 15
number of alive: 6
number of alive: 6
adding vertex with color number: 7 to node: 15
number of alive: 6
adding vertex with color number: 9 to node: 8
Time taken: 0.72567 seconds

Pattern appears in 3 graphs:
S[57] -> S_15.json
S[402] -> S_460.json
S[877] -> S_889.json
Pattern written to pattern.json
