first_color: 0
number of alive: 1000
adding vertex with color number: 2 to node: 0
number of alive: 1000
adding vertex with color number: 7 to node: 1
number of alive: 1000
Added edge (0, 2) with score 993
number of alive: 993
adding vertex with color number: 1 to node: 0
number of alive: 990
adding vertex with color number: 8 to node: 1
number of alive: 815
adding vertex with color number: 1 to node: 1
number of alive: 792
Added edge (3, 5) with score 78
number of alive: 78
number of alive: 78
adding vertex with color number: 0 to node: 0
number of alive: 77
adding vertex with color number: 3 to node: 2
number of alive: 69
Added edge (6, 7) with score 10
number of alive: 10
number of alive: 10
adding vertex with color number: 8 to node: 7
Time taken: 3.54668 seconds

Pattern appears in 4 graphs:
S[47] -> S_140.json
S[643] -> S_678.json
S[806] -> S_824.json
S[879] -> S_890.json
Pattern written to pattern.json
