first_color: 0
number of alive: 1000
adding vertex with color number: 16 to node: 0
number of alive: 814
number of alive: 814
adding vertex with color number: 2 to node: 0
number of alive: 809
adding vertex with color number: 3 to node: 1
number of alive: 756
adding vertex with color number: 8 to node: 3
number of alive: 576
Added edge (2, 3) with score 103
number of alive: 103
number of alive: 103
adding vertex with color number: 1 to node: 2
number of alive: 97
adding vertex with color number: 7 to node: 0
number of alive: 52
adding vertex with color number: 3 to node: 5
number of alive: 50
adding vertex with color number: 0 to node: 6
number of alive: 50
adding vertex with color number: 3 to node: 8
number of alive: 48
adding vertex with color number: 9 to node: 2
number of alive: 13
adding vertex with color number: 4 to node: 2
number of alive: 10
adding vertex with color number: 4 to node: 3
number of alive: 7
number of alive: 7
adding vertex with color number: 3 to node: 9
number of alive: 7
number of alive: 7
adding vertex with color number: 7 to node: 13
number of alive: 7
number of alive: 7
adding vertex with color number: 2 to node: 6
number of alive: 7
number of alive: 7
adding vertex with color number: 6 to node: 2
Time taken: 0.685202 seconds

Pattern appears in 5 graphs:
S[40] -> S_134.json
S[185] -> S_265.json
S[579] -> S_62.json
S[604] -> S_642.json
S[812] -> S_83.json
Pattern written to pattern.json
