first_color: 0
number of alive: 1000
adding vertex with color number: 0 to node: 0
number of alive: 1000
adding vertex with color number: 7 to node: 1
number of alive: 1000
Added edge (0, 2) with score 981
number of alive: 981
adding vertex with color number: 3 to node: 1
number of alive: 981
adding vertex with color number: 9 to node: 1
number of alive: 790
adding vertex with color number: 2 to node: 4
number of alive: 762
Added edge (3, 5) with score 88
number of alive: 88
number of alive: 88
adding vertex with color number: 7 to node: 0
number of alive: 36
adding vertex with color number: 5 to node: 3
number of alive: 23
adding vertex with color number: 1 to node: 3
number of alive: 22
number of alive: 22
adding vertex with color number: 0 to node: 8
number of alive: 22
adding vertex with color number: 9 to node: 3
number of alive: 7
number of alive: 7
adding vertex with color number: 9 to node: 10
Time taken: 5.37933 seconds

Pattern appears in 1 graphs:
S[780] -> S_800.json
Pattern written to pattern.json
