first_color: 0
number of alive: 1000
adding vertex with color number: 8 to node: 0
number of alive: 1000
number of alive: 1000
adding vertex with color number: 13 to node: 0
number of alive: 780
adding vertex with color number: 0 to node: 1
number of alive: 778
adding vertex with color number: 5 to node: 1
number of alive: 664
Added edge (3, 4) with score 83
number of alive: 83
number of alive: 83
adding vertex with color number: 2 to node: 3
number of alive: 76
adding vertex with color number: 4 to node: 2
number of alive: 58
adding vertex with color number: 1 to node: 1
number of alive: 52
adding vertex with color number: 2 to node: 7
number of alive: 51
Added edge (4, 8) with score 7
number of alive: 7
number of alive: 7
adding vertex with color number: 4 to node: 8
number of alive: 6
adding vertex with color number: 7 to node: 7
Time taken: 0.91217 seconds

Pattern appears in 1 graphs:
S[583] -> S_623.json
Pattern written to pattern.json
