first_color: 0
number of alive: 1000
adding vertex with color number: 10 to node: 0
number of alive: 814
adding vertex with color number: 1 to node: 0
number of alive: 811
adding vertex with color number: 6 to node: 0
number of alive: 770
adding vertex with color number: 3 to node: 1
number of alive: 714
Added edge (2, 4) with score 124
number of alive: 124
adding vertex with color number: 6 to node: 3
number of alive: 82
adding vertex with color number: 7 to node: 0
number of alive: 40
adding vertex with color number: 9 to node: 5
number of alive: 19
number of alive: 19
adding vertex with color number: 3 to node: 7
number of alive: 18
number of alive: 18
adding vertex with color number: 2 to node: 5
number of alive: 17
adding vertex with color number: 5 to node: 6
number of alive: 12
number of alive: 12
adding vertex with color number: 2 to node: 9
number of alive: 12
adding vertex with color number: 1 to node: 5
number of alive: 12
number of alive: 12
adding vertex with color number: 5 to node: 1
Time taken: 0.610057 seconds

Pattern appears in 5 graphs:
S[132] -> S_217.json
S[149] -> S_232.json
S[702] -> S_730.json
S[892] -> S_901.json
S[985] -> S_986.json
Pattern written to pattern.json
