first_color: 0
number of alive: 1000
adding vertex with color number: 16 to node: 0
number of alive: 814
number of alive: 814
adding vertex with color number: 3 to node: 0
number of alive: 807
adding vertex with color number: 4 to node: 0
number of alive: 798
adding vertex with color number: 1 to node: 3
number of alive: 795
adding vertex with color number: 3 to node: 1
number of alive: 742
adding vertex with color number: 8 to node: 4
number of alive: 721
Added edge (2, 6) with score 133
number of alive: 133
adding vertex with color number: 9 to node: 0
number of alive: 42
adding vertex with color number: 7 to node: 4
number of alive: 21
number of alive: 21
adding vertex with color number: 1 to node: 2
number of alive: 19
number of alive: 19
adding vertex with color number: 5 to node: 1
number of alive: 9
number of alive: 9
adding vertex with color number: 1 to node: 10
number of alive: 9
adding vertex with color number: 8 to node: 10
number of alive: 7
number of alive: 7
adding vertex with color number: 4 to node: 9
number of alive: 7
adding vertex with color number: 1 to node: 13
number of alive: 7
adding vertex with color number: 2 to node: 10
number of alive: 6
number of alive: 6
adding vertex with color number: 5 to node: 12
Time taken: 1.10934 seconds

Pattern appears in 3 graphs:
S[62] -> S_154.json
S[703] -> S_731.json
S[806] -> S_824.json
Pattern written to pattern.json
