first_color: 0
number of alive: 1000
adding vertex with color number: 8 to node: 0
number of alive: 1000
adding vertex with color number: 4 to node: 0
number of alive: 1000
adding vertex with color number: 3 to node: 0
number of alive: 1000
Added edge (2, 3) with score 985
number of alive: 985
adding vertex with color number: 11 to node: 0
number of alive: 68
number of alive: 68
adding vertex with color number: 3 to node: 4
number of alive: 59
adding vertex with color number: 3 to node: 2
number of alive: 49
adding vertex with color number: 8 to node: 6
number of alive: 28
adding vertex with color number: 5 to node: 3
number of alive: 16
number of alive: 16
adding vertex with color number: 1 to node: 8
number of alive: 15
adding vertex with color number: 0 to node: 1
number of alive: 14
adding vertex with color number: 8 to node: 9
number of alive: 10
adding vertex with color number: 9 to node: 5
number of alive: 7
number of alive: 7
adding vertex with color number: 2 to node: 11
number of alive: 7
number of alive: 7
adding vertex with color number: 9 to node: 4
Time taken: 2.82466 seconds

Pattern appears in 2 graphs:
S[610] -> S_648.json
S[860] -> S_873.json
Pattern written to pattern.json
