first_color: 0
number of alive: 1000
adding vertex with color number: 10 to node: 0
number of alive: 814
adding vertex with color number: 6 to node: 1
number of alive: 618
adding vertex with color number: 2 to node: 1
number of alive: 574
adding vertex with color number: 13 to node: 1
number of alive: 16
adding vertex with color number: 5 to node: 0
number of alive: 13
number of alive: 13
adding vertex with color number: 3 to node: 3
number of alive: 12
number of alive: 12
adding vertex with color number: 7 to node: 3
number of alive: 8
number of alive: 8
adding vertex with color number: 0 to node: 4
number of alive: 7
adding vertex with color number: 4 to node: 8
number of alive: 7
adding vertex with color number: 5 to node: 8
number of alive: 7
adding vertex with color number: 0 to node: 0
number of alive: 7
number of alive: 7
adding vertex with color number: 6 to node: 8
number of alive: 6
number of alive: 6
adding vertex with color number: 9 to node: 9
Time taken: 0.55451 seconds

Pattern appears in 2 graphs:
S[64] -> S_156.json
S[76] -> S_167.json
Pattern written to pattern.json
