first_color: 0
number of alive: 1000
adding vertex with color number: 5 to node: 0
number of alive: 1000
adding vertex with color number: 9 to node: 0
number of alive: 1000
adding vertex with color number: 8 to node: 2
number of alive: 1000
adding vertex with color number: 13 to node: 3
number of alive: 181
adding vertex with color number: 4 to node: 2
number of alive: 149
adding vertex with color number: 3 to node: 3
number of alive: 126
adding vertex with color number: 1 to node: 4
number of alive: 119
adding vertex with color number: 4 to node: 5
number of alive: 115
Added edge (1, 8) with score 18
number of alive: 18
number of alive: 18
adding vertex with color number: 6 to node: 5
number of alive: 13
number of alive: 13
adding vertex with color number: 1 to node: 0
number of alive: 13
adding vertex with color number: 5 to node: 8
Time taken: 1.58074 seconds

Pattern appears in 3 graphs:
S[389] -> S_449.json
S[710] -> S_738.json
S[761] -> S_784.json
Pattern written to pattern.json
