first_color: 0
number of alive: 1000
adding vertex with color number: 7 to node: 0
number of alive: 1000
adding vertex with color number: 4 to node: 0
number of alive: 1000
adding vertex with color number: 15 to node: 0
number of alive: 739
Added edge (1, 2) with score 55
number of alive: 55
adding vertex with color number: 2 to node: 3
number of alive: 49
adding vertex with color number: 5 to node: 1
number of alive: 29
number of alive: 29
adding vertex with color number: 4 to node: 5
number of alive: 26
number of alive: 26
adding vertex with color number: 0 to node: 4
number of alive: 26
Added edge (2, 7) with score 6
number of alive: 6
adding vertex with color number: 5 to node: 2
Time taken: 1.86107 seconds

Pattern appears in 4 graphs:
S[90] -> S_18.json
S[188] -> S_268.json
S[436] -> S_491.json
S[442] -> S_497.json
Pattern written to pattern.json
