first_color: 0
number of alive: 1000
adding vertex with color number: 10 to node: 0
number of alive: 814
number of alive: 814
adding vertex with color number: 15 to node: 0
number of alive: 89
number of alive: 89
adding vertex with color number: 0 to node: 0
number of alive: 87
adding vertex with color number: 0 to node: 1
number of alive: 86
Added edge (3, 4) with score 12
number of alive: 12
number of alive: 12
adding vertex with color number: 6 to node: 4
number of alive: 7
number of alive: 7
adding vertex with color number: 0 to node: 3
number of alive: 7
number of alive: 7
adding vertex with color number: 3 to node: 0
number of alive: 6
number of alive: 6
adding vertex with color number: 7 to node: 7
Time taken: 0.458451 seconds

Pattern appears in 4 graphs:
S[65] -> S_157.json
S[815] -> S_832.json
S[868] -> S_880.json
S[943] -> S_948.json
Pattern written to pattern.json
