first_color: 0
number of alive: 1000
adding vertex with color number: 18 to node: 0
number of alive: 821
number of alive: 821
adding vertex with color number: 1 to node: 0
number of alive: 816
adding vertex with color number: 17 to node: 2
number of alive: 199
adding vertex with color number: 0 to node: 0
number of alive: 197
Added edge (2, 4) with score 10
number of alive: 10
adding vertex with color number: 3 to node: 0
number of alive: 10
number of alive: 10
adding vertex with color number: 4 to node: 5
number of alive: 9
adding vertex with color number: 5 to node: 1
Time taken: 0.510501 seconds

Pattern appears in 2 graphs:
S[141] -> S_225.json
S[260] -> S_332.json
Pattern written to pattern.json
