first_color: 0
number of alive: 1000
adding vertex with color number: 18 to node: 0
number of alive: 821
adding vertex with color number: 5 to node: 1
number of alive: 618
adding vertex with color number: 5 to node: 2
number of alive: 466
adding vertex with color number: 0 to node: 0
number of alive: 466
Added edge (3, 4) with score 111
number of alive: 111
number of alive: 111
adding vertex with color number: 4 to node: 4
number of alive: 94
adding vertex with color number: 1 to node: 3
number of alive: 86
adding vertex with color number: 4 to node: 1
number of alive: 69
adding vertex with color number: 5 to node: 7
number of alive: 51
adding vertex with color number: 6 to node: 6
number of alive: 40
number of alive: 40
adding vertex with color number: 1 to node: 2
number of alive: 39
adding vertex with color number: 1 to node: 4
number of alive: 39
number of alive: 39
adding vertex with color number: 7 to node: 6
number of alive: 23
adding vertex with color number: 3 to node: 10
number of alive: 22
Added edge (8, 13) with score 6
number of alive: 6
adding vertex with color number: 3 to node: 12
number of alive: 6
adding vertex with color number: 5 to node: 14
number of alive: 6
adding vertex with color number: 0 to node: 15
number of alive: 6
number of alive: 6
adding vertex with color number: 5 to node: 6
Time taken: 0.616505 seconds

Pattern appears in 4 graphs:
S[41] -> S_135.json
S[157] -> S_24.json
S[356] -> S_419.json
S[865] -> S_878.json
Pattern written to pattern.json
