first_color: 0
number of alive: 1000
adding vertex with color number: 17 to node: 0
number of alive: 828
adding vertex with color number: 9 to node: 1
number of alive: 374
adding vertex with color number: 8 to node: 2
number of alive: 182
adding vertex with color number: 0 to node: 2
number of alive: 179
adding vertex with color number: 1 to node: 3
number of alive: 171
Added edge (0, 4) with score 27
number of alive: 27
adding vertex with color number: 4 to node: 5
number of alive: 25
adding vertex with color number: 5 to node: 3
number of alive: 16
number of alive: 16
adding vertex with color number: 1 to node: 4
number of alive: 13
adding vertex with color number: 8 to node: 1
Time taken: 0.51139 seconds

Pattern appears in 5 graphs:
S[185] -> S_265.json
S[242] -> S_316.json
S[353] -> S_416.json
S[508] -> S_556.json
S[804] -> S_822.json
Pattern written to pattern.json
