first_color: 0
number of alive: 1000
adding vertex with color number: 15 to node: 0
number of alive: 822
adding vertex with color number: 3 to node: 0
number of alive: 814
adding vertex with color number: 4 to node: 2
number of alive: 809
adding vertex with color number: 7 to node: 3
number of alive: 796
Added edge (1, 4) with score 93
number of alive: 93
number of alive: 93
adding vertex with color number: 2 to node: 3
number of alive: 83
number of alive: 83
adding vertex with color number: 8 to node: 4
number of alive: 35
adding vertex with color number: 3 to node: 4
number of alive: 31
number of alive: 31
adding vertex with color number: 8 to node: 3
number of alive: 12
number of alive: 12
adding vertex with color number: 17 to node: 2
Time taken: 0.611738 seconds

Pattern appears in 1 graphs:
S[293] -> S_362.json
Pattern written to pattern.json
