first_color: 0
number of alive: 1000
adding vertex with color number: 6 to node: 0
number of alive: 1000
adding vertex with color number: 8 to node: 0
number of alive: 1000
Added edge (1, 2) with score 727
number of alive: 727
number of alive: 727
adding vertex with color number: 1 to node: 1
number of alive: 685
Added edge (0, 3) with score 38
number of alive: 38
adding vertex with color number: 5 to node: 1
number of alive: 24
number of alive: 24
adding vertex with color number: 3 to node: 2
number of alive: 22
number of alive: 22
adding vertex with color number: 4 to node: 0
number of alive: 14
number of alive: 14
adding vertex with color number: 0 to node: 4
number of alive: 14
number of alive: 14
adding vertex with color number: 3 to node: 5
number of alive: 13
adding vertex with color number: 0 to node: 6
number of alive: 13
Added edge (7, 9) with score 5
Time taken: 1.43695 seconds

Pattern appears in 5 graphs:
S[0] -> S_1.json
S[200] -> S_279.json
S[501] -> S_55.json
S[723] -> S_75.json
S[846] -> S_860.json
Pattern written to pattern.json
