first_color: 0
number of alive: 1000
adding vertex with color number: 12 to node: 0
number of alive: 847
adding vertex with color number: 9 to node: 0
number of alive: 717
adding vertex with color number: 5 to node: 0
number of alive: 543
Added edge (1, 3) with score 15
number of alive: 15
adding vertex with color number: 3 to node: 3
number of alive: 10
adding vertex with color number: 2 to node: 3
number of alive: 8
adding vertex with color number: 6 to node: 3
Time taken: 0.48958 seconds

Pattern appears in 5 graphs:
S[71] -> S_162.json
S[430] -> S_486.json
S[502] -> S_550.json
S[556] -> S_6.json
S[863] -> S_876.json
Pattern written to pattern.json
