first_color: 0
number of alive: 1000
adding vertex with color number: 2 to node: 0
number of alive: 1000
adding vertex with color number: 1 to node: 1
number of alive: 1000
adding vertex with color number: 17 to node: 1
number of alive: 790
Added edge (0, 2) with score 241
number of alive: 241
adding vertex with color number: 4 to node: 2
number of alive: 203
Added edge (0, 4) with score 6
number of alive: 6
adding vertex with color number: 0 to node: 4
number of alive: 6
adding vertex with color number: 8 to node: 1
Time taken: 6.99259 seconds

Pattern appears in 2 graphs:
S[420] -> S_477.json
S[878] -> S_89.json
Pattern written to pattern.json
