first_color: 0
number of alive: 1000
adding vertex with color number: 18 to node: 0
number of alive: 821
adding vertex with color number: 4 to node: 0
number of alive: 815
adding vertex with color number: 1 to node: 2
number of alive: 813
adding vertex with color number: 3 to node: 1
number of alive: 757
adding vertex with color number: 2 to node: 4
number of alive: 739
adding vertex with color number: 2 to node: 5
number of alive: 738
adding vertex with color number: 5 to node: 4
number of alive: 648
adding vertex with color number: 14 to node: 2
number of alive: 75
adding vertex with color number: 0 to node: 3
number of alive: 74
adding vertex with color number: 4 to node: 1
number of alive: 62
adding vertex with color number: 7 to node: 2
number of alive: 29
adding vertex with color number: 3 to node: 8
number of alive: 27
Added edge (6, 9) with score 13
number of alive: 13
number of alive: 13
adding vertex with color number: 3 to node: 9
number of alive: 12
number of alive: 12
adding vertex with color number: 1 to node: 10
number of alive: 12
number of alive: 12
adding vertex with color number: 3 to node: 12
number of alive: 11
number of alive: 11
adding vertex with color number: 0 to node: 15
number of alive: 11
number of alive: 11
adding vertex with color number: 0 to node: 11
number of alive: 10
number of alive: 10
adding vertex with color number: 7 to node: 9
number of alive: 6
number of alive: 6
adding vertex with color number: 10 to node: 17
Time taken: 2.66425 seconds

Pattern appears in 2 graphs:
S[757] -> S_780.json
S[893] -> S_902.json
Pattern written to pattern.json
