first_color: 0
number of alive: 1000
adding vertex with color number: 1 to node: 0
number of alive: 1000
adding vertex with color number: 4 to node: 0
number of alive: 1000
Added edge (1, 2) with score 1000
number of alive: 1000
adding vertex with color number: 8 to node: 1
number of alive: 994
Added edge (0, 3) with score 56
number of alive: 56
adding vertex with color number: 5 to node: 1
number of alive: 26
number of alive: 26
adding vertex with color number: 3 to node: 3
number of alive: 25
adding vertex with color number: 7 to node: 5
number of alive: 21
number of alive: 21
adding vertex with color number: 0 to node: 0
number of alive: 21
adding vertex with color number: 4 to node: 3
number of alive: 18
adding vertex with color number: 3 to node: 4
number of alive: 18
adding vertex with color number: 2 to node: 9
number of alive: 18
adding vertex with color number: 0 to node: 3
number of alive: 18
adding vertex with color number: 0 to node: 1
number of alive: 17
adding vertex with color number: 3 to node: 11
number of alive: 16
adding vertex with color number: 6 to node: 9
number of alive: 12
Added edge (10, 13) with score 6
number of alive: 6
adding vertex with color number: 1 to node: 12
number of alive: 6
adding vertex with color number: 4 to node: 15
number of alive: 6
number of alive: 6
adding vertex with color number: 12 to node: 16
Time taken: 5.64914 seconds

Pattern appears in 1 graphs:
S[179] -> S_26.json
Pattern written to pattern.json
