first_color: 0
number of alive: 1000
adding vertex with color number: 16 to node: 0
number of alive: 814
adding vertex with color number: 6 to node: 0
number of alive: 780
adding vertex with color number: 5 to node: 2
number of alive: 723
adding vertex with color number: 9 to node: 3
number of alive: 500
Added edge (0, 4) with score 16
number of alive: 16
adding vertex with color number: 5 to node: 3
number of alive: 13
adding vertex with color number: 1 to node: 3
number of alive: 12
adding vertex with color number: 8 to node: 4
Time taken: 0.50632 seconds

Pattern appears in 3 graphs:
S[470] -> S_521.json
S[603] -> S_641.json
S[655] -> S_689.json
Pattern written to pattern.json
