first_color: 0
number of alive: 1000
adding vertex with color number: 11 to node: 0
number of alive: 831
adding vertex with color number: 1 to node: 0
number of alive: 829
adding vertex with color number: 10 to node: 0
number of alive: 85
adding vertex with color number: 1 to node: 2
number of alive: 85
Added edge (3, 4) with score 7
number of alive: 7
number of alive: 7
adding vertex with color number: 0 to node: 0
number of alive: 7
adding vertex with color number: 4 to node: 1
Time taken: 0.505934 seconds

Pattern appears in 5 graphs:
S[23] -> S_119.json
S[436] -> S_491.json
S[598] -> S_637.json
S[609] -> S_647.json
S[901] -> S_91.json
Pattern written to pattern.json
