first_color: 0
number of alive: 1000
adding vertex with color number: 5 to node: 0
number of alive: 1000
adding vertex with color number: 18 to node: 1
number of alive: 626
Added edge (0, 2) with score 43
number of alive: 43
adding vertex with color number: 7 to node: 2
number of alive: 19
adding vertex with color number: 3 to node: 0
number of alive: 15
adding vertex with color number: 3 to node: 2
number of alive: 12
adding vertex with color number: 9 to node: 5
Time taken: 1.07254 seconds

Pattern appears in 3 graphs:
S[95] -> S_184.json
S[734] -> S_76.json
S[759] -> S_782.json
Pattern written to pattern.json
