first_color: 0
number of alive: 1000
adding vertex with color number: 8 to node: 0
number of alive: 1000
adding vertex with color number: 1 to node: 0
number of alive: 1000
adding vertex with color number: 7 to node: 2
number of alive: 1000
Added edge (1, 3) with score 894
number of alive: 894
adding vertex with color number: 1 to node: 2
number of alive: 876
Added edge (1, 4) with score 56
number of alive: 56
number of alive: 56
adding vertex with color number: 0 to node: 4
number of alive: 56
adding vertex with color number: 8 to node: 4
number of alive: 20
number of alive: 20
adding vertex with color number: 1 to node: 5
number of alive: 20
number of alive: 20
adding vertex with color number: 2 to node: 6
number of alive: 20
Added edge (5, 8) with score 5
Time taken: 2.74593 seconds

Pattern appears in 5 graphs:
S[280] -> S_350.json
S[388] -> S_448.json
S[565] -> S_607.json
S[642] -> S_677.json
S[702] -> S_730.json
Pattern written to pattern.json
