Run 1:
Time taken: 0.373497 seconds
Pattern appears in 1 graphs:
---
Run 2:
Time taken: 0.296883 seconds
Pattern appears in 2 graphs:
---
Run 3:
Time taken: 0.349618 seconds
Pattern appears in 3 graphs:
---
Run 4:
Time taken: 0.35769 seconds
Pattern appears in 2 graphs:
---
Run 5:
Time taken: 0.335617 seconds
Pattern appears in 3 graphs:
---
Run 6:
Time taken: 0.329531 seconds
Pattern appears in 4 graphs:
---
Run 7:
Time taken: 0.336062 seconds
Pattern appears in 4 graphs:
---
Run 8:
Time taken: 0.436383 seconds
Pattern appears in 1 graphs:
---
Run 9:
Time taken: 0.318891 seconds
Pattern appears in 2 graphs:
---
Run 10:
Time taken: 0.306315 seconds
Pattern appears in 5 graphs:
---
Run 11:
Time taken: 0.305587 seconds
Pattern appears in 5 graphs:
---
Run 12:
Time taken: 0.344257 seconds
Pattern appears in 5 graphs:
---
Run 13:
Time taken: 0.336202 seconds
Pattern appears in 1 graphs:
---
Run 14:
Time taken: 0.694416 seconds
Pattern appears in 1 graphs:
---
Run 15:
Time taken: 0.686276 seconds
Pattern appears in 4 graphs:
---
Run 16:
Time taken: 0.354454 seconds
Pattern appears in 3 graphs:
---
Run 17:
Time taken: 0.532646 seconds
Pattern appears in 2 graphs:
---
Run 18:
Time taken: 0.436424 seconds
Pattern appears in 2 graphs:
---
Run 19:
Time taken: 0.57388 seconds
Pattern appears in 5 graphs:
---
Run 20:
Time taken: 0.443227 seconds
Pattern appears in 2 graphs:
---
Run 21:
Time taken: 1.23549 seconds
Pattern appears in 3 graphs:
---
Run 22:
Time taken: 0.298757 seconds
Pattern appears in 3 graphs:
---
Run 23:
Time taken: 0.300677 seconds
Pattern appears in 5 graphs:
---
Run 24:
Time taken: 0.661197 seconds
Pattern appears in 1 graphs:
---
Run 25:
Time taken: 0.299595 seconds
Pattern appears in 2 graphs:
---
Run 26:
Time taken: 0.3116 seconds
Pattern appears in 4 graphs:
---
Run 27:
Time taken: 0.582374 seconds
Pattern appears in 2 graphs:
---
Run 28:
Time taken: 0.333496 seconds
Pattern appears in 5 graphs:
---
Run 29:
Time taken: 0.851821 seconds
Pattern appears in 3 graphs:
---
Run 30:
Time taken: 0.726691 seconds
Pattern appears in 4 graphs:
---
Run 31:
Time taken: 0.761193 seconds
Pattern appears in 2 graphs:
---
Run 32:
Time taken: 0.457979 seconds
Pattern appears in 2 graphs:
---
Run 33:
Time taken: 0.323211 seconds
Pattern appears in 3 graphs:
---
Run 34:
Time taken: 0.345352 seconds
Pattern appears in 1 graphs:
---
Run 35:
Time taken: 0.459826 seconds
Pattern appears in 4 graphs:
---
Run 36:
Time taken: 0.35801 seconds
Pattern appears in 4 graphs:
---
Run 37:
Time taken: 0.320396 seconds
Pattern appears in 4 graphs:
---
Run 38:
Time taken: 0.797723 seconds
Pattern appears in 1 graphs:
---
Run 39:
Time taken: 0.373539 seconds
Pattern appears in 4 graphs:
---
Run 40:
Time taken: 0.354467 seconds
Pattern appears in 2 graphs:
---
Run 41:
Time taken: 0.303326 seconds
Pattern appears in 2 graphs:
---
Run 42:
Time taken: 0.358188 seconds
Pattern appears in 5 graphs:
---
Run 43:
Time taken: 0.369118 seconds
Pattern appears in 4 graphs:
---
Run 44:
Time taken: 0.303132 seconds
Pattern appears in 2 graphs:
---
Run 45:
Time taken: 0.721408 seconds
Pattern appears in 3 graphs:
---
Run 46:
Time taken: 0.510303 seconds
Pattern appears in 5 graphs:
---
Run 47:
Time taken: 0.744556 seconds
Pattern appears in 2 graphs:
---
Run 48:
Time taken: 0.388009 seconds
Pattern appears in 5 graphs:
---
Run 49:
Time taken: 0.294871 seconds
Pattern appears in 2 graphs:
---
Run 50:
Time taken: 0.292595 seconds
Pattern appears in 4 graphs:
---
Run 51:
Time taken: 0.290052 seconds
Pattern appears in 3 graphs:
---
Run 52:
Time taken: 0.371113 seconds
Pattern appears in 3 graphs:
---
Run 53:
Time taken: 0.430433 seconds
Pattern appears in 3 graphs:
---
Run 54:
Time taken: 1.1722 seconds
Pattern appears in 3 graphs:
---
Run 55:
Time taken: 1.06913 seconds
Pattern appears in 2 graphs:
---
Run 56:
Time taken: 0.350214 seconds
Pattern appears in 4 graphs:
---
Run 57:
Time taken: 0.448756 seconds
Pattern appears in 4 graphs:
---
Run 58:
Time taken: 0.304216 seconds
Pattern appears in 3 graphs:
---
Run 59:
Time taken: 0.329598 seconds
Pattern appears in 1 graphs:
---
Run 60:
Time taken: 0.321923 seconds
Pattern appears in 1 graphs:
---
Run 61:
Time taken: 0.305274 seconds
Pattern appears in 5 graphs:
---
Run 62:
Time taken: 0.446916 seconds
Pattern appears in 1 graphs:
---
Run 63:
Time taken: 0.314237 seconds
Pattern appears in 5 graphs:
---
Run 64:
Time taken: 0.61242 seconds
Pattern appears in 2 graphs:
---
Run 65:
Time taken: 0.529444 seconds
Pattern appears in 5 graphs:
---
Run 66:
Time taken: 0.30799 seconds
Pattern appears in 2 graphs:
---
Run 67:
Time taken: 0.544582 seconds
Pattern appears in 3 graphs:
---
Run 68:
Time taken: 1.19123 seconds
Pattern appears in 5 graphs:
---
Run 69:
Time taken: 0.306501 seconds
Pattern appears in 4 graphs:
---
Run 70:
Time taken: 0.320596 seconds
Pattern appears in 4 graphs:
---
Run 71:
Time taken: 0.308711 seconds
Pattern appears in 5 graphs:
---
Run 72:
Time taken: 0.312116 seconds
Pattern appears in 3 graphs:
---
Run 73:
Time taken: 0.772915 seconds
Pattern appears in 4 graphs:
---
Run 74:
Time taken: 0.327556 seconds
Pattern appears in 5 graphs:
---
Run 75:
Time taken: 0.325247 seconds
Pattern appears in 2 graphs:
---
Run 76:
Time taken: 0.318518 seconds
Pattern appears in 1 graphs:
---
Run 77:
Time taken: 0.872867 seconds
Pattern appears in 2 graphs:
---
Run 78:
Time taken: 0.460733 seconds
Pattern appears in 4 graphs:
---
Run 79:
Time taken: 0.548581 seconds
Pattern appears in 3 graphs:
---
Run 80:
Time taken: 0.334403 seconds
Pattern appears in 5 graphs:
---
Run 81:
Time taken: 0.453381 seconds
Pattern appears in 1 graphs:
---
Run 82:
Time taken: 0.472614 seconds
Pattern appears in 4 graphs:
---
Run 83:
Time taken: 0.624859 seconds
Pattern appears in 1 graphs:
---
Run 84:
Time taken: 0.315656 seconds
Pattern appears in 3 graphs:
---
Run 85:
Time taken: 0.419609 seconds
Pattern appears in 5 graphs:
---
Run 86:
Time taken: 0.324623 seconds
Pattern appears in 5 graphs:
---
Run 87:
Time taken: 0.341055 seconds
Pattern appears in 5 graphs:
---
Run 88:
Time taken: 0.332219 seconds
Pattern appears in 1 graphs:
---
Run 89:
Time taken: 0.330958 seconds
Pattern appears in 1 graphs:
---
Run 90:
Time taken: 0.293865 seconds
Pattern appears in 4 graphs:
---
Run 91:
Time taken: 0.735657 seconds
Pattern appears in 1 graphs:
---
Run 92:
Time taken: 0.345509 seconds
Pattern appears in 4 graphs:
---
Run 93:
Time taken: 0.326933 seconds
Pattern appears in 5 graphs:
---
Run 94:
Time taken: 0.348054 seconds
Pattern appears in 5 graphs:
---
Run 95:
Time taken: 0.537804 seconds
Pattern appears in 3 graphs:
---
Run 96:
Time taken: 0.739106 seconds
Pattern appears in 1 graphs:
---
Run 97:
Time taken: 0.328856 seconds
Pattern appears in 4 graphs:
---
Run 98:
Time taken: 1.2669 seconds
Pattern appears in 1 graphs:
---
Run 99:
Time taken: 0.37032 seconds
Pattern appears in 5 graphs:
---
Run 100:
Time taken: 0.314566 seconds
Pattern appears in 3 graphs:
---
Run 101:
Time taken: 0.624538 seconds
Pattern appears in 5 graphs:
---
Run 102:
Time taken: 1.1545 seconds
Pattern appears in 5 graphs:
---
Run 103:
Time taken: 0.310721 seconds
Pattern appears in 2 graphs:
---
Run 104:
Time taken: 0.30961 seconds
Pattern appears in 4 graphs:
---
Run 105:
Time taken: 0.74609 seconds
Pattern appears in 2 graphs:
---
Run 106:
Time taken: 0.318763 seconds
Pattern appears in 5 graphs:
---
Run 107:
Time taken: 0.323438 seconds
Pattern appears in 1 graphs:
---
Run 108:
Time taken: 0.57708 seconds
Pattern appears in 5 graphs:
---
Run 109:
Time taken: 0.68558 seconds
Pattern appears in 4 graphs:
---
Run 110:
Time taken: 0.704562 seconds
Pattern appears in 2 graphs:
---
Run 111:
Time taken: 0.299125 seconds
Pattern appears in 2 graphs:
---
Run 112:
Time taken: 0.443292 seconds
Pattern appears in 3 graphs:
---
Run 113:
Time taken: 0.333822 seconds
Pattern appears in 5 graphs:
---
Run 114:
Time taken: 0.377277 seconds
Pattern appears in 4 graphs:
---
Run 115:
Time taken: 0.763049 seconds
Pattern appears in 1 graphs:
---
Run 116:
Time taken: 0.308351 seconds
Pattern appears in 2 graphs:
---
Run 117:
Time taken: 0.290151 seconds
Pattern appears in 1 graphs:
---
Run 118:
Time taken: 0.31442 seconds
Pattern appears in 3 graphs:
---
Run 119:
Time taken: 0.332111 seconds
Pattern appears in 4 graphs:
---
Run 120:
Time taken: 1.04766 seconds
Pattern appears in 4 graphs:
---
Run 121:
Time taken: 0.304496 seconds
Pattern appears in 5 graphs:
---
Run 122:
Time taken: 0.776764 seconds
Pattern appears in 2 graphs:
---
Run 123:
Time taken: 0.819356 seconds
Pattern appears in 5 graphs:
---
Run 124:
Time taken: 0.5146 seconds
Pattern appears in 1 graphs:
---
Run 125:
Time taken: 0.45375 seconds
Pattern appears in 1 graphs:
---
Run 126:
Time taken: 0.305733 seconds
Pattern appears in 4 graphs:
---
Run 127:
Time taken: 0.560049 seconds
Pattern appears in 1 graphs:
---
Run 128:
Time taken: 0.563161 seconds
Pattern appears in 3 graphs:
---
Run 129:
Time taken: 0.296181 seconds
Pattern appears in 3 graphs:
---
Run 130:
Time taken: 0.332965 seconds
Pattern appears in 4 graphs:
---
Run 131:
Time taken: 0.379195 seconds
Pattern appears in 4 graphs:
---
Run 132:
Time taken: 0.30977 seconds
Pattern appears in 2 graphs:
---
Run 133:
Time taken: 0.301362 seconds
Pattern appears in 2 graphs:
---
Run 134:
Time taken: 0.377772 seconds
Pattern appears in 5 graphs:
---
Run 135:
Time taken: 0.702967 seconds
Pattern appears in 2 graphs:
---
Run 136:
Time taken: 0.333766 seconds
Pattern appears in 1 graphs:
---
Run 137:
Time taken: 0.411263 seconds
Pattern appears in 3 graphs:
---
Run 138:
Time taken: 1.27893 seconds
Pattern appears in 1 graphs:
---
Run 139:
Time taken: 0.370537 seconds
Pattern appears in 3 graphs:
---
Run 140:
Time taken: 0.292639 seconds
Pattern appears in 4 graphs:
---
Run 141:
Time taken: 0.293611 seconds
Pattern appears in 4 graphs:
---
Run 142:
Time taken: 0.313211 seconds
Pattern appears in 4 graphs:
---
Run 143:
Time taken: 0.637561 seconds
Pattern appears in 3 graphs:
---
Run 144:
Time taken: 0.312777 seconds
Pattern appears in 5 graphs:
---
Run 145:
Time taken: 0.408064 seconds
Pattern appears in 3 graphs:
---
Run 146:
Time taken: 0.312811 seconds
Pattern appears in 5 graphs:
---
Run 147:
Time taken: 0.430732 seconds
Pattern appears in 4 graphs:
---
Run 148:
Time taken: 0.292311 seconds
Pattern appears in 1 graphs:
---
Run 149:
Time taken: 0.514264 seconds
Pattern appears in 3 graphs:
---
Run 150:
Time taken: 0.645363 seconds
Pattern appears in 2 graphs:
---
Run 151:
Time taken: 0.346321 seconds
Pattern appears in 2 graphs:
---
Run 152:
Time taken: 0.718276 seconds
Pattern appears in 5 graphs:
---
Run 153:
Time taken: 0.336534 seconds
Pattern appears in 5 graphs:
---
Run 154:
Time taken: 0.309465 seconds
Pattern appears in 4 graphs:
---
Run 155:
Time taken: 0.44032 seconds
Pattern appears in 4 graphs:
---
Run 156:
Time taken: 0.317918 seconds
Pattern appears in 5 graphs:
---
Run 157:
Time taken: 0.298015 seconds
Pattern appears in 3 graphs:
---
Run 158:
Time taken: 0.300744 seconds
Pattern appears in 5 graphs:
---
Run 159:
Time taken: 0.918087 seconds
Pattern appears in 4 graphs:
---
Run 160:
Time taken: 0.783383 seconds
Pattern appears in 5 graphs:
---
Run 161:
Time taken: 0.619488 seconds
Pattern appears in 5 graphs:
---
Run 162:
Time taken: 0.358565 seconds
Pattern appears in 4 graphs:
---
Run 163:
Time taken: 0.314028 seconds
Pattern appears in 4 graphs:
---
Run 164:
Time taken: 0.311382 seconds
Pattern appears in 5 graphs:
---
Run 165:
Time taken: 0.309583 seconds
Pattern appears in 2 graphs:
---
Run 166:
Time taken: 0.363407 seconds
Pattern appears in 5 graphs:
---
Run 167:
Time taken: 0.302024 seconds
Pattern appears in 1 graphs:
---
Run 168:
Time taken: 0.346327 seconds
Pattern appears in 2 graphs:
---
Run 169:
Time taken: 0.896846 seconds
Pattern appears in 3 graphs:
---
Run 170:
Time taken: 0.510398 seconds
Pattern appears in 4 graphs:
---
Run 171:
Time taken: 0.315463 seconds
Pattern appears in 4 graphs:
---
Run 172:
Time taken: 0.335604 seconds
Pattern appears in 5 graphs:
---
Run 173:
Time taken: 0.606935 seconds
Pattern appears in 5 graphs:
---
Run 174:
Time taken: 0.343925 seconds
Pattern appears in 4 graphs:
---
Run 175:
Time taken: 0.336859 seconds
Pattern appears in 4 graphs:
---
Run 176:
Time taken: 0.334857 seconds
Pattern appears in 2 graphs:
---
Run 177:
Time taken: 0.554349 seconds
Pattern appears in 3 graphs:
---
Run 178:
Time taken: 0.815337 seconds
Pattern appears in 5 graphs:
---
Run 179:
Time taken: 0.410462 seconds
Pattern appears in 4 graphs:
---
Run 180:
Time taken: 0.347239 seconds
Pattern appears in 3 graphs:
---
Run 181:
Time taken: 0.429133 seconds
Pattern appears in 4 graphs:
---
Run 182:
Time taken: 0.335716 seconds
Pattern appears in 2 graphs:
---
Run 183:
Time taken: 0.766057 seconds
Pattern appears in 3 graphs:
---
Run 184:
Time taken: 0.345039 seconds
Pattern appears in 5 graphs:
---
Run 185:
Time taken: 0.803342 seconds
Pattern appears in 3 graphs:
---
Run 186:
Time taken: 0.711279 seconds
Pattern appears in 1 graphs:
---
Run 187:
Time taken: 0.986348 seconds
Pattern appears in 2 graphs:
---
Run 188:
Time taken: 0.36492 seconds
Pattern appears in 5 graphs:
---
Run 189:
Time taken: 0.31009 seconds
Pattern appears in 2 graphs:
---
Run 190:
Time taken: 0.340597 seconds
Pattern appears in 4 graphs:
---
Run 191:
Time taken: 0.297723 seconds
Pattern appears in 1 graphs:
---
Run 192:
Time taken: 0.731117 seconds
Pattern appears in 2 graphs:
---
Run 193:
Time taken: 0.354843 seconds
Pattern appears in 2 graphs:
---
Run 194:
Time taken: 0.674577 seconds
Pattern appears in 4 graphs:
---
Run 195:
Time taken: 0.34496 seconds
Pattern appears in 1 graphs:
---
Run 196:
Time taken: 0.522969 seconds
Pattern appears in 1 graphs:
---
Run 197:
Time taken: 0.632505 seconds
Pattern appears in 4 graphs:
---
Run 198:
Time taken: 1.01245 seconds
Pattern appears in 4 graphs:
---
Run 199:
Time taken: 0.37394 seconds
Pattern appears in 2 graphs:
---
Run 200:
Time taken: 0.353122 seconds
Pattern appears in 5 graphs:
---
Run 201:
Time taken: 0.643519 seconds
Pattern appears in 5 graphs:
---
Run 202:
Time taken: 0.37784 seconds
Pattern appears in 1 graphs:
---
Run 203:
Time taken: 0.351712 seconds
Pattern appears in 5 graphs:
---
Run 204:
Time taken: 0.294362 seconds
Pattern appears in 3 graphs:
---
Run 205:
Time taken: 0.31125 seconds
Pattern appears in 1 graphs:
---
Run 206:
Time taken: 0.557404 seconds
Pattern appears in 5 graphs:
---
Run 207:
Time taken: 0.327114 seconds
Pattern appears in 3 graphs:
---
Run 208:
Time taken: 0.318801 seconds
Pattern appears in 1 graphs:
---
Run 209:
Time taken: 0.396399 seconds
Pattern appears in 1 graphs:
---
Run 210:
Time taken: 0.302022 seconds
Pattern appears in 1 graphs:
---
Run 211:
Time taken: 0.42856 seconds
Pattern appears in 3 graphs:
---
Run 212:
Time taken: 0.366919 seconds
Pattern appears in 1 graphs:
---
Run 213:
Time taken: 0.296327 seconds
Pattern appears in 4 graphs:
---
Run 214:
Time taken: 0.308391 seconds
Pattern appears in 1 graphs:
---
Run 215:
Time taken: 0.53661 seconds
Pattern appears in 2 graphs:
---
Run 216:
Time taken: 0.452745 seconds
Pattern appears in 3 graphs:
---
Run 217:
Time taken: 0.455659 seconds
Pattern appears in 4 graphs:
---
Run 218:
Time taken: 0.339435 seconds
Pattern appears in 1 graphs:
---
Run 219:
Time taken: 0.59653 seconds
Pattern appears in 3 graphs:
---
Run 220:
Time taken: 0.72652 seconds
Pattern appears in 4 graphs:
---
Run 221:
Time taken: 0.358192 seconds
Pattern appears in 5 graphs:
---
Run 222:
Time taken: 0.298629 seconds
Pattern appears in 1 graphs:
---
Run 223:
Time taken: 0.311355 seconds
Pattern appears in 4 graphs:
---
Run 224:
Time taken: 0.825673 seconds
Pattern appears in 1 graphs:
---
Run 225:
Time taken: 0.298912 seconds
Pattern appears in 3 graphs:
---
Run 226:
Time taken: 0.563913 seconds
Pattern appears in 4 graphs:
---
Run 227:
Time taken: 0.307609 seconds
Pattern appears in 3 graphs:
---
Run 228:
Time taken: 0.33466 seconds
Pattern appears in 4 graphs:
---
Run 229:
Time taken: 0.31176 seconds
Pattern appears in 3 graphs:
---
Run 230:
Time taken: 0.326037 seconds
Pattern appears in 5 graphs:
---
Run 231:
Time taken: 0.732764 seconds
Pattern appears in 4 graphs:
---
Run 232:
Time taken: 0.746273 seconds
Pattern appears in 3 graphs:
---
Run 233:
Time taken: 0.29628 seconds
Pattern appears in 4 graphs:
---
Run 234:
Time taken: 0.338129 seconds
Pattern appears in 2 graphs:
---
Run 235:
Time taken: 0.344822 seconds
Pattern appears in 2 graphs:
---
Run 236:
Time taken: 0.322734 seconds
Pattern appears in 5 graphs:
---
Run 237:
Time taken: 0.759693 seconds
Pattern appears in 1 graphs:
---
Run 238:
Time taken: 0.316728 seconds
Pattern appears in 2 graphs:
---
Run 239:
Time taken: 0.820334 seconds
Pattern appears in 2 graphs:
---
Run 240:
Time taken: 0.750073 seconds
Pattern appears in 2 graphs:
---
Run 241:
Time taken: 0.334329 seconds
Pattern appears in 4 graphs:
---
Run 242:
Time taken: 0.310725 seconds
Pattern appears in 3 graphs:
---
Run 243:
Time taken: 0.327081 seconds
Pattern appears in 4 graphs:
---
Run 244:
Time taken: 0.808062 seconds
Pattern appears in 1 graphs:
---
Run 245:
Time taken: 0.384468 seconds
Pattern appears in 3 graphs:
---
Run 246:
Time taken: 0.743436 seconds
Pattern appears in 3 graphs:
---
Run 247:
Time taken: 0.311119 seconds
Pattern appears in 4 graphs:
---
Run 248:
Time taken: 0.335673 seconds
Pattern appears in 4 graphs:
---
Run 249:
Time taken: 0.351466 seconds
Pattern appears in 5 graphs:
---
Run 250:
Time taken: 0.663449 seconds
Pattern appears in 2 graphs:
---
Run 251:
Time taken: 0.308629 seconds
Pattern appears in 5 graphs:
---
Run 252:
Time taken: 0.664339 seconds
Pattern appears in 1 graphs:
---
Run 253:
Time taken: 1.00077 seconds
Pattern appears in 4 graphs:
---
Run 254:
Time taken: 0.327249 seconds
Pattern appears in 1 graphs:
---
Run 255:
Time taken: 0.310912 seconds
Pattern appears in 4 graphs:
---
Run 256:
Time taken: 0.341807 seconds
Pattern appears in 3 graphs:
---
Run 257:
Time taken: 0.372235 seconds
Pattern appears in 5 graphs:
---
Run 258:
Time taken: 0.422523 seconds
Pattern appears in 1 graphs:
---
Run 259:
Time taken: 0.709345 seconds
Pattern appears in 3 graphs:
---
Run 260:
Time taken: 0.313731 seconds
Pattern appears in 4 graphs:
---
Run 261:
Time taken: 0.666048 seconds
Pattern appears in 3 graphs:
---
Run 262:
Time taken: 0.344634 seconds
Pattern appears in 1 graphs:
---
Run 263:
Time taken: 0.570107 seconds
Pattern appears in 1 graphs:
---
Run 264:
Time taken: 0.307698 seconds
Pattern appears in 3 graphs:
---
Run 265:
Time taken: 0.582737 seconds
Pattern appears in 1 graphs:
---
Run 266:
Time taken: 0.293064 seconds
Pattern appears in 3 graphs:
---
Run 267:
Time taken: 0.410373 seconds
Pattern appears in 3 graphs:
---
Run 268:
Time taken: 0.293287 seconds
Pattern appears in 3 graphs:
---
Run 269:
Time taken: 0.316235 seconds
Pattern appears in 3 graphs:
---
Run 270:
Time taken: 0.345592 seconds
Pattern appears in 1 graphs:
---
Run 271:
Time taken: 0.298866 seconds
Pattern appears in 2 graphs:
---
Run 272:
Time taken: 0.333398 seconds
Pattern appears in 3 graphs:
---
Run 273:
Time taken: 0.32052 seconds
Pattern appears in 2 graphs:
---
Run 274:
Time taken: 0.709957 seconds
Pattern appears in 5 graphs:
---
Run 275:
Time taken: 0.323989 seconds
Pattern appears in 2 graphs:
---
Run 276:
Time taken: 0.322815 seconds
Pattern appears in 4 graphs:
---
Run 277:
Time taken: 0.317055 seconds
Pattern appears in 4 graphs:
---
Run 278:
Time taken: 1.12972 seconds
Pattern appears in 1 graphs:
---
Run 279:
Time taken: 0.325264 seconds
Pattern appears in 3 graphs:
---
Run 280:
Time taken: 0.298791 seconds
Pattern appears in 4 graphs:
---
Run 281:
Time taken: 0.520303 seconds
Pattern appears in 2 graphs:
---
Run 282:
Time taken: 0.492992 seconds
Pattern appears in 5 graphs:
---
Run 283:
Time taken: 0.311305 seconds
Pattern appears in 2 graphs:
---
Run 284:
Time taken: 0.866565 seconds
Pattern appears in 5 graphs:
---
Run 285:
Time taken: 0.339085 seconds
Pattern appears in 1 graphs:
---
Run 286:
Time taken: 0.307742 seconds
Pattern appears in 1 graphs:
---
Run 287:
Time taken: 0.454281 seconds
Pattern appears in 5 graphs:
---
Run 288:
Time taken: 0.301662 seconds
Pattern appears in 2 graphs:
---
Run 289:
Time taken: 0.2948 seconds
Pattern appears in 5 graphs:
---
Run 290:
Time taken: 0.459648 seconds
Pattern appears in 4 graphs:
---
Run 291:
Time taken: 0.560107 seconds
Pattern appears in 5 graphs:
---
Run 292:
Time taken: 0.812006 seconds
Pattern appears in 5 graphs:
---
Run 293:
Time taken: 0.635821 seconds
Pattern appears in 5 graphs:
---
Run 294:
Time taken: 0.635619 seconds
Pattern appears in 4 graphs:
---
Run 295:
Time taken: 0.333351 seconds
Pattern appears in 2 graphs:
---
Run 296:
Time taken: 0.309191 seconds
Pattern appears in 2 graphs:
---
Run 297:
Time taken: 0.399378 seconds
Pattern appears in 4 graphs:
---
Run 298:
Time taken: 0.357154 seconds
Pattern appears in 5 graphs:
---
Run 299:
Time taken: 0.384799 seconds
Pattern appears in 2 graphs:
---
Run 300:
Time taken: 0.44636 seconds
Pattern appears in 2 graphs:
---
Run 301:
Time taken: 0.730562 seconds
Pattern appears in 5 graphs:
---
Run 302:
Time taken: 0.293193 seconds
Pattern appears in 2 graphs:
---
Run 303:
Time taken: 0.41941 seconds
Pattern appears in 1 graphs:
---
Run 304:
Time taken: 0.42527 seconds
Pattern appears in 5 graphs:
---
Run 305:
Time taken: 0.414815 seconds
Pattern appears in 5 graphs:
---
Run 306:
Time taken: 0.378345 seconds
Pattern appears in 1 graphs:
---
Run 307:
Time taken: 0.652323 seconds
Pattern appears in 1 graphs:
---
Run 308:
Time taken: 0.861534 seconds
Pattern appears in 1 graphs:
---
Run 309:
Time taken: 1.02833 seconds
Pattern appears in 5 graphs:
---
Run 310:
Time taken: 0.570229 seconds
Pattern appears in 5 graphs:
---
Run 311:
Time taken: 0.314791 seconds
Pattern appears in 5 graphs:
---
Run 312:
Time taken: 0.308389 seconds
Pattern appears in 3 graphs:
---
Run 313:
Time taken: 0.466803 seconds
Pattern appears in 3 graphs:
---
Run 314:
Time taken: 0.367115 seconds
Pattern appears in 3 graphs:
---
Run 315:
Time taken: 0.963751 seconds
Pattern appears in 5 graphs:
---
Run 316:
Time taken: 0.766896 seconds
Pattern appears in 2 graphs:
---
Run 317:
Time taken: 0.319359 seconds
Pattern appears in 4 graphs:
---
Run 318:
Time taken: 0.40178 seconds
Pattern appears in 1 graphs:
---
Run 319:
Time taken: 0.314324 seconds
Pattern appears in 4 graphs:
---
Run 320:
Time taken: 0.734586 seconds
Pattern appears in 4 graphs:
---
Run 321:
Time taken: 0.355578 seconds
Pattern appears in 2 graphs:
---
Run 322:
Time taken: 0.595335 seconds
Pattern appears in 4 graphs:
---
Run 323:
Time taken: 0.32955 seconds
Pattern appears in 4 graphs:
---
Run 324:
Time taken: 1.18713 seconds
Pattern appears in 1 graphs:
---
Run 325:
Time taken: 1.71118 seconds
Pattern appears in 5 graphs:
---
Run 326:
Time taken: 0.304393 seconds
Pattern appears in 4 graphs:
---
Run 327:
Time taken: 0.334925 seconds
Pattern appears in 2 graphs:
---
Run 328:
Time taken: 0.35002 seconds
Pattern appears in 4 graphs:
---
Run 329:
Time taken: 0.312283 seconds
Pattern appears in 2 graphs:
---
Run 330:
Time taken: 0.787673 seconds
Pattern appears in 3 graphs:
---
Run 331:
Time taken: 0.353825 seconds
Pattern appears in 5 graphs:
---
Run 332:
Time taken: 0.295267 seconds
Pattern appears in 1 graphs:
---
Run 333:
Time taken: 0.422346 seconds
Pattern appears in 1 graphs:
---
Run 334:
Time taken: 0.303982 seconds
Pattern appears in 1 graphs:
---
Run 335:
Time taken: 0.378999 seconds
Pattern appears in 5 graphs:
---
Run 336:
Time taken: 0.328977 seconds
Pattern appears in 1 graphs:
---
Run 337:
Time taken: 1.04995 seconds
Pattern appears in 2 graphs:
---
Run 338:
Time taken: 0.301636 seconds
Pattern appears in 2 graphs:
---
Run 339:
Time taken: 0.30782 seconds
Pattern appears in 3 graphs:
---
Run 340:
Time taken: 0.309347 seconds
Pattern appears in 3 graphs:
---
Run 341:
Time taken: 0.379177 seconds
Pattern appears in 5 graphs:
---
Run 342:
Time taken: 0.333646 seconds
Pattern appears in 4 graphs:
---
Run 343:
Time taken: 0.317345 seconds
Pattern appears in 5 graphs:
---
Run 344:
Time taken: 0.854506 seconds
Pattern appears in 4 graphs:
---
Run 345:
Time taken: 0.303629 seconds
Pattern appears in 5 graphs:
---
Run 346:
Time taken: 0.363476 seconds
Pattern appears in 3 graphs:
---
Run 347:
Time taken: 0.307527 seconds
Pattern appears in 1 graphs:
---
Run 348:
Time taken: 0.325483 seconds
Pattern appears in 3 graphs:
---
Run 349:
Time taken: 0.394734 seconds
Pattern appears in 1 graphs:
---
Run 350:
Time taken: 0.341975 seconds
Pattern appears in 2 graphs:
---

FINAL RESULTS
========================================
Total pattern finding time: 5434.446947347 seconds
Total subgraph testing time: 126.182301040 seconds
Combined total time: 5560.629248387 seconds
Average time per pattern: 15.526991 seconds
Average time per subgraph test: .331205 seconds
