first_color: 0
number of alive: 1000
adding vertex with color number: 17 to node: 0
number of alive: 995
adding vertex with color number: 6 to node: 0
number of alive: 807
adding vertex with color number: 1 to node: 1
number of alive: 643
adding vertex with color number: 2 to node: 3
number of alive: 463
adding vertex with color number: 3 to node: 3
number of alive: 266
adding vertex with color number: 14 to node: 1
number of alive: 17
adding vertex with color number: 1 to node: 0
number of alive: 13
adding vertex with color number: 4 to node: 6
number of alive: 6
adding vertex with color number: 1 to node: 4
Time taken: 0.314237 seconds

Pattern appears in 5 graphs:
S[312] -> S_38.json
S[367] -> S_429.json
S[606] -> S_644.json
S[786] -> S_806.json
S[852] -> S_866.json
Pattern written to pattern.json
