first_color: 0
number of alive: 1000
adding vertex with color number: 1 to node: 0
number of alive: 1000
number of alive: 1000
adding vertex with color number: 8 to node: 0
number of alive: 1000
adding vertex with color number: 1 to node: 2
number of alive: 1000
adding vertex with color number: 2 to node: 2
number of alive: 998
adding vertex with color number: 6 to node: 3
number of alive: 856
adding vertex with color number: 7 to node: 4
number of alive: 381
adding vertex with color number: 3 to node: 1
number of alive: 243
number of alive: 243
adding vertex with color number: 4 to node: 1
number of alive: 114
number of alive: 114
adding vertex with color number: 2 to node: 0
number of alive: 62
adding vertex with color number: 1 to node: 6
number of alive: 35
number of alive: 35
adding vertex with color number: 0 to node: 8
number of alive: 29
number of alive: 29
adding vertex with color number: 5 to node: 8
number of alive: 9
adding vertex with color number: 5 to node: 2
Time taken: 1.01245 seconds

Pattern appears in 4 graphs:
S[420] -> S_477.json
S[763] -> S_786.json
S[774] -> S_796.json
S[834] -> S_85.json
Pattern written to pattern.json
