first_color: 0
number of alive: 1000
adding vertex with color number: 16 to node: 0
number of alive: 991
adding vertex with color number: 1 to node: 1
number of alive: 948
Added edge (0, 2) with score 22
number of alive: 22
number of alive: 22
adding vertex with color number: 0 to node: 0
number of alive: 14
adding vertex with color number: 0 to node: 3
number of alive: 10
adding vertex with color number: 0 to node: 4
number of alive: 10
number of alive: 10
adding vertex with color number: 2 to node: 2
number of alive: 6
number of alive: 6
adding vertex with color number: 10 to node: 1
Time taken: 0.311305 seconds

Pattern appears in 2 graphs:
S[562] -> S_604.json
S[990] -> S_990.json
Pattern written to pattern.json
