first_color: 0
number of alive: 1000
adding vertex with color number: 8 to node: 0
number of alive: 1000
adding vertex with color number: 1 to node: 1
number of alive: 1000
adding vertex with color number: 2 to node: 0
number of alive: 1000
adding vertex with color number: 2 to node: 1
number of alive: 996
adding vertex with color number: 1 to node: 2
number of alive: 977
adding vertex with color number: 5 to node: 3
number of alive: 806
Added edge (0, 2) with score 16
number of alive: 16
adding vertex with color number: 6 to node: 0
Time taken: 0.674577 seconds

Pattern appears in 4 graphs:
S[217] -> S_294.json
S[428] -> S_484.json
S[500] -> S_549.json
S[667] -> S_7.json
Pattern written to pattern.json
