first_color: 0
number of alive: 1000
adding vertex with color number: 17 to node: 0
number of alive: 995
adding vertex with color number: 0 to node: 1
number of alive: 878
adding vertex with color number: 8 to node: 1
number of alive: 246
adding vertex with color number: 7 to node: 2
number of alive: 90
adding vertex with color number: 2 to node: 4
number of alive: 57
adding vertex with color number: 14 to node: 4
Time taken: 0.314028 seconds

Pattern appears in 4 graphs:
S[505] -> S_553.json
S[622] -> S_659.json
S[883] -> S_894.json
S[969] -> S_971.json
Pattern written to pattern.json
