first_color: 0
number of alive: 1000
adding vertex with color number: 3 to node: 0
number of alive: 1000
adding vertex with color number: 1 to node: 0
number of alive: 1000
Added edge (1, 2) with score 412
number of alive: 412
number of alive: 412
adding vertex with color number: 0 to node: 1
number of alive: 272
adding vertex with color number: 1 to node: 1
number of alive: 156
adding vertex with color number: 8 to node: 0
number of alive: 26
number of alive: 26
adding vertex with color number: 3 to node: 4
number of alive: 12
number of alive: 12
adding vertex with color number: 5 to node: 4
Time taken: 0.851821 seconds

Pattern appears in 3 graphs:
S[104] -> S_192.json
S[524] -> S_570.json
S[778] -> S_8.json
Pattern written to pattern.json
