first_color: 0
number of alive: 1000
adding vertex with color number: 16 to node: 0
number of alive: 991
adding vertex with color number: 13 to node: 0
number of alive: 312
adding vertex with color number: 3 to node: 2
number of alive: 174
adding vertex with color number: 0 to node: 0
number of alive: 117
adding vertex with color number: 6 to node: 3
number of alive: 36
number of alive: 36
adding vertex with color number: 0 to node: 4
number of alive: 30
adding vertex with color number: 9 to node: 4
Time taken: 0.293287 seconds

Pattern appears in 3 graphs:
S[118] -> S_204.json
S[377] -> S_438.json
S[893] -> S_902.json
Pattern written to pattern.json
