first_color: 0
number of alive: 1000
adding vertex with color number: 1 to node: 0
number of alive: 1000
number of alive: 1000
adding vertex with color number: 5 to node: 1
number of alive: 1000
adding vertex with color number: 7 to node: 0
number of alive: 1000
adding vertex with color number: 14 to node: 3
number of alive: 398
adding vertex with color number: 2 to node: 0
number of alive: 241
number of alive: 241
adding vertex with color number: 2 to node: 3
number of alive: 139
number of alive: 139
adding vertex with color number: 2 to node: 2
number of alive: 88
number of alive: 88
adding vertex with color number: 12 to node: 4
number of alive: 7
number of alive: 7
adding vertex with color number: 0 to node: 7
Time taken: 0.963751 seconds

Pattern appears in 5 graphs:
S[74] -> S_165.json
S[84] -> S_174.json
S[156] -> S_239.json
S[168] -> S_25.json
S[185] -> S_265.json
Pattern written to pattern.json
