first_color: 0
number of alive: 1000
adding vertex with color number: 8 to node: 0
number of alive: 1000
adding vertex with color number: 5 to node: 0
number of alive: 1000
adding vertex with color number: 18 to node: 0
number of alive: 274
number of alive: 274
adding vertex with color number: 12 to node: 1
number of alive: 15
adding vertex with color number: 3 to node: 4
number of alive: 7
adding vertex with color number: 3 to node: 2
number of alive: 6
number of alive: 6
adding vertex with color number: 13 to node: 3
Time taken: 0.40178 seconds

Pattern appears in 1 graphs:
S[8] -> S_105.json
Pattern written to pattern.json
