first_color: 0
number of alive: 1000
adding vertex with color number: 9 to node: 0
number of alive: 1000
adding vertex with color number: 11 to node: 0
number of alive: 752
adding vertex with color number: 3 to node: 1
number of alive: 503
number of alive: 503
adding vertex with color number: 5 to node: 3
number of alive: 197
adding vertex with color number: 11 to node: 3
number of alive: 7
adding vertex with color number: 2 to node: 0
Time taken: 0.348054 seconds

Pattern appears in 5 graphs:
S[64] -> S_156.json
S[133] -> S_218.json
S[513] -> S_560.json
S[730] -> S_756.json
S[852] -> S_866.json
Pattern written to pattern.json
