first_color: 0
number of alive: 1000
adding vertex with color number: 5 to node: 0
number of alive: 1000
number of alive: 1000
adding vertex with color number: 10 to node: 1
number of alive: 930
Added edge (0, 2) with score 13
number of alive: 13
adding vertex with color number: 2 to node: 2
number of alive: 8
number of alive: 8
adding vertex with color number: 0 to node: 2
number of alive: 7
adding vertex with color number: 4 to node: 4
Time taken: 0.430732 seconds

Pattern appears in 4 graphs:
S[542] -> S_587.json
S[568] -> S_61.json
S[685] -> S_715.json
S[738] -> S_763.json
Pattern written to pattern.json
