first_color: 0
number of alive: 1000
adding vertex with color number: 17 to node: 0
number of alive: 995
number of alive: 995
adding vertex with color number: 2 to node: 1
number of alive: 920
adding vertex with color number: 4 to node: 1
number of alive: 641
adding vertex with color number: 3 to node: 3
number of alive: 402
Added edge (2, 4) with score 6
number of alive: 6
adding vertex with color number: 3 to node: 0
Time taken: 0.315656 seconds

Pattern appears in 3 graphs:
S[134] -> S_219.json
S[312] -> S_38.json
S[933] -> S_939.json
Pattern written to pattern.json
