first_color: 0
number of alive: 1000
adding vertex with color number: 8 to node: 0
number of alive: 1000
adding vertex with color number: 12 to node: 0
number of alive: 867
adding vertex with color number: 8 to node: 2
number of alive: 231
adding vertex with color number: 1 to node: 1
number of alive: 151
adding vertex with color number: 0 to node: 4
number of alive: 104
adding vertex with color number: 4 to node: 2
number of alive: 46
number of alive: 46
adding vertex with color number: 8 to node: 1
number of alive: 11
adding vertex with color number: 0 to node: 7
number of alive: 9
number of alive: 9
adding vertex with color number: 2 to node: 6
number of alive: 6
number of alive: 6
adding vertex with color number: 1 to node: 2
Time taken: 0.37032 seconds

Pattern appears in 5 graphs:
S[96] -> S_185.json
S[107] -> S_195.json
S[181] -> S_261.json
S[366] -> S_428.json
S[980] -> S_981.json
Pattern written to pattern.json
