first_color: 0
number of alive: 1000
adding vertex with color number: 0 to node: 0
number of alive: 1000
number of alive: 1000
adding vertex with color number: 1 to node: 0
number of alive: 1000
Added edge (1, 2) with score 340
number of alive: 340
adding vertex with color number: 17 to node: 2
number of alive: 11
adding vertex with color number: 1 to node: 1
number of alive: 10
adding vertex with color number: 2 to node: 2
number of alive: 8
number of alive: 8
adding vertex with color number: 18 to node: 3
Time taken: 1.12972 seconds

Pattern appears in 1 graphs:
S[312] -> S_38.json
Pattern written to pattern.json
