first_color: 0
number of alive: 1000
adding vertex with color number: 8 to node: 0
number of alive: 1000
adding vertex with color number: 4 to node: 0
number of alive: 1000
adding vertex with color number: 0 to node: 2
number of alive: 1000
Added edge (0, 3) with score 47
number of alive: 47
adding vertex with color number: 0 to node: 0
number of alive: 35
number of alive: 35
adding vertex with color number: 5 to node: 2
number of alive: 8
adding vertex with color number: 0 to node: 3
number of alive: 6
number of alive: 6
adding vertex with color number: 0 to node: 4
Time taken: 0.472614 seconds

Pattern appears in 4 graphs:
S[248] -> S_321.json
S[373] -> S_434.json
S[722] -> S_749.json
S[894] -> S_903.json
Pattern written to pattern.json
