first_color: 0
number of alive: 1000
adding vertex with color number: 1 to node: 0
number of alive: 1000
adding vertex with color number: 2 to node: 1
number of alive: 1000
adding vertex with color number: 5 to node: 2
number of alive: 1000
adding vertex with color number: 10 to node: 3
number of alive: 715
adding vertex with color number: 3 to node: 0
number of alive: 565
Added edge (3, 5) with score 7
number of alive: 7
number of alive: 7
adding vertex with color number: 15 to node: 4
Time taken: 1.27893 seconds

Pattern appears in 1 graphs:
S[612] -> S_65.json
Pattern written to pattern.json
