first_color: 0
number of alive: 1000
adding vertex with color number: 9 to node: 0
number of alive: 1000
number of alive: 1000
adding vertex with color number: 7 to node: 0
number of alive: 992
Added edge (1, 2) with score 15
number of alive: 15
adding vertex with color number: 0 to node: 2
number of alive: 12
adding vertex with color number: 1 to node: 0
number of alive: 8
number of alive: 8
adding vertex with color number: 3 to node: 4
number of alive: 7
number of alive: 7
adding vertex with color number: 3 to node: 0
Time taken: 0.36492 seconds

Pattern appears in 5 graphs:
S[76] -> S_167.json
S[165] -> S_247.json
S[472] -> S_523.json
S[574] -> S_615.json
S[605] -> S_643.json
Pattern written to pattern.json
