first_color: 0
number of alive: 1000
adding vertex with color number: 16 to node: 0
number of alive: 991
adding vertex with color number: 7 to node: 0
number of alive: 741
number of alive: 741
adding vertex with color number: 8 to node: 2
number of alive: 196
number of alive: 196
adding vertex with color number: 4 to node: 3
number of alive: 94
adding vertex with color number: 4 to node: 1
number of alive: 42
adding vertex with color number: 1 to node: 5
number of alive: 25
adding vertex with color number: 11 to node: 5
Time taken: 0.301636 seconds

Pattern appears in 2 graphs:
S[323] -> S_39.json
S[846] -> S_860.json
Pattern written to pattern.json
