first_color: 0
number of alive: 1000
adding vertex with color number: 2 to node: 0
number of alive: 1000
adding vertex with color number: 14 to node: 1
number of alive: 1000
adding vertex with color number: 3 to node: 0
number of alive: 974
adding vertex with color number: 4 to node: 0
number of alive: 827
adding vertex with color number: 6 to node: 3
number of alive: 386
adding vertex with color number: 3 to node: 4
number of alive: 227
adding vertex with color number: 5 to node: 4
number of alive: 71
number of alive: 71
adding vertex with color number: 4 to node: 3
number of alive: 22
adding vertex with color number: 7 to node: 0
Time taken: 0.709345 seconds

Pattern appears in 3 graphs:
S[9] -> S_106.json
S[591] -> S_630.json
S[749] -> S_773.json
Pattern written to pattern.json
