first_color: 0
number of alive: 1000
adding vertex with color number: 10 to node: 0
number of alive: 1000
adding vertex with color number: 12 to node: 1
number of alive: 363
number of alive: 363
adding vertex with color number: 6 to node: 0
number of alive: 133
adding vertex with color number: 3 to node: 3
number of alive: 74
adding vertex with color number: 4 to node: 3
number of alive: 34
adding vertex with color number: 3 to node: 2
number of alive: 16
number of alive: 16
adding vertex with color number: 2 to node: 6
number of alive: 8
adding vertex with color number: 1 to node: 4
number of alive: 7
adding vertex with color number: 0 to node: 4
Time taken: 0.311119 seconds

Pattern appears in 4 graphs:
S[45] -> S_139.json
S[191] -> S_270.json
S[270] -> S_341.json
S[641] -> S_676.json
Pattern written to pattern.json
