first_color: 0
number of alive: 1000
adding vertex with color number: 17 to node: 0
number of alive: 995
adding vertex with color number: 6 to node: 1
number of alive: 667
adding vertex with color number: 1 to node: 1
number of alive: 495
adding vertex with color number: 0 to node: 3
number of alive: 407
Added edge (0, 4) with score 6
number of alive: 6
number of alive: 6
adding vertex with color number: 4 to node: 3
Time taken: 0.313211 seconds

Pattern appears in 4 graphs:
S[540] -> S_585.json
S[630] -> S_666.json
S[686] -> S_716.json
S[769] -> S_791.json
Pattern written to pattern.json
