first_color: 0
number of alive: 1000
adding vertex with color number: 0 to node: 0
number of alive: 1000
adding vertex with color number: 11 to node: 1
number of alive: 999
adding vertex with color number: 10 to node: 1
number of alive: 386
adding vertex with color number: 0 to node: 2
number of alive: 249
adding vertex with color number: 0 to node: 3
number of alive: 173
number of alive: 173
adding vertex with color number: 15 to node: 1
number of alive: 10
number of alive: 10
adding vertex with color number: 10 to node: 6
Time taken: 0.776764 seconds

Pattern appears in 2 graphs:
S[55] -> S_148.json
S[177] -> S_258.json
Pattern written to pattern.json
