first_color: 0
number of alive: 1000
adding vertex with color number: 19 to node: 0
number of alive: 993
adding vertex with color number: 3 to node: 0
number of alive: 943
adding vertex with color number: 1 to node: 1
number of alive: 822
adding vertex with color number: 10 to node: 2
number of alive: 97
number of alive: 97
adding vertex with color number: 5 to node: 1
number of alive: 27
number of alive: 27
adding vertex with color number: 12 to node: 2
Time taken: 0.316728 seconds

Pattern appears in 2 graphs:
S[255] -> S_328.json
S[719] -> S_746.json
Pattern written to pattern.json
