first_color: 0
number of alive: 1000
adding vertex with color number: 12 to node: 0
number of alive: 1000
adding vertex with color number: 19 to node: 0
number of alive: 333
number of alive: 333
adding vertex with color number: 0 to node: 0
number of alive: 230
adding vertex with color number: 1 to node: 1
number of alive: 134
adding vertex with color number: 2 to node: 3
number of alive: 91
adding vertex with color number: 12 to node: 3
number of alive: 6
number of alive: 6
adding vertex with color number: 4 to node: 0
Time taken: 0.311355 seconds

Pattern appears in 4 graphs:
S[120] -> S_206.json
S[205] -> S_283.json
S[283] -> S_353.json
S[339] -> S_403.json
Pattern written to pattern.json
