first_color: 0
number of alive: 1000
adding vertex with color number: 5 to node: 0
number of alive: 1000
adding vertex with color number: 2 to node: 1
number of alive: 1000
adding vertex with color number: 14 to node: 0
number of alive: 869
adding vertex with color number: 3 to node: 2
number of alive: 694
adding vertex with color number: 4 to node: 3
number of alive: 373
adding vertex with color number: 0 to node: 3
number of alive: 252
Added edge (4, 5) with score 5
Time taken: 0.606935 seconds

Pattern appears in 5 graphs:
S[85] -> S_175.json
S[410] -> S_468.json
S[619] -> S_656.json
S[725] -> S_751.json
S[992] -> S_992.json
Pattern written to pattern.json
