first_color: 0
number of alive: 1000
adding vertex with color number: 17 to node: 0
number of alive: 995
number of alive: 995
adding vertex with color number: 15 to node: 0
number of alive: 176
number of alive: 176
adding vertex with color number: 8 to node: 1
number of alive: 23
number of alive: 23
adding vertex with color number: 1 to node: 3
number of alive: 15
number of alive: 15
adding vertex with color number: 0 to node: 4
number of alive: 11
adding vertex with color number: 8 to node: 4
Time taken: 0.293193 seconds

Pattern appears in 2 graphs:
S[43] -> S_137.json
S[81] -> S_171.json
Pattern written to pattern.json
