first_color: 0
number of alive: 1000
adding vertex with color number: 12 to node: 0
number of alive: 1000
number of alive: 1000
adding vertex with color number: 0 to node: 1
number of alive: 983
adding vertex with color number: 14 to node: 1
number of alive: 177
adding vertex with color number: 2 to node: 2
number of alive: 138
adding vertex with color number: 1 to node: 4
number of alive: 118
adding vertex with color number: 1 to node: 2
number of alive: 83
adding vertex with color number: 4 to node: 4
number of alive: 45
adding vertex with color number: 13 to node: 0
number of alive: 7
number of alive: 7
adding vertex with color number: 1 to node: 5
Time taken: 0.345509 seconds

Pattern appears in 4 graphs:
S[452] -> S_505.json
S[589] -> S_629.json
S[662] -> S_695.json
S[704] -> S_732.json
Pattern written to pattern.json
