first_color: 0
number of alive: 1000
adding vertex with color number: 13 to node: 0
number of alive: 1000
adding vertex with color number: 3 to node: 1
number of alive: 990
adding vertex with color number: 3 to node: 0
number of alive: 915
adding vertex with color number: 11 to node: 2
number of alive: 154
number of alive: 154
adding vertex with color number: 6 to node: 2
number of alive: 32
adding vertex with color number: 4 to node: 2
number of alive: 13
number of alive: 13
adding vertex with color number: 3 to node: 2
number of alive: 7
number of alive: 7
adding vertex with color number: 6 to node: 7
Time taken: 0.354454 seconds

Pattern appears in 3 graphs:
S[152] -> S_235.json
S[238] -> S_312.json
S[700] -> S_729.json
Pattern written to pattern.json
