first_color: 17
number of alive: 1000
adding vertex with color number: 13 to node: 0
number of alive: 1000
adding vertex with color number: 3 to node: 0
number of alive: 829
adding vertex with color number: 17 to node: 0
number of alive: 204
number of alive: 204
adding vertex with color number: 18 to node: 1
number of alive: 38
adding vertex with color number: 15 to node: 3
number of alive: 7
number of alive: 7
adding vertex with color number: 1 to node: 4
Time taken: 0.163298 seconds

Pattern appears in 2 graphs:
S[728] -> S_754.json
S[863] -> S_876.json
Pattern written to pattern.json
