first_color: 17
number of alive: 1000
adding vertex with color number: 13 to node: 0
number of alive: 1000
adding vertex with color number: 18 to node: 1
number of alive: 820
number of alive: 820
adding vertex with color number: 10 to node: 2
number of alive: 205
adding vertex with color number: 19 to node: 1
number of alive: 32
adding vertex with color number: 9 to node: 1
Time taken: 0.173741 seconds

Pattern appears in 5 graphs:
S[120] -> S_206.json
S[170] -> S_251.json
S[472] -> S_523.json
S[677] -> S_708.json
S[691] -> S_720.json
Pattern written to pattern.json
