first_color: 17
number of alive: 1000
adding vertex with color number: 16 to node: 0
number of alive: 1000
adding vertex with color number: 14 to node: 0
number of alive: 818
adding vertex with color number: 10 to node: 1
number of alive: 199
number of alive: 199
adding vertex with color number: 15 to node: 1
number of alive: 35
number of alive: 35
adding vertex with color number: 8 to node: 0
number of alive: 7
number of alive: 7
adding vertex with color number: 2 to node: 1
Time taken: 0.164926 seconds

Pattern appears in 3 graphs:
S[155] -> S_238.json
S[699] -> S_728.json
S[706] -> S_734.json
Pattern written to pattern.json
