first_color: 17
number of alive: 1000
adding vertex with color number: 19 to node: 0
number of alive: 1000
number of alive: 1000
adding vertex with color number: 2 to node: 1
number of alive: 797
adding vertex with color number: 5 to node: 0
number of alive: 212
adding vertex with color number: 7 to node: 2
number of alive: 38
number of alive: 38
adding vertex with color number: 13 to node: 3
number of alive: 13
number of alive: 13
adding vertex with color number: 10 to node: 0
Time taken: 0.163847 seconds

Pattern appears in 4 graphs:
S[37] -> S_131.json
S[157] -> S_24.json
S[427] -> S_483.json
S[697] -> S_726.json
Pattern written to pattern.json
