first_color: 17
number of alive: 1000
adding vertex with color number: 10 to node: 0
number of alive: 1000
adding vertex with color number: 13 to node: 0
number of alive: 805
adding vertex with color number: 6 to node: 0
number of alive: 214
number of alive: 214
adding vertex with color number: 11 to node: 0
number of alive: 26
number of alive: 26
adding vertex with color number: 11 to node: 4
Time taken: 0.169083 seconds

Pattern appears in 5 graphs:
S[359] -> S_421.json
S[546] -> S_590.json
S[565] -> S_607.json
S[700] -> S_729.json
S[866] -> S_879.json
Pattern written to pattern.json
