first_color: 17
number of alive: 1000
adding vertex with color number: 10 to node: 0
number of alive: 1000
number of alive: 1000
adding vertex with color number: 10 to node: 1
number of alive: 807
adding vertex with color number: 19 to node: 0
number of alive: 212
adding vertex with color number: 18 to node: 1
number of alive: 20
number of alive: 20
adding vertex with color number: 13 to node: 3
Time taken: 0.166273 seconds

Pattern appears in 5 graphs:
S[30] -> S_125.json
S[300] -> S_369.json
S[489] -> S_539.json
S[655] -> S_689.json
S[736] -> S_761.json
Pattern written to pattern.json
