first_color: 17
number of alive: 1000
adding vertex with color number: 5 to node: 0
number of alive: 1000
adding vertex with color number: 11 to node: 0
number of alive: 840
number of alive: 840
adding vertex with color number: 3 to node: 2
number of alive: 239
number of alive: 239
adding vertex with color number: 17 to node: 0
number of alive: 35
adding vertex with color number: 19 to node: 4
number of alive: 6
number of alive: 6
adding vertex with color number: 18 to node: 0
Time taken: 0.167982 seconds

Pattern appears in 1 graphs:
S[980] -> S_981.json
Pattern written to pattern.json
