first_color: 17
number of alive: 1000
adding vertex with color number: 11 to node: 0
number of alive: 1000
adding vertex with color number: 18 to node: 1
number of alive: 826
adding vertex with color number: 16 to node: 2
number of alive: 264
number of alive: 264
adding vertex with color number: 15 to node: 2
number of alive: 46
number of alive: 46
adding vertex with color number: 0 to node: 2
number of alive: 7
adding vertex with color number: 4 to node: 5
Time taken: 0.167053 seconds

Pattern appears in 2 graphs:
S[276] -> S_347.json
S[959] -> S_962.json
Pattern written to pattern.json
