first_color: 17
number of alive: 1000
adding vertex with color number: 10 to node: 0
number of alive: 1000
adding vertex with color number: 16 to node: 0
number of alive: 800
number of alive: 800
adding vertex with color number: 10 to node: 1
number of alive: 207
adding vertex with color number: 15 to node: 1
number of alive: 36
number of alive: 36
adding vertex with color number: 16 to node: 2
Time taken: 0.16628 seconds

Pattern appears in 5 graphs:
S[244] -> S_318.json
S[635] -> S_670.json
S[646] -> S_680.json
S[652] -> S_686.json
S[826] -> S_842.json
Pattern written to pattern.json
