first_color: 17
number of alive: 1000
adding vertex with color number: 18 to node: 0
number of alive: 1000
adding vertex with color number: 14 to node: 1
number of alive: 807
adding vertex with color number: 14 to node: 0
number of alive: 245
adding vertex with color number: 11 to node: 3
number of alive: 31
number of alive: 31
adding vertex with color number: 19 to node: 1
number of alive: 8
number of alive: 8
adding vertex with color number: 8 to node: 5
Time taken: 0.167236 seconds

Pattern appears in 2 graphs:
S[856] -> S_87.json
S[900] -> S_909.json
Pattern written to pattern.json
