first_color: 17
number of alive: 1000
adding vertex with color number: 11 to node: 0
number of alive: 1000
adding vertex with color number: 4 to node: 1
number of alive: 838
number of alive: 838
adding vertex with color number: 3 to node: 2
number of alive: 228
number of alive: 228
adding vertex with color number: 4 to node: 3
number of alive: 53
number of alive: 53
adding vertex with color number: 18 to node: 0
Time taken: 0.171316 seconds

Pattern appears in 4 graphs:
S[427] -> S_483.json
S[598] -> S_637.json
S[878] -> S_89.json
S[889] -> S_9.json
Pattern written to pattern.json
