first_color: 17
number of alive: 1000
adding vertex with color number: 14 to node: 0
number of alive: 1000
number of alive: 1000
adding vertex with color number: 11 to node: 0
number of alive: 828
adding vertex with color number: 14 to node: 1
number of alive: 223
number of alive: 223
adding vertex with color number: 1 to node: 0
number of alive: 33
number of alive: 33
adding vertex with color number: 7 to node: 3
number of alive: 6
number of alive: 6
adding vertex with color number: 19 to node: 1
Time taken: 0.16725 seconds

Pattern appears in 2 graphs:
S[20] -> S_116.json
S[822] -> S_839.json
Pattern written to pattern.json
