first_color: 17
number of alive: 1000
adding vertex with color number: 16 to node: 0
number of alive: 1000
number of alive: 1000
adding vertex with color number: 18 to node: 1
number of alive: 824
adding vertex with color number: 18 to node: 0
number of alive: 218
adding vertex with color number: 15 to node: 0
number of alive: 30
adding vertex with color number: 2 to node: 3
Time taken: 0.167293 seconds

Pattern appears in 5 graphs:
S[232] -> S_307.json
S[274] -> S_345.json
S[353] -> S_416.json
S[523] -> S_57.json
S[536] -> S_581.json
Pattern written to pattern.json
