first_color: 17
number of alive: 1000
adding vertex with color number: 10 to node: 0
number of alive: 1000
adding vertex with color number: 15 to node: 1
number of alive: 825
adding vertex with color number: 1 to node: 1
number of alive: 216
adding vertex with color number: 8 to node: 0
number of alive: 46
number of alive: 46
adding vertex with color number: 10 to node: 3
number of alive: 8
number of alive: 8
adding vertex with color number: 19 to node: 4
Time taken: 0.164314 seconds

Pattern appears in 3 graphs:
S[388] -> S_448.json
S[832] -> S_848.json
S[952] -> S_956.json
Pattern written to pattern.json
