first_color: 17
number of alive: 1000
adding vertex with color number: 15 to node: 0
number of alive: 1000
adding vertex with color number: 8 to node: 1
number of alive: 808
adding vertex with color number: 9 to node: 0
number of alive: 220
adding vertex with color number: 6 to node: 3
number of alive: 38
number of alive: 38
adding vertex with color number: 3 to node: 3
Time taken: 0.167489 seconds

Pattern appears in 5 graphs:
S[108] -> S_196.json
S[143] -> S_227.json
S[271] -> S_342.json
S[629] -> S_665.json
S[780] -> S_800.json
Pattern written to pattern.json
