first_color: 17
number of alive: 1000
adding vertex with color number: 9 to node: 0
number of alive: 1000
adding vertex with color number: 5 to node: 0
number of alive: 829
adding vertex with color number: 1 to node: 0
number of alive: 218
number of alive: 218
adding vertex with color number: 12 to node: 3
number of alive: 31
number of alive: 31
adding vertex with color number: 3 to node: 4
Time taken: 0.166085 seconds

Pattern appears in 4 graphs:
S[153] -> S_236.json
S[450] -> S_503.json
S[769] -> S_791.json
S[893] -> S_902.json
Pattern written to pattern.json
