first_color: 17
number of alive: 1000
adding vertex with color number: 13 to node: 0
number of alive: 1000
number of alive: 1000
adding vertex with color number: 15 to node: 0
number of alive: 822
adding vertex with color number: 19 to node: 2
number of alive: 224
number of alive: 224
adding vertex with color number: 13 to node: 2
number of alive: 39
number of alive: 39
adding vertex with color number: 9 to node: 4
Time taken: 0.165807 seconds

Pattern appears in 4 graphs:
S[126] -> S_211.json
S[207] -> S_285.json
S[284] -> S_354.json
S[443] -> S_498.json
Pattern written to pattern.json
