first_color: 17
number of alive: 1000
adding vertex with color number: 0 to node: 0
number of alive: 1000
adding vertex with color number: 4 to node: 0
number of alive: 812
adding vertex with color number: 8 to node: 1
number of alive: 223
number of alive: 223
adding vertex with color number: 16 to node: 0
number of alive: 33
number of alive: 33
adding vertex with color number: 0 to node: 1
number of alive: 7
number of alive: 7
adding vertex with color number: 16 to node: 4
Time taken: 0.167187 seconds

Pattern appears in 1 graphs:
S[864] -> S_877.json
Pattern written to pattern.json
