first_color: 17
number of alive: 1000
adding vertex with color number: 13 to node: 0
number of alive: 1000
adding vertex with color number: 15 to node: 1
number of alive: 834
number of alive: 834
adding vertex with color number: 17 to node: 0
number of alive: 239
adding vertex with color number: 5 to node: 0
number of alive: 30
number of alive: 30
adding vertex with color number: 14 to node: 4
Time taken: 0.166536 seconds

Pattern appears in 4 graphs:
S[107] -> S_195.json
S[262] -> S_334.json
S[436] -> S_491.json
S[584] -> S_624.json
Pattern written to pattern.json
