first_color: 17
number of alive: 1000
adding vertex with color number: 15 to node: 0
number of alive: 1000
adding vertex with color number: 4 to node: 1
number of alive: 836
number of alive: 836
adding vertex with color number: 13 to node: 1
number of alive: 221
number of alive: 221
adding vertex with color number: 7 to node: 3
number of alive: 29
number of alive: 29
adding vertex with color number: 6 to node: 2
number of alive: 8
number of alive: 8
adding vertex with color number: 10 to node: 3
Time taken: 0.169274 seconds

Pattern appears in 2 graphs:
S[441] -> S_496.json
S[716] -> S_743.json
Pattern written to pattern.json
