first_color: 17
number of alive: 1000
adding vertex with color number: 16 to node: 0
number of alive: 1000
adding vertex with color number: 7 to node: 1
number of alive: 818
number of alive: 818
adding vertex with color number: 1 to node: 1
number of alive: 205
number of alive: 205
adding vertex with color number: 13 to node: 3
number of alive: 40
adding vertex with color number: 16 to node: 3
number of alive: 11
number of alive: 11
adding vertex with color number: 6 to node: 3
Time taken: 0.170894 seconds

Pattern appears in 2 graphs:
S[157] -> S_24.json
S[196] -> S_275.json
Pattern written to pattern.json
