first_color: 17
number of alive: 1000
adding vertex with color number: 9 to node: 0
number of alive: 1000
adding vertex with color number: 13 to node: 1
number of alive: 804
adding vertex with color number: 4 to node: 1
number of alive: 214
adding vertex with color number: 4 to node: 0
number of alive: 30
number of alive: 30
adding vertex with color number: 6 to node: 4
Time taken: 0.167763 seconds

Pattern appears in 5 graphs:
S[11] -> S_108.json
S[261] -> S_333.json
S[655] -> S_689.json
S[668] -> S_70.json
S[968] -> S_970.json
Pattern written to pattern.json
