first_color: 17
number of alive: 1000
adding vertex with color number: 11 to node: 0
number of alive: 1000
adding vertex with color number: 18 to node: 0
number of alive: 830
number of alive: 830
adding vertex with color number: 13 to node: 2
number of alive: 226
number of alive: 226
adding vertex with color number: 19 to node: 0
number of alive: 39
number of alive: 39
adding vertex with color number: 17 to node: 1
number of alive: 11
adding vertex with color number: 3 to node: 3
Time taken: 0.167399 seconds

Pattern appears in 2 graphs:
S[202] -> S_280.json
S[616] -> S_653.json
Pattern written to pattern.json
