first_color: 17
number of alive: 1000
adding vertex with color number: 2 to node: 0
number of alive: 1000
adding vertex with color number: 1 to node: 1
number of alive: 803
adding vertex with color number: 9 to node: 2
number of alive: 215
adding vertex with color number: 3 to node: 1
number of alive: 33
adding vertex with color number: 5 to node: 0
number of alive: 9
number of alive: 9
adding vertex with color number: 10 to node: 0
Time taken: 0.163443 seconds

Pattern appears in 3 graphs:
S[126] -> S_211.json
S[624] -> S_660.json
S[638] -> S_673.json
Pattern written to pattern.json
