first_color: 17
number of alive: 1000
adding vertex with color number: 3 to node: 0
number of alive: 1000
adding vertex with color number: 15 to node: 0
number of alive: 1000
adding vertex with color number: 15 to node: 1
number of alive: 1000
adding vertex with color number: 7 to node: 0
number of alive: 998
adding vertex with color number: 9 to node: 1
number of alive: 980
adding vertex with color number: 2 to node: 4
number of alive: 931
adding vertex with color number: 12 to node: 6
number of alive: 836
adding vertex with color number: 5 to node: 0
number of alive: 631
Added edge (5, 7) with score 29
number of alive: 29
number of alive: 29
adding vertex with color number: 14 to node: 8
number of alive: 21
number of alive: 21
adding vertex with color number: 0 to node: 5
number of alive: 11
number of alive: 11
adding vertex with color number: 16 to node: 7
number of alive: 8
adding vertex with color number: 11 to node: 11
Time taken: 0.872126 seconds

Pattern appears in 4 graphs:
S[208] -> S_286.json
S[362] -> S_424.json
S[750] -> S_774.json
S[941] -> S_946.json
Pattern written to pattern.json
