first_color: 17
number of alive: 1000
adding vertex with color number: 16 to node: 0
number of alive: 1000
adding vertex with color number: 8 to node: 0
number of alive: 1000
Added edge (1, 2) with score 368
number of alive: 368
adding vertex with color number: 19 to node: 0
number of alive: 226
adding vertex with color number: 14 to node: 0
number of alive: 131
Added edge (1, 4) with score 5
Time taken: 0.430231 seconds

Pattern appears in 5 graphs:
S[145] -> S_229.json
S[198] -> S_277.json
S[256] -> S_329.json
S[356] -> S_419.json
S[629] -> S_665.json
Pattern written to pattern.json
