first_color: 17
number of alive: 1000
adding vertex with color number: 19 to node: 0
number of alive: 1000
adding vertex with color number: 14 to node: 1
number of alive: 1000
adding vertex with color number: 0 to node: 1
number of alive: 1000
adding vertex with color number: 1 to node: 1
number of alive: 999
adding vertex with color number: 12 to node: 2
number of alive: 971
Added edge (4, 5) with score 89
number of alive: 89
number of alive: 89
adding vertex with color number: 2 to node: 1
number of alive: 56
number of alive: 56
adding vertex with color number: 6 to node: 1
number of alive: 29
adding vertex with color number: 10 to node: 0
number of alive: 21
number of alive: 21
adding vertex with color number: 6 to node: 3
number of alive: 13
adding vertex with color number: 11 to node: 4
number of alive: 11
number of alive: 11
adding vertex with color number: 3 to node: 1
number of alive: 6
number of alive: 6
adding vertex with color number: 1 to node: 8
Time taken: 0.762476 seconds

Pattern appears in 5 graphs:
S[154] -> S_237.json
S[522] -> S_569.json
S[566] -> S_608.json
S[660] -> S_693.json
S[739] -> S_764.json
Pattern written to pattern.json
