first_color: 17
number of alive: 1000
adding vertex with color number: 7 to node: 0
number of alive: 1000
adding vertex with color number: 18 to node: 1
number of alive: 1000
adding vertex with color number: 13 to node: 1
number of alive: 1000
Added edge (0, 3) with score 204
number of alive: 204
adding vertex with color number: 8 to node: 1
number of alive: 110
adding vertex with color number: 7 to node: 3
number of alive: 65
number of alive: 65
adding vertex with color number: 4 to node: 3
number of alive: 37
number of alive: 37
adding vertex with color number: 11 to node: 0
number of alive: 15
adding vertex with color number: 3 to node: 5
number of alive: 10
number of alive: 10
adding vertex with color number: 10 to node: 3
number of alive: 6
adding vertex with color number: 13 to node: 2
number of alive: 6
adding vertex with color number: 15 to node: 10
Time taken: 0.564592 seconds

Pattern appears in 4 graphs:
S[354] -> S_417.json
S[384] -> S_444.json
S[722] -> S_749.json
S[860] -> S_873.json
Pattern written to pattern.json
