first_color: 17
number of alive: 1000
adding vertex with color number: 1 to node: 0
number of alive: 1000
number of alive: 1000
adding vertex with color number: 12 to node: 1
number of alive: 1000
adding vertex with color number: 7 to node: 1
number of alive: 1000
adding vertex with color number: 4 to node: 3
number of alive: 999
Added edge (2, 4) with score 162
number of alive: 162
number of alive: 162
adding vertex with color number: 18 to node: 1
number of alive: 86
adding vertex with color number: 1 to node: 4
number of alive: 37
number of alive: 37
adding vertex with color number: 15 to node: 5
number of alive: 27
adding vertex with color number: 13 to node: 5
number of alive: 17
number of alive: 17
adding vertex with color number: 3 to node: 2
number of alive: 6
number of alive: 6
adding vertex with color number: 16 to node: 2
Time taken: 0.632431 seconds

Pattern appears in 4 graphs:
S[50] -> S_143.json
S[308] -> S_376.json
S[379] -> S_44.json
S[563] -> S_605.json
Pattern written to pattern.json
