first_color: 17
number of alive: 1000
adding vertex with color number: 2 to node: 0
number of alive: 1000
number of alive: 1000
adding vertex with color number: 10 to node: 0
number of alive: 1000
Added edge (1, 2) with score 368
number of alive: 368
adding vertex with color number: 14 to node: 1
number of alive: 211
adding vertex with color number: 8 to node: 3
number of alive: 139
adding vertex with color number: 11 to node: 0
number of alive: 82
adding vertex with color number: 6 to node: 0
number of alive: 38
adding vertex with color number: 18 to node: 5
number of alive: 25
number of alive: 25
adding vertex with color number: 18 to node: 7
number of alive: 15
adding vertex with color number: 13 to node: 5
number of alive: 7
number of alive: 7
adding vertex with color number: 16 to node: 2
Time taken: 0.438582 seconds

Pattern appears in 3 graphs:
S[109] -> S_197.json
S[664] -> S_697.json
S[987] -> S_988.json
Pattern written to pattern.json
