first_color: 17
number of alive: 1000
adding vertex with color number: 6 to node: 0
number of alive: 1000
adding vertex with color number: 3 to node: 0
number of alive: 1000
Added edge (1, 2) with score 359
number of alive: 359
adding vertex with color number: 19 to node: 2
number of alive: 207
adding vertex with color number: 16 to node: 1
number of alive: 115
adding vertex with color number: 12 to node: 4
number of alive: 77
adding vertex with color number: 13 to node: 3
number of alive: 57
adding vertex with color number: 3 to node: 3
number of alive: 30
number of alive: 30
adding vertex with color number: 9 to node: 5
number of alive: 24
adding vertex with color number: 2 to node: 6
number of alive: 13
number of alive: 13
adding vertex with color number: 12 to node: 7
number of alive: 8
adding vertex with color number: 15 to node: 9
number of alive: 7
number of alive: 7
adding vertex with color number: 11 to node: 5
Time taken: 0.432756 seconds

Pattern appears in 2 graphs:
S[795] -> S_814.json
S[871] -> S_883.json
Pattern written to pattern.json
