first_color: 17
number of alive: 1000
adding vertex with color number: 14 to node: 0
number of alive: 1000
adding vertex with color number: 10 to node: 1
number of alive: 1000
Added edge (0, 2) with score 335
number of alive: 335
adding vertex with color number: 4 to node: 1
number of alive: 188
adding vertex with color number: 19 to node: 3
number of alive: 127
number of alive: 127
adding vertex with color number: 15 to node: 0
number of alive: 76
number of alive: 76
adding vertex with color number: 9 to node: 1
number of alive: 39
adding vertex with color number: 9 to node: 5
number of alive: 21
adding vertex with color number: 0 to node: 1
number of alive: 15
adding vertex with color number: 6 to node: 6
number of alive: 7
number of alive: 7
adding vertex with color number: 19 to node: 9
number of alive: 7
adding vertex with color number: 1 to node: 8
Time taken: 0.434082 seconds

Pattern appears in 4 graphs:
S[317] -> S_384.json
S[770] -> S_792.json
S[845] -> S_86.json
S[914] -> S_921.json
Pattern written to pattern.json
