first_color: 17
number of alive: 1000
adding vertex with color number: 1 to node: 0
number of alive: 1000
adding vertex with color number: 4 to node: 0
number of alive: 1000
adding vertex with color number: 19 to node: 1
number of alive: 1000
Added edge (2, 3) with score 268
number of alive: 268
adding vertex with color number: 8 to node: 0
number of alive: 150
number of alive: 150
adding vertex with color number: 11 to node: 2
number of alive: 77
number of alive: 77
adding vertex with color number: 18 to node: 1
number of alive: 37
adding vertex with color number: 12 to node: 4
number of alive: 19
number of alive: 19
adding vertex with color number: 9 to node: 5
number of alive: 14
adding vertex with color number: 7 to node: 6
number of alive: 10
adding vertex with color number: 18 to node: 5
number of alive: 9
number of alive: 9
adding vertex with color number: 4 to node: 2
number of alive: 7
adding vertex with color number: 15 to node: 3
Time taken: 0.54254 seconds

Pattern appears in 3 graphs:
S[136] -> S_220.json
S[575] -> S_616.json
S[665] -> S_698.json
Pattern written to pattern.json
