first_color: 17
number of alive: 1000
adding vertex with color number: 11 to node: 0
number of alive: 1000
adding vertex with color number: 18 to node: 1
number of alive: 1000
adding vertex with color number: 18 to node: 0
number of alive: 1000
Added edge (2, 3) with score 262
number of alive: 262
adding vertex with color number: 9 to node: 2
number of alive: 163
adding vertex with color number: 6 to node: 2
number of alive: 95
adding vertex with color number: 17 to node: 2
number of alive: 51
adding vertex with color number: 15 to node: 5
number of alive: 35
number of alive: 35
adding vertex with color number: 17 to node: 3
number of alive: 19
number of alive: 19
adding vertex with color number: 5 to node: 2
number of alive: 12
number of alive: 12
adding vertex with color number: 15 to node: 1
Time taken: 0.556667 seconds

Pattern appears in 5 graphs:
S[76] -> S_167.json
S[264] -> S_336.json
S[627] -> S_663.json
S[858] -> S_871.json
S[948] -> S_952.json
Pattern written to pattern.json
