first_color: 17
number of alive: 1000
adding vertex with color number: 14 to node: 0
number of alive: 1000
number of alive: 1000
adding vertex with color number: 12 to node: 1
number of alive: 1000
adding vertex with color number: 6 to node: 2
number of alive: 1000
adding vertex with color number: 0 to node: 0
number of alive: 999
adding vertex with color number: 6 to node: 0
number of alive: 985
adding vertex with color number: 0 to node: 4
number of alive: 938
adding vertex with color number: 11 to node: 3
number of alive: 855
Added edge (6, 7) with score 73
number of alive: 73
adding vertex with color number: 10 to node: 5
number of alive: 45
adding vertex with color number: 7 to node: 8
number of alive: 32
number of alive: 32
adding vertex with color number: 5 to node: 1
number of alive: 18
adding vertex with color number: 12 to node: 4
number of alive: 10
adding vertex with color number: 5 to node: 8
Time taken: 0.808611 seconds

Pattern appears in 5 graphs:
S[423] -> S_48.json
S[547] -> S_591.json
S[707] -> S_735.json
S[724] -> S_750.json
S[935] -> S_940.json
Pattern written to pattern.json
