first_color: 17
number of alive: 1000
adding vertex with color number: 12 to node: 0
number of alive: 1000
adding vertex with color number: 14 to node: 1
number of alive: 1000
adding vertex with color number: 16 to node: 1
number of alive: 1000
adding vertex with color number: 13 to node: 3
number of alive: 1000
adding vertex with color number: 18 to node: 1
number of alive: 981
adding vertex with color number: 14 to node: 4
number of alive: 927
adding vertex with color number: 15 to node: 3
number of alive: 799
Added edge (5, 6) with score 38
number of alive: 38
number of alive: 38
adding vertex with color number: 5 to node: 1
number of alive: 17
number of alive: 17
adding vertex with color number: 2 to node: 3
number of alive: 11
number of alive: 11
adding vertex with color number: 9 to node: 2
number of alive: 7
adding vertex with color number: 17 to node: 1
Time taken: 0.833544 seconds

Pattern appears in 5 graphs:
S[106] -> S_194.json
S[205] -> S_283.json
S[276] -> S_347.json
S[334] -> S_4.json
S[710] -> S_738.json
Pattern written to pattern.json
