first_color: 17
number of alive: 1000
adding vertex with color number: 2 to node: 0
number of alive: 1000
adding vertex with color number: 11 to node: 1
number of alive: 1000
Added edge (0, 2) with score 350
number of alive: 350
adding vertex with color number: 11 to node: 2
number of alive: 211
adding vertex with color number: 14 to node: 2
number of alive: 113
adding vertex with color number: 18 to node: 4
number of alive: 66
adding vertex with color number: 19 to node: 1
number of alive: 33
adding vertex with color number: 5 to node: 0
number of alive: 18
number of alive: 18
adding vertex with color number: 7 to node: 6
number of alive: 11
number of alive: 11
adding vertex with color number: 6 to node: 5
number of alive: 8
number of alive: 8
adding vertex with color number: 16 to node: 5
number of alive: 8
number of alive: 8
adding vertex with color number: 19 to node: 10
number of alive: 6
adding vertex with color number: 13 to node: 3
Time taken: 0.440201 seconds

Pattern appears in 3 graphs:
S[283] -> S_353.json
S[589] -> S_629.json
S[641] -> S_676.json
Pattern written to pattern.json
