first_color: 17
number of alive: 1000
adding vertex with color number: 15 to node: 0
number of alive: 1000
adding vertex with color number: 2 to node: 1
number of alive: 1000
adding vertex with color number: 0 to node: 0
number of alive: 1000
adding vertex with color number: 4 to node: 3
number of alive: 1000
Added edge (2, 4) with score 209
number of alive: 209
adding vertex with color number: 2 to node: 2
number of alive: 121
number of alive: 121
adding vertex with color number: 16 to node: 0
number of alive: 69
number of alive: 69
adding vertex with color number: 18 to node: 5
number of alive: 42
number of alive: 42
adding vertex with color number: 14 to node: 0
number of alive: 18
number of alive: 18
adding vertex with color number: 0 to node: 2
number of alive: 7
adding vertex with color number: 10 to node: 4
number of alive: 6
number of alive: 6
adding vertex with color number: 16 to node: 3
Time taken: 0.64423 seconds

Pattern appears in 4 graphs:
S[143] -> S_227.json
S[148] -> S_231.json
S[178] -> S_259.json
S[341] -> S_405.json
Pattern written to pattern.json
