first_color: 17
number of alive: 1000
adding vertex with color number: 12 to node: 0
number of alive: 1000
adding vertex with color number: 1 to node: 0
number of alive: 1000
adding vertex with color number: 8 to node: 2
number of alive: 1000
adding vertex with color number: 19 to node: 3
number of alive: 999
adding vertex with color number: 1 to node: 1
number of alive: 994
Added edge (4, 5) with score 159
number of alive: 159
adding vertex with color number: 2 to node: 3
number of alive: 80
adding vertex with color number: 6 to node: 1
number of alive: 44
adding vertex with color number: 12 to node: 7
number of alive: 29
adding vertex with color number: 11 to node: 2
number of alive: 19
adding vertex with color number: 4 to node: 9
number of alive: 12
adding vertex with color number: 3 to node: 7
number of alive: 9
adding vertex with color number: 2 to node: 11
number of alive: 7
number of alive: 7
adding vertex with color number: 16 to node: 9
Time taken: 0.739604 seconds

Pattern appears in 3 graphs:
S[20] -> S_116.json
S[250] -> S_323.json
S[289] -> S_359.json
Pattern written to pattern.json
