first_color: 17
number of alive: 1000
adding vertex with color number: 7 to node: 0
number of alive: 1000
adding vertex with color number: 12 to node: 1
number of alive: 1000
adding vertex with color number: 17 to node: 2
number of alive: 1000
Added edge (0, 3) with score 281
number of alive: 281
number of alive: 281
adding vertex with color number: 1 to node: 0
number of alive: 155
adding vertex with color number: 11 to node: 4
number of alive: 101
adding vertex with color number: 8 to node: 1
number of alive: 60
adding vertex with color number: 16 to node: 5
number of alive: 30
adding vertex with color number: 10 to node: 2
number of alive: 14
adding vertex with color number: 2 to node: 2
number of alive: 8
number of alive: 8
adding vertex with color number: 8 to node: 4
Time taken: 0.543784 seconds

Pattern appears in 2 graphs:
S[606] -> S_644.json
S[711] -> S_739.json
Pattern written to pattern.json
