first_color: 17
number of alive: 1000
adding vertex with color number: 1 to node: 0
number of alive: 1000
adding vertex with color number: 5 to node: 0
number of alive: 1000
Added edge (1, 2) with score 341
number of alive: 341
number of alive: 341
adding vertex with color number: 7 to node: 0
number of alive: 211
number of alive: 211
adding vertex with color number: 2 to node: 2
number of alive: 113
adding vertex with color number: 11 to node: 4
number of alive: 67
number of alive: 67
adding vertex with color number: 8 to node: 4
number of alive: 42
adding vertex with color number: 9 to node: 3
number of alive: 27
number of alive: 27
adding vertex with color number: 4 to node: 0
number of alive: 16
number of alive: 16
adding vertex with color number: 10 to node: 4
number of alive: 10
number of alive: 10
adding vertex with color number: 16 to node: 2
number of alive: 8
adding vertex with color number: 18 to node: 6
number of alive: 7
adding vertex with color number: 8 to node: 9
Time taken: 0.43516 seconds

Pattern appears in 2 graphs:
S[285] -> S_355.json
S[753] -> S_777.json
Pattern written to pattern.json
