first_color: 17
number of alive: 1000
adding vertex with color number: 11 to node: 0
number of alive: 1000
adding vertex with color number: 8 to node: 0
number of alive: 1000
Added edge (1, 2) with score 356
number of alive: 356
adding vertex with color number: 18 to node: 2
number of alive: 188
number of alive: 188
adding vertex with color number: 5 to node: 2
number of alive: 100
adding vertex with color number: 15 to node: 0
number of alive: 48
number of alive: 48
adding vertex with color number: 17 to node: 5
number of alive: 29
number of alive: 29
adding vertex with color number: 9 to node: 6
number of alive: 24
adding vertex with color number: 14 to node: 3
number of alive: 11
adding vertex with color number: 13 to node: 6
number of alive: 9
number of alive: 9
adding vertex with color number: 1 to node: 5
Time taken: 0.436875 seconds

Pattern appears in 5 graphs:
S[75] -> S_166.json
S[375] -> S_436.json
S[781] -> S_801.json
S[865] -> S_878.json
S[893] -> S_902.json
Pattern written to pattern.json
