first_color: 17
number of alive: 1000
adding vertex with color number: 17 to node: 0
number of alive: 1000
adding vertex with color number: 7 to node: 0
number of alive: 1000
Added edge (1, 2) with score 186
number of alive: 186
adding vertex with color number: 12 to node: 1
number of alive: 145
adding vertex with color number: 4 to node: 2
number of alive: 77
number of alive: 77
adding vertex with color number: 15 to node: 0
number of alive: 49
adding vertex with color number: 5 to node: 4
number of alive: 29
number of alive: 29
adding vertex with color number: 1 to node: 2
number of alive: 18
number of alive: 18
adding vertex with color number: 10 to node: 1
number of alive: 11
adding vertex with color number: 16 to node: 3
number of alive: 6
number of alive: 6
adding vertex with color number: 11 to node: 7
number of alive: 6
number of alive: 6
adding vertex with color number: 8 to node: 9
Time taken: 0.430039 seconds

Pattern appears in 4 graphs:
S[40] -> S_134.json
S[494] -> S_543.json
S[539] -> S_584.json
S[872] -> S_884.json
Pattern written to pattern.json
