first_color: 17
number of alive: 1000
adding vertex with color number: 6 to node: 0
number of alive: 1000
adding vertex with color number: 9 to node: 0
number of alive: 1000
adding vertex with color number: 2 to node: 0
number of alive: 1000
adding vertex with color number: 14 to node: 0
number of alive: 1000
adding vertex with color number: 13 to node: 0
number of alive: 967
adding vertex with color number: 11 to node: 2
number of alive: 882
adding vertex with color number: 9 to node: 4
number of alive: 728
Added edge (6, 7) with score 35
number of alive: 35
adding vertex with color number: 0 to node: 4
number of alive: 16
adding vertex with color number: 5 to node: 1
number of alive: 12
adding vertex with color number: 7 to node: 1
number of alive: 8
number of alive: 8
adding vertex with color number: 9 to node: 8
number of alive: 6
adding vertex with color number: 15 to node: 2
Time taken: 0.807797 seconds

Pattern appears in 2 graphs:
S[84] -> S_174.json
S[692] -> S_721.json
Pattern written to pattern.json
