first_color: 17
number of alive: 1000
adding vertex with color number: 16 to node: 0
number of alive: 1000
number of alive: 1000
adding vertex with color number: 15 to node: 0
number of alive: 1000
Added edge (1, 2) with score 348
number of alive: 348
number of alive: 348
adding vertex with color number: 2 to node: 0
number of alive: 199
adding vertex with color number: 19 to node: 3
number of alive: 131
number of alive: 131
adding vertex with color number: 0 to node: 4
number of alive: 95
number of alive: 95
adding vertex with color number: 0 to node: 1
number of alive: 53
adding vertex with color number: 16 to node: 6
number of alive: 29
adding vertex with color number: 14 to node: 7
number of alive: 24
adding vertex with color number: 11 to node: 5
number of alive: 17
adding vertex with color number: 16 to node: 8
number of alive: 10
adding vertex with color number: 10 to node: 4
number of alive: 6
number of alive: 6
adding vertex with color number: 0 to node: 9
Time taken: 0.430789 seconds

Pattern appears in 5 graphs:
S[163] -> S_245.json
S[333] -> S_399.json
S[816] -> S_833.json
S[892] -> S_901.json
S[959] -> S_962.json
Pattern written to pattern.json
