first_color: 17
number of alive: 1000
adding vertex with color number: 15 to node: 0
number of alive: 1000
number of alive: 1000
adding vertex with color number: 16 to node: 1
number of alive: 1000
adding vertex with color number: 11 to node: 2
number of alive: 1000
adding vertex with color number: 4 to node: 0
number of alive: 1000
Added edge (3, 4) with score 215
number of alive: 215
adding vertex with color number: 9 to node: 0
number of alive: 110
adding vertex with color number: 1 to node: 4
number of alive: 60
number of alive: 60
adding vertex with color number: 15 to node: 3
number of alive: 37
number of alive: 37
adding vertex with color number: 6 to node: 6
number of alive: 24
number of alive: 24
adding vertex with color number: 16 to node: 5
number of alive: 17
number of alive: 17
adding vertex with color number: 8 to node: 0
number of alive: 12
number of alive: 12
adding vertex with color number: 13 to node: 1
number of alive: 8
number of alive: 8
adding vertex with color number: 3 to node: 4
Time taken: 0.670453 seconds

Pattern appears in 3 graphs:
S[451] -> S_504.json
S[550] -> S_594.json
S[582] -> S_622.json
Pattern written to pattern.json
