first_color: 17
number of alive: 1000
adding vertex with color number: 8 to node: 0
number of alive: 1000
adding vertex with color number: 1 to node: 1
number of alive: 1000
adding vertex with color number: 8 to node: 2
number of alive: 1000
Added edge (0, 2) with score 210
number of alive: 210
adding vertex with color number: 6 to node: 3
number of alive: 131
adding vertex with color number: 2 to node: 2
number of alive: 66
adding vertex with color number: 6 to node: 5
number of alive: 48
adding vertex with color number: 4 to node: 3
number of alive: 34
adding vertex with color number: 7 to node: 3
number of alive: 13
number of alive: 13
adding vertex with color number: 0 to node: 5
number of alive: 7
number of alive: 7
adding vertex with color number: 15 to node: 9
Time taken: 0.566021 seconds

Pattern appears in 3 graphs:
S[344] -> S_408.json
S[489] -> S_539.json
S[752] -> S_776.json
Pattern written to pattern.json
