first_color: 17
number of alive: 1000
adding vertex with color number: 8 to node: 0
number of alive: 1000
adding vertex with color number: 14 to node: 1
number of alive: 1000
adding vertex with color number: 7 to node: 0
number of alive: 1000
adding vertex with color number: 4 to node: 3
number of alive: 1000
adding vertex with color number: 18 to node: 0
number of alive: 995
Added edge (2, 4) with score 112
number of alive: 112
number of alive: 112
adding vertex with color number: 19 to node: 3
number of alive: 56
adding vertex with color number: 9 to node: 2
number of alive: 31
adding vertex with color number: 7 to node: 7
number of alive: 24
adding vertex with color number: 5 to node: 7
number of alive: 13
adding vertex with color number: 11 to node: 8
number of alive: 8
number of alive: 8
adding vertex with color number: 12 to node: 8
number of alive: 7
number of alive: 7
adding vertex with color number: 6 to node: 6
Time taken: 0.732661 seconds

Pattern appears in 4 graphs:
S[430] -> S_486.json
S[485] -> S_535.json
S[494] -> S_543.json
S[904] -> S_912.json
Pattern written to pattern.json
