first_color: 17
number of alive: 1000
adding vertex with color number: 16 to node: 0
number of alive: 1000
adding vertex with color number: 5 to node: 1
number of alive: 1000
Added edge (0, 2) with score 360
number of alive: 360
adding vertex with color number: 15 to node: 2
number of alive: 217
number of alive: 217
adding vertex with color number: 3 to node: 1
number of alive: 120
adding vertex with color number: 12 to node: 1
number of alive: 63
number of alive: 63
adding vertex with color number: 16 to node: 3
number of alive: 40
adding vertex with color number: 3 to node: 5
number of alive: 27
adding vertex with color number: 0 to node: 4
number of alive: 18
adding vertex with color number: 18 to node: 5
number of alive: 13
number of alive: 13
adding vertex with color number: 1 to node: 4
number of alive: 6
adding vertex with color number: 13 to node: 4
Time taken: 0.442302 seconds

Pattern appears in 5 graphs:
S[30] -> S_125.json
S[348] -> S_411.json
S[581] -> S_621.json
S[632] -> S_668.json
S[675] -> S_706.json
Pattern written to pattern.json
