first_color: 17
number of alive: 1000
adding vertex with color number: 13 to node: 0
number of alive: 1000
adding vertex with color number: 4 to node: 1
number of alive: 1000
adding vertex with color number: 19 to node: 0
number of alive: 1000
adding vertex with color number: 6 to node: 1
number of alive: 1000
adding vertex with color number: 11 to node: 0
number of alive: 989
adding vertex with color number: 2 to node: 2
number of alive: 933
adding vertex with color number: 17 to node: 0
number of alive: 765
Added edge (4, 6) with score 40
number of alive: 40
number of alive: 40
adding vertex with color number: 12 to node: 3
number of alive: 27
adding vertex with color number: 9 to node: 5
number of alive: 17
adding vertex with color number: 0 to node: 1
number of alive: 9
number of alive: 9
adding vertex with color number: 3 to node: 9
number of alive: 8
adding vertex with color number: 7 to node: 2
Time taken: 0.845012 seconds

Pattern appears in 4 graphs:
S[124] -> S_21.json
S[275] -> S_346.json
S[551] -> S_595.json
S[997] -> S_997.json
Pattern written to pattern.json
