first_color: 17
number of alive: 1000
adding vertex with color number: 14 to node: 0
number of alive: 1000
number of alive: 1000
adding vertex with color number: 10 to node: 1
number of alive: 1000
adding vertex with color number: 18 to node: 1
number of alive: 1000
Added edge (0, 3) with score 221
number of alive: 221
number of alive: 221
adding vertex with color number: 5 to node: 0
number of alive: 114
adding vertex with color number: 15 to node: 2
number of alive: 75
number of alive: 75
adding vertex with color number: 17 to node: 4
number of alive: 47
number of alive: 47
adding vertex with color number: 5 to node: 2
number of alive: 26
adding vertex with color number: 19 to node: 5
number of alive: 13
number of alive: 13
adding vertex with color number: 1 to node: 0
number of alive: 10
adding vertex with color number: 16 to node: 2
number of alive: 7
number of alive: 7
adding vertex with color number: 9 to node: 5
Time taken: 0.57229 seconds

Pattern appears in 4 graphs:
S[617] -> S_654.json
S[709] -> S_737.json
S[742] -> S_767.json
S[837] -> S_852.json
Pattern written to pattern.json
