first_color: 17
number of alive: 1000
adding vertex with color number: 9 to node: 0
number of alive: 1000
adding vertex with color number: 13 to node: 0
number of alive: 1000
adding vertex with color number: 9 to node: 2
number of alive: 1000
adding vertex with color number: 3 to node: 3
number of alive: 1000
adding vertex with color number: 4 to node: 4
number of alive: 990
Added edge (1, 5) with score 163
number of alive: 163
adding vertex with color number: 17 to node: 1
number of alive: 85
adding vertex with color number: 13 to node: 2
number of alive: 46
number of alive: 46
adding vertex with color number: 7 to node: 7
number of alive: 27
adding vertex with color number: 2 to node: 8
number of alive: 16
adding vertex with color number: 12 to node: 6
number of alive: 7
adding vertex with color number: 8 to node: 5
Time taken: 0.722857 seconds

Pattern appears in 3 graphs:
S[227] -> S_302.json
S[314] -> S_381.json
S[927] -> S_933.json
Pattern written to pattern.json
