first_color: 17
number of alive: 1000
adding vertex with color number: 8 to node: 0
number of alive: 1000
number of alive: 1000
adding vertex with color number: 11 to node: 0
number of alive: 1000
adding vertex with color number: 16 to node: 2
number of alive: 1000
Added edge (1, 3) with score 269
number of alive: 269
number of alive: 269
adding vertex with color number: 16 to node: 0
number of alive: 148
adding vertex with color number: 0 to node: 0
number of alive: 71
adding vertex with color number: 18 to node: 5
number of alive: 46
adding vertex with color number: 17 to node: 6
number of alive: 30
number of alive: 30
adding vertex with color number: 8 to node: 1
number of alive: 16
number of alive: 16
adding vertex with color number: 2 to node: 0
number of alive: 10
adding vertex with color number: 7 to node: 5
Time taken: 0.545317 seconds

Pattern appears in 4 graphs:
S[270] -> S_341.json
S[545] -> S_59.json
S[589] -> S_629.json
S[689] -> S_719.json
Pattern written to pattern.json
