first_color: 17
number of alive: 1000
adding vertex with color number: 8 to node: 0
number of alive: 1000
adding vertex with color number: 4 to node: 0
number of alive: 1000
adding vertex with color number: 18 to node: 0
number of alive: 1000
Added edge (2, 3) with score 199
number of alive: 199
number of alive: 199
adding vertex with color number: 16 to node: 2
number of alive: 100
adding vertex with color number: 16 to node: 1
number of alive: 63
number of alive: 63
adding vertex with color number: 1 to node: 4
number of alive: 46
adding vertex with color number: 17 to node: 1
number of alive: 29
number of alive: 29
adding vertex with color number: 15 to node: 0
number of alive: 13
number of alive: 13
adding vertex with color number: 18 to node: 8
number of alive: 12
number of alive: 12
adding vertex with color number: 7 to node: 9
number of alive: 8
adding vertex with color number: 5 to node: 8
Time taken: 0.529981 seconds

Pattern appears in 2 graphs:
S[141] -> S_225.json
S[419] -> S_476.json
Pattern written to pattern.json
