first_color: 17
number of alive: 1000
adding vertex with color number: 5 to node: 0
number of alive: 1000
number of alive: 1000
adding vertex with color number: 13 to node: 0
number of alive: 1000
Added edge (1, 2) with score 337
number of alive: 337
number of alive: 337
adding vertex with color number: 0 to node: 0
number of alive: 189
number of alive: 189
adding vertex with color number: 10 to node: 1
number of alive: 101
adding vertex with color number: 10 to node: 3
number of alive: 72
adding vertex with color number: 8 to node: 0
number of alive: 41
number of alive: 41
adding vertex with color number: 10 to node: 4
number of alive: 28
number of alive: 28
adding vertex with color number: 11 to node: 5
number of alive: 17
adding vertex with color number: 7 to node: 5
number of alive: 10
adding vertex with color number: 9 to node: 0
number of alive: 6
number of alive: 6
adding vertex with color number: 4 to node: 9
Time taken: 0.433491 seconds

Pattern appears in 3 graphs:
S[401] -> S_46.json
S[785] -> S_805.json
S[947] -> S_951.json
Pattern written to pattern.json
