first_color: 17
number of alive: 1000
adding vertex with color number: 14 to node: 0
number of alive: 1000
adding vertex with color number: 16 to node: 1
number of alive: 1000
Added edge (0, 2) with score 374
number of alive: 374
adding vertex with color number: 6 to node: 2
number of alive: 211
adding vertex with color number: 18 to node: 2
number of alive: 120
adding vertex with color number: 0 to node: 2
number of alive: 70
adding vertex with color number: 13 to node: 0
number of alive: 49
adding vertex with color number: 1 to node: 1
number of alive: 28
adding vertex with color number: 6 to node: 4
number of alive: 16
adding vertex with color number: 0 to node: 3
number of alive: 6
adding vertex with color number: 5 to node: 0
Time taken: 0.439182 seconds

Pattern appears in 4 graphs:
S[48] -> S_141.json
S[102] -> S_190.json
S[344] -> S_408.json
S[535] -> S_580.json
Pattern written to pattern.json
