first_color: 17
number of alive: 1000
adding vertex with color number: 7 to node: 0
number of alive: 1000
adding vertex with color number: 5 to node: 0
number of alive: 1000
Added edge (1, 2) with score 354
number of alive: 354
adding vertex with color number: 2 to node: 0
number of alive: 198
adding vertex with color number: 13 to node: 2
number of alive: 108
number of alive: 108
adding vertex with color number: 10 to node: 3
number of alive: 69
number of alive: 69
adding vertex with color number: 2 to node: 4
number of alive: 33
number of alive: 33
adding vertex with color number: 3 to node: 6
number of alive: 23
number of alive: 23
adding vertex with color number: 0 to node: 3
number of alive: 15
adding vertex with color number: 5 to node: 6
number of alive: 10
number of alive: 10
adding vertex with color number: 8 to node: 0
number of alive: 7
adding vertex with color number: 0 to node: 5
number of alive: 6
number of alive: 6
adding vertex with color number: 17 to node: 6
Time taken: 0.43084 seconds

Pattern appears in 3 graphs:
S[229] -> S_304.json
S[386] -> S_446.json
S[665] -> S_698.json
Pattern written to pattern.json
