first_color: 17
number of alive: 1000
adding vertex with color number: 5 to node: 0
number of alive: 1000
adding vertex with color number: 10 to node: 0
number of alive: 1000
adding vertex with color number: 12 to node: 0
number of alive: 1000
adding vertex with color number: 10 to node: 1
number of alive: 999
adding vertex with color number: 16 to node: 0
number of alive: 979
Added edge (4, 5) with score 96
number of alive: 96
adding vertex with color number: 12 to node: 3
number of alive: 56
adding vertex with color number: 1 to node: 0
number of alive: 32
adding vertex with color number: 15 to node: 2
number of alive: 22
adding vertex with color number: 10 to node: 5
number of alive: 12
number of alive: 12
adding vertex with color number: 2 to node: 2
number of alive: 7
adding vertex with color number: 11 to node: 4
number of alive: 6
adding vertex with color number: 17 to node: 8
Time taken: 0.696907 seconds

Pattern appears in 4 graphs:
S[584] -> S_624.json
S[668] -> S_70.json
S[682] -> S_712.json
S[992] -> S_992.json
Pattern written to pattern.json
