first_color: 17
number of alive: 1000
adding vertex with color number: 9 to node: 0
number of alive: 1000
number of alive: 1000
adding vertex with color number: 6 to node: 0
number of alive: 1000
adding vertex with color number: 6 to node: 2
number of alive: 1000
Added edge (1, 3) with score 259
number of alive: 259
number of alive: 259
adding vertex with color number: 9 to node: 2
number of alive: 157
adding vertex with color number: 0 to node: 1
number of alive: 94
adding vertex with color number: 6 to node: 5
number of alive: 50
adding vertex with color number: 19 to node: 6
number of alive: 34
adding vertex with color number: 10 to node: 2
number of alive: 17
number of alive: 17
adding vertex with color number: 8 to node: 4
number of alive: 11
number of alive: 11
adding vertex with color number: 5 to node: 6
number of alive: 7
adding vertex with color number: 0 to node: 5
Time taken: 0.557859 seconds

Pattern appears in 5 graphs:
S[319] -> S_386.json
S[370] -> S_431.json
S[402] -> S_460.json
S[752] -> S_776.json
S[916] -> S_923.json
Pattern written to pattern.json
