first_color: 17
number of alive: 1000
adding vertex with color number: 10 to node: 0
number of alive: 1000
adding vertex with color number: 4 to node: 1
number of alive: 1000
adding vertex with color number: 12 to node: 0
number of alive: 1000
adding vertex with color number: 14 to node: 1
number of alive: 999
adding vertex with color number: 11 to node: 2
number of alive: 990
Added edge (3, 5) with score 105
number of alive: 105
adding vertex with color number: 2 to node: 1
number of alive: 68
number of alive: 68
adding vertex with color number: 8 to node: 2
number of alive: 35
number of alive: 35
adding vertex with color number: 8 to node: 4
number of alive: 17
number of alive: 17
adding vertex with color number: 4 to node: 8
number of alive: 10
adding vertex with color number: 14 to node: 4
number of alive: 6
number of alive: 6
adding vertex with color number: 18 to node: 8
Time taken: 0.718192 seconds

Pattern appears in 4 graphs:
S[131] -> S_216.json
S[320] -> S_387.json
S[353] -> S_416.json
S[850] -> S_864.json
Pattern written to pattern.json
