first_color: 17
number of alive: 1000
adding vertex with color number: 4 to node: 0
number of alive: 1000
adding vertex with color number: 13 to node: 1
number of alive: 1000
adding vertex with color number: 6 to node: 2
number of alive: 1000
adding vertex with color number: 16 to node: 3
number of alive: 1000
adding vertex with color number: 19 to node: 1
number of alive: 990
adding vertex with color number: 2 to node: 0
number of alive: 952
adding vertex with color number: 11 to node: 1
number of alive: 818
Added edge (0, 4) with score 44
number of alive: 44
adding vertex with color number: 8 to node: 0
number of alive: 20
adding vertex with color number: 6 to node: 0
number of alive: 8
number of alive: 8
adding vertex with color number: 2 to node: 8
number of alive: 6
adding vertex with color number: 19 to node: 3
Time taken: 0.854663 seconds

Pattern appears in 4 graphs:
S[212] -> S_29.json
S[348] -> S_411.json
S[477] -> S_528.json
S[507] -> S_555.json
Pattern written to pattern.json
