first_color: 17
number of alive: 1000
adding vertex with color number: 0 to node: 0
number of alive: 1000
adding vertex with color number: 15 to node: 0
number of alive: 1000
adding vertex with color number: 17 to node: 2
number of alive: 1000
Added edge (1, 2) with score 214
number of alive: 214
adding vertex with color number: 1 to node: 0
number of alive: 118
Added edge (3, 4) with score 5
Time taken: 0.539299 seconds

Pattern appears in 5 graphs:
S[73] -> S_164.json
S[161] -> S_243.json
S[721] -> S_748.json
S[810] -> S_828.json
S[905] -> S_913.json
Pattern written to pattern.json
