first_color: 17
number of alive: 1000
adding vertex with color number: 16 to node: 0
number of alive: 1000
number of alive: 1000
adding vertex with color number: 2 to node: 0
number of alive: 1000
adding vertex with color number: 8 to node: 1
number of alive: 1000
adding vertex with color number: 11 to node: 3
number of alive: 1000
adding vertex with color number: 6 to node: 4
number of alive: 992
Added edge (2, 5) with score 139
number of alive: 139
number of alive: 139
adding vertex with color number: 0 to node: 5
number of alive: 87
number of alive: 87
adding vertex with color number: 12 to node: 0
number of alive: 47
number of alive: 47
adding vertex with color number: 5 to node: 7
number of alive: 28
adding vertex with color number: 1 to node: 7
number of alive: 14
adding vertex with color number: 6 to node: 2
Time taken: 0.724527 seconds

Pattern appears in 3 graphs:
S[451] -> S_504.json
S[722] -> S_749.json
S[918] -> S_925.json
Pattern written to pattern.json
