first_color: 17
number of alive: 1000
adding vertex with color number: 3 to node: 0
number of alive: 1000
adding vertex with color number: 2 to node: 1
number of alive: 1000
adding vertex with color number: 17 to node: 0
number of alive: 1000
Added edge (2, 3) with score 250
number of alive: 250
adding vertex with color number: 10 to node: 2
number of alive: 143
number of alive: 143
adding vertex with color number: 1 to node: 1
number of alive: 68
number of alive: 68
adding vertex with color number: 5 to node: 4
number of alive: 44
number of alive: 44
adding vertex with color number: 0 to node: 5
number of alive: 28
adding vertex with color number: 19 to node: 4
number of alive: 18
number of alive: 18
adding vertex with color number: 14 to node: 7
number of alive: 12
number of alive: 12
adding vertex with color number: 17 to node: 6
number of alive: 9
number of alive: 9
adding vertex with color number: 9 to node: 6
Time taken: 0.543836 seconds

Pattern appears in 5 graphs:
S[131] -> S_216.json
S[184] -> S_264.json
S[386] -> S_446.json
S[787] -> S_807.json
S[977] -> S_979.json
Pattern written to pattern.json
