first_color: 17
number of alive: 1000
adding vertex with color number: 10 to node: 0
number of alive: 1000
adding vertex with color number: 3 to node: 0
number of alive: 1000
adding vertex with color number: 17 to node: 0
number of alive: 1000
adding vertex with color number: 16 to node: 0
number of alive: 996
Added edge (2, 4) with score 120
number of alive: 120
adding vertex with color number: 19 to node: 3
number of alive: 75
adding vertex with color number: 11 to node: 1
number of alive: 48
number of alive: 48
adding vertex with color number: 15 to node: 6
number of alive: 34
adding vertex with color number: 7 to node: 3
number of alive: 25
adding vertex with color number: 14 to node: 6
number of alive: 16
number of alive: 16
adding vertex with color number: 9 to node: 7
number of alive: 11
adding vertex with color number: 19 to node: 10
number of alive: 7
adding vertex with color number: 19 to node: 11
Time taken: 0.631287 seconds

Pattern appears in 4 graphs:
S[223] -> S_3.json
S[509] -> S_557.json
S[588] -> S_628.json
S[673] -> S_704.json
Pattern written to pattern.json
