first_color: 17
number of alive: 1000
adding vertex with color number: 18 to node: 0
number of alive: 1000
adding vertex with color number: 11 to node: 0
number of alive: 1000
adding vertex with color number: 4 to node: 2
number of alive: 1000
adding vertex with color number: 7 to node: 3
number of alive: 1000
adding vertex with color number: 7 to node: 1
number of alive: 996
Added edge (4, 5) with score 147
number of alive: 147
adding vertex with color number: 13 to node: 0
number of alive: 85
number of alive: 85
adding vertex with color number: 18 to node: 1
number of alive: 50
adding vertex with color number: 7 to node: 0
number of alive: 28
adding vertex with color number: 9 to node: 7
number of alive: 17
adding vertex with color number: 1 to node: 9
number of alive: 14
adding vertex with color number: 4 to node: 4
number of alive: 10
adding vertex with color number: 14 to node: 7
number of alive: 7
number of alive: 7
adding vertex with color number: 15 to node: 1
Time taken: 0.718741 seconds

Pattern appears in 4 graphs:
S[367] -> S_429.json
S[465] -> S_517.json
S[681] -> S_711.json
S[849] -> S_863.json
Pattern written to pattern.json
