first_color: 17
number of alive: 1000
adding vertex with color number: 5 to node: 0
number of alive: 1000
adding vertex with color number: 1 to node: 1
number of alive: 1000
adding vertex with color number: 7 to node: 1
number of alive: 1000
Added edge (0, 2) with score 208
number of alive: 208
number of alive: 208
adding vertex with color number: 18 to node: 1
number of alive: 122
number of alive: 122
adding vertex with color number: 9 to node: 1
number of alive: 66
number of alive: 66
adding vertex with color number: 14 to node: 4
number of alive: 47
number of alive: 47
adding vertex with color number: 2 to node: 4
number of alive: 30
adding vertex with color number: 15 to node: 1
number of alive: 14
adding vertex with color number: 12 to node: 7
number of alive: 9
adding vertex with color number: 3 to node: 2
Time taken: 0.542504 seconds

Pattern appears in 2 graphs:
S[254] -> S_327.json
S[903] -> S_911.json
Pattern written to pattern.json
