first_color: 17
number of alive: 1000
adding vertex with color number: 7 to node: 0
number of alive: 1000
adding vertex with color number: 10 to node: 0
number of alive: 1000
Added edge (1, 2) with score 348
number of alive: 348
adding vertex with color number: 13 to node: 2
number of alive: 198
adding vertex with color number: 2 to node: 3
number of alive: 128
adding vertex with color number: 6 to node: 4
number of alive: 96
number of alive: 96
adding vertex with color number: 6 to node: 0
number of alive: 44
adding vertex with color number: 8 to node: 0
number of alive: 24
adding vertex with color number: 13 to node: 1
number of alive: 15
number of alive: 15
adding vertex with color number: 0 to node: 7
number of alive: 11
number of alive: 11
adding vertex with color number: 17 to node: 0
number of alive: 8
number of alive: 8
adding vertex with color number: 15 to node: 1
number of alive: 6
adding vertex with color number: 14 to node: 0
Time taken: 0.434188 seconds

Pattern appears in 4 graphs:
S[27] -> S_122.json
S[491] -> S_540.json
S[548] -> S_592.json
S[667] -> S_7.json
Pattern written to pattern.json
