first_color: 17
number of alive: 1000
adding vertex with color number: 7 to node: 0
number of alive: 1000
adding vertex with color number: 16 to node: 1
number of alive: 1000
Added edge (0, 2) with score 308
number of alive: 308
adding vertex with color number: 13 to node: 0
number of alive: 185
adding vertex with color number: 3 to node: 3
number of alive: 125
adding vertex with color number: 2 to node: 0
number of alive: 70
adding vertex with color number: 2 to node: 5
number of alive: 40
adding vertex with color number: 11 to node: 1
number of alive: 20
number of alive: 20
adding vertex with color number: 12 to node: 2
number of alive: 12
number of alive: 12
adding vertex with color number: 16 to node: 2
number of alive: 7
number of alive: 7
adding vertex with color number: 8 to node: 1
Time taken: 0.440011 seconds

Pattern appears in 3 graphs:
S[461] -> S_513.json
S[515] -> S_562.json
S[676] -> S_707.json
Pattern written to pattern.json
