first_color: 17
number of alive: 1000
adding vertex with color number: 4 to node: 0
number of alive: 1000
adding vertex with color number: 2 to node: 1
number of alive: 1000
Added edge (0, 2) with score 338
number of alive: 338
adding vertex with color number: 18 to node: 2
number of alive: 203
adding vertex with color number: 10 to node: 0
number of alive: 104
adding vertex with color number: 11 to node: 4
number of alive: 73
adding vertex with color number: 17 to node: 0
number of alive: 43
number of alive: 43
adding vertex with color number: 19 to node: 5
number of alive: 25
number of alive: 25
adding vertex with color number: 17 to node: 7
number of alive: 18
number of alive: 18
adding vertex with color number: 0 to node: 2
number of alive: 9
number of alive: 9
adding vertex with color number: 16 to node: 0
number of alive: 6
adding vertex with color number: 2 to node: 6
Time taken: 0.443507 seconds

Pattern appears in 5 graphs:
S[444] -> S_499.json
S[482] -> S_532.json
S[492] -> S_541.json
S[575] -> S_616.json
S[749] -> S_773.json
Pattern written to pattern.json
