first_color: 17
number of alive: 1000
adding vertex with color number: 4 to node: 0
number of alive: 1000
number of alive: 1000
adding vertex with color number: 9 to node: 1
number of alive: 1000
Added edge (0, 2) with score 308
number of alive: 308
adding vertex with color number: 14 to node: 1
number of alive: 172
adding vertex with color number: 2 to node: 0
number of alive: 98
adding vertex with color number: 19 to node: 3
number of alive: 64
adding vertex with color number: 15 to node: 2
number of alive: 37
adding vertex with color number: 19 to node: 2
number of alive: 23
adding vertex with color number: 18 to node: 1
number of alive: 18
number of alive: 18
adding vertex with color number: 6 to node: 8
number of alive: 13
number of alive: 13
adding vertex with color number: 14 to node: 9
number of alive: 10
adding vertex with color number: 4 to node: 5
number of alive: 9
adding vertex with color number: 9 to node: 4
number of alive: 6
number of alive: 6
adding vertex with color number: 0 to node: 11
number of alive: 6
adding vertex with color number: 14 to node: 6
Time taken: 0.443878 seconds

Pattern appears in 5 graphs:
S[151] -> S_234.json
S[210] -> S_288.json
S[336] -> S_400.json
S[504] -> S_552.json
S[507] -> S_555.json
Pattern written to pattern.json
