first_color: 17
number of alive: 1000
adding vertex with color number: 9 to node: 0
number of alive: 1000
adding vertex with color number: 0 to node: 0
number of alive: 1000
adding vertex with color number: 6 to node: 2
number of alive: 1000
adding vertex with color number: 17 to node: 0
number of alive: 998
adding vertex with color number: 11 to node: 2
number of alive: 984
adding vertex with color number: 12 to node: 3
number of alive: 920
adding vertex with color number: 4 to node: 1
number of alive: 810
Added edge (5, 6) with score 42
number of alive: 42
adding vertex with color number: 18 to node: 5
number of alive: 28
number of alive: 28
adding vertex with color number: 4 to node: 5
number of alive: 15
adding vertex with color number: 8 to node: 0
number of alive: 11
number of alive: 11
adding vertex with color number: 11 to node: 1
number of alive: 6
number of alive: 6
adding vertex with color number: 4 to node: 9
Time taken: 0.814677 seconds

Pattern appears in 4 graphs:
S[173] -> S_254.json
S[308] -> S_376.json
S[356] -> S_419.json
S[679] -> S_71.json
Pattern written to pattern.json
