first_color: 17
number of alive: 1000
adding vertex with color number: 8 to node: 0
number of alive: 1000
adding vertex with color number: 4 to node: 0
number of alive: 1000
adding vertex with color number: 6 to node: 1
number of alive: 1000
adding vertex with color number: 6 to node: 0
number of alive: 999
adding vertex with color number: 18 to node: 1
number of alive: 985
Added edge (3, 4) with score 82
number of alive: 82
adding vertex with color number: 18 to node: 4
number of alive: 52
adding vertex with color number: 10 to node: 1
number of alive: 31
number of alive: 31
adding vertex with color number: 19 to node: 2
number of alive: 20
number of alive: 20
adding vertex with color number: 13 to node: 6
number of alive: 16
adding vertex with color number: 15 to node: 6
number of alive: 11
number of alive: 11
adding vertex with color number: 12 to node: 8
number of alive: 6
number of alive: 6
adding vertex with color number: 4 to node: 10
Time taken: 0.721646 seconds

Pattern appears in 4 graphs:
S[696] -> S_725.json
S[762] -> S_785.json
S[866] -> S_879.json
S[919] -> S_926.json
Pattern written to pattern.json
