first_color: 17
number of alive: 1000
adding vertex with color number: 2 to node: 0
number of alive: 1000
adding vertex with color number: 8 to node: 1
number of alive: 1000
adding vertex with color number: 4 to node: 2
number of alive: 1000
Added edge (0, 3) with score 282
number of alive: 282
adding vertex with color number: 0 to node: 3
number of alive: 165
adding vertex with color number: 17 to node: 0
number of alive: 93
number of alive: 93
adding vertex with color number: 14 to node: 0
number of alive: 48
number of alive: 48
adding vertex with color number: 15 to node: 6
number of alive: 30
number of alive: 30
adding vertex with color number: 10 to node: 5
number of alive: 18
number of alive: 18
adding vertex with color number: 18 to node: 1
number of alive: 11
number of alive: 11
adding vertex with color number: 2 to node: 5
number of alive: 8
number of alive: 8
adding vertex with color number: 7 to node: 8
Time taken: 0.556458 seconds

Pattern appears in 2 graphs:
S[439] -> S_494.json
S[617] -> S_654.json
Pattern written to pattern.json
