first_color: 17
number of alive: 1000
adding vertex with color number: 7 to node: 0
number of alive: 1000
number of alive: 1000
adding vertex with color number: 15 to node: 0
number of alive: 1000
Added edge (1, 2) with score 326
number of alive: 326
adding vertex with color number: 4 to node: 2
number of alive: 196
adding vertex with color number: 17 to node: 2
number of alive: 116
adding vertex with color number: 11 to node: 0
number of alive: 58
number of alive: 58
adding vertex with color number: 4 to node: 1
number of alive: 33
adding vertex with color number: 7 to node: 2
number of alive: 15
number of alive: 15
adding vertex with color number: 0 to node: 3
number of alive: 10
number of alive: 10
adding vertex with color number: 17 to node: 6
number of alive: 8
number of alive: 8
adding vertex with color number: 4 to node: 3
number of alive: 8
adding vertex with color number: 2 to node: 4
Time taken: 0.430857 seconds

Pattern appears in 4 graphs:
S[39] -> S_133.json
S[233] -> S_308.json
S[625] -> S_661.json
S[792] -> S_811.json
Pattern written to pattern.json
