first_color: 17
number of alive: 1000
adding vertex with color number: 11 to node: 0
number of alive: 1000
number of alive: 1000
adding vertex with color number: 7 to node: 1
number of alive: 1000
adding vertex with color number: 0 to node: 2
number of alive: 1000
adding vertex with color number: 6 to node: 2
number of alive: 999
Added edge (0, 4) with score 144
number of alive: 144
number of alive: 144
adding vertex with color number: 6 to node: 4
number of alive: 82
number of alive: 82
adding vertex with color number: 5 to node: 4
number of alive: 46
number of alive: 46
adding vertex with color number: 0 to node: 0
number of alive: 29
number of alive: 29
adding vertex with color number: 9 to node: 2
number of alive: 16
number of alive: 16
adding vertex with color number: 19 to node: 3
number of alive: 9
adding vertex with color number: 8 to node: 9
number of alive: 6
adding vertex with color number: 16 to node: 1
Time taken: 0.643249 seconds

Pattern appears in 3 graphs:
S[374] -> S_435.json
S[395] -> S_454.json
S[767] -> S_79.json
Pattern written to pattern.json
