first_color: 17
number of alive: 1000
adding vertex with color number: 12 to node: 0
number of alive: 1000
number of alive: 1000
adding vertex with color number: 15 to node: 1
number of alive: 1000
adding vertex with color number: 3 to node: 1
number of alive: 1000
adding vertex with color number: 18 to node: 0
number of alive: 1000
adding vertex with color number: 15 to node: 2
number of alive: 988
Added edge (4, 5) with score 118
number of alive: 118
adding vertex with color number: 14 to node: 4
number of alive: 63
adding vertex with color number: 18 to node: 4
number of alive: 35
number of alive: 35
adding vertex with color number: 10 to node: 5
number of alive: 19
number of alive: 19
adding vertex with color number: 19 to node: 1
number of alive: 8
number of alive: 8
adding vertex with color number: 2 to node: 7
Time taken: 0.732421 seconds

Pattern appears in 4 graphs:
S[78] -> S_169.json
S[258] -> S_330.json
S[584] -> S_624.json
S[832] -> S_848.json
Pattern written to pattern.json
