first_color: 17
number of alive: 1000
adding vertex with color number: 11 to node: 0
number of alive: 1000
adding vertex with color number: 15 to node: 0
number of alive: 1000
adding vertex with color number: 19 to node: 0
number of alive: 1000
adding vertex with color number: 19 to node: 3
number of alive: 998
adding vertex with color number: 8 to node: 0
number of alive: 982
adding vertex with color number: 4 to node: 5
number of alive: 905
adding vertex with color number: 15 to node: 5
number of alive: 760
Added edge (1, 4) with score 42
number of alive: 42
adding vertex with color number: 9 to node: 7
number of alive: 22
number of alive: 22
adding vertex with color number: 2 to node: 8
number of alive: 16
number of alive: 16
adding vertex with color number: 11 to node: 8
number of alive: 9
adding vertex with color number: 1 to node: 4
Time taken: 0.862722 seconds

Pattern appears in 5 graphs:
S[43] -> S_137.json
S[214] -> S_291.json
S[705] -> S_733.json
S[941] -> S_946.json
S[991] -> S_991.json
Pattern written to pattern.json
