first_color: 17
number of alive: 1000
adding vertex with color number: 15 to node: 0
number of alive: 1000
adding vertex with color number: 4 to node: 1
number of alive: 1000
adding vertex with color number: 18 to node: 2
number of alive: 1000
adding vertex with color number: 5 to node: 2
number of alive: 1000
adding vertex with color number: 19 to node: 2
number of alive: 982
Added edge (0, 3) with score 87
number of alive: 87
number of alive: 87
adding vertex with color number: 17 to node: 3
number of alive: 52
adding vertex with color number: 19 to node: 5
number of alive: 31
adding vertex with color number: 18 to node: 0
number of alive: 21
number of alive: 21
adding vertex with color number: 8 to node: 8
number of alive: 14
number of alive: 14
adding vertex with color number: 1 to node: 4
number of alive: 9
number of alive: 9
adding vertex with color number: 9 to node: 8
number of alive: 7
number of alive: 7
adding vertex with color number: 2 to node: 2
Time taken: 0.737068 seconds

Pattern appears in 3 graphs:
S[555] -> S_599.json
S[556] -> S_6.json
S[960] -> S_963.json
Pattern written to pattern.json
