first_color: 17
number of alive: 1000
adding vertex with color number: 3 to node: 0
number of alive: 1000
adding vertex with color number: 1 to node: 1
number of alive: 1000
adding vertex with color number: 14 to node: 2
number of alive: 1000
adding vertex with color number: 3 to node: 3
number of alive: 1000
adding vertex with color number: 18 to node: 4
number of alive: 996
adding vertex with color number: 12 to node: 0
number of alive: 965
adding vertex with color number: 17 to node: 3
number of alive: 868
adding vertex with color number: 3 to node: 5
number of alive: 767
Added edge (6, 8) with score 57
number of alive: 57
number of alive: 57
adding vertex with color number: 0 to node: 4
number of alive: 33
adding vertex with color number: 10 to node: 2
number of alive: 21
adding vertex with color number: 7 to node: 3
number of alive: 14
adding vertex with color number: 6 to node: 5
number of alive: 7
number of alive: 7
adding vertex with color number: 12 to node: 1
number of alive: 6
number of alive: 6
adding vertex with color number: 17 to node: 7
Time taken: 0.912809 seconds

Pattern appears in 4 graphs:
S[102] -> S_190.json
S[234] -> S_309.json
S[338] -> S_402.json
S[373] -> S_434.json
Pattern written to pattern.json
