first_color: 17
number of alive: 1000
adding vertex with color number: 11 to node: 0
number of alive: 1000
number of alive: 1000
adding vertex with color number: 8 to node: 0
number of alive: 1000
adding vertex with color number: 7 to node: 0
number of alive: 1000
Added edge (1, 2) with score 224
number of alive: 224
number of alive: 224
adding vertex with color number: 12 to node: 3
number of alive: 142
adding vertex with color number: 5 to node: 1
number of alive: 74
adding vertex with color number: 1 to node: 1
number of alive: 39
number of alive: 39
adding vertex with color number: 10 to node: 4
number of alive: 26
adding vertex with color number: 10 to node: 1
number of alive: 22
number of alive: 22
adding vertex with color number: 17 to node: 8
number of alive: 16
number of alive: 16
adding vertex with color number: 6 to node: 3
number of alive: 10
adding vertex with color number: 2 to node: 1
Time taken: 0.551776 seconds

Pattern appears in 5 graphs:
S[58] -> S_150.json
S[149] -> S_232.json
S[188] -> S_268.json
S[289] -> S_359.json
S[924] -> S_930.json
Pattern written to pattern.json
