first_color: 17
number of alive: 1000
adding vertex with color number: 13 to node: 0
number of alive: 1000
adding vertex with color number: 13 to node: 1
number of alive: 1000
adding vertex with color number: 18 to node: 2
number of alive: 1000
adding vertex with color number: 7 to node: 3
number of alive: 1000
adding vertex with color number: 16 to node: 3
number of alive: 990
Added edge (0, 4) with score 124
number of alive: 124
number of alive: 124
adding vertex with color number: 12 to node: 5
number of alive: 80
adding vertex with color number: 12 to node: 3
number of alive: 44
adding vertex with color number: 14 to node: 6
number of alive: 26
number of alive: 26
adding vertex with color number: 4 to node: 6
number of alive: 17
number of alive: 17
adding vertex with color number: 6 to node: 1
number of alive: 11
number of alive: 11
adding vertex with color number: 10 to node: 9
number of alive: 6
adding vertex with color number: 0 to node: 7
number of alive: 6
adding vertex with color number: 5 to node: 1
Time taken: 0.71892 seconds

Pattern appears in 2 graphs:
S[740] -> S_765.json
S[869] -> S_881.json
Pattern written to pattern.json
