first_color: 17
number of alive: 1000
adding vertex with color number: 19 to node: 0
number of alive: 1000
number of alive: 1000
adding vertex with color number: 18 to node: 0
number of alive: 1000
Added edge (1, 2) with score 338
number of alive: 338
adding vertex with color number: 5 to node: 2
number of alive: 197
number of alive: 197
adding vertex with color number: 10 to node: 0
number of alive: 111
adding vertex with color number: 18 to node: 2
number of alive: 56
adding vertex with color number: 0 to node: 3
number of alive: 37
adding vertex with color number: 5 to node: 0
number of alive: 21
adding vertex with color number: 3 to node: 2
number of alive: 8
number of alive: 8
adding vertex with color number: 15 to node: 5
number of alive: 7
adding vertex with color number: 2 to node: 2
Time taken: 0.436768 seconds

Pattern appears in 4 graphs:
S[48] -> S_141.json
S[285] -> S_355.json
S[752] -> S_776.json
S[885] -> S_896.json
Pattern written to pattern.json
