first_color: 17
number of alive: 1000
adding vertex with color number: 17 to node: 0
number of alive: 1000
adding vertex with color number: 13 to node: 0
number of alive: 1000
Added edge (1, 2) with score 182
number of alive: 182
number of alive: 182
adding vertex with color number: 5 to node: 1
number of alive: 145
adding vertex with color number: 8 to node: 1
number of alive: 93
adding vertex with color number: 16 to node: 3
number of alive: 64
adding vertex with color number: 15 to node: 5
number of alive: 48
adding vertex with color number: 7 to node: 3
number of alive: 27
adding vertex with color number: 12 to node: 3
number of alive: 13
number of alive: 13
adding vertex with color number: 6 to node: 6
number of alive: 9
number of alive: 9
adding vertex with color number: 11 to node: 0
number of alive: 8
number of alive: 8
adding vertex with color number: 6 to node: 1
Time taken: 0.42985 seconds

Pattern appears in 2 graphs:
S[396] -> S_455.json
S[766] -> S_789.json
Pattern written to pattern.json
