first_color: 17
number of alive: 1000
adding vertex with color number: 18 to node: 0
number of alive: 1000
number of alive: 1000
adding vertex with color number: 3 to node: 1
number of alive: 1000
adding vertex with color number: 17 to node: 0
number of alive: 1000
Added edge (2, 3) with score 253
number of alive: 253
adding vertex with color number: 7 to node: 1
number of alive: 137
adding vertex with color number: 2 to node: 0
number of alive: 91
adding vertex with color number: 7 to node: 4
number of alive: 51
number of alive: 51
adding vertex with color number: 13 to node: 6
number of alive: 37
number of alive: 37
adding vertex with color number: 4 to node: 1
number of alive: 19
adding vertex with color number: 19 to node: 5
number of alive: 12
number of alive: 12
adding vertex with color number: 9 to node: 3
Time taken: 0.563188 seconds

Pattern appears in 5 graphs:
S[90] -> S_18.json
S[245] -> S_319.json
S[447] -> S_500.json
S[590] -> S_63.json
S[726] -> S_752.json
Pattern written to pattern.json
