first_color: 17
number of alive: 1000
adding vertex with color number: 1 to node: 0
number of alive: 1000
adding vertex with color number: 13 to node: 1
number of alive: 1000
adding vertex with color number: 19 to node: 2
number of alive: 1000
Added edge (0, 3) with score 257
number of alive: 257
number of alive: 257
adding vertex with color number: 15 to node: 2
number of alive: 144
adding vertex with color number: 8 to node: 3
number of alive: 76
adding vertex with color number: 13 to node: 0
number of alive: 41
number of alive: 41
adding vertex with color number: 6 to node: 3
number of alive: 24
number of alive: 24
adding vertex with color number: 1 to node: 4
number of alive: 15
number of alive: 15
adding vertex with color number: 3 to node: 5
number of alive: 6
number of alive: 6
adding vertex with color number: 9 to node: 8
Time taken: 0.557369 seconds

Pattern appears in 5 graphs:
S[85] -> S_175.json
S[98] -> S_187.json
S[229] -> S_304.json
S[594] -> S_633.json
S[726] -> S_752.json
Pattern written to pattern.json
