first_color: 17
number of alive: 1000
adding vertex with color number: 19 to node: 0
number of alive: 1000
adding vertex with color number: 1 to node: 0
number of alive: 1000
adding vertex with color number: 14 to node: 1
number of alive: 1000
Added edge (2, 3) with score 294
number of alive: 294
adding vertex with color number: 10 to node: 2
number of alive: 175
adding vertex with color number: 19 to node: 3
number of alive: 101
adding vertex with color number: 7 to node: 4
number of alive: 52
Added edge (3, 6) with score 6
number of alive: 6
adding vertex with color number: 5 to node: 6
Time taken: 0.557277 seconds

Pattern appears in 4 graphs:
S[335] -> S_40.json
S[542] -> S_587.json
S[762] -> S_785.json
S[991] -> S_991.json
Pattern written to pattern.json
