first_color: 17
number of alive: 1000
adding vertex with color number: 3 to node: 0
number of alive: 1000
number of alive: 1000
adding vertex with color number: 17 to node: 1
number of alive: 1000
adding vertex with color number: 15 to node: 0
number of alive: 1000
adding vertex with color number: 17 to node: 0
number of alive: 996
adding vertex with color number: 0 to node: 4
number of alive: 972
adding vertex with color number: 17 to node: 2
number of alive: 889
Added edge (3, 6) with score 93
number of alive: 93
number of alive: 93
adding vertex with color number: 14 to node: 2
number of alive: 44
number of alive: 44
adding vertex with color number: 2 to node: 3
number of alive: 26
number of alive: 26
adding vertex with color number: 18 to node: 0
number of alive: 16
adding vertex with color number: 8 to node: 7
number of alive: 9
adding vertex with color number: 16 to node: 6
Time taken: 0.777862 seconds

Pattern appears in 3 graphs:
S[35] -> S_13.json
S[692] -> S_721.json
S[777] -> S_799.json
Pattern written to pattern.json
