first_color: 17
number of alive: 1000
adding vertex with color number: 3 to node: 0
number of alive: 1000
number of alive: 1000
adding vertex with color number: 13 to node: 1
number of alive: 1000
adding vertex with color number: 7 to node: 1
number of alive: 1000
Added edge (2, 3) with score 216
number of alive: 216
Added edge (0, 3) with score 6
number of alive: 6
number of alive: 6
adding vertex with color number: 7 to node: 0
Time taken: 0.580198 seconds

Pattern appears in 5 graphs:
S[5] -> S_102.json
S[431] -> S_487.json
S[715] -> S_742.json
S[830] -> S_846.json
S[912] -> S_92.json
Pattern written to pattern.json
