first_color: 17
number of alive: 1000
adding vertex with color number: 3 to node: 0
number of alive: 1000
adding vertex with color number: 18 to node: 1
number of alive: 1000
Added edge (0, 2) with score 327
number of alive: 327
adding vertex with color number: 15 to node: 1
number of alive: 199
adding vertex with color number: 5 to node: 2
number of alive: 109
adding vertex with color number: 5 to node: 4
number of alive: 69
number of alive: 69
adding vertex with color number: 11 to node: 4
number of alive: 37
number of alive: 37
adding vertex with color number: 14 to node: 3
number of alive: 22
number of alive: 22
adding vertex with color number: 4 to node: 1
number of alive: 12
adding vertex with color number: 9 to node: 8
number of alive: 10
number of alive: 10
adding vertex with color number: 4 to node: 9
number of alive: 7
adding vertex with color number: 18 to node: 10
number of alive: 7
number of alive: 7
adding vertex with color number: 19 to node: 6
Time taken: 0.440276 seconds

Pattern appears in 2 graphs:
S[119] -> S_205.json
S[398] -> S_457.json
Pattern written to pattern.json
