first_color: 17
number of alive: 1000
adding vertex with color number: 19 to node: 0
number of alive: 1000
adding vertex with color number: 12 to node: 1
number of alive: 1000
adding vertex with color number: 2 to node: 1
number of alive: 1000
adding vertex with color number: 14 to node: 2
number of alive: 1000
adding vertex with color number: 16 to node: 1
number of alive: 979
adding vertex with color number: 16 to node: 3
number of alive: 925
Added edge (5, 6) with score 53
number of alive: 53
number of alive: 53
adding vertex with color number: 15 to node: 2
number of alive: 32
adding vertex with color number: 0 to node: 0
number of alive: 18
number of alive: 18
adding vertex with color number: 13 to node: 3
number of alive: 10
number of alive: 10
adding vertex with color number: 2 to node: 7
Time taken: 0.762236 seconds

Pattern appears in 5 graphs:
S[18] -> S_114.json
S[120] -> S_206.json
S[251] -> S_324.json
S[748] -> S_772.json
S[942] -> S_947.json
Pattern written to pattern.json
