first_color: 17
number of alive: 1000
adding vertex with color number: 14 to node: 0
number of alive: 1000
adding vertex with color number: 17 to node: 1
number of alive: 1000
Added edge (0, 2) with score 195
number of alive: 195
adding vertex with color number: 8 to node: 1
number of alive: 110
adding vertex with color number: 18 to node: 0
number of alive: 89
adding vertex with color number: 1 to node: 3
number of alive: 55
adding vertex with color number: 11 to node: 2
number of alive: 36
adding vertex with color number: 7 to node: 6
number of alive: 25
adding vertex with color number: 16 to node: 0
number of alive: 16
adding vertex with color number: 6 to node: 1
number of alive: 12
adding vertex with color number: 1 to node: 7
number of alive: 12
number of alive: 12
adding vertex with color number: 1 to node: 9
number of alive: 9
number of alive: 9
adding vertex with color number: 9 to node: 5
number of alive: 6
number of alive: 6
adding vertex with color number: 11 to node: 4
Time taken: 0.438148 seconds

Pattern appears in 4 graphs:
S[35] -> S_13.json
S[714] -> S_741.json
S[940] -> S_945.json
S[967] -> S_97.json
Pattern written to pattern.json
