first_color: 17
number of alive: 1000
adding vertex with color number: 3 to node: 0
number of alive: 1000
adding vertex with color number: 15 to node: 0
number of alive: 1000
adding vertex with color number: 17 to node: 1
number of alive: 1000
Added edge (1, 2) with score 204
number of alive: 204
number of alive: 204
adding vertex with color number: 7 to node: 2
number of alive: 120
adding vertex with color number: 16 to node: 2
number of alive: 66
adding vertex with color number: 17 to node: 5
number of alive: 45
adding vertex with color number: 9 to node: 6
number of alive: 32
adding vertex with color number: 18 to node: 5
number of alive: 16
adding vertex with color number: 10 to node: 5
number of alive: 11
number of alive: 11
adding vertex with color number: 14 to node: 0
number of alive: 6
number of alive: 6
adding vertex with color number: 12 to node: 10
Time taken: 0.544007 seconds

Pattern appears in 3 graphs:
S[176] -> S_257.json
S[711] -> S_739.json
S[916] -> S_923.json
Pattern written to pattern.json
