first_color: 17
number of alive: 1000
adding vertex with color number: 15 to node: 0
number of alive: 1000
number of alive: 1000
adding vertex with color number: 17 to node: 1
number of alive: 1000
adding vertex with color number: 1 to node: 1
number of alive: 999
Added edge (0, 3) with score 197
number of alive: 197
number of alive: 197
adding vertex with color number: 1 to node: 2
number of alive: 122
adding vertex with color number: 16 to node: 1
number of alive: 68
adding vertex with color number: 6 to node: 4
number of alive: 44
number of alive: 44
adding vertex with color number: 5 to node: 4
number of alive: 22
number of alive: 22
adding vertex with color number: 6 to node: 7
number of alive: 13
number of alive: 13
adding vertex with color number: 8 to node: 0
number of alive: 9
number of alive: 9
adding vertex with color number: 0 to node: 9
number of alive: 7
number of alive: 7
adding vertex with color number: 15 to node: 4
Time taken: 0.536815 seconds

Pattern appears in 3 graphs:
S[59] -> S_151.json
S[119] -> S_205.json
S[805] -> S_823.json
Pattern written to pattern.json
