first_color: 17
number of alive: 1000
adding vertex with color number: 3 to node: 0
number of alive: 1000
adding vertex with color number: 2 to node: 0
number of alive: 1000
adding vertex with color number: 9 to node: 2
number of alive: 1000
adding vertex with color number: 13 to node: 2
number of alive: 999
adding vertex with color number: 6 to node: 2
number of alive: 986
adding vertex with color number: 9 to node: 3
number of alive: 909
Added edge (1, 6) with score 61
number of alive: 61
adding vertex with color number: 6 to node: 6
number of alive: 35
number of alive: 35
adding vertex with color number: 13 to node: 5
number of alive: 20
number of alive: 20
adding vertex with color number: 7 to node: 6
number of alive: 10
adding vertex with color number: 5 to node: 1
Time taken: 0.759334 seconds

Pattern appears in 2 graphs:
S[309] -> S_377.json
S[548] -> S_592.json
Pattern written to pattern.json
