first_color: 17
number of alive: 1000
adding vertex with color number: 7 to node: 0
number of alive: 1000
adding vertex with color number: 0 to node: 1
number of alive: 1000
adding vertex with color number: 3 to node: 1
number of alive: 1000
adding vertex with color number: 15 to node: 2
number of alive: 1000
adding vertex with color number: 9 to node: 0
number of alive: 987
adding vertex with color number: 6 to node: 4
number of alive: 951
adding vertex with color number: 5 to node: 6
number of alive: 880
adding vertex with color number: 2 to node: 3
number of alive: 718
Added edge (5, 7) with score 46
number of alive: 46
number of alive: 46
adding vertex with color number: 9 to node: 3
number of alive: 27
number of alive: 27
adding vertex with color number: 13 to node: 9
number of alive: 19
number of alive: 19
adding vertex with color number: 0 to node: 4
number of alive: 10
number of alive: 10
adding vertex with color number: 4 to node: 11
number of alive: 6
adding vertex with color number: 4 to node: 8
Time taken: 0.887303 seconds

Pattern appears in 4 graphs:
S[134] -> S_219.json
S[245] -> S_319.json
S[803] -> S_821.json
S[929] -> S_935.json
Pattern written to pattern.json
