first_color: 17
number of alive: 1000
adding vertex with color number: 6 to node: 0
number of alive: 1000
number of alive: 1000
adding vertex with color number: 5 to node: 0
number of alive: 1000
adding vertex with color number: 15 to node: 1
number of alive: 1000
Added edge (2, 3) with score 283
number of alive: 283
number of alive: 283
adding vertex with color number: 15 to node: 0
number of alive: 160
Added edge (1, 4) with score 6
number of alive: 6
adding vertex with color number: 19 to node: 4
Time taken: 0.546493 seconds

Pattern appears in 5 graphs:
S[91] -> S_180.json
S[669] -> S_700.json
S[750] -> S_774.json
S[754] -> S_778.json
S[914] -> S_921.json
Pattern written to pattern.json
