first_color: 17
number of alive: 1000
adding vertex with color number: 16 to node: 0
number of alive: 1000
adding vertex with color number: 13 to node: 1
number of alive: 1000
adding vertex with color number: 3 to node: 2
number of alive: 1000
adding vertex with color number: 3 to node: 1
number of alive: 1000
Added edge (3, 4) with score 166
number of alive: 166
adding vertex with color number: 13 to node: 0
number of alive: 101
number of alive: 101
adding vertex with color number: 15 to node: 2
number of alive: 58
number of alive: 58
adding vertex with color number: 13 to node: 4
number of alive: 29
adding vertex with color number: 16 to node: 6
number of alive: 23
adding vertex with color number: 4 to node: 7
number of alive: 15
number of alive: 15
adding vertex with color number: 0 to node: 1
number of alive: 7
number of alive: 7
adding vertex with color number: 11 to node: 10
Time taken: 0.680972 seconds

Pattern appears in 5 graphs:
S[26] -> S_121.json
S[101] -> S_19.json
S[102] -> S_190.json
S[260] -> S_332.json
S[664] -> S_697.json
Pattern written to pattern.json
