Total number of S not in G: 378

Total subgraph testing time: 11.644752507 seconds

S numbers not in G (sorted):
1
2
6
7
8
9
10
12
16
20
22
26
27
30
31
32
35
40
43
48
52
58
60
62
67
68
77
78
79
80
81
82
86
87
88
91
92
93
99
103
105
106
107
111
113
117
118
120
123
124
125
126
129
136
140
142
143
144
146
150
153
154
156
158
161
162
167
170
172
173
174
177
178
181
183
187
196
198
201
202
206
208
210
217
223
226
228
232
239
242
243
246
253
254
257
258
260
261
262
268
270
272
273
274
275
276
282
284
289
290
292
293
295
301
302
305
306
307
308
315
322
323
330
335
342
343
344
348
353
354
355
357
360
361
364
365
369
375
381
386
389
399
401
402
403
406
407
411
413
414
417
422
424
425
426
432
436
438
440
441
445
446
448
453
456
459
463
468
469
470
471
472
475
476
479
482
489
495
497
498
500
501
503
507
508
509
510
515
516
518
521
522
523
525
526
532
533
535
538
542
547
549
554
556
557
560
561
572
575
577
582
586
588
593
595
597
599
603
604
606
607
609
610
611
614
615
616
620
628
629
633
634
635
637
640
641
642
643
645
648
649
652
657
660
662
664
666
669
672
675
676
677
678
679
684
685
686
688
689
691
695
698
699
700
704
706
709
710
713
714
720
722
724
725
726
728
729
731
734
740
743
745
746
747
748
757
759
760
765
766
767
768
772
774
775
780
785
787
788
790
795
798
803
806
809
810
812
814
815
816
819
821
823
824
833
835
838
840
842
844
846
847
849
850
851
853
854
855
857
858
859
862
863
865
866
867
869
870
873
874
879
883
884
888
897
898
902
904
905
906
908
917
922
925
930
934
937
940
944
950
951
952
956
957
958
960
963
964
965
967
974
977
981
983
990
994
995
999
